shell-561c8d66.js:1 Navigation listeners online
error-boundary.js:11 📦 Loading error-boundary.js
error-boundary.js:581 🔧 [ErrorBoundary] Attempting to expose globally...
error-boundary.js:585 ✅ [ErrorBoundary] Successfully exposed to window.ErrorBoundary
error-boundary.js:586 🔍 [ErrorBoundary] Available methods: (3) ['length', 'name', 'prototype']
expansion-state.js:12 📦 Loading expansion-state.js
expansion-state.js:793 🔧 [ExpansionState] Attempting to expose globally...
expansion-state.js:761 [ExpansionState] Observers notified: stateRestored {type: 'stateRestored', state: {…}, timestamp: 1753465738759}
expansion-state.js:763 [ExpansionState] State restored from localStorage
expansion-state.js:761 [ExpansionState] ExpansionState initialized {status: 'idle', previousStatus: 'paused', progress: {…}, categories: {…}, errors: Array(0), …}
expansion-state.js:798 ✅ [ExpansionState] Successfully exposed to window.ExpansionState and window.expansionState
expansion-state.js:799 🔍 [ExpansionState] Instance status: idle
element-cache.js:1 🚀 [ELEMENT-CACHE] File loading and executing...
element-cache.js:170 🔍 [DEBUG] ElementCache class before export: function
element-cache.js:171 🔍 [DEBUG] ElementCache constructor: class ElementCache {
  constructor({ ttl = 30000, cleanupInterval = 10000, maxSize = 100 } = {}) {
    this.ttl = ttl; // 30 seconds
    this.cleanupInterval = cleanupInterval; // 10 seconds
    this.m…
element-cache.js:176 ✅ ElementCache loaded and exposed
memory-manager.js:13 🧠 [MEMORY-MANAGER] Loading MemoryManager...
memory-manager.js:60 🧠 [MEMORY-MANAGER] Initializing...
memory-manager.js:523 🧠 [MEMORY-MANAGER] Global instance created
memory-manager.js:527 🧠 [MEMORY-MANAGER] MemoryManager loaded successfully
selector-factory.js:9 🔧 [SELECTOR-FACTORY] Loading SelectorFactory...
selector-factory.js:22 🔧 [SELECTOR-FACTORY] Initialized for shReddit (has: true)
selector-factory.js:872 🔧 [SELECTOR-FACTORY] Global instance created
selector-factory.js:876 🔧 [SELECTOR-FACTORY] SelectorFactory loaded successfully
worker-manager.js:8 🔧 Loading WorkerManager...
worker-manager.js:467 🔧 WorkerManager loaded successfully
reddit-detector.js:330 🔍 [REDDIT-DETECTOR] Migrated RedditDetector loaded successfully
expander.js:12 📦 Loading expander.js
content.js:2 🚀 Reddit Comment Expander Pro: Content script loaded
content.js:3 📍 Current URL: https://www.reddit.com/r/technology/comments/1m8ox54/hr_chief_kristin_cabot_resigns_from_astronomer_on/
content.js:4 📄 Document ready state: interactive
content.js:8 ✅ Content script flag set on window object
content.js:1227 📄 DOM ready, starting bulletproof initialization immediately
content.js:1185 🛡️ Starting bulletproof initialization system...
content.js:1084 🛡️ Starting bulletproof initialization...
content.js:968 ✅ Found ErrorBoundary class, creating instance
error-boundary.js:16 🏗️ [ErrorBoundary] Class constructor called
content.js:945 ✅ Error boundary established via strategy
content.js:1088 ✅ Error boundary secured
content.js:1109 ✅ All required classes loaded
content.js:1119 🚀 Creating RedditCommentExpander with error boundary protection
content.js:13 🔧 Initializing RedditCommentExpander...
content.js:18 [Init] Removed 0 existing upgrade prompts
reddit-detector.js:16 [RedditDetector] Pre-warmed element cache with common selectors
reddit-detector.js:19 Reddit Comment Expander: Using SelectorFactory for shReddit
content.js:22 ✅ RedditDetector initialized
content.js:25 ✅ AccessibilityManager initialized
expansion-state.js:761 [ExpansionState] Observers notified: stateRestored {type: 'stateRestored', state: {…}, timestamp: 1753465738771}
expansion-state.js:763 [ExpansionState] State restored from localStorage
expansion-state.js:761 [ExpansionState] ExpansionState initialized {status: 'idle', previousStatus: 'paused', progress: {…}, categories: {…}, errors: Array(0), …}
expander.js:138 🚀 [AdaptiveBatchManager] Initialized with target: 2.5 elements/second
expander.js:451 ✅ CommentExpander integrated with global error boundary
expansion-state.js:763 [ExpansionState] Observer subscribed: statusChanged (ID: 1)
expansion-state.js:763 [ExpansionState] Observer subscribed: progressUpdated (ID: 2)
expansion-state.js:763 [ExpansionState] Observer subscribed: errorAdded (ID: 3)
expander.js:650 State observers set up
expansion-state.js:763 [ExpansionState] State persisted to localStorage
expansion-state.js:761 [ExpansionState] Observers notified: undefined {type: undefined, state: {…}, timestamp: 1753465738773, previousState: {…}, updates: {…}}
expansion-state.js:761 [ExpansionState] State updated: {redditVersion: undefined}
expander.js:467 Comment Expander initialized with state manager
content.js:28 ✅ CommentExpander initialized
expander.js:1726 [Expander] Scroll observer set up
content.js:35 ✅ Scroll observer for infinite scroll set up
content.js:38 ✅ FeatureGates initialized
expansion-state.js:761 [ExpansionState] Observers notified: stateRestored {type: 'stateRestored', state: {…}, timestamp: 1753465738774}
expansion-state.js:763 [ExpansionState] State restored from localStorage
expansion-state.js:761 [ExpansionState] ExpansionState initialized {status: 'idle', previousStatus: 'paused', progress: {…}, categories: {…}, errors: Array(0), …}
content.js:45 ✅ ExpansionState initialized
content.js:49 ✅ ExpansionErrorHandler initialized
content.js:137 Detected comment thread page - enabling expansion
content.js:67 Detected Reddit version: undefined
content.js:68 Is comment page: true
content.js:1133 ✅ State Manager initialized
content.js:1133 ✅ Error Handler initialized
content.js:1133 ✅ Reddit Detector initialized
content.js:1133 ✅ Accessibility Manager initialized
content.js:1133 ✅ Comment Expander initialized
content.js:1155 ✅ RedditCommentExpander created and stored globally
content.js:1156 🔍 Global extension object: object
content.js:1157 🔍 Extension methods available: (10) ['detector', 'accessibility', 'expander', 'featureGates', 'state', 'errorHandler', 'isCommentPage', 'settings', 'fab', 'statusOverlay']
content.js:1158 🔍 Available global names: redditCommentExpander, redditExpander, RedditCommentExpander
content.js:1190 🎉 Bulletproof initialization completed successfully
content.js:562 Settings loaded: {showFloatingButton: true, enableNotifications: true, batchSize: 3, delayMs: 200, expandReplies: true, …}
content.js:147 Initializing Reddit Comment Expander
content.js:387 Floating action button created and added to page
content.js:308 Starting initial scan for expandable content...
feature-gates.js:145 [FeatureGates] Forced pro tier and reset usage stats
expander.js:1692 [Expander] New expandable content detected via scroll observer
expander.js:1692 [Expander] New expandable content detected via scroll observer
expander.js:1710 [Expander] Processing new content from scroll...
expander.js:1781 [Expander] Starting auto-scroll to load all content...
expander.js:2547 [Auto-Scroll] Starting auto-scroll to load all content...
expander.js:2569 [Progress] Creating new progress overlay in auto-scroll
expander.js:1924 [Progress] Creating persistent progress overlay...
expander.js:2091 [Progress] Progress overlay added to DOM
expander.js:1731 [Expander] Performing aggressive rescan for missed buttons...
expander.js:1746 [Expander] Found 92 unprocessed expandable buttons during aggressive rescan
expander.js:2621 [Auto-Scroll] Scroll attempt 1/10
selector-factory.js:557 [SelectorFactory] Found 1 elements for "moreComments" using: #top-level-more-comments-partial
selector-factory.js:557 [SelectorFactory] Found 1 elements for "moreReplies" using: button[rpl][class*="button-small"][class*="button-plain"]
selector-factory.js:557 [SelectorFactory] Found 92 elements for "collapsed" using: shreddit-comment button:has(svg[icon-name="join-outline"])
selector-factory.js:557 [SelectorFactory] Found 6 elements for "continueThread" using: faceplate-partial[loading="lazy"]:not([id*="more-comments"])
shell-561c8d66.js:1 [SelectorFactory] No elements found for "crowdControl" in version "shReddit"
findElements @ selector-factory.js:560
getAllExpandableElements @ reddit-detector.js:191
scanAndExpandNewContent @ expander.js:1786
await in scanAndExpandNewContent
(anonymous) @ expander.js:1711
setTimeout
(anonymous) @ expander.js:1709
childList
(anonymous) @ shell-561c8d66.js:1
po @ shell-561c8d66.js:1
_renderContent @ shell-561c8d66.js:1
runner @ shell-561c8d66.js:1
_load @ shell-561c8d66.js:1
await in _load
_loaderInit @ shell-561c8d66.js:1
connectedCallback @ shell-561c8d66.js:1
(anonymous) @ shell-561c8d66.js:1
shell-561c8d66.js:1 [SelectorFactory] Tried 2 selectors, 0 had errors
findElements @ selector-factory.js:561
getAllExpandableElements @ reddit-detector.js:191
scanAndExpandNewContent @ expander.js:1786
await in scanAndExpandNewContent
(anonymous) @ expander.js:1711
setTimeout
(anonymous) @ expander.js:1709
childList
(anonymous) @ shell-561c8d66.js:1
po @ shell-561c8d66.js:1
_renderContent @ shell-561c8d66.js:1
runner @ shell-561c8d66.js:1
_load @ shell-561c8d66.js:1
await in _load
_loaderInit @ shell-561c8d66.js:1
connectedCallback @ shell-561c8d66.js:1
(anonymous) @ shell-561c8d66.js:1
selector-factory.js:568 [SelectorFactory] Trying smart fallback for "crowdControl"
selector-factory.js:679 [SelectorFactory] Using basic fallback: button (found 352 elements)
shell-561c8d66.js:1 [SelectorFactory] No elements found for "contestMode" in version "shReddit"
findElements @ selector-factory.js:560
getAllExpandableElements @ reddit-detector.js:191
scanAndExpandNewContent @ expander.js:1786
await in scanAndExpandNewContent
(anonymous) @ expander.js:1711
setTimeout
(anonymous) @ expander.js:1709
childList
(anonymous) @ shell-561c8d66.js:1
po @ shell-561c8d66.js:1
_renderContent @ shell-561c8d66.js:1
runner @ shell-561c8d66.js:1
_load @ shell-561c8d66.js:1
await in _load
_loaderInit @ shell-561c8d66.js:1
connectedCallback @ shell-561c8d66.js:1
(anonymous) @ shell-561c8d66.js:1
shell-561c8d66.js:1 [SelectorFactory] Tried 2 selectors, 0 had errors
findElements @ selector-factory.js:561
getAllExpandableElements @ reddit-detector.js:191
scanAndExpandNewContent @ expander.js:1786
await in scanAndExpandNewContent
(anonymous) @ expander.js:1711
setTimeout
(anonymous) @ expander.js:1709
childList
(anonymous) @ shell-561c8d66.js:1
po @ shell-561c8d66.js:1
_renderContent @ shell-561c8d66.js:1
runner @ shell-561c8d66.js:1
_load @ shell-561c8d66.js:1
await in _load
_loaderInit @ shell-561c8d66.js:1
connectedCallback @ shell-561c8d66.js:1
(anonymous) @ shell-561c8d66.js:1
selector-factory.js:568 [SelectorFactory] Trying smart fallback for "contestMode"
selector-factory.js:679 [SelectorFactory] Using basic fallback: button (found 352 elements)
shell-561c8d66.js:1 [SelectorFactory] No elements found for "deleted" in version "shReddit"
findElements @ selector-factory.js:560
getAllExpandableElements @ reddit-detector.js:191
scanAndExpandNewContent @ expander.js:1786
await in scanAndExpandNewContent
(anonymous) @ expander.js:1711
setTimeout
(anonymous) @ expander.js:1709
childList
(anonymous) @ shell-561c8d66.js:1
po @ shell-561c8d66.js:1
_renderContent @ shell-561c8d66.js:1
runner @ shell-561c8d66.js:1
_load @ shell-561c8d66.js:1
await in _load
_loaderInit @ shell-561c8d66.js:1
connectedCallback @ shell-561c8d66.js:1
(anonymous) @ shell-561c8d66.js:1
shell-561c8d66.js:1 [SelectorFactory] Tried 2 selectors, 0 had errors
findElements @ selector-factory.js:561
getAllExpandableElements @ reddit-detector.js:191
scanAndExpandNewContent @ expander.js:1786
await in scanAndExpandNewContent
(anonymous) @ expander.js:1711
setTimeout
(anonymous) @ expander.js:1709
childList
(anonymous) @ shell-561c8d66.js:1
po @ shell-561c8d66.js:1
_renderContent @ shell-561c8d66.js:1
runner @ shell-561c8d66.js:1
_load @ shell-561c8d66.js:1
await in _load
_loaderInit @ shell-561c8d66.js:1
connectedCallback @ shell-561c8d66.js:1
(anonymous) @ shell-561c8d66.js:1
selector-factory.js:568 [SelectorFactory] Trying smart fallback for "deleted"
selector-factory.js:679 [SelectorFactory] Using basic fallback: button (found 352 elements)
shell-561c8d66.js:1 [SelectorFactory] No elements found for "viewRest" in version "shReddit"
findElements @ selector-factory.js:560
getAllExpandableElements @ reddit-detector.js:191
scanAndExpandNewContent @ expander.js:1786
await in scanAndExpandNewContent
(anonymous) @ expander.js:1711
setTimeout
(anonymous) @ expander.js:1709
childList
(anonymous) @ shell-561c8d66.js:1
po @ shell-561c8d66.js:1
_renderContent @ shell-561c8d66.js:1
runner @ shell-561c8d66.js:1
_load @ shell-561c8d66.js:1
await in _load
_loaderInit @ shell-561c8d66.js:1
connectedCallback @ shell-561c8d66.js:1
(anonymous) @ shell-561c8d66.js:1
shell-561c8d66.js:1 [SelectorFactory] Tried 2 selectors, 0 had errors
findElements @ selector-factory.js:561
getAllExpandableElements @ reddit-detector.js:191
scanAndExpandNewContent @ expander.js:1786
await in scanAndExpandNewContent
(anonymous) @ expander.js:1711
setTimeout
(anonymous) @ expander.js:1709
childList
(anonymous) @ shell-561c8d66.js:1
po @ shell-561c8d66.js:1
_renderContent @ shell-561c8d66.js:1
runner @ shell-561c8d66.js:1
_load @ shell-561c8d66.js:1
await in _load
_loaderInit @ shell-561c8d66.js:1
connectedCallback @ shell-561c8d66.js:1
(anonymous) @ shell-561c8d66.js:1
selector-factory.js:568 [SelectorFactory] Trying smart fallback for "viewRest"
selector-factory.js:679 [SelectorFactory] Using basic fallback: button (found 352 elements)
reddit-detector.js:209 [RedditDetector] Found 359 unique expandable elements across all categories
reddit-detector.js:216 [RedditDetector] Elements by category: {moreComments: 1, moreReplies: 1, collapsed: 92, continueThread: 6, crowdControl: 259}
expander.js:1794 Found 359 new expandable elements from scroll, processing...
expander.js:1799 [Progress] Found 359 new elements during auto-scroll (total: 359)
expander.js:1234 [Expander] Processing missed button: moreComments
expander.js:1379 [Expander] Clicking faceplate-partial directly: <faceplate-partial class="top-level" id="top-level-more-comments-partial" loading="lazy" tabindex="0" src="/svc/shreddit/more-comments/technology/t3_1m8ox54?render-mode=partial&amp;seeker-session=true&amp;top-level=1&amp;comments-remaining=2" method="POST" data-reddit-expander-processed="true"><input type="hidden" name="cursor" value="Y29tbWVudHRyZWU6YzE6dDFfbjUxNm40aix0MV9uNTJ5YmszLHQxX241MXJya2EsdDFfbjUyZHdjeCx0MV9uNTJ5b2l6LHQxX241NDZiaGcsdDFfbjUyZTkwMix0MV9uNTNxMnZzLHQxX241MmdyeGssdDFfbjUyYW05NCx0MV9uNTJwMDhyLHQxX241MmVkZmssdDFfbjUyZzFqZSx0MV9uNTJoajhzLHQxX241NGE4OHAsdDFfbjUxZDRwZSx0MV9uNTEyNWloLHQxX241M2R0cXMsdDFfbjUxZHA5Mix0MV9uNTEwNHVvLHQxX241Mjk2bDIsdDFfbjUyYmUxcyx0MV9uNTJicGl1LHQxX241MmRod28sdDFfbjUyc2w4MCx0MV9uNTJndGowLHQxX241M2d3cXgsdDFfbjUyaXlvbix0MV9uNTJtdnRyLHQxX241Mm9jeHQsdDFfbjUydjJrNyx0MV9uNTE4ZHNtLHQxX241MTk4aWgsdDFfbjUxYzI1dCx0MV9uNTJkZ3ByLHQxX241MWRwNmEsdDFfbjUxcmsxcix0MV9uNTJtc2s5LHQxX241MWgyMnIsdDFfbjUxdXJycSx0MV9uNTF3a28zLHQxX241MjRqNHQsdDFfbjUxdW04ZSx0MV9uNTRlNnV4LHQxX241MTZyZjYsdDFfbjUyZWR2cyx0MV9uNTJ0emp1LHQxX241Mmd0cTgsdDFfbjUweWFzZSx0MV9uNTJvN3hpLHQxX241Mmw5NmssdDFfbjUwem04Nyx0MV9uNTJhbThzLHQxX241MTJoc3QsdDFfbjUxMDF2bSx0MV9uNTJxbnByLHQxX241MnNmMjUsdDFfbjUyd2Z3eCx0MV9uNTNrcjVwLHQxX241M2MxZDksdDFfbjUzMW1vbSx0MV9uNTMyamluLHQxX241MXIwdmEsdDFfbjUxb2g1bQ=="><div style="min-height: 1px; min-width: 1px; margin-bottom: -1px;"></div></faceplate-partial>
expander.js:1234 [Expander] Processing missed button: moreReplies
expander.js:1417 [Expander] Clicking general button: <button rpl="" class="
button-small px-[var(--rem6)]
button-plain


icon
items-center justify-center
button inline-flex " data-reddit-expander-process...
expander.js:1752 [Expander] Processing missed button 1/92: <button class="text-tone-2 text-12 no-underline hover:underline px-xs py-xs flex ml-[3px] xs:ml-0 !b...
selector-factory.js:557 [SelectorFactory] Found 1 elements for "moreComments" using: #top-level-more-comments-partial
selector-factory.js:557 [SelectorFactory] Found 1 elements for "moreReplies" using: button[rpl][class*="button-small"][class*="button-plain"]
selector-factory.js:557 [SelectorFactory] Found 92 elements for "collapsed" using: shreddit-comment button:has(svg[icon-name="join-outline"])
element-cache.js:166 [Cache] Hit rate: 6% | Miss rate: 94% | Size: 13 | Time saved: 1ms
selector-factory.js:557 [SelectorFactory] Found 6 elements for "continueThread" using: faceplate-partial[loading="lazy"]:not([id*="more-comments"])
selector-factory.js:560 [SelectorFactory] No elements found for "crowdControl" in version "shReddit"
findElements @ selector-factory.js:560
getAllExpandableElements @ reddit-detector.js:191
scanAndExpandNewContent @ expander.js:1786
(anonymous) @ content.js:311
setTimeout
setupExpander @ content.js:310
init @ content.js:155
(anonymous) @ content.js:72
Promise.then
RedditCommentExpander @ content.js:71
(anonymous) @ content.js:1120
wrap @ error-boundary.js:56
bulletproofInitialization @ content.js:1118
await in bulletproofInitialization
startBulletproofInitialization @ content.js:1188
(anonymous) @ content.js:1228
selector-factory.js:561 [SelectorFactory] Tried 2 selectors, 0 had errors
findElements @ selector-factory.js:561
getAllExpandableElements @ reddit-detector.js:191
scanAndExpandNewContent @ expander.js:1786
(anonymous) @ content.js:311
setTimeout
setupExpander @ content.js:310
init @ content.js:155
(anonymous) @ content.js:72
Promise.then
RedditCommentExpander @ content.js:71
(anonymous) @ content.js:1120
wrap @ error-boundary.js:56
bulletproofInitialization @ content.js:1118
await in bulletproofInitialization
startBulletproofInitialization @ content.js:1188
(anonymous) @ content.js:1228
selector-factory.js:568 [SelectorFactory] Trying smart fallback for "crowdControl"
selector-factory.js:679 [SelectorFactory] Using basic fallback: button (found 352 elements)
selector-factory.js:560 [SelectorFactory] No elements found for "contestMode" in version "shReddit"
findElements @ selector-factory.js:560
getAllExpandableElements @ reddit-detector.js:191
scanAndExpandNewContent @ expander.js:1786
(anonymous) @ content.js:311
setTimeout
setupExpander @ content.js:310
init @ content.js:155
(anonymous) @ content.js:72
Promise.then
RedditCommentExpander @ content.js:71
(anonymous) @ content.js:1120
wrap @ error-boundary.js:56
bulletproofInitialization @ content.js:1118
await in bulletproofInitialization
startBulletproofInitialization @ content.js:1188
(anonymous) @ content.js:1228
selector-factory.js:561 [SelectorFactory] Tried 2 selectors, 0 had errors
findElements @ selector-factory.js:561
getAllExpandableElements @ reddit-detector.js:191
scanAndExpandNewContent @ expander.js:1786
(anonymous) @ content.js:311
setTimeout
setupExpander @ content.js:310
init @ content.js:155
(anonymous) @ content.js:72
Promise.then
RedditCommentExpander @ content.js:71
(anonymous) @ content.js:1120
wrap @ error-boundary.js:56
bulletproofInitialization @ content.js:1118
await in bulletproofInitialization
startBulletproofInitialization @ content.js:1188
(anonymous) @ content.js:1228
selector-factory.js:568 [SelectorFactory] Trying smart fallback for "contestMode"
selector-factory.js:679 [SelectorFactory] Using basic fallback: button (found 352 elements)
selector-factory.js:560 [SelectorFactory] No elements found for "deleted" in version "shReddit"
findElements @ selector-factory.js:560
getAllExpandableElements @ reddit-detector.js:191
scanAndExpandNewContent @ expander.js:1786
(anonymous) @ content.js:311
setTimeout
setupExpander @ content.js:310
init @ content.js:155
(anonymous) @ content.js:72
Promise.then
RedditCommentExpander @ content.js:71
(anonymous) @ content.js:1120
wrap @ error-boundary.js:56
bulletproofInitialization @ content.js:1118
await in bulletproofInitialization
startBulletproofInitialization @ content.js:1188
(anonymous) @ content.js:1228
selector-factory.js:561 [SelectorFactory] Tried 2 selectors, 0 had errors
findElements @ selector-factory.js:561
getAllExpandableElements @ reddit-detector.js:191
scanAndExpandNewContent @ expander.js:1786
(anonymous) @ content.js:311
setTimeout
setupExpander @ content.js:310
init @ content.js:155
(anonymous) @ content.js:72
Promise.then
RedditCommentExpander @ content.js:71
(anonymous) @ content.js:1120
wrap @ error-boundary.js:56
bulletproofInitialization @ content.js:1118
await in bulletproofInitialization
startBulletproofInitialization @ content.js:1188
(anonymous) @ content.js:1228
selector-factory.js:568 [SelectorFactory] Trying smart fallback for "deleted"
selector-factory.js:679 [SelectorFactory] Using basic fallback: button (found 352 elements)
selector-factory.js:560 [SelectorFactory] No elements found for "viewRest" in version "shReddit"
findElements @ selector-factory.js:560
getAllExpandableElements @ reddit-detector.js:191
scanAndExpandNewContent @ expander.js:1786
(anonymous) @ content.js:311
setTimeout
setupExpander @ content.js:310
init @ content.js:155
(anonymous) @ content.js:72
Promise.then
RedditCommentExpander @ content.js:71
(anonymous) @ content.js:1120
wrap @ error-boundary.js:56
bulletproofInitialization @ content.js:1118
await in bulletproofInitialization
startBulletproofInitialization @ content.js:1188
(anonymous) @ content.js:1228
selector-factory.js:561 [SelectorFactory] Tried 2 selectors, 0 had errors
findElements @ selector-factory.js:561
getAllExpandableElements @ reddit-detector.js:191
scanAndExpandNewContent @ expander.js:1786
(anonymous) @ content.js:311
setTimeout
setupExpander @ content.js:310
init @ content.js:155
(anonymous) @ content.js:72
Promise.then
RedditCommentExpander @ content.js:71
(anonymous) @ content.js:1120
wrap @ error-boundary.js:56
bulletproofInitialization @ content.js:1118
await in bulletproofInitialization
startBulletproofInitialization @ content.js:1188
(anonymous) @ content.js:1228
selector-factory.js:568 [SelectorFactory] Trying smart fallback for "viewRest"
selector-factory.js:679 [SelectorFactory] Using basic fallback: button (found 352 elements)
reddit-detector.js:209 [RedditDetector] Found 359 unique expandable elements across all categories
reddit-detector.js:216 [RedditDetector] Elements by category: {moreComments: 1, moreReplies: 1, collapsed: 92, continueThread: 6, crowdControl: 259}
expander.js:1794 Found 356 new expandable elements from scroll, processing...
expander.js:1799 [Progress] Found 356 new elements during auto-scroll (total: 715)
expander.js:1234 [Expander] Processing missed button: collapsed
expander.js:1326 [Expander] Attempting to click expand button: <button aria-hidden="true" class="text-tone-2 text-12 no-underline hover:underline px-xs py-xs flex ml-[3px] xs:ml-0 !bg-transparent !border-0 invisible h-0 !p-0" type="button" data-reddit-expander-processed="true">
        
    <span class="text-neutral-content-strong mr-xs flex items-center"><svg rpl="" fill="currentColor" height="16" icon-name="join-outline" viewBox="0 0 20 20" width="16" xmlns="http://www.w3.org/2000/svg">
      <path d="M10.625 9.375H14v1.25h-3.375V14h-1.25v-3.375H6v-1.25h3.375V6h1.25v3.375ZM20 10A10 10 0 1 1 10 0a10.011 10.011 0 0 1 10 10Zm-1.25 0A8.75 8.75 0 1 0 10 18.75 8.76 8.76 0 0 0 18.75 10Z"></path>
    </svg></span>
    <span class="text-secondary-weak font-normal"><faceplate-number number="1"><!---->1</faceplate-number> more reply</span>
  
      </button>
expander.js:2097 [Progress] Progress overlay animated in successfully
expander.js:1752 [Expander] Processing missed button 2/92: <button aria-hidden="true" class="text-tone-2 text-12 no-underline hover:underline px-xs py-xs flex ...
expander.js:1234 [Expander] Processing missed button: collapsed
expander.js:1326 [Expander] Attempting to click expand button: <button class="text-tone-2 text-12 no-underline hover:underline px-xs py-xs flex ml-[3px] xs:ml-0 !bg-transparent !border-0" type="button" data-reddit-expander-processed="true">
    <span class="text-neutral-content-strong mr-xs flex items-center"><svg rpl="" fill="currentColor" height="16" icon-name="join-outline" viewBox="0 0 20 20" width="16" xmlns="http://www.w3.org/2000/svg">
      <path d="M10.625 9.375H14v1.25h-3.375V14h-1.25v-3.375H6v-1.25h3.375V6h1.25v3.375ZM20 10A10 10 0 1 1 10 0a10.011 10.011 0 0 1 10 10Zm-1.25 0A8.75 8.75 0 1 0 10 18.75 8.76 8.76 0 0 0 18.75 10Z"></path>
    </svg></span>
    <span class="text-secondary-weak font-normal"><faceplate-number number="1"><!---->1</faceplate-number> more reply</span>
  </button>
chrome-extension://ffnbfimmbcmeefjoohffmpjlafpjoeaf/:1 Refused to send form data to 'https://www.reddit.com/r/technology/search/?q=' because it violates the following Content Security Policy directive: "form-action 'none'".

expander.js:1752 [Expander] Processing missed button 3/92: <button class="text-tone-2 text-12 no-underline hover:underline px-xs py-xs flex ml-[3px] xs:ml-0 !b...
hr_chief_kristin_cabot_resigns_from_astronomer_on/:43  POST https://w3-reporting.reddit.com/reports 504 (Gateway Timeout)
navigator.sendBeacon @ hr_chief_kristin_cabot_resigns_from_astronomer_on/:43
Pa @ shell-561c8d66.js:1
Ra @ shell-561c8d66.js:1
_w3ReportWebVital @ shell-561c8d66.js:1
(anonymous) @ shell-561c8d66.js:1
handleWebVitalW3Reporting @ shell-561c8d66.js:1
Nf.onFaceplateRequest @ shell-561c8d66.js:1
(anonymous) @ shell-561c8d66.js:4
notifyAndSendMetrics @ shell-561c8d66.js:4
gatherThenSendMetrics @ shell-561c8d66.js:4
(anonymous) @ shell-561c8d66.js:4
(anonymous) @ shell-561c8d66.js:4
(anonymous) @ shell-561c8d66.js:4
(anonymous) @ shell-561c8d66.js:4
(anonymous) @ shell-561c8d66.js:4
(anonymous) @ shell-561c8d66.js:4
setTimeout
(anonymous) @ shell-561c8d66.js:4
(anonymous) @ expander.js:1380
executeWithAbortHandling @ expander.js:377
expandMoreComments @ expander.js:1367
expandElement @ expander.js:1247
scanAndExpandNewContent @ expander.js:1868
await in scanAndExpandNewContent
(anonymous) @ expander.js:1711
setTimeout
(anonymous) @ expander.js:1709
childList
(anonymous) @ shell-561c8d66.js:1
po @ shell-561c8d66.js:1
_renderContent @ shell-561c8d66.js:1
runner @ shell-561c8d66.js:1
_load @ shell-561c8d66.js:1
await in _load
_loaderInit @ shell-561c8d66.js:1
connectedCallback @ shell-561c8d66.js:1
(anonymous) @ shell-561c8d66.js:1
expander.js:1752 [Expander] Processing missed button 4/92: <button aria-hidden="true" class="text-tone-2 text-12 no-underline hover:underline px-xs py-xs flex ...
expander.js:1752 [Expander] Processing missed button 5/92: <button class="text-tone-2 text-12 no-underline hover:underline px-xs py-xs flex ml-[3px] xs:ml-0 !b...
expander.js:1752 [Expander] Processing missed button 6/92: <button aria-hidden="true" class="text-tone-2 text-12 no-underline hover:underline px-xs py-xs flex ...
expander.js:1752 [Expander] Processing missed button 7/92: <button class="text-tone-2 text-12 no-underline hover:underline px-xs py-xs flex ml-[3px] xs:ml-0 !b...
expander.js:1752 [Expander] Processing missed button 8/92: <button aria-hidden="true" class="text-tone-2 text-12 no-underline hover:underline px-xs py-xs flex ...
expander.js:1234 [Expander] Processing missed button: collapsed
expander.js:1326 [Expander] Attempting to click expand button: <button class="text-tone-2 text-12 no-underline hover:underline px-xs py-xs flex ml-[3px] xs:ml-0 !bg-transparent !border-0" type="button" data-reddit-expander-processed="true">
    <span class="text-neutral-content-strong mr-xs flex items-center"><svg rpl="" fill="currentColor" height="16" icon-name="join-outline" viewBox="0 0 20 20" width="16" xmlns="http://www.w3.org/2000/svg">
      <path d="M10.625 9.375H14v1.25h-3.375V14h-1.25v-3.375H6v-1.25h3.375V6h1.25v3.375ZM20 10A10 10 0 1 1 10 0a10.011 10.011 0 0 1 10 10Zm-1.25 0A8.75 8.75 0 1 0 10 18.75 8.76 8.76 0 0 0 18.75 10Z"></path>
    </svg></span>
    <span class="text-secondary-weak font-normal"><faceplate-number number="1"><!---->1</faceplate-number> more reply</span>
  </button>
expander.js:1234 [Expander] Processing missed button: collapsed
expander.js:1326 [Expander] Attempting to click expand button: <button aria-hidden="true" class="text-tone-2 text-12 no-underline hover:underline px-xs py-xs flex ml-[3px] xs:ml-0 !bg-transparent !border-0 invisible h-0 !p-0" type="button" data-reddit-expander-processed="true" style="transition: box-shadow 0.3s; box-shadow: rgba(76, 175, 80, 0.4) 0px 0px 8px; border-radius: 4px;">
        
    <span class="text-neutral-content-strong mr-xs flex items-center"><svg rpl="" fill="currentColor" height="16" icon-name="join-outline" viewBox="0 0 20 20" width="16" xmlns="http://www.w3.org/2000/svg">
      <path d="M10.625 9.375H14v1.25h-3.375V14h-1.25v-3.375H6v-1.25h3.375V6h1.25v3.375ZM20 10A10 10 0 1 1 10 0a10.011 10.011 0 0 1 10 10Zm-1.25 0A8.75 8.75 0 1 0 10 18.75 8.76 8.76 0 0 0 18.75 10Z"></path>
    </svg></span>
    <span class="text-secondary-weak font-normal"><faceplate-number number="1"><!---->1</faceplate-number> more reply</span>
  
      </button>
expander.js:1752 [Expander] Processing missed button 9/92: <button class="text-tone-2 text-12 no-underline hover:underline px-xs py-xs flex ml-[3px] xs:ml-0 !b...
hr_chief_kristin_cabot_resigns_from_astronomer_on/:1 <meta name="apple-mobile-web-app-capable" content="yes"> is deprecated. Please include <meta name="mobile-web-app-capable" content="yes">
expander.js:1752 [Expander] Processing missed button 10/92: <button aria-hidden="true" class="text-tone-2 text-12 no-underline hover:underline px-xs py-xs flex ...
expander.js:1692 [Expander] New expandable content detected via scroll observer
expander.js:1752 [Expander] Processing missed button 11/92: <button class="text-tone-2 text-12 no-underline hover:underline px-xs py-xs flex ml-[3px] xs:ml-0 !b...
expander.js:2662 [Auto-Scroll] No significant new content detected
hr_chief_kristin_cabot_resigns_from_astronomer_on/:1 Banner not shown: beforeinstallpromptevent.preventDefault() called. The page must call beforeinstallpromptevent.prompt() to show the banner.
expander.js:1752 [Expander] Processing missed button 12/92: <button aria-hidden="true" class="text-tone-2 text-12 no-underline hover:underline px-xs py-xs flex ...
expander.js:1710 [Expander] Processing new content from scroll...
selector-factory.js:557 [SelectorFactory] Found 1 elements for "moreComments" using: #top-level-more-comments-partial
selector-factory.js:557 [SelectorFactory] Found 1 elements for "moreReplies" using: button[rpl][class*="button-small"][class*="button-plain"]
selector-factory.js:557 [SelectorFactory] Found 92 elements for "collapsed" using: shreddit-comment button:has(svg[icon-name="join-outline"])
selector-factory.js:557 [SelectorFactory] Found 6 elements for "continueThread" using: faceplate-partial[loading="lazy"]:not([id*="more-comments"])
shell-561c8d66.js:1 [SelectorFactory] No elements found for "crowdControl" in version "shReddit"
findElements @ selector-factory.js:560
getAllExpandableElements @ reddit-detector.js:191
scanAndExpandNewContent @ expander.js:1786
(anonymous) @ expander.js:1711
setTimeout
(anonymous) @ expander.js:1709
childList
(anonymous) @ shell-561c8d66.js:1
po @ shell-561c8d66.js:1
_renderContent @ shell-561c8d66.js:1
runner @ shell-561c8d66.js:4
_load @ shell-561c8d66.js:1
await in _load
(anonymous) @ shell-561c8d66.js:1
(anonymous) @ expander.js:1759
executeWithAbortHandling @ expander.js:377
(anonymous) @ expander.js:1758
setTimeout
(anonymous) @ expander.js:1751
performAggressiveRescan @ expander.js:1749
(anonymous) @ expander.js:1714
shell-561c8d66.js:1 [SelectorFactory] Tried 2 selectors, 0 had errors
findElements @ selector-factory.js:561
getAllExpandableElements @ reddit-detector.js:191
scanAndExpandNewContent @ expander.js:1786
(anonymous) @ expander.js:1711
setTimeout
(anonymous) @ expander.js:1709
childList
(anonymous) @ shell-561c8d66.js:1
po @ shell-561c8d66.js:1
_renderContent @ shell-561c8d66.js:1
runner @ shell-561c8d66.js:4
_load @ shell-561c8d66.js:1
await in _load
(anonymous) @ shell-561c8d66.js:1
(anonymous) @ expander.js:1759
executeWithAbortHandling @ expander.js:377
(anonymous) @ expander.js:1758
setTimeout
(anonymous) @ expander.js:1751
performAggressiveRescan @ expander.js:1749
(anonymous) @ expander.js:1714
selector-factory.js:568 [SelectorFactory] Trying smart fallback for "crowdControl"
selector-factory.js:679 [SelectorFactory] Using basic fallback: button (found 352 elements)
shell-561c8d66.js:1 [SelectorFactory] No elements found for "contestMode" in version "shReddit"
findElements @ selector-factory.js:560
getAllExpandableElements @ reddit-detector.js:191
scanAndExpandNewContent @ expander.js:1786
(anonymous) @ expander.js:1711
setTimeout
(anonymous) @ expander.js:1709
childList
(anonymous) @ shell-561c8d66.js:1
po @ shell-561c8d66.js:1
_renderContent @ shell-561c8d66.js:1
runner @ shell-561c8d66.js:4
_load @ shell-561c8d66.js:1
await in _load
(anonymous) @ shell-561c8d66.js:1
(anonymous) @ expander.js:1759
executeWithAbortHandling @ expander.js:377
(anonymous) @ expander.js:1758
setTimeout
(anonymous) @ expander.js:1751
performAggressiveRescan @ expander.js:1749
(anonymous) @ expander.js:1714
shell-561c8d66.js:1 [SelectorFactory] Tried 2 selectors, 0 had errors
findElements @ selector-factory.js:561
getAllExpandableElements @ reddit-detector.js:191
scanAndExpandNewContent @ expander.js:1786
(anonymous) @ expander.js:1711
setTimeout
(anonymous) @ expander.js:1709
childList
(anonymous) @ shell-561c8d66.js:1
po @ shell-561c8d66.js:1
_renderContent @ shell-561c8d66.js:1
runner @ shell-561c8d66.js:4
_load @ shell-561c8d66.js:1
await in _load
(anonymous) @ shell-561c8d66.js:1
(anonymous) @ expander.js:1759
executeWithAbortHandling @ expander.js:377
(anonymous) @ expander.js:1758
setTimeout
(anonymous) @ expander.js:1751
performAggressiveRescan @ expander.js:1749
(anonymous) @ expander.js:1714
selector-factory.js:568 [SelectorFactory] Trying smart fallback for "contestMode"
selector-factory.js:679 [SelectorFactory] Using basic fallback: button (found 352 elements)
element-cache.js:166 [Cache] Hit rate: 32% | Miss rate: 68% | Size: 34 | Time saved: 8ms
shell-561c8d66.js:1 [SelectorFactory] No elements found for "deleted" in version "shReddit"
findElements @ selector-factory.js:560
getAllExpandableElements @ reddit-detector.js:191
scanAndExpandNewContent @ expander.js:1786
(anonymous) @ expander.js:1711
setTimeout
(anonymous) @ expander.js:1709
childList
(anonymous) @ shell-561c8d66.js:1
po @ shell-561c8d66.js:1
_renderContent @ shell-561c8d66.js:1
runner @ shell-561c8d66.js:4
_load @ shell-561c8d66.js:1
await in _load
(anonymous) @ shell-561c8d66.js:1
(anonymous) @ expander.js:1759
executeWithAbortHandling @ expander.js:377
(anonymous) @ expander.js:1758
setTimeout
(anonymous) @ expander.js:1751
performAggressiveRescan @ expander.js:1749
(anonymous) @ expander.js:1714
shell-561c8d66.js:1 [SelectorFactory] Tried 2 selectors, 0 had errors
findElements @ selector-factory.js:561
getAllExpandableElements @ reddit-detector.js:191
scanAndExpandNewContent @ expander.js:1786
(anonymous) @ expander.js:1711
setTimeout
(anonymous) @ expander.js:1709
childList
(anonymous) @ shell-561c8d66.js:1
po @ shell-561c8d66.js:1
_renderContent @ shell-561c8d66.js:1
runner @ shell-561c8d66.js:4
_load @ shell-561c8d66.js:1
await in _load
(anonymous) @ shell-561c8d66.js:1
(anonymous) @ expander.js:1759
executeWithAbortHandling @ expander.js:377
(anonymous) @ expander.js:1758
setTimeout
(anonymous) @ expander.js:1751
performAggressiveRescan @ expander.js:1749
(anonymous) @ expander.js:1714
selector-factory.js:568 [SelectorFactory] Trying smart fallback for "deleted"
selector-factory.js:679 [SelectorFactory] Using basic fallback: button (found 352 elements)
shell-561c8d66.js:1 [SelectorFactory] No elements found for "viewRest" in version "shReddit"
findElements @ selector-factory.js:560
getAllExpandableElements @ reddit-detector.js:191
scanAndExpandNewContent @ expander.js:1786
(anonymous) @ expander.js:1711
setTimeout
(anonymous) @ expander.js:1709
childList
(anonymous) @ shell-561c8d66.js:1
po @ shell-561c8d66.js:1
_renderContent @ shell-561c8d66.js:1
runner @ shell-561c8d66.js:4
_load @ shell-561c8d66.js:1
await in _load
(anonymous) @ shell-561c8d66.js:1
(anonymous) @ expander.js:1759
executeWithAbortHandling @ expander.js:377
(anonymous) @ expander.js:1758
setTimeout
(anonymous) @ expander.js:1751
performAggressiveRescan @ expander.js:1749
(anonymous) @ expander.js:1714
shell-561c8d66.js:1 [SelectorFactory] Tried 2 selectors, 0 had errors
findElements @ selector-factory.js:561
getAllExpandableElements @ reddit-detector.js:191
scanAndExpandNewContent @ expander.js:1786
(anonymous) @ expander.js:1711
setTimeout
(anonymous) @ expander.js:1709
childList
(anonymous) @ shell-561c8d66.js:1
po @ shell-561c8d66.js:1
_renderContent @ shell-561c8d66.js:1
runner @ shell-561c8d66.js:4
_load @ shell-561c8d66.js:1
await in _load
(anonymous) @ shell-561c8d66.js:1
(anonymous) @ expander.js:1759
executeWithAbortHandling @ expander.js:377
(anonymous) @ expander.js:1758
setTimeout
(anonymous) @ expander.js:1751
performAggressiveRescan @ expander.js:1749
(anonymous) @ expander.js:1714
selector-factory.js:568 [SelectorFactory] Trying smart fallback for "viewRest"
selector-factory.js:679 [SelectorFactory] Using basic fallback: button (found 352 elements)
reddit-detector.js:209 [RedditDetector] Found 359 unique expandable elements across all categories
reddit-detector.js:216 [RedditDetector] Elements by category: {moreComments: 1, moreReplies: 1, collapsed: 92, continueThread: 6, crowdControl: 259}
expander.js:1794 Found 345 new expandable elements from scroll, processing...
expander.js:1799 [Progress] Found 345 new elements during auto-scroll (total: 1060)
expander.js:1731 [Expander] Performing aggressive rescan for missed buttons...
expander.js:1746 [Expander] Found 80 unprocessed expandable buttons during aggressive rescan
expander.js:1234 [Expander] Processing missed button: collapsed
expander.js:1326 [Expander] Attempting to click expand button: <button class="text-tone-2 text-12 no-underline hover:underline px-xs py-xs flex ml-[3px] xs:ml-0 !bg-transparent !border-0" type="button" data-reddit-expander-processed="true">
    <span class="text-neutral-content-strong mr-xs flex items-center"><svg rpl="" fill="currentColor" height="16" icon-name="join-outline" viewBox="0 0 20 20" width="16" xmlns="http://www.w3.org/2000/svg">
      <path d="M10.625 9.375H14v1.25h-3.375V14h-1.25v-3.375H6v-1.25h3.375V6h1.25v3.375ZM20 10A10 10 0 1 1 10 0a10.011 10.011 0 0 1 10 10Zm-1.25 0A8.75 8.75 0 1 0 10 18.75 8.76 8.76 0 0 0 18.75 10Z"></path>
    </svg></span>
    <span class="text-secondary-weak font-normal"><faceplate-number number="26"><!---->26</faceplate-number> more replies</span>
  </button>
expander.js:1752 [Expander] Processing missed button 1/80: <button class="text-tone-2 text-12 no-underline hover:underline px-xs py-xs flex ml-[3px] xs:ml-0 !b...
expander.js:1752 [Expander] Processing missed button 13/92: <button class="text-tone-2 text-12 no-underline hover:underline px-xs py-xs flex ml-[3px] xs:ml-0 !b...
expander.js:1234 [Expander] Processing missed button: collapsed
expander.js:1326 [Expander] Attempting to click expand button: <button aria-hidden="true" class="text-tone-2 text-12 no-underline hover:underline px-xs py-xs flex ml-[3px] xs:ml-0 !bg-transparent !border-0 invisible h-0 !p-0" type="button" data-reddit-expander-processed="true">
        
    <span class="text-neutral-content-strong mr-xs flex items-center"><svg rpl="" fill="currentColor" height="16" icon-name="join-outline" viewBox="0 0 20 20" width="16" xmlns="http://www.w3.org/2000/svg">
      <path d="M10.625 9.375H14v1.25h-3.375V14h-1.25v-3.375H6v-1.25h3.375V6h1.25v3.375ZM20 10A10 10 0 1 1 10 0a10.011 10.011 0 0 1 10 10Zm-1.25 0A8.75 8.75 0 1 0 10 18.75 8.76 8.76 0 0 0 18.75 10Z"></path>
    </svg></span>
    <span class="text-secondary-weak font-normal"><faceplate-number number="1"><!---->1</faceplate-number> more reply</span>
  
      </button>
expander.js:1234 [Expander] Processing missed button: collapsed
expander.js:1326 [Expander] Attempting to click expand button: <button class="text-tone-2 text-12 no-underline hover:underline px-xs py-xs flex ml-[3px] xs:ml-0 !bg-transparent !border-0" type="button" data-reddit-expander-processed="true" style="transition: box-shadow 0.3s; box-shadow: rgba(76, 175, 80, 0.4) 0px 0px 8px; border-radius: 4px;">
    <span class="text-neutral-content-strong mr-xs flex items-center"><svg rpl="" fill="currentColor" height="16" icon-name="join-outline" viewBox="0 0 20 20" width="16" xmlns="http://www.w3.org/2000/svg">
      <path d="M10.625 9.375H14v1.25h-3.375V14h-1.25v-3.375H6v-1.25h3.375V6h1.25v3.375ZM20 10A10 10 0 1 1 10 0a10.011 10.011 0 0 1 10 10Zm-1.25 0A8.75 8.75 0 1 0 10 18.75 8.76 8.76 0 0 0 18.75 10Z"></path>
    </svg></span>
    <span class="text-secondary-weak font-normal"><faceplate-number number="1"><!---->1</faceplate-number> more reply</span>
  </button>
expander.js:1752 [Expander] Processing missed button 2/80: <button aria-hidden="true" class="text-tone-2 text-12 no-underline hover:underline px-xs py-xs flex ...
expander.js:1752 [Expander] Processing missed button 14/92: <button aria-hidden="true" class="text-tone-2 text-12 no-underline hover:underline px-xs py-xs flex ...
expander.js:1234 [Expander] Processing missed button: collapsed
expander.js:1326 [Expander] Attempting to click expand button: <button aria-hidden="true" class="text-tone-2 text-12 no-underline hover:underline px-xs py-xs flex ml-[3px] xs:ml-0 !bg-transparent !border-0 invisible h-0 !p-0" type="button" data-reddit-expander-processed="true">
        
    <span class="text-neutral-content-strong mr-xs flex items-center"><svg rpl="" fill="currentColor" height="16" icon-name="join-outline" viewBox="0 0 20 20" width="16" xmlns="http://www.w3.org/2000/svg">
      <path d="M10.625 9.375H14v1.25h-3.375V14h-1.25v-3.375H6v-1.25h3.375V6h1.25v3.375ZM20 10A10 10 0 1 1 10 0a10.011 10.011 0 0 1 10 10Zm-1.25 0A8.75 8.75 0 1 0 10 18.75 8.76 8.76 0 0 0 18.75 10Z"></path>
    </svg></span>
    <span class="text-secondary-weak font-normal"><faceplate-number number="26"><!---->26</faceplate-number> more replies</span>
  
      </button>
expander.js:1752 [Expander] Processing missed button 3/80: <button class="text-tone-2 text-12 no-underline hover:underline px-xs py-xs flex ml-[3px] xs:ml-0 !b...
expander.js:1752 [Expander] Processing missed button 15/92: <button class="text-tone-2 text-12 no-underline hover:underline px-xs py-xs flex ml-[3px] xs:ml-0 !b...
expander.js:1692 [Expander] New expandable content detected via scroll observer
expander.js:1234 [Expander] Processing missed button: collapsed
expander.js:1326 [Expander] Attempting to click expand button: <button class="text-tone-2 text-12 no-underline hover:underline px-xs py-xs flex ml-[3px] xs:ml-0 !bg-transparent !border-0" type="button" data-reddit-expander-processed="true">
    <span class="text-neutral-content-strong mr-xs flex items-center"><svg rpl="" fill="currentColor" height="16" icon-name="join-outline" viewBox="0 0 20 20" width="16" xmlns="http://www.w3.org/2000/svg">
      <path d="M10.625 9.375H14v1.25h-3.375V14h-1.25v-3.375H6v-1.25h3.375V6h1.25v3.375ZM20 10A10 10 0 1 1 10 0a10.011 10.011 0 0 1 10 10Zm-1.25 0A8.75 8.75 0 1 0 10 18.75 8.76 8.76 0 0 0 18.75 10Z"></path>
    </svg></span>
    <span class="text-secondary-weak font-normal"><faceplate-number number="1"><!---->1</faceplate-number> more reply</span>
  </button>
expander.js:1234 [Expander] Processing missed button: collapsed
expander.js:1326 [Expander] Attempting to click expand button: <button aria-hidden="true" class="text-tone-2 text-12 no-underline hover:underline px-xs py-xs flex ml-[3px] xs:ml-0 !bg-transparent !border-0 invisible h-0 !p-0" type="button" data-reddit-expander-processed="true" style="transition: box-shadow 0.3s; box-shadow: rgba(76, 175, 80, 0.4) 0px 0px 8px; border-radius: 4px;">
        
    <span class="text-neutral-content-strong mr-xs flex items-center"><svg rpl="" fill="currentColor" height="16" icon-name="join-outline" viewBox="0 0 20 20" width="16" xmlns="http://www.w3.org/2000/svg">
      <path d="M10.625 9.375H14v1.25h-3.375V14h-1.25v-3.375H6v-1.25h3.375V6h1.25v3.375ZM20 10A10 10 0 1 1 10 0a10.011 10.011 0 0 1 10 10Zm-1.25 0A8.75 8.75 0 1 0 10 18.75 8.76 8.76 0 0 0 18.75 10Z"></path>
    </svg></span>
    <span class="text-secondary-weak font-normal"><faceplate-number number="1"><!---->1</faceplate-number> more reply</span>
  
      </button>
expander.js:1752 [Expander] Processing missed button 4/80: <button aria-hidden="true" class="text-tone-2 text-12 no-underline hover:underline px-xs py-xs flex ...
expander.js:1752 [Expander] Processing missed button 16/92: <button aria-hidden="true" class="text-tone-2 text-12 no-underline hover:underline px-xs py-xs flex ...
expander.js:1752 [Expander] Processing missed button 5/80: <button class="text-tone-2 text-12 no-underline hover:underline px-xs py-xs flex ml-[3px] xs:ml-0 !b...
expander.js:1752 [Expander] Processing missed button 17/92: <button class="text-tone-2 text-12 no-underline hover:underline px-xs py-xs flex ml-[3px] xs:ml-0 !b...
expander.js:1752 [Expander] Processing missed button 6/80: <button aria-hidden="true" class="text-tone-2 text-12 no-underline hover:underline px-xs py-xs flex ...
expander.js:1710 [Expander] Processing new content from scroll...
selector-factory.js:557 [SelectorFactory] Found 1 elements for "moreComments" using: #top-level-more-comments-partial
selector-factory.js:557 [SelectorFactory] Found 1 elements for "moreReplies" using: button[rpl][class*="button-small"][class*="button-plain"]
selector-factory.js:557 [SelectorFactory] Found 92 elements for "collapsed" using: shreddit-comment button:has(svg[icon-name="join-outline"])
selector-factory.js:557 [SelectorFactory] Found 6 elements for "continueThread" using: faceplate-partial[loading="lazy"]:not([id*="more-comments"])
shell-561c8d66.js:1 [SelectorFactory] No elements found for "crowdControl" in version "shReddit"
findElements @ selector-factory.js:560
getAllExpandableElements @ reddit-detector.js:191
scanAndExpandNewContent @ expander.js:1786
(anonymous) @ expander.js:1711
setTimeout
(anonymous) @ expander.js:1709
childList
(anonymous) @ shell-561c8d66.js:1
po @ shell-561c8d66.js:1
_renderContent @ shell-561c8d66.js:1
runner @ shell-561c8d66.js:4
_load @ shell-561c8d66.js:1
await in _load
(anonymous) @ shell-561c8d66.js:1
(anonymous) @ expander.js:1759
executeWithAbortHandling @ expander.js:377
(anonymous) @ expander.js:1758
setTimeout
(anonymous) @ expander.js:1751
performAggressiveRescan @ expander.js:1749
(anonymous) @ expander.js:1714
setTimeout
(anonymous) @ expander.js:1709
childList
(anonymous) @ shell-561c8d66.js:1
po @ shell-561c8d66.js:1
_renderContent @ shell-561c8d66.js:1
runner @ shell-561c8d66.js:4
_load @ shell-561c8d66.js:1
await in _load
(anonymous) @ shell-561c8d66.js:1
(anonymous) @ expander.js:1759
executeWithAbortHandling @ expander.js:377
(anonymous) @ expander.js:1758
setTimeout
(anonymous) @ expander.js:1751
performAggressiveRescan @ expander.js:1749
(anonymous) @ expander.js:1714
shell-561c8d66.js:1 [SelectorFactory] Tried 2 selectors, 0 had errors
findElements @ selector-factory.js:561
getAllExpandableElements @ reddit-detector.js:191
scanAndExpandNewContent @ expander.js:1786
(anonymous) @ expander.js:1711
setTimeout
(anonymous) @ expander.js:1709
childList
(anonymous) @ shell-561c8d66.js:1
po @ shell-561c8d66.js:1
_renderContent @ shell-561c8d66.js:1
runner @ shell-561c8d66.js:4
_load @ shell-561c8d66.js:1
await in _load
(anonymous) @ shell-561c8d66.js:1
(anonymous) @ expander.js:1759
executeWithAbortHandling @ expander.js:377
(anonymous) @ expander.js:1758
setTimeout
(anonymous) @ expander.js:1751
performAggressiveRescan @ expander.js:1749
(anonymous) @ expander.js:1714
setTimeout
(anonymous) @ expander.js:1709
childList
(anonymous) @ shell-561c8d66.js:1
po @ shell-561c8d66.js:1
_renderContent @ shell-561c8d66.js:1
runner @ shell-561c8d66.js:4
_load @ shell-561c8d66.js:1
await in _load
(anonymous) @ shell-561c8d66.js:1
(anonymous) @ expander.js:1759
executeWithAbortHandling @ expander.js:377
(anonymous) @ expander.js:1758
setTimeout
(anonymous) @ expander.js:1751
performAggressiveRescan @ expander.js:1749
(anonymous) @ expander.js:1714
selector-factory.js:568 [SelectorFactory] Trying smart fallback for "crowdControl"
selector-factory.js:679 [SelectorFactory] Using basic fallback: button (found 352 elements)
shell-561c8d66.js:1 [SelectorFactory] No elements found for "contestMode" in version "shReddit"
findElements @ selector-factory.js:560
getAllExpandableElements @ reddit-detector.js:191
scanAndExpandNewContent @ expander.js:1786
(anonymous) @ expander.js:1711
setTimeout
(anonymous) @ expander.js:1709
childList
(anonymous) @ shell-561c8d66.js:1
po @ shell-561c8d66.js:1
_renderContent @ shell-561c8d66.js:1
runner @ shell-561c8d66.js:4
_load @ shell-561c8d66.js:1
await in _load
(anonymous) @ shell-561c8d66.js:1
(anonymous) @ expander.js:1759
executeWithAbortHandling @ expander.js:377
(anonymous) @ expander.js:1758
setTimeout
(anonymous) @ expander.js:1751
performAggressiveRescan @ expander.js:1749
(anonymous) @ expander.js:1714
setTimeout
(anonymous) @ expander.js:1709
childList
(anonymous) @ shell-561c8d66.js:1
po @ shell-561c8d66.js:1
_renderContent @ shell-561c8d66.js:1
runner @ shell-561c8d66.js:4
_load @ shell-561c8d66.js:1
await in _load
(anonymous) @ shell-561c8d66.js:1
(anonymous) @ expander.js:1759
executeWithAbortHandling @ expander.js:377
(anonymous) @ expander.js:1758
setTimeout
(anonymous) @ expander.js:1751
performAggressiveRescan @ expander.js:1749
(anonymous) @ expander.js:1714
shell-561c8d66.js:1 [SelectorFactory] Tried 2 selectors, 0 had errors
findElements @ selector-factory.js:561
getAllExpandableElements @ reddit-detector.js:191
scanAndExpandNewContent @ expander.js:1786
(anonymous) @ expander.js:1711
setTimeout
(anonymous) @ expander.js:1709
childList
(anonymous) @ shell-561c8d66.js:1
po @ shell-561c8d66.js:1
_renderContent @ shell-561c8d66.js:1
runner @ shell-561c8d66.js:4
_load @ shell-561c8d66.js:1
await in _load
(anonymous) @ shell-561c8d66.js:1
(anonymous) @ expander.js:1759
executeWithAbortHandling @ expander.js:377
(anonymous) @ expander.js:1758
setTimeout
(anonymous) @ expander.js:1751
performAggressiveRescan @ expander.js:1749
(anonymous) @ expander.js:1714
setTimeout
(anonymous) @ expander.js:1709
childList
(anonymous) @ shell-561c8d66.js:1
po @ shell-561c8d66.js:1
_renderContent @ shell-561c8d66.js:1
runner @ shell-561c8d66.js:4
_load @ shell-561c8d66.js:1
await in _load
(anonymous) @ shell-561c8d66.js:1
(anonymous) @ expander.js:1759
executeWithAbortHandling @ expander.js:377
(anonymous) @ expander.js:1758
setTimeout
(anonymous) @ expander.js:1751
performAggressiveRescan @ expander.js:1749
(anonymous) @ expander.js:1714
selector-factory.js:568 [SelectorFactory] Trying smart fallback for "contestMode"
selector-factory.js:679 [SelectorFactory] Using basic fallback: button (found 352 elements)
shell-561c8d66.js:1 [SelectorFactory] No elements found for "deleted" in version "shReddit"
findElements @ selector-factory.js:560
getAllExpandableElements @ reddit-detector.js:191
scanAndExpandNewContent @ expander.js:1786
(anonymous) @ expander.js:1711
setTimeout
(anonymous) @ expander.js:1709
childList
(anonymous) @ shell-561c8d66.js:1
po @ shell-561c8d66.js:1
_renderContent @ shell-561c8d66.js:1
runner @ shell-561c8d66.js:4
_load @ shell-561c8d66.js:1
await in _load
(anonymous) @ shell-561c8d66.js:1
(anonymous) @ expander.js:1759
executeWithAbortHandling @ expander.js:377
(anonymous) @ expander.js:1758
setTimeout
(anonymous) @ expander.js:1751
performAggressiveRescan @ expander.js:1749
(anonymous) @ expander.js:1714
setTimeout
(anonymous) @ expander.js:1709
childList
(anonymous) @ shell-561c8d66.js:1
po @ shell-561c8d66.js:1
_renderContent @ shell-561c8d66.js:1
runner @ shell-561c8d66.js:4
_load @ shell-561c8d66.js:1
await in _load
(anonymous) @ shell-561c8d66.js:1
(anonymous) @ expander.js:1759
executeWithAbortHandling @ expander.js:377
(anonymous) @ expander.js:1758
setTimeout
(anonymous) @ expander.js:1751
performAggressiveRescan @ expander.js:1749
(anonymous) @ expander.js:1714
shell-561c8d66.js:1 [SelectorFactory] Tried 2 selectors, 0 had errors
findElements @ selector-factory.js:561
getAllExpandableElements @ reddit-detector.js:191
scanAndExpandNewContent @ expander.js:1786
(anonymous) @ expander.js:1711
setTimeout
(anonymous) @ expander.js:1709
childList
(anonymous) @ shell-561c8d66.js:1
po @ shell-561c8d66.js:1
_renderContent @ shell-561c8d66.js:1
runner @ shell-561c8d66.js:4
_load @ shell-561c8d66.js:1
await in _load
(anonymous) @ shell-561c8d66.js:1
(anonymous) @ expander.js:1759
executeWithAbortHandling @ expander.js:377
(anonymous) @ expander.js:1758
setTimeout
(anonymous) @ expander.js:1751
performAggressiveRescan @ expander.js:1749
(anonymous) @ expander.js:1714
setTimeout
(anonymous) @ expander.js:1709
childList
(anonymous) @ shell-561c8d66.js:1
po @ shell-561c8d66.js:1
_renderContent @ shell-561c8d66.js:1
runner @ shell-561c8d66.js:4
_load @ shell-561c8d66.js:1
await in _load
(anonymous) @ shell-561c8d66.js:1
(anonymous) @ expander.js:1759
executeWithAbortHandling @ expander.js:377
(anonymous) @ expander.js:1758
setTimeout
(anonymous) @ expander.js:1751
performAggressiveRescan @ expander.js:1749
(anonymous) @ expander.js:1714
selector-factory.js:568 [SelectorFactory] Trying smart fallback for "deleted"
selector-factory.js:679 [SelectorFactory] Using basic fallback: button (found 352 elements)
shell-561c8d66.js:1 [SelectorFactory] No elements found for "viewRest" in version "shReddit"
findElements @ selector-factory.js:560
getAllExpandableElements @ reddit-detector.js:191
scanAndExpandNewContent @ expander.js:1786
(anonymous) @ expander.js:1711
setTimeout
(anonymous) @ expander.js:1709
childList
(anonymous) @ shell-561c8d66.js:1
po @ shell-561c8d66.js:1
_renderContent @ shell-561c8d66.js:1
runner @ shell-561c8d66.js:4
_load @ shell-561c8d66.js:1
await in _load
(anonymous) @ shell-561c8d66.js:1
(anonymous) @ expander.js:1759
executeWithAbortHandling @ expander.js:377
(anonymous) @ expander.js:1758
setTimeout
(anonymous) @ expander.js:1751
performAggressiveRescan @ expander.js:1749
(anonymous) @ expander.js:1714
setTimeout
(anonymous) @ expander.js:1709
childList
(anonymous) @ shell-561c8d66.js:1
po @ shell-561c8d66.js:1
_renderContent @ shell-561c8d66.js:1
runner @ shell-561c8d66.js:4
_load @ shell-561c8d66.js:1
await in _load
(anonymous) @ shell-561c8d66.js:1
(anonymous) @ expander.js:1759
executeWithAbortHandling @ expander.js:377
(anonymous) @ expander.js:1758
setTimeout
(anonymous) @ expander.js:1751
performAggressiveRescan @ expander.js:1749
(anonymous) @ expander.js:1714
shell-561c8d66.js:1 [SelectorFactory] Tried 2 selectors, 0 had errors
findElements @ selector-factory.js:561
getAllExpandableElements @ reddit-detector.js:191
scanAndExpandNewContent @ expander.js:1786
(anonymous) @ expander.js:1711
setTimeout
(anonymous) @ expander.js:1709
childList
(anonymous) @ shell-561c8d66.js:1
po @ shell-561c8d66.js:1
_renderContent @ shell-561c8d66.js:1
runner @ shell-561c8d66.js:4
_load @ shell-561c8d66.js:1
await in _load
(anonymous) @ shell-561c8d66.js:1
(anonymous) @ expander.js:1759
executeWithAbortHandling @ expander.js:377
(anonymous) @ expander.js:1758
setTimeout
(anonymous) @ expander.js:1751
performAggressiveRescan @ expander.js:1749
(anonymous) @ expander.js:1714
setTimeout
(anonymous) @ expander.js:1709
childList
(anonymous) @ shell-561c8d66.js:1
po @ shell-561c8d66.js:1
_renderContent @ shell-561c8d66.js:1
runner @ shell-561c8d66.js:4
_load @ shell-561c8d66.js:1
await in _load
(anonymous) @ shell-561c8d66.js:1
(anonymous) @ expander.js:1759
executeWithAbortHandling @ expander.js:377
(anonymous) @ expander.js:1758
setTimeout
(anonymous) @ expander.js:1751
performAggressiveRescan @ expander.js:1749
(anonymous) @ expander.js:1714
selector-factory.js:568 [SelectorFactory] Trying smart fallback for "viewRest"
selector-factory.js:679 [SelectorFactory] Using basic fallback: button (found 352 elements)
reddit-detector.js:209 [RedditDetector] Found 359 unique expandable elements across all categories
reddit-detector.js:216 [RedditDetector] Elements by category: {moreComments: 1, moreReplies: 1, collapsed: 92, continueThread: 6, crowdControl: 259}
expander.js:1794 Found 339 new expandable elements from scroll, processing...
expander.js:1799 [Progress] Found 339 new elements during auto-scroll (total: 1399)
expander.js:1731 [Expander] Performing aggressive rescan for missed buttons...
expander.js:1746 [Expander] Found 82 unprocessed expandable buttons during aggressive rescan
expander.js:1234 [Expander] Processing missed button: collapsed
expander.js:1326 [Expander] Attempting to click expand button: <button class="text-tone-2 text-12 no-underline hover:underline px-xs py-xs flex ml-[3px] xs:ml-0 !bg-transparent !border-0" type="button" data-reddit-expander-processed="true">
    <span class="text-neutral-content-strong mr-xs flex items-center"><svg rpl="" fill="currentColor" height="16" icon-name="join-outline" viewBox="0 0 20 20" width="16" xmlns="http://www.w3.org/2000/svg">
      <path d="M10.625 9.375H14v1.25h-3.375V14h-1.25v-3.375H6v-1.25h3.375V6h1.25v3.375ZM20 10A10 10 0 1 1 10 0a10.011 10.011 0 0 1 10 10Zm-1.25 0A8.75 8.75 0 1 0 10 18.75 8.76 8.76 0 0 0 18.75 10Z"></path>
    </svg></span>
    <span class="text-secondary-weak font-normal"><faceplate-number number="2"><!---->2</faceplate-number> more replies</span>
  </button>
expander.js:1752 [Expander] Processing missed button 18/92: <button aria-hidden="true" class="text-tone-2 text-12 no-underline hover:underline px-xs py-xs flex ...
expander.js:1752 [Expander] Processing missed button 1/82: <button class="text-tone-2 text-12 no-underline hover:underline px-xs py-xs flex ml-[3px] xs:ml-0 !b...
expander.js:1752 [Expander] Processing missed button 7/80: <button class="text-tone-2 text-12 no-underline hover:underline px-xs py-xs flex ml-[3px] xs:ml-0 !b...
expander.js:1752 [Expander] Processing missed button 19/92: <button class="text-tone-2 text-12 no-underline hover:underline px-xs py-xs flex ml-[3px] xs:ml-0 !b...
expander.js:1234 [Expander] Processing missed button: collapsed
expander.js:1326 [Expander] Attempting to click expand button: <button class="text-tone-2 text-12 no-underline hover:underline px-xs py-xs flex ml-[3px] xs:ml-0 !bg-transparent !border-0" type="button" data-reddit-expander-processed="true">
    <span class="text-neutral-content-strong mr-xs flex items-center"><svg rpl="" fill="currentColor" height="16" icon-name="join-outline" viewBox="0 0 20 20" width="16" xmlns="http://www.w3.org/2000/svg">
      <path d="M10.625 9.375H14v1.25h-3.375V14h-1.25v-3.375H6v-1.25h3.375V6h1.25v3.375ZM20 10A10 10 0 1 1 10 0a10.011 10.011 0 0 1 10 10Zm-1.25 0A8.75 8.75 0 1 0 10 18.75 8.76 8.76 0 0 0 18.75 10Z"></path>
    </svg></span>
    <span class="text-secondary-weak font-normal"><faceplate-number number="8"><!---->8</faceplate-number> more replies</span>
  </button>
expander.js:1752 [Expander] Processing missed button 2/82: <button aria-hidden="true" class="text-tone-2 text-12 no-underline hover:underline px-xs py-xs flex ...
expander.js:1752 [Expander] Processing missed button 8/80: <button aria-hidden="true" class="text-tone-2 text-12 no-underline hover:underline px-xs py-xs flex ...
expander.js:1752 [Expander] Processing missed button 20/92: <button aria-hidden="true" class="text-tone-2 text-12 no-underline hover:underline px-xs py-xs flex ...
expander.js:1752 [Expander] Processing missed button 3/82: <button class="text-tone-2 text-12 no-underline hover:underline px-xs py-xs flex ml-[3px] xs:ml-0 !b...
expander.js:1752 [Expander] Processing missed button 9/80: <button class="text-tone-2 text-12 no-underline hover:underline px-xs py-xs flex ml-[3px] xs:ml-0 !b...
expander.js:1752 [Expander] Processing missed button 21/92: <button class="text-tone-2 text-12 no-underline hover:underline px-xs py-xs flex ml-[3px] xs:ml-0 !b...
expander.js:1752 [Expander] Processing missed button 4/82: <button aria-hidden="true" class="text-tone-2 text-12 no-underline hover:underline px-xs py-xs flex ...
expander.js:1752 [Expander] Processing missed button 10/80: <button aria-hidden="true" class="text-tone-2 text-12 no-underline hover:underline px-xs py-xs flex ...
expander.js:1752 [Expander] Processing missed button 22/92: <button aria-hidden="true" class="text-tone-2 text-12 no-underline hover:underline px-xs py-xs flex ...
expander.js:1752 [Expander] Processing missed button 5/82: <button class="text-tone-2 text-12 no-underline hover:underline px-xs py-xs flex ml-[3px] xs:ml-0 !b...
expander.js:1752 [Expander] Processing missed button 11/80: <button class="text-tone-2 text-12 no-underline hover:underline px-xs py-xs flex ml-[3px] xs:ml-0 !b...
expander.js:1752 [Expander] Processing missed button 23/92: <button class="text-tone-2 text-12 no-underline hover:underline px-xs py-xs flex ml-[3px] xs:ml-0 !b...
expander.js:1692 [Expander] New expandable content detected via scroll observer
expander.js:1752 [Expander] Processing missed button 6/82: <button aria-hidden="true" class="text-tone-2 text-12 no-underline hover:underline px-xs py-xs flex ...
expander.js:1752 [Expander] Processing missed button 12/80: <button aria-hidden="true" class="text-tone-2 text-12 no-underline hover:underline px-xs py-xs flex ...
expander.js:1752 [Expander] Processing missed button 24/92: <button aria-hidden="true" class="text-tone-2 text-12 no-underline hover:underline px-xs py-xs flex ...
expander.js:1234 [Expander] Processing missed button: collapsed
expander.js:1326 [Expander] Attempting to click expand button: <button aria-hidden="true" class="text-tone-2 text-12 no-underline hover:underline px-xs py-xs flex ml-[3px] xs:ml-0 !bg-transparent !border-0 invisible h-0 !p-0" type="button" data-reddit-expander-processed="true">
        
    <span class="text-neutral-content-strong mr-xs flex items-center"><svg rpl="" fill="currentColor" height="16" icon-name="join-outline" viewBox="0 0 20 20" width="16" xmlns="http://www.w3.org/2000/svg">
      <path d="M10.625 9.375H14v1.25h-3.375V14h-1.25v-3.375H6v-1.25h3.375V6h1.25v3.375ZM20 10A10 10 0 1 1 10 0a10.011 10.011 0 0 1 10 10Zm-1.25 0A8.75 8.75 0 1 0 10 18.75 8.76 8.76 0 0 0 18.75 10Z"></path>
    </svg></span>
    <span class="text-secondary-weak font-normal"><faceplate-number number="2"><!---->2</faceplate-number> more replies</span>
  
      </button>
expander.js:1752 [Expander] Processing missed button 7/82: <button class="text-tone-2 text-12 no-underline hover:underline px-xs py-xs flex ml-[3px] xs:ml-0 !b...
expander.js:1752 [Expander] Processing missed button 13/80: <button class="text-tone-2 text-12 no-underline hover:underline px-xs py-xs flex ml-[3px] xs:ml-0 !b...
expander.js:1234 [Expander] Processing missed button: collapsed
expander.js:1326 [Expander] Attempting to click expand button: <button aria-hidden="true" class="text-tone-2 text-12 no-underline hover:underline px-xs py-xs flex ml-[3px] xs:ml-0 !bg-transparent !border-0 invisible h-0 !p-0" type="button" data-reddit-expander-processed="true">
        
    <span class="text-neutral-content-strong mr-xs flex items-center"><svg rpl="" fill="currentColor" height="16" icon-name="join-outline" viewBox="0 0 20 20" width="16" xmlns="http://www.w3.org/2000/svg">
      <path d="M10.625 9.375H14v1.25h-3.375V14h-1.25v-3.375H6v-1.25h3.375V6h1.25v3.375ZM20 10A10 10 0 1 1 10 0a10.011 10.011 0 0 1 10 10Zm-1.25 0A8.75 8.75 0 1 0 10 18.75 8.76 8.76 0 0 0 18.75 10Z"></path>
    </svg></span>
    <span class="text-secondary-weak font-normal"><faceplate-number number="1"><!---->1</faceplate-number> more reply</span>
  
      </button>
expander.js:1234 [Expander] Processing missed button: collapsed
expander.js:1326 [Expander] Attempting to click expand button: <button class="text-tone-2 text-12 no-underline hover:underline px-xs py-xs flex ml-[3px] xs:ml-0 !bg-transparent !border-0" type="button" data-reddit-expander-processed="true" style="transition: box-shadow 0.3s; box-shadow: rgba(76, 175, 80, 0.4) 0px 0px 8px; border-radius: 4px;">
    <span class="text-neutral-content-strong mr-xs flex items-center"><svg rpl="" fill="currentColor" height="16" icon-name="join-outline" viewBox="0 0 20 20" width="16" xmlns="http://www.w3.org/2000/svg">
      <path d="M10.625 9.375H14v1.25h-3.375V14h-1.25v-3.375H6v-1.25h3.375V6h1.25v3.375ZM20 10A10 10 0 1 1 10 0a10.011 10.011 0 0 1 10 10Zm-1.25 0A8.75 8.75 0 1 0 10 18.75 8.76 8.76 0 0 0 18.75 10Z"></path>
    </svg></span>
    <span class="text-secondary-weak font-normal"><faceplate-number number="1"><!---->1</faceplate-number> more reply</span>
  </button>
expander.js:1752 [Expander] Processing missed button 25/92: <button class="text-tone-2 text-12 no-underline hover:underline px-xs py-xs flex ml-[3px] xs:ml-0 !b...
expander.js:1752 [Expander] Processing missed button 8/82: <button aria-hidden="true" class="text-tone-2 text-12 no-underline hover:underline px-xs py-xs flex ...
expander.js:1752 [Expander] Processing missed button 14/80: <button aria-hidden="true" class="text-tone-2 text-12 no-underline hover:underline px-xs py-xs flex ...
expander.js:1752 [Expander] Processing missed button 26/92: <button aria-hidden="true" class="text-tone-2 text-12 no-underline hover:underline px-xs py-xs flex ...
expander.js:1752 [Expander] Processing missed button 9/82: <button class="text-tone-2 text-12 no-underline hover:underline px-xs py-xs flex ml-[3px] xs:ml-0 !b...
expander.js:1752 [Expander] Processing missed button 15/80: <button class="text-tone-2 text-12 no-underline hover:underline px-xs py-xs flex ml-[3px] xs:ml-0 !b...
expander.js:1752 [Expander] Processing missed button 27/92: <button class="text-tone-2 text-12 no-underline hover:underline px-xs py-xs flex ml-[3px] xs:ml-0 !b...
expander.js:1752 [Expander] Processing missed button 10/82: <button aria-hidden="true" class="text-tone-2 text-12 no-underline hover:underline px-xs py-xs flex ...
expander.js:1752 [Expander] Processing missed button 16/80: <button aria-hidden="true" class="text-tone-2 text-12 no-underline hover:underline px-xs py-xs flex ...
expander.js:1752 [Expander] Processing missed button 28/92: <button aria-hidden="true" class="text-tone-2 text-12 no-underline hover:underline px-xs py-xs flex ...
expander.js:1752 [Expander] Processing missed button 11/82: <button class="text-tone-2 text-12 no-underline hover:underline px-xs py-xs flex ml-[3px] xs:ml-0 !b...
expander.js:1752 [Expander] Processing missed button 17/80: <button class="text-tone-2 text-12 no-underline hover:underline px-xs py-xs flex ml-[3px] xs:ml-0 !b...
expander.js:1752 [Expander] Processing missed button 29/92: <button class="text-tone-2 text-12 no-underline hover:underline px-xs py-xs flex ml-[3px] xs:ml-0 !b...
expander.js:1710 [Expander] Processing new content from scroll...
element-cache.js:166 [Cache] Hit rate: 55% | Miss rate: 45% | Size: 34 | Time saved: 21ms
selector-factory.js:557 [SelectorFactory] Found 1 elements for "moreComments" using: #top-level-more-comments-partial
selector-factory.js:557 [SelectorFactory] Found 1 elements for "moreReplies" using: button[rpl][class*="button-small"][class*="button-plain"]
selector-factory.js:557 [SelectorFactory] Found 92 elements for "collapsed" using: shreddit-comment button:has(svg[icon-name="join-outline"])
selector-factory.js:557 [SelectorFactory] Found 6 elements for "continueThread" using: faceplate-partial[loading="lazy"]:not([id*="more-comments"])
shell-561c8d66.js:1 [SelectorFactory] No elements found for "crowdControl" in version "shReddit"
findElements @ selector-factory.js:560
getAllExpandableElements @ reddit-detector.js:191
scanAndExpandNewContent @ expander.js:1786
(anonymous) @ expander.js:1711
setTimeout
(anonymous) @ expander.js:1709
childList
(anonymous) @ shell-561c8d66.js:1
po @ shell-561c8d66.js:1
_renderContent @ shell-561c8d66.js:1
runner @ shell-561c8d66.js:4
_load @ shell-561c8d66.js:1
await in _load
(anonymous) @ shell-561c8d66.js:1
(anonymous) @ expander.js:1759
executeWithAbortHandling @ expander.js:377
(anonymous) @ expander.js:1758
setTimeout
(anonymous) @ expander.js:1751
performAggressiveRescan @ expander.js:1749
(anonymous) @ expander.js:1714
setTimeout
(anonymous) @ expander.js:1709
childList
(anonymous) @ shell-561c8d66.js:1
po @ shell-561c8d66.js:1
_renderContent @ shell-561c8d66.js:1
runner @ shell-561c8d66.js:4
_load @ shell-561c8d66.js:1
await in _load
(anonymous) @ shell-561c8d66.js:1
(anonymous) @ expander.js:1759
executeWithAbortHandling @ expander.js:377
(anonymous) @ expander.js:1758
shell-561c8d66.js:1 [SelectorFactory] Tried 2 selectors, 0 had errors
findElements @ selector-factory.js:561
getAllExpandableElements @ reddit-detector.js:191
scanAndExpandNewContent @ expander.js:1786
(anonymous) @ expander.js:1711
setTimeout
(anonymous) @ expander.js:1709
childList
(anonymous) @ shell-561c8d66.js:1
po @ shell-561c8d66.js:1
_renderContent @ shell-561c8d66.js:1
runner @ shell-561c8d66.js:4
_load @ shell-561c8d66.js:1
await in _load
(anonymous) @ shell-561c8d66.js:1
(anonymous) @ expander.js:1759
executeWithAbortHandling @ expander.js:377
(anonymous) @ expander.js:1758
setTimeout
(anonymous) @ expander.js:1751
performAggressiveRescan @ expander.js:1749
(anonymous) @ expander.js:1714
setTimeout
(anonymous) @ expander.js:1709
childList
(anonymous) @ shell-561c8d66.js:1
po @ shell-561c8d66.js:1
_renderContent @ shell-561c8d66.js:1
runner @ shell-561c8d66.js:4
_load @ shell-561c8d66.js:1
await in _load
(anonymous) @ shell-561c8d66.js:1
(anonymous) @ expander.js:1759
executeWithAbortHandling @ expander.js:377
(anonymous) @ expander.js:1758
selector-factory.js:568 [SelectorFactory] Trying smart fallback for "crowdControl"
selector-factory.js:679 [SelectorFactory] Using basic fallback: button (found 352 elements)
shell-561c8d66.js:1 [SelectorFactory] No elements found for "contestMode" in version "shReddit"
findElements @ selector-factory.js:560
getAllExpandableElements @ reddit-detector.js:191
scanAndExpandNewContent @ expander.js:1786
(anonymous) @ expander.js:1711
setTimeout
(anonymous) @ expander.js:1709
childList
(anonymous) @ shell-561c8d66.js:1
po @ shell-561c8d66.js:1
_renderContent @ shell-561c8d66.js:1
runner @ shell-561c8d66.js:4
_load @ shell-561c8d66.js:1
await in _load
(anonymous) @ shell-561c8d66.js:1
(anonymous) @ expander.js:1759
executeWithAbortHandling @ expander.js:377
(anonymous) @ expander.js:1758
setTimeout
(anonymous) @ expander.js:1751
performAggressiveRescan @ expander.js:1749
(anonymous) @ expander.js:1714
setTimeout
(anonymous) @ expander.js:1709
childList
(anonymous) @ shell-561c8d66.js:1
po @ shell-561c8d66.js:1
_renderContent @ shell-561c8d66.js:1
runner @ shell-561c8d66.js:4
_load @ shell-561c8d66.js:1
await in _load
(anonymous) @ shell-561c8d66.js:1
(anonymous) @ expander.js:1759
executeWithAbortHandling @ expander.js:377
(anonymous) @ expander.js:1758
shell-561c8d66.js:1 [SelectorFactory] Tried 2 selectors, 0 had errors
findElements @ selector-factory.js:561
getAllExpandableElements @ reddit-detector.js:191
scanAndExpandNewContent @ expander.js:1786
(anonymous) @ expander.js:1711
setTimeout
(anonymous) @ expander.js:1709
childList
(anonymous) @ shell-561c8d66.js:1
po @ shell-561c8d66.js:1
_renderContent @ shell-561c8d66.js:1
runner @ shell-561c8d66.js:4
_load @ shell-561c8d66.js:1
await in _load
(anonymous) @ shell-561c8d66.js:1
(anonymous) @ expander.js:1759
executeWithAbortHandling @ expander.js:377
(anonymous) @ expander.js:1758
setTimeout
(anonymous) @ expander.js:1751
performAggressiveRescan @ expander.js:1749
(anonymous) @ expander.js:1714
setTimeout
(anonymous) @ expander.js:1709
childList
(anonymous) @ shell-561c8d66.js:1
po @ shell-561c8d66.js:1
_renderContent @ shell-561c8d66.js:1
runner @ shell-561c8d66.js:4
_load @ shell-561c8d66.js:1
await in _load
(anonymous) @ shell-561c8d66.js:1
(anonymous) @ expander.js:1759
executeWithAbortHandling @ expander.js:377
(anonymous) @ expander.js:1758
selector-factory.js:568 [SelectorFactory] Trying smart fallback for "contestMode"
selector-factory.js:679 [SelectorFactory] Using basic fallback: button (found 352 elements)
shell-561c8d66.js:1 [SelectorFactory] No elements found for "deleted" in version "shReddit"
findElements @ selector-factory.js:560
getAllExpandableElements @ reddit-detector.js:191
scanAndExpandNewContent @ expander.js:1786
(anonymous) @ expander.js:1711
setTimeout
(anonymous) @ expander.js:1709
childList
(anonymous) @ shell-561c8d66.js:1
po @ shell-561c8d66.js:1
_renderContent @ shell-561c8d66.js:1
runner @ shell-561c8d66.js:4
_load @ shell-561c8d66.js:1
await in _load
(anonymous) @ shell-561c8d66.js:1
(anonymous) @ expander.js:1759
executeWithAbortHandling @ expander.js:377
(anonymous) @ expander.js:1758
setTimeout
(anonymous) @ expander.js:1751
performAggressiveRescan @ expander.js:1749
(anonymous) @ expander.js:1714
setTimeout
(anonymous) @ expander.js:1709
childList
(anonymous) @ shell-561c8d66.js:1
po @ shell-561c8d66.js:1
_renderContent @ shell-561c8d66.js:1
runner @ shell-561c8d66.js:4
_load @ shell-561c8d66.js:1
await in _load
(anonymous) @ shell-561c8d66.js:1
(anonymous) @ expander.js:1759
executeWithAbortHandling @ expander.js:377
(anonymous) @ expander.js:1758
shell-561c8d66.js:1 [SelectorFactory] Tried 2 selectors, 0 had errors
findElements @ selector-factory.js:561
getAllExpandableElements @ reddit-detector.js:191
scanAndExpandNewContent @ expander.js:1786
(anonymous) @ expander.js:1711
setTimeout
(anonymous) @ expander.js:1709
childList
(anonymous) @ shell-561c8d66.js:1
po @ shell-561c8d66.js:1
_renderContent @ shell-561c8d66.js:1
runner @ shell-561c8d66.js:4
_load @ shell-561c8d66.js:1
await in _load
(anonymous) @ shell-561c8d66.js:1
(anonymous) @ expander.js:1759
executeWithAbortHandling @ expander.js:377
(anonymous) @ expander.js:1758
setTimeout
(anonymous) @ expander.js:1751
performAggressiveRescan @ expander.js:1749
(anonymous) @ expander.js:1714
setTimeout
(anonymous) @ expander.js:1709
childList
(anonymous) @ shell-561c8d66.js:1
po @ shell-561c8d66.js:1
_renderContent @ shell-561c8d66.js:1
runner @ shell-561c8d66.js:4
_load @ shell-561c8d66.js:1
await in _load
(anonymous) @ shell-561c8d66.js:1
(anonymous) @ expander.js:1759
executeWithAbortHandling @ expander.js:377
(anonymous) @ expander.js:1758
selector-factory.js:568 [SelectorFactory] Trying smart fallback for "deleted"
selector-factory.js:679 [SelectorFactory] Using basic fallback: button (found 352 elements)
shell-561c8d66.js:1 [SelectorFactory] No elements found for "viewRest" in version "shReddit"
findElements @ selector-factory.js:560
getAllExpandableElements @ reddit-detector.js:191
scanAndExpandNewContent @ expander.js:1786
(anonymous) @ expander.js:1711
setTimeout
(anonymous) @ expander.js:1709
childList
(anonymous) @ shell-561c8d66.js:1
po @ shell-561c8d66.js:1
_renderContent @ shell-561c8d66.js:1
runner @ shell-561c8d66.js:4
_load @ shell-561c8d66.js:1
await in _load
(anonymous) @ shell-561c8d66.js:1
(anonymous) @ expander.js:1759
executeWithAbortHandling @ expander.js:377
(anonymous) @ expander.js:1758
setTimeout
(anonymous) @ expander.js:1751
performAggressiveRescan @ expander.js:1749
(anonymous) @ expander.js:1714
setTimeout
(anonymous) @ expander.js:1709
childList
(anonymous) @ shell-561c8d66.js:1
po @ shell-561c8d66.js:1
_renderContent @ shell-561c8d66.js:1
runner @ shell-561c8d66.js:4
_load @ shell-561c8d66.js:1
await in _load
(anonymous) @ shell-561c8d66.js:1
(anonymous) @ expander.js:1759
executeWithAbortHandling @ expander.js:377
(anonymous) @ expander.js:1758
shell-561c8d66.js:1 [SelectorFactory] Tried 2 selectors, 0 had errors
findElements @ selector-factory.js:561
getAllExpandableElements @ reddit-detector.js:191
scanAndExpandNewContent @ expander.js:1786
(anonymous) @ expander.js:1711
setTimeout
(anonymous) @ expander.js:1709
childList
(anonymous) @ shell-561c8d66.js:1
po @ shell-561c8d66.js:1
_renderContent @ shell-561c8d66.js:1
runner @ shell-561c8d66.js:4
_load @ shell-561c8d66.js:1
await in _load
(anonymous) @ shell-561c8d66.js:1
(anonymous) @ expander.js:1759
executeWithAbortHandling @ expander.js:377
(anonymous) @ expander.js:1758
setTimeout
(anonymous) @ expander.js:1751
performAggressiveRescan @ expander.js:1749
(anonymous) @ expander.js:1714
setTimeout
(anonymous) @ expander.js:1709
childList
(anonymous) @ shell-561c8d66.js:1
po @ shell-561c8d66.js:1
_renderContent @ shell-561c8d66.js:1
runner @ shell-561c8d66.js:4
_load @ shell-561c8d66.js:1
await in _load
(anonymous) @ shell-561c8d66.js:1
(anonymous) @ expander.js:1759
executeWithAbortHandling @ expander.js:377
(anonymous) @ expander.js:1758
selector-factory.js:568 [SelectorFactory] Trying smart fallback for "viewRest"
selector-factory.js:679 [SelectorFactory] Using basic fallback: button (found 352 elements)
reddit-detector.js:209 [RedditDetector] Found 359 unique expandable elements across all categories
reddit-detector.js:216 [RedditDetector] Elements by category: {moreComments: 1, moreReplies: 1, collapsed: 92, continueThread: 6, crowdControl: 259}
expander.js:1794 Found 328 new expandable elements from scroll, processing...
expander.js:1799 [Progress] Found 328 new elements during auto-scroll (total: 1727)
expander.js:1731 [Expander] Performing aggressive rescan for missed buttons...
expander.js:1746 [Expander] Found 81 unprocessed expandable buttons during aggressive rescan
expander.js:1234 [Expander] Processing missed button: collapsed
expander.js:1326 [Expander] Attempting to click expand button: <button aria-hidden="true" class="text-tone-2 text-12 no-underline hover:underline px-xs py-xs flex ml-[3px] xs:ml-0 !bg-transparent !border-0 invisible h-0 !p-0" type="button" data-reddit-expander-processed="true">
        
    <span class="text-neutral-content-strong mr-xs flex items-center"><svg rpl="" fill="currentColor" height="16" icon-name="join-outline" viewBox="0 0 20 20" width="16" xmlns="http://www.w3.org/2000/svg">
      <path d="M10.625 9.375H14v1.25h-3.375V14h-1.25v-3.375H6v-1.25h3.375V6h1.25v3.375ZM20 10A10 10 0 1 1 10 0a10.011 10.011 0 0 1 10 10Zm-1.25 0A8.75 8.75 0 1 0 10 18.75 8.76 8.76 0 0 0 18.75 10Z"></path>
    </svg></span>
    <span class="text-secondary-weak font-normal"><faceplate-number number="16"><!---->16</faceplate-number> more replies</span>
  
      </button>
expander.js:1752 [Expander] Processing missed button 12/82: <button aria-hidden="true" class="text-tone-2 text-12 no-underline hover:underline px-xs py-xs flex ...
expander.js:1692 [Expander] New expandable content detected via scroll observer
expander.js:1752 [Expander] Processing missed button 1/81: <button class="text-tone-2 text-12 no-underline hover:underline px-xs py-xs flex ml-[3px] xs:ml-0 !b...
expander.js:1752 [Expander] Processing missed button 18/80: <button aria-hidden="true" class="text-tone-2 text-12 no-underline hover:underline px-xs py-xs flex ...
expander.js:1234 [Expander] Processing missed button: collapsed
expander.js:1326 [Expander] Attempting to click expand button: <button aria-hidden="true" class="text-tone-2 text-12 no-underline hover:underline px-xs py-xs flex ml-[3px] xs:ml-0 !bg-transparent !border-0 invisible h-0 !p-0" type="button" data-reddit-expander-processed="true">
        
    <span class="text-neutral-content-strong mr-xs flex items-center"><svg rpl="" fill="currentColor" height="16" icon-name="join-outline" viewBox="0 0 20 20" width="16" xmlns="http://www.w3.org/2000/svg">
      <path d="M10.625 9.375H14v1.25h-3.375V14h-1.25v-3.375H6v-1.25h3.375V6h1.25v3.375ZM20 10A10 10 0 1 1 10 0a10.011 10.011 0 0 1 10 10Zm-1.25 0A8.75 8.75 0 1 0 10 18.75 8.76 8.76 0 0 0 18.75 10Z"></path>
    </svg></span>
    <span class="text-secondary-weak font-normal"><faceplate-number number="8"><!---->8</faceplate-number> more replies</span>
  
      </button>
expander.js:1752 [Expander] Processing missed button 30/92: <button aria-hidden="true" class="text-tone-2 text-12 no-underline hover:underline px-xs py-xs flex ...
expander.js:1752 [Expander] Processing missed button 13/82: <button class="text-tone-2 text-12 no-underline hover:underline px-xs py-xs flex ml-[3px] xs:ml-0 !b...
expander.js:1752 [Expander] Processing missed button 2/81: <button aria-hidden="true" class="text-tone-2 text-12 no-underline hover:underline px-xs py-xs flex ...
expander.js:1752 [Expander] Processing missed button 19/80: <button class="text-tone-2 text-12 no-underline hover:underline px-xs py-xs flex ml-[3px] xs:ml-0 !b...
expander.js:1752 [Expander] Processing missed button 31/92: <button class="text-tone-2 text-12 no-underline hover:underline px-xs py-xs flex ml-[3px] xs:ml-0 !b...
expander.js:2621 [Auto-Scroll] Scroll attempt 2/10
expander.js:1752 [Expander] Processing missed button 14/82: <button aria-hidden="true" class="text-tone-2 text-12 no-underline hover:underline px-xs py-xs flex ...
expander.js:1752 [Expander] Processing missed button 3/81: <button class="text-tone-2 text-12 no-underline hover:underline px-xs py-xs flex ml-[3px] xs:ml-0 !b...
expander.js:1752 [Expander] Processing missed button 20/80: <button aria-hidden="true" class="text-tone-2 text-12 no-underline hover:underline px-xs py-xs flex ...
expander.js:1752 [Expander] Processing missed button 32/92: <button aria-hidden="true" class="text-tone-2 text-12 no-underline hover:underline px-xs py-xs flex ...
expander.js:1752 [Expander] Processing missed button 15/82: <button class="text-tone-2 text-12 no-underline hover:underline px-xs py-xs flex ml-[3px] xs:ml-0 !b...
expander.js:1752 [Expander] Processing missed button 4/81: <button aria-hidden="true" class="text-tone-2 text-12 no-underline hover:underline px-xs py-xs flex ...
expander.js:1752 [Expander] Processing missed button 21/80: <button class="text-tone-2 text-12 no-underline hover:underline px-xs py-xs flex ml-[3px] xs:ml-0 !b...
expander.js:1752 [Expander] Processing missed button 33/92: <button class="text-tone-2 text-12 no-underline hover:underline px-xs py-xs flex ml-[3px] xs:ml-0 !b...
expander.js:1752 [Expander] Processing missed button 16/82: <button aria-hidden="true" class="text-tone-2 text-12 no-underline hover:underline px-xs py-xs flex ...
expander.js:1752 [Expander] Processing missed button 5/81: <button class="text-tone-2 text-12 no-underline hover:underline px-xs py-xs flex ml-[3px] xs:ml-0 !b...
expander.js:1752 [Expander] Processing missed button 22/80: <button aria-hidden="true" class="text-tone-2 text-12 no-underline hover:underline px-xs py-xs flex ...
expander.js:1234 [Expander] Processing missed button: collapsed
expander.js:1326 [Expander] Attempting to click expand button: <button class="text-tone-2 text-12 no-underline hover:underline px-xs py-xs flex ml-[3px] xs:ml-0 !bg-transparent !border-0" type="button" data-reddit-expander-processed="true">
    <span class="text-neutral-content-strong mr-xs flex items-center"><svg rpl="" fill="currentColor" height="16" icon-name="join-outline" viewBox="0 0 20 20" width="16" xmlns="http://www.w3.org/2000/svg">
      <path d="M10.625 9.375H14v1.25h-3.375V14h-1.25v-3.375H6v-1.25h3.375V6h1.25v3.375ZM20 10A10 10 0 1 1 10 0a10.011 10.011 0 0 1 10 10Zm-1.25 0A8.75 8.75 0 1 0 10 18.75 8.76 8.76 0 0 0 18.75 10Z"></path>
    </svg></span>
    <span class="text-secondary-weak font-normal"><faceplate-number number="1"><!---->1</faceplate-number> more reply</span>
  </button>
expander.js:1234 [Expander] Processing missed button: collapsed
expander.js:1326 [Expander] Attempting to click expand button: <button aria-hidden="true" class="text-tone-2 text-12 no-underline hover:underline px-xs py-xs flex ml-[3px] xs:ml-0 !bg-transparent !border-0 invisible h-0 !p-0" type="button" data-reddit-expander-processed="true" style="transition: box-shadow 0.3s; box-shadow: rgba(76, 175, 80, 0.4) 0px 0px 8px; border-radius: 4px;">
        
    <span class="text-neutral-content-strong mr-xs flex items-center"><svg rpl="" fill="currentColor" height="16" icon-name="join-outline" viewBox="0 0 20 20" width="16" xmlns="http://www.w3.org/2000/svg">
      <path d="M10.625 9.375H14v1.25h-3.375V14h-1.25v-3.375H6v-1.25h3.375V6h1.25v3.375ZM20 10A10 10 0 1 1 10 0a10.011 10.011 0 0 1 10 10Zm-1.25 0A8.75 8.75 0 1 0 10 18.75 8.76 8.76 0 0 0 18.75 10Z"></path>
    </svg></span>
    <span class="text-secondary-weak font-normal"><faceplate-number number="1"><!---->1</faceplate-number> more reply</span>
  
      </button>
expander.js:1752 [Expander] Processing missed button 34/92: <button aria-hidden="true" class="text-tone-2 text-12 no-underline hover:underline px-xs py-xs flex ...
expander.js:1234 [Expander] Processing missed button: collapsed
expander.js:1326 [Expander] Attempting to click expand button: <button class="text-tone-2 text-12 no-underline hover:underline px-xs py-xs flex ml-[3px] xs:ml-0 !bg-transparent !border-0" type="button" data-reddit-expander-processed="true">
    <span class="text-neutral-content-strong mr-xs flex items-center"><svg rpl="" fill="currentColor" height="16" icon-name="join-outline" viewBox="0 0 20 20" width="16" xmlns="http://www.w3.org/2000/svg">
      <path d="M10.625 9.375H14v1.25h-3.375V14h-1.25v-3.375H6v-1.25h3.375V6h1.25v3.375ZM20 10A10 10 0 1 1 10 0a10.011 10.011 0 0 1 10 10Zm-1.25 0A8.75 8.75 0 1 0 10 18.75 8.76 8.76 0 0 0 18.75 10Z"></path>
    </svg></span>
    <span class="text-secondary-weak font-normal"><faceplate-number number="4"><!---->4</faceplate-number> more replies</span>
  </button>
expander.js:1752 [Expander] Processing missed button 17/82: <button class="text-tone-2 text-12 no-underline hover:underline px-xs py-xs flex ml-[3px] xs:ml-0 !b...
expander.js:1752 [Expander] Processing missed button 6/81: <button aria-hidden="true" class="text-tone-2 text-12 no-underline hover:underline px-xs py-xs flex ...
expander.js:1752 [Expander] Processing missed button 23/80: <button class="text-tone-2 text-12 no-underline hover:underline px-xs py-xs flex ml-[3px] xs:ml-0 !b...
expander.js:1710 [Expander] Processing new content from scroll...
selector-factory.js:557 [SelectorFactory] Found 1 elements for "moreComments" using: #top-level-more-comments-partial
selector-factory.js:557 [SelectorFactory] Found 1 elements for "moreReplies" using: button[rpl][class*="button-small"][class*="button-plain"]
selector-factory.js:557 [SelectorFactory] Found 92 elements for "collapsed" using: shreddit-comment button:has(svg[icon-name="join-outline"])
selector-factory.js:557 [SelectorFactory] Found 6 elements for "continueThread" using: faceplate-partial[loading="lazy"]:not([id*="more-comments"])
element-cache.js:166 [Cache] Hit rate: 66% | Miss rate: 34% | Size: 34 | Time saved: 34ms
shell-561c8d66.js:1 [SelectorFactory] No elements found for "crowdControl" in version "shReddit"
findElements @ selector-factory.js:560
getAllExpandableElements @ reddit-detector.js:191
scanAndExpandNewContent @ expander.js:1786
(anonymous) @ expander.js:1711
setTimeout
(anonymous) @ expander.js:1709
childList
(anonymous) @ shell-561c8d66.js:1
po @ shell-561c8d66.js:1
_renderContent @ shell-561c8d66.js:1
runner @ shell-561c8d66.js:4
_load @ shell-561c8d66.js:1
await in _load
(anonymous) @ shell-561c8d66.js:1
(anonymous) @ expander.js:1759
executeWithAbortHandling @ expander.js:377
(anonymous) @ expander.js:1758
shell-561c8d66.js:1 [SelectorFactory] Tried 2 selectors, 0 had errors
findElements @ selector-factory.js:561
getAllExpandableElements @ reddit-detector.js:191
scanAndExpandNewContent @ expander.js:1786
(anonymous) @ expander.js:1711
setTimeout
(anonymous) @ expander.js:1709
childList
(anonymous) @ shell-561c8d66.js:1
po @ shell-561c8d66.js:1
_renderContent @ shell-561c8d66.js:1
runner @ shell-561c8d66.js:4
_load @ shell-561c8d66.js:1
await in _load
(anonymous) @ shell-561c8d66.js:1
(anonymous) @ expander.js:1759
executeWithAbortHandling @ expander.js:377
(anonymous) @ expander.js:1758
selector-factory.js:568 [SelectorFactory] Trying smart fallback for "crowdControl"
selector-factory.js:679 [SelectorFactory] Using basic fallback: button (found 352 elements)
shell-561c8d66.js:1 [SelectorFactory] No elements found for "contestMode" in version "shReddit"
findElements @ selector-factory.js:560
getAllExpandableElements @ reddit-detector.js:191
scanAndExpandNewContent @ expander.js:1786
(anonymous) @ expander.js:1711
setTimeout
(anonymous) @ expander.js:1709
childList
(anonymous) @ shell-561c8d66.js:1
po @ shell-561c8d66.js:1
_renderContent @ shell-561c8d66.js:1
runner @ shell-561c8d66.js:4
_load @ shell-561c8d66.js:1
await in _load
(anonymous) @ shell-561c8d66.js:1
(anonymous) @ expander.js:1759
executeWithAbortHandling @ expander.js:377
(anonymous) @ expander.js:1758
shell-561c8d66.js:1 [SelectorFactory] Tried 2 selectors, 0 had errors
findElements @ selector-factory.js:561
getAllExpandableElements @ reddit-detector.js:191
scanAndExpandNewContent @ expander.js:1786
(anonymous) @ expander.js:1711
setTimeout
(anonymous) @ expander.js:1709
childList
(anonymous) @ shell-561c8d66.js:1
po @ shell-561c8d66.js:1
_renderContent @ shell-561c8d66.js:1
runner @ shell-561c8d66.js:4
_load @ shell-561c8d66.js:1
await in _load
(anonymous) @ shell-561c8d66.js:1
(anonymous) @ expander.js:1759
executeWithAbortHandling @ expander.js:377
(anonymous) @ expander.js:1758
selector-factory.js:568 [SelectorFactory] Trying smart fallback for "contestMode"
selector-factory.js:679 [SelectorFactory] Using basic fallback: button (found 352 elements)
shell-561c8d66.js:1 [SelectorFactory] No elements found for "deleted" in version "shReddit"
findElements @ selector-factory.js:560
getAllExpandableElements @ reddit-detector.js:191
scanAndExpandNewContent @ expander.js:1786
(anonymous) @ expander.js:1711
setTimeout
(anonymous) @ expander.js:1709
childList
(anonymous) @ shell-561c8d66.js:1
po @ shell-561c8d66.js:1
_renderContent @ shell-561c8d66.js:1
runner @ shell-561c8d66.js:4
_load @ shell-561c8d66.js:1
await in _load
(anonymous) @ shell-561c8d66.js:1
(anonymous) @ expander.js:1759
executeWithAbortHandling @ expander.js:377
(anonymous) @ expander.js:1758
shell-561c8d66.js:1 [SelectorFactory] Tried 2 selectors, 0 had errors
findElements @ selector-factory.js:561
getAllExpandableElements @ reddit-detector.js:191
scanAndExpandNewContent @ expander.js:1786
(anonymous) @ expander.js:1711
setTimeout
(anonymous) @ expander.js:1709
childList
(anonymous) @ shell-561c8d66.js:1
po @ shell-561c8d66.js:1
_renderContent @ shell-561c8d66.js:1
runner @ shell-561c8d66.js:4
_load @ shell-561c8d66.js:1
await in _load
(anonymous) @ shell-561c8d66.js:1
(anonymous) @ expander.js:1759
executeWithAbortHandling @ expander.js:377
(anonymous) @ expander.js:1758
selector-factory.js:568 [SelectorFactory] Trying smart fallback for "deleted"
selector-factory.js:679 [SelectorFactory] Using basic fallback: button (found 352 elements)
shell-561c8d66.js:1 [SelectorFactory] No elements found for "viewRest" in version "shReddit"
findElements @ selector-factory.js:560
getAllExpandableElements @ reddit-detector.js:191
scanAndExpandNewContent @ expander.js:1786
(anonymous) @ expander.js:1711
setTimeout
(anonymous) @ expander.js:1709
childList
(anonymous) @ shell-561c8d66.js:1
po @ shell-561c8d66.js:1
_renderContent @ shell-561c8d66.js:1
runner @ shell-561c8d66.js:4
_load @ shell-561c8d66.js:1
await in _load
(anonymous) @ shell-561c8d66.js:1
(anonymous) @ expander.js:1759
executeWithAbortHandling @ expander.js:377
(anonymous) @ expander.js:1758
shell-561c8d66.js:1 [SelectorFactory] Tried 2 selectors, 0 had errors
findElements @ selector-factory.js:561
getAllExpandableElements @ reddit-detector.js:191
scanAndExpandNewContent @ expander.js:1786
(anonymous) @ expander.js:1711
setTimeout
(anonymous) @ expander.js:1709
childList
(anonymous) @ shell-561c8d66.js:1
po @ shell-561c8d66.js:1
_renderContent @ shell-561c8d66.js:1
runner @ shell-561c8d66.js:4
_load @ shell-561c8d66.js:1
await in _load
(anonymous) @ shell-561c8d66.js:1
(anonymous) @ expander.js:1759
executeWithAbortHandling @ expander.js:377
(anonymous) @ expander.js:1758
selector-factory.js:568 [SelectorFactory] Trying smart fallback for "viewRest"
selector-factory.js:679 [SelectorFactory] Using basic fallback: button (found 352 elements)
reddit-detector.js:209 [RedditDetector] Found 359 unique expandable elements across all categories
reddit-detector.js:216 [RedditDetector] Elements by category: {moreComments: 1, moreReplies: 1, collapsed: 92, continueThread: 6, crowdControl: 259}
expander.js:1794 Found 322 new expandable elements from scroll, processing...
expander.js:1799 [Progress] Found 322 new elements during auto-scroll (total: 2049)
expander.js:1731 [Expander] Performing aggressive rescan for missed buttons...
expander.js:1746 [Expander] Found 81 unprocessed expandable buttons during aggressive rescan
expander.js:1234 [Expander] Processing missed button: collapsed
expander.js:1326 [Expander] Attempting to click expand button: <button aria-hidden="true" class="text-tone-2 text-12 no-underline hover:underline px-xs py-xs flex ml-[3px] xs:ml-0 !bg-transparent !border-0 invisible h-0 !p-0" type="button" data-reddit-expander-processed="true">
        
    <span class="text-neutral-content-strong mr-xs flex items-center"><svg rpl="" fill="currentColor" height="16" icon-name="join-outline" viewBox="0 0 20 20" width="16" xmlns="http://www.w3.org/2000/svg">
      <path d="M10.625 9.375H14v1.25h-3.375V14h-1.25v-3.375H6v-1.25h3.375V6h1.25v3.375ZM20 10A10 10 0 1 1 10 0a10.011 10.011 0 0 1 10 10Zm-1.25 0A8.75 8.75 0 1 0 10 18.75 8.76 8.76 0 0 0 18.75 10Z"></path>
    </svg></span>
    <span class="text-secondary-weak font-normal"><faceplate-number number="1"><!---->1</faceplate-number> more reply</span>
  
      </button>
expander.js:1752 [Expander] Processing missed button 35/92: <button class="text-tone-2 text-12 no-underline hover:underline px-xs py-xs flex ml-[3px] xs:ml-0 !b...
expander.js:1752 [Expander] Processing missed button 18/82: <button aria-hidden="true" class="text-tone-2 text-12 no-underline hover:underline px-xs py-xs flex ...
expander.js:1752 [Expander] Processing missed button 7/81: <button class="text-tone-2 text-12 no-underline hover:underline px-xs py-xs flex ml-[3px] xs:ml-0 !b...
expander.js:1752 [Expander] Processing missed button 24/80: <button aria-hidden="true" class="text-tone-2 text-12 no-underline hover:underline px-xs py-xs flex ...
expander.js:1752 [Expander] Processing missed button 36/92: <button aria-hidden="true" class="text-tone-2 text-12 no-underline hover:underline px-xs py-xs flex ...
expander.js:1752 [Expander] Processing missed button 19/82: <button class="text-tone-2 text-12 no-underline hover:underline px-xs py-xs flex ml-[3px] xs:ml-0 !b...
expander.js:1752 [Expander] Processing missed button 8/81: <button aria-hidden="true" class="text-tone-2 text-12 no-underline hover:underline px-xs py-xs flex ...
expander.js:1752 [Expander] Processing missed button 25/80: <button class="text-tone-2 text-12 no-underline hover:underline px-xs py-xs flex ml-[3px] xs:ml-0 !b...
expander.js:1692 [Expander] New expandable content detected via scroll observer
expander.js:1752 [Expander] Processing missed button 37/92: <button class="text-tone-2 text-12 no-underline hover:underline px-xs py-xs flex ml-[3px] xs:ml-0 !b...
expander.js:1752 [Expander] Processing missed button 1/81: <button class="text-tone-2 text-12 no-underline hover:underline px-xs py-xs flex ml-[3px] xs:ml-0 !b...
expander.js:1752 [Expander] Processing missed button 20/82: <button aria-hidden="true" class="text-tone-2 text-12 no-underline hover:underline px-xs py-xs flex ...
expander.js:1752 [Expander] Processing missed button 9/81: <button aria-hidden="true" class="text-tone-2 text-12 no-underline hover:underline px-xs py-xs flex ...
expander.js:1752 [Expander] Processing missed button 26/80: <button aria-hidden="true" class="text-tone-2 text-12 no-underline hover:underline px-xs py-xs flex ...
expander.js:1752 [Expander] Processing missed button 38/92: <button aria-hidden="true" class="text-tone-2 text-12 no-underline hover:underline px-xs py-xs flex ...
expander.js:1752 [Expander] Processing missed button 2/81: <button aria-hidden="true" class="text-tone-2 text-12 no-underline hover:underline px-xs py-xs flex ...
expander.js:1234 [Expander] Processing missed button: collapsed
expander.js:1326 [Expander] Attempting to click expand button: <button class="text-tone-2 text-12 no-underline hover:underline px-xs py-xs flex ml-[3px] xs:ml-0 !bg-transparent !border-0" type="button" data-reddit-expander-processed="true">
    <span class="text-neutral-content-strong mr-xs flex items-center"><svg rpl="" fill="currentColor" height="16" icon-name="join-outline" viewBox="0 0 20 20" width="16" xmlns="http://www.w3.org/2000/svg">
      <path d="M10.625 9.375H14v1.25h-3.375V14h-1.25v-3.375H6v-1.25h3.375V6h1.25v3.375ZM20 10A10 10 0 1 1 10 0a10.011 10.011 0 0 1 10 10Zm-1.25 0A8.75 8.75 0 1 0 10 18.75 8.76 8.76 0 0 0 18.75 10Z"></path>
    </svg></span>
    <span class="text-secondary-weak font-normal"><faceplate-number number="4"><!---->4</faceplate-number> more replies</span>
  </button>
expander.js:1752 [Expander] Processing missed button 21/82: <button class="text-tone-2 text-12 no-underline hover:underline px-xs py-xs flex ml-[3px] xs:ml-0 !b...
expander.js:1752 [Expander] Processing missed button 10/81: <button class="text-tone-2 text-12 no-underline hover:underline px-xs py-xs flex ml-[3px] xs:ml-0 !b...
expander.js:1752 [Expander] Processing missed button 27/80: <button class="text-tone-2 text-12 no-underline hover:underline px-xs py-xs flex ml-[3px] xs:ml-0 !b...
expander.js:1752 [Expander] Processing missed button 39/92: <button class="text-tone-2 text-12 no-underline hover:underline px-xs py-xs flex ml-[3px] xs:ml-0 !b...
expander.js:1234 [Expander] Processing missed button: collapsed
expander.js:1326 [Expander] Attempting to click expand button: <button class="text-tone-2 text-12 no-underline hover:underline px-xs py-xs flex ml-[3px] xs:ml-0 !bg-transparent !border-0" type="button" data-reddit-expander-processed="true">
    <span class="text-neutral-content-strong mr-xs flex items-center"><svg rpl="" fill="currentColor" height="16" icon-name="join-outline" viewBox="0 0 20 20" width="16" xmlns="http://www.w3.org/2000/svg">
      <path d="M10.625 9.375H14v1.25h-3.375V14h-1.25v-3.375H6v-1.25h3.375V6h1.25v3.375ZM20 10A10 10 0 1 1 10 0a10.011 10.011 0 0 1 10 10Zm-1.25 0A8.75 8.75 0 1 0 10 18.75 8.76 8.76 0 0 0 18.75 10Z"></path>
    </svg></span>
    <span class="text-secondary-weak font-normal"><faceplate-number number="19"><!---->19</faceplate-number> more replies</span>
  </button>
expander.js:1752 [Expander] Processing missed button 3/81: <button class="text-tone-2 text-12 no-underline hover:underline px-xs py-xs flex ml-[3px] xs:ml-0 !b...
expander.js:1752 [Expander] Processing missed button 22/82: <button aria-hidden="true" class="text-tone-2 text-12 no-underline hover:underline px-xs py-xs flex ...
expander.js:1752 [Expander] Processing missed button 11/81: <button aria-hidden="true" class="text-tone-2 text-12 no-underline hover:underline px-xs py-xs flex ...
expander.js:1752 [Expander] Processing missed button 28/80: <button aria-hidden="true" class="text-tone-2 text-12 no-underline hover:underline px-xs py-xs flex ...
expander.js:1752 [Expander] Processing missed button 40/92: <button aria-hidden="true" class="text-tone-2 text-12 no-underline hover:underline px-xs py-xs flex ...
expander.js:1710 [Expander] Processing new content from scroll...
selector-factory.js:557 [SelectorFactory] Found 1 elements for "moreComments" using: #top-level-more-comments-partial
selector-factory.js:557 [SelectorFactory] Found 1 elements for "moreReplies" using: button[rpl][class*="button-small"][class*="button-plain"]
selector-factory.js:557 [SelectorFactory] Found 92 elements for "collapsed" using: shreddit-comment button:has(svg[icon-name="join-outline"])
selector-factory.js:557 [SelectorFactory] Found 6 elements for "continueThread" using: faceplate-partial[loading="lazy"]:not([id*="more-comments"])
shell-561c8d66.js:1 [SelectorFactory] No elements found for "crowdControl" in version "shReddit"
findElements @ selector-factory.js:560
getAllExpandableElements @ reddit-detector.js:191
scanAndExpandNewContent @ expander.js:1786
(anonymous) @ expander.js:1711
setTimeout
(anonymous) @ expander.js:1709
childList
(anonymous) @ shell-561c8d66.js:1
po @ shell-561c8d66.js:1
_renderContent @ shell-561c8d66.js:1
runner @ shell-561c8d66.js:4
_load @ shell-561c8d66.js:1
await in _load
(anonymous) @ shell-561c8d66.js:1
(anonymous) @ expander.js:1759
executeWithAbortHandling @ expander.js:377
(anonymous) @ expander.js:1758
setTimeout
(anonymous) @ expander.js:1751
performAggressiveRescan @ expander.js:1749
(anonymous) @ expander.js:1714
setTimeout
(anonymous) @ expander.js:1709
childList
(anonymous) @ shell-561c8d66.js:1
po @ shell-561c8d66.js:1
_renderContent @ shell-561c8d66.js:1
runner @ shell-561c8d66.js:4
_load @ shell-561c8d66.js:1
await in _load
(anonymous) @ shell-561c8d66.js:1
(anonymous) @ expander.js:1759
executeWithAbortHandling @ expander.js:377
(anonymous) @ expander.js:1758
shell-561c8d66.js:1 [SelectorFactory] Tried 2 selectors, 0 had errors
findElements @ selector-factory.js:561
getAllExpandableElements @ reddit-detector.js:191
scanAndExpandNewContent @ expander.js:1786
(anonymous) @ expander.js:1711
setTimeout
(anonymous) @ expander.js:1709
childList
(anonymous) @ shell-561c8d66.js:1
po @ shell-561c8d66.js:1
_renderContent @ shell-561c8d66.js:1
runner @ shell-561c8d66.js:4
_load @ shell-561c8d66.js:1
await in _load
(anonymous) @ shell-561c8d66.js:1
(anonymous) @ expander.js:1759
executeWithAbortHandling @ expander.js:377
(anonymous) @ expander.js:1758
setTimeout
(anonymous) @ expander.js:1751
performAggressiveRescan @ expander.js:1749
(anonymous) @ expander.js:1714
setTimeout
(anonymous) @ expander.js:1709
childList
(anonymous) @ shell-561c8d66.js:1
po @ shell-561c8d66.js:1
_renderContent @ shell-561c8d66.js:1
runner @ shell-561c8d66.js:4
_load @ shell-561c8d66.js:1
await in _load
(anonymous) @ shell-561c8d66.js:1
(anonymous) @ expander.js:1759
executeWithAbortHandling @ expander.js:377
(anonymous) @ expander.js:1758
selector-factory.js:568 [SelectorFactory] Trying smart fallback for "crowdControl"
selector-factory.js:679 [SelectorFactory] Using basic fallback: button (found 352 elements)
shell-561c8d66.js:1 [SelectorFactory] No elements found for "contestMode" in version "shReddit"
findElements @ selector-factory.js:560
getAllExpandableElements @ reddit-detector.js:191
scanAndExpandNewContent @ expander.js:1786
(anonymous) @ expander.js:1711
setTimeout
(anonymous) @ expander.js:1709
childList
(anonymous) @ shell-561c8d66.js:1
po @ shell-561c8d66.js:1
_renderContent @ shell-561c8d66.js:1
runner @ shell-561c8d66.js:4
_load @ shell-561c8d66.js:1
await in _load
(anonymous) @ shell-561c8d66.js:1
(anonymous) @ expander.js:1759
executeWithAbortHandling @ expander.js:377
(anonymous) @ expander.js:1758
setTimeout
(anonymous) @ expander.js:1751
performAggressiveRescan @ expander.js:1749
(anonymous) @ expander.js:1714
setTimeout
(anonymous) @ expander.js:1709
childList
(anonymous) @ shell-561c8d66.js:1
po @ shell-561c8d66.js:1
_renderContent @ shell-561c8d66.js:1
runner @ shell-561c8d66.js:4
_load @ shell-561c8d66.js:1
await in _load
(anonymous) @ shell-561c8d66.js:1
(anonymous) @ expander.js:1759
executeWithAbortHandling @ expander.js:377
(anonymous) @ expander.js:1758
shell-561c8d66.js:1 [SelectorFactory] Tried 2 selectors, 0 had errors
findElements @ selector-factory.js:561
getAllExpandableElements @ reddit-detector.js:191
scanAndExpandNewContent @ expander.js:1786
(anonymous) @ expander.js:1711
setTimeout
(anonymous) @ expander.js:1709
childList
(anonymous) @ shell-561c8d66.js:1
po @ shell-561c8d66.js:1
_renderContent @ shell-561c8d66.js:1
runner @ shell-561c8d66.js:4
_load @ shell-561c8d66.js:1
await in _load
(anonymous) @ shell-561c8d66.js:1
(anonymous) @ expander.js:1759
executeWithAbortHandling @ expander.js:377
(anonymous) @ expander.js:1758
setTimeout
(anonymous) @ expander.js:1751
performAggressiveRescan @ expander.js:1749
(anonymous) @ expander.js:1714
setTimeout
(anonymous) @ expander.js:1709
childList
(anonymous) @ shell-561c8d66.js:1
po @ shell-561c8d66.js:1
_renderContent @ shell-561c8d66.js:1
runner @ shell-561c8d66.js:4
_load @ shell-561c8d66.js:1
await in _load
(anonymous) @ shell-561c8d66.js:1
(anonymous) @ expander.js:1759
executeWithAbortHandling @ expander.js:377
(anonymous) @ expander.js:1758
selector-factory.js:568 [SelectorFactory] Trying smart fallback for "contestMode"
selector-factory.js:679 [SelectorFactory] Using basic fallback: button (found 352 elements)
shell-561c8d66.js:1 [SelectorFactory] No elements found for "deleted" in version "shReddit"
findElements @ selector-factory.js:560
getAllExpandableElements @ reddit-detector.js:191
scanAndExpandNewContent @ expander.js:1786
(anonymous) @ expander.js:1711
setTimeout
(anonymous) @ expander.js:1709
childList
(anonymous) @ shell-561c8d66.js:1
po @ shell-561c8d66.js:1
_renderContent @ shell-561c8d66.js:1
runner @ shell-561c8d66.js:4
_load @ shell-561c8d66.js:1
await in _load
(anonymous) @ shell-561c8d66.js:1
(anonymous) @ expander.js:1759
executeWithAbortHandling @ expander.js:377
(anonymous) @ expander.js:1758
setTimeout
(anonymous) @ expander.js:1751
performAggressiveRescan @ expander.js:1749
(anonymous) @ expander.js:1714
setTimeout
(anonymous) @ expander.js:1709
childList
(anonymous) @ shell-561c8d66.js:1
po @ shell-561c8d66.js:1
_renderContent @ shell-561c8d66.js:1
runner @ shell-561c8d66.js:4
_load @ shell-561c8d66.js:1
await in _load
(anonymous) @ shell-561c8d66.js:1
(anonymous) @ expander.js:1759
executeWithAbortHandling @ expander.js:377
(anonymous) @ expander.js:1758
shell-561c8d66.js:1 [SelectorFactory] Tried 2 selectors, 0 had errors
findElements @ selector-factory.js:561
getAllExpandableElements @ reddit-detector.js:191
scanAndExpandNewContent @ expander.js:1786
(anonymous) @ expander.js:1711
setTimeout
(anonymous) @ expander.js:1709
childList
(anonymous) @ shell-561c8d66.js:1
po @ shell-561c8d66.js:1
_renderContent @ shell-561c8d66.js:1
runner @ shell-561c8d66.js:4
_load @ shell-561c8d66.js:1
await in _load
(anonymous) @ shell-561c8d66.js:1
(anonymous) @ expander.js:1759
executeWithAbortHandling @ expander.js:377
(anonymous) @ expander.js:1758
setTimeout
(anonymous) @ expander.js:1751
performAggressiveRescan @ expander.js:1749
(anonymous) @ expander.js:1714
setTimeout
(anonymous) @ expander.js:1709
childList
(anonymous) @ shell-561c8d66.js:1
po @ shell-561c8d66.js:1
_renderContent @ shell-561c8d66.js:1
runner @ shell-561c8d66.js:4
_load @ shell-561c8d66.js:1
await in _load
(anonymous) @ shell-561c8d66.js:1
(anonymous) @ expander.js:1759
executeWithAbortHandling @ expander.js:377
(anonymous) @ expander.js:1758
selector-factory.js:568 [SelectorFactory] Trying smart fallback for "deleted"
element-cache.js:166 [Cache] Hit rate: 73% | Miss rate: 27% | Size: 34 | Time saved: 47ms
selector-factory.js:679 [SelectorFactory] Using basic fallback: button (found 352 elements)
shell-561c8d66.js:1 [SelectorFactory] No elements found for "viewRest" in version "shReddit"
findElements @ selector-factory.js:560
getAllExpandableElements @ reddit-detector.js:191
scanAndExpandNewContent @ expander.js:1786
(anonymous) @ expander.js:1711
setTimeout
(anonymous) @ expander.js:1709
childList
(anonymous) @ shell-561c8d66.js:1
po @ shell-561c8d66.js:1
_renderContent @ shell-561c8d66.js:1
runner @ shell-561c8d66.js:4
_load @ shell-561c8d66.js:1
await in _load
(anonymous) @ shell-561c8d66.js:1
(anonymous) @ expander.js:1759
executeWithAbortHandling @ expander.js:377
(anonymous) @ expander.js:1758
setTimeout
(anonymous) @ expander.js:1751
performAggressiveRescan @ expander.js:1749
(anonymous) @ expander.js:1714
setTimeout
(anonymous) @ expander.js:1709
childList
(anonymous) @ shell-561c8d66.js:1
po @ shell-561c8d66.js:1
_renderContent @ shell-561c8d66.js:1
runner @ shell-561c8d66.js:4
_load @ shell-561c8d66.js:1
await in _load
(anonymous) @ shell-561c8d66.js:1
(anonymous) @ expander.js:1759
executeWithAbortHandling @ expander.js:377
(anonymous) @ expander.js:1758
shell-561c8d66.js:1 [SelectorFactory] Tried 2 selectors, 0 had errors
findElements @ selector-factory.js:561
getAllExpandableElements @ reddit-detector.js:191
scanAndExpandNewContent @ expander.js:1786
(anonymous) @ expander.js:1711
setTimeout
(anonymous) @ expander.js:1709
childList
(anonymous) @ shell-561c8d66.js:1
po @ shell-561c8d66.js:1
_renderContent @ shell-561c8d66.js:1
runner @ shell-561c8d66.js:4
_load @ shell-561c8d66.js:1
await in _load
(anonymous) @ shell-561c8d66.js:1
(anonymous) @ expander.js:1759
executeWithAbortHandling @ expander.js:377
(anonymous) @ expander.js:1758
setTimeout
(anonymous) @ expander.js:1751
performAggressiveRescan @ expander.js:1749
(anonymous) @ expander.js:1714
setTimeout
(anonymous) @ expander.js:1709
childList
(anonymous) @ shell-561c8d66.js:1
po @ shell-561c8d66.js:1
_renderContent @ shell-561c8d66.js:1
runner @ shell-561c8d66.js:4
_load @ shell-561c8d66.js:1
await in _load
(anonymous) @ shell-561c8d66.js:1
(anonymous) @ expander.js:1759
executeWithAbortHandling @ expander.js:377
(anonymous) @ expander.js:1758
selector-factory.js:568 [SelectorFactory] Trying smart fallback for "viewRest"
selector-factory.js:679 [SelectorFactory] Using basic fallback: button (found 352 elements)
reddit-detector.js:209 [RedditDetector] Found 359 unique expandable elements across all categories
reddit-detector.js:216 [RedditDetector] Elements by category: {moreComments: 1, moreReplies: 1, collapsed: 92, continueThread: 6, crowdControl: 259}
expander.js:1794 Found 317 new expandable elements from scroll, processing...
expander.js:1799 [Progress] Found 317 new elements during auto-scroll (total: 2366)
expander.js:1731 [Expander] Performing aggressive rescan for missed buttons...
expander.js:1746 [Expander] Found 73 unprocessed expandable buttons during aggressive rescan
expander.js:1234 [Expander] Processing missed button: collapsed
expander.js:1326 [Expander] Attempting to click expand button: <button class="text-tone-2 text-12 no-underline hover:underline px-xs py-xs flex ml-[3px] xs:ml-0 !bg-transparent !border-0" type="button" data-reddit-expander-processed="true">
    <span class="text-neutral-content-strong mr-xs flex items-center"><svg rpl="" fill="currentColor" height="16" icon-name="join-outline" viewBox="0 0 20 20" width="16" xmlns="http://www.w3.org/2000/svg">
      <path d="M10.625 9.375H14v1.25h-3.375V14h-1.25v-3.375H6v-1.25h3.375V6h1.25v3.375ZM20 10A10 10 0 1 1 10 0a10.011 10.011 0 0 1 10 10Zm-1.25 0A8.75 8.75 0 1 0 10 18.75 8.76 8.76 0 0 0 18.75 10Z"></path>
    </svg></span>
    <span class="text-secondary-weak font-normal"><faceplate-number number="2"><!---->2</faceplate-number> more replies</span>
  </button>
expander.js:1752 [Expander] Processing missed button 4/81: <button aria-hidden="true" class="text-tone-2 text-12 no-underline hover:underline px-xs py-xs flex ...
expander.js:1752 [Expander] Processing missed button 23/82: <button class="text-tone-2 text-12 no-underline hover:underline px-xs py-xs flex ml-[3px] xs:ml-0 !b...
expander.js:1752 [Expander] Processing missed button 12/81: <button class="text-tone-2 text-12 no-underline hover:underline px-xs py-xs flex ml-[3px] xs:ml-0 !b...
expander.js:1752 [Expander] Processing missed button 29/80: <button class="text-tone-2 text-12 no-underline hover:underline px-xs py-xs flex ml-[3px] xs:ml-0 !b...
expander.js:1752 [Expander] Processing missed button 41/92: <button class="text-tone-2 text-12 no-underline hover:underline px-xs py-xs flex ml-[3px] xs:ml-0 !b...
expander.js:1752 [Expander] Processing missed button 5/81: <button class="text-tone-2 text-12 no-underline hover:underline px-xs py-xs flex ml-[3px] xs:ml-0 !b...
expander.js:1752 [Expander] Processing missed button 24/82: <button aria-hidden="true" class="text-tone-2 text-12 no-underline hover:underline px-xs py-xs flex ...
expander.js:1752 [Expander] Processing missed button 13/81: <button aria-hidden="true" class="text-tone-2 text-12 no-underline hover:underline px-xs py-xs flex ...
expander.js:1752 [Expander] Processing missed button 30/80: <button aria-hidden="true" class="text-tone-2 text-12 no-underline hover:underline px-xs py-xs flex ...
expander.js:1752 [Expander] Processing missed button 42/92: <button aria-hidden="true" class="text-tone-2 text-12 no-underline hover:underline px-xs py-xs flex ...
expander.js:1752 [Expander] Processing missed button 6/81: <button aria-hidden="true" class="text-tone-2 text-12 no-underline hover:underline px-xs py-xs flex ...
expander.js:1752 [Expander] Processing missed button 25/82: <button class="text-tone-2 text-12 no-underline hover:underline px-xs py-xs flex ml-[3px] xs:ml-0 !b...
expander.js:1752 [Expander] Processing missed button 1/73: <button aria-hidden="true" class="text-tone-2 text-12 no-underline hover:underline px-xs py-xs flex ...
expander.js:1752 [Expander] Processing missed button 14/81: <button class="text-tone-2 text-12 no-underline hover:underline px-xs py-xs flex ml-[3px] xs:ml-0 !b...
expander.js:1752 [Expander] Processing missed button 31/80: <button class="text-tone-2 text-12 no-underline hover:underline px-xs py-xs flex ml-[3px] xs:ml-0 !b...
expander.js:1752 [Expander] Processing missed button 43/92: <button class="text-tone-2 text-12 no-underline hover:underline px-xs py-xs flex ml-[3px] xs:ml-0 !b...
expander.js:1692 [Expander] New expandable content detected via scroll observer
expander.js:1234 [Expander] Processing missed button: collapsed
expander.js:1326 [Expander] Attempting to click expand button: <button class="text-tone-2 text-12 no-underline hover:underline px-xs py-xs flex ml-[3px] xs:ml-0 !bg-transparent !border-0" type="button" data-reddit-expander-processed="true">
    <span class="text-neutral-content-strong mr-xs flex items-center"><svg rpl="" fill="currentColor" height="16" icon-name="join-outline" viewBox="0 0 20 20" width="16" xmlns="http://www.w3.org/2000/svg">
      <path d="M10.625 9.375H14v1.25h-3.375V14h-1.25v-3.375H6v-1.25h3.375V6h1.25v3.375ZM20 10A10 10 0 1 1 10 0a10.011 10.011 0 0 1 10 10Zm-1.25 0A8.75 8.75 0 1 0 10 18.75 8.76 8.76 0 0 0 18.75 10Z"></path>
    </svg></span>
    <span class="text-secondary-weak font-normal"><faceplate-number number="11"><!---->11</faceplate-number> more replies</span>
  </button>
expander.js:1752 [Expander] Processing missed button 7/81: <button class="text-tone-2 text-12 no-underline hover:underline px-xs py-xs flex ml-[3px] xs:ml-0 !b...
expander.js:2642 [Auto-Scroll] New content detected (height increased by 9932px)
selector-factory.js:557 [SelectorFactory] Found 1 elements for "moreComments" using: #top-level-more-comments-partial
selector-factory.js:557 [SelectorFactory] Found 1 elements for "moreReplies" using: button[rpl][class*="button-small"][class*="button-plain"]
selector-factory.js:557 [SelectorFactory] Found 92 elements for "collapsed" using: shreddit-comment button:has(svg[icon-name="join-outline"])
selector-factory.js:557 [SelectorFactory] Found 6 elements for "continueThread" using: faceplate-partial[loading="lazy"]:not([id*="more-comments"])
selector-factory.js:560 [SelectorFactory] No elements found for "crowdControl" in version "shReddit"
findElements @ selector-factory.js:560
getAllExpandableElements @ reddit-detector.js:191
scanAndExpandNewContent @ expander.js:1786
performAutoScroll @ expander.js:2654
await in performAutoScroll
(anonymous) @ expander.js:2674
selector-factory.js:561 [SelectorFactory] Tried 2 selectors, 0 had errors
findElements @ selector-factory.js:561
getAllExpandableElements @ reddit-detector.js:191
scanAndExpandNewContent @ expander.js:1786
performAutoScroll @ expander.js:2654
await in performAutoScroll
(anonymous) @ expander.js:2674
selector-factory.js:568 [SelectorFactory] Trying smart fallback for "crowdControl"
selector-factory.js:679 [SelectorFactory] Using basic fallback: button (found 352 elements)
selector-factory.js:560 [SelectorFactory] No elements found for "contestMode" in version "shReddit"
findElements @ selector-factory.js:560
getAllExpandableElements @ reddit-detector.js:191
scanAndExpandNewContent @ expander.js:1786
performAutoScroll @ expander.js:2654
await in performAutoScroll
(anonymous) @ expander.js:2674
selector-factory.js:561 [SelectorFactory] Tried 2 selectors, 0 had errors
findElements @ selector-factory.js:561
getAllExpandableElements @ reddit-detector.js:191
scanAndExpandNewContent @ expander.js:1786
performAutoScroll @ expander.js:2654
await in performAutoScroll
(anonymous) @ expander.js:2674
selector-factory.js:568 [SelectorFactory] Trying smart fallback for "contestMode"
selector-factory.js:679 [SelectorFactory] Using basic fallback: button (found 352 elements)
selector-factory.js:560 [SelectorFactory] No elements found for "deleted" in version "shReddit"
findElements @ selector-factory.js:560
getAllExpandableElements @ reddit-detector.js:191
scanAndExpandNewContent @ expander.js:1786
performAutoScroll @ expander.js:2654
await in performAutoScroll
(anonymous) @ expander.js:2674
selector-factory.js:561 [SelectorFactory] Tried 2 selectors, 0 had errors
findElements @ selector-factory.js:561
getAllExpandableElements @ reddit-detector.js:191
scanAndExpandNewContent @ expander.js:1786
performAutoScroll @ expander.js:2654
await in performAutoScroll
(anonymous) @ expander.js:2674
selector-factory.js:568 [SelectorFactory] Trying smart fallback for "deleted"
selector-factory.js:679 [SelectorFactory] Using basic fallback: button (found 352 elements)
selector-factory.js:560 [SelectorFactory] No elements found for "viewRest" in version "shReddit"
findElements @ selector-factory.js:560
getAllExpandableElements @ reddit-detector.js:191
scanAndExpandNewContent @ expander.js:1786
performAutoScroll @ expander.js:2654
await in performAutoScroll
(anonymous) @ expander.js:2674
selector-factory.js:561 [SelectorFactory] Tried 2 selectors, 0 had errors
findElements @ selector-factory.js:561
getAllExpandableElements @ reddit-detector.js:191
scanAndExpandNewContent @ expander.js:1786
performAutoScroll @ expander.js:2654
await in performAutoScroll
(anonymous) @ expander.js:2674
selector-factory.js:568 [SelectorFactory] Trying smart fallback for "viewRest"
selector-factory.js:679 [SelectorFactory] Using basic fallback: button (found 352 elements)
reddit-detector.js:209 [RedditDetector] Found 359 unique expandable elements across all categories
reddit-detector.js:216 [RedditDetector] Elements by category: {moreComments: 1, moreReplies: 1, collapsed: 92, continueThread: 6, crowdControl: 259}
expander.js:1794 Found 314 new expandable elements from scroll, processing...
expander.js:1799 [Progress] Found 314 new elements during auto-scroll (total: 2680)
expander.js:1234 [Expander] Processing missed button: collapsed
expander.js:1326 [Expander] Attempting to click expand button: <button aria-hidden="true" class="text-tone-2 text-12 no-underline hover:underline px-xs py-xs flex ml-[3px] xs:ml-0 !bg-transparent !border-0 invisible h-0 !p-0" type="button" data-reddit-expander-processed="true">
        
    <span class="text-neutral-content-strong mr-xs flex items-center"><svg rpl="" fill="currentColor" height="16" icon-name="join-outline" viewBox="0 0 20 20" width="16" xmlns="http://www.w3.org/2000/svg">
      <path d="M10.625 9.375H14v1.25h-3.375V14h-1.25v-3.375H6v-1.25h3.375V6h1.25v3.375ZM20 10A10 10 0 1 1 10 0a10.011 10.011 0 0 1 10 10Zm-1.25 0A8.75 8.75 0 1 0 10 18.75 8.76 8.76 0 0 0 18.75 10Z"></path>
    </svg></span>
    <span class="text-secondary-weak font-normal"><faceplate-number number="1"><!---->1</faceplate-number> more reply</span>
  
      </button>
expander.js:1752 [Expander] Processing missed button 26/82: <button aria-hidden="true" class="text-tone-2 text-12 no-underline hover:underline px-xs py-xs flex ...
expander.js:1752 [Expander] Processing missed button 2/73: <button class="text-tone-2 text-12 no-underline hover:underline px-xs py-xs flex ml-[3px] xs:ml-0 !b...
expander.js:1752 [Expander] Processing missed button 15/81: <button aria-hidden="true" class="text-tone-2 text-12 no-underline hover:underline px-xs py-xs flex ...
expander.js:1752 [Expander] Processing missed button 32/80: <button aria-hidden="true" class="text-tone-2 text-12 no-underline hover:underline px-xs py-xs flex ...
expander.js:1752 [Expander] Processing missed button 44/92: <button aria-hidden="true" class="text-tone-2 text-12 no-underline hover:underline px-xs py-xs flex ...
expander.js:1752 [Expander] Processing missed button 8/81: <button aria-hidden="true" class="text-tone-2 text-12 no-underline hover:underline px-xs py-xs flex ...
expander.js:1752 [Expander] Processing missed button 27/82: <button class="text-tone-2 text-12 no-underline hover:underline px-xs py-xs flex ml-[3px] xs:ml-0 !b...
expander.js:1752 [Expander] Processing missed button 3/73: <button aria-hidden="true" class="text-tone-2 text-12 no-underline hover:underline px-xs py-xs flex ...
expander.js:1752 [Expander] Processing missed button 16/81: <button class="text-tone-2 text-12 no-underline hover:underline px-xs py-xs flex ml-[3px] xs:ml-0 !b...
expander.js:1752 [Expander] Processing missed button 33/80: <button class="text-tone-2 text-12 no-underline hover:underline px-xs py-xs flex ml-[3px] xs:ml-0 !b...
expander.js:1234 [Expander] Processing missed button: collapsed
expander.js:1326 [Expander] Attempting to click expand button: <button aria-hidden="true" class="text-tone-2 text-12 no-underline hover:underline px-xs py-xs flex ml-[3px] xs:ml-0 !bg-transparent !border-0 invisible h-0 !p-0" type="button" data-reddit-expander-processed="true">
        
    <span class="text-neutral-content-strong mr-xs flex items-center"><svg rpl="" fill="currentColor" height="16" icon-name="join-outline" viewBox="0 0 20 20" width="16" xmlns="http://www.w3.org/2000/svg">
      <path d="M10.625 9.375H14v1.25h-3.375V14h-1.25v-3.375H6v-1.25h3.375V6h1.25v3.375ZM20 10A10 10 0 1 1 10 0a10.011 10.011 0 0 1 10 10Zm-1.25 0A8.75 8.75 0 1 0 10 18.75 8.76 8.76 0 0 0 18.75 10Z"></path>
    </svg></span>
    <span class="text-secondary-weak font-normal"><faceplate-number number="4"><!---->4</faceplate-number> more replies</span>
  
      </button>
expander.js:1234 [Expander] Processing missed button: collapsed
expander.js:1326 [Expander] Attempting to click expand button: <button aria-hidden="true" class="text-tone-2 text-12 no-underline hover:underline px-xs py-xs flex ml-[3px] xs:ml-0 !bg-transparent !border-0 invisible h-0 !p-0" type="button" data-reddit-expander-processed="true">
        
    <span class="text-neutral-content-strong mr-xs flex items-center"><svg rpl="" fill="currentColor" height="16" icon-name="join-outline" viewBox="0 0 20 20" width="16" xmlns="http://www.w3.org/2000/svg">
      <path d="M10.625 9.375H14v1.25h-3.375V14h-1.25v-3.375H6v-1.25h3.375V6h1.25v3.375ZM20 10A10 10 0 1 1 10 0a10.011 10.011 0 0 1 10 10Zm-1.25 0A8.75 8.75 0 1 0 10 18.75 8.76 8.76 0 0 0 18.75 10Z"></path>
    </svg></span>
    <span class="text-secondary-weak font-normal"><faceplate-number number="19"><!---->19</faceplate-number> more replies</span>
  
      </button>
expander.js:1234 [Expander] Processing missed button: collapsed
expander.js:1326 [Expander] Attempting to click expand button: <button aria-hidden="true" class="text-tone-2 text-12 no-underline hover:underline px-xs py-xs flex ml-[3px] xs:ml-0 !bg-transparent !border-0 invisible h-0 !p-0" type="button" data-reddit-expander-processed="true">
        
    <span class="text-neutral-content-strong mr-xs flex items-center"><svg rpl="" fill="currentColor" height="16" icon-name="join-outline" viewBox="0 0 20 20" width="16" xmlns="http://www.w3.org/2000/svg">
      <path d="M10.625 9.375H14v1.25h-3.375V14h-1.25v-3.375H6v-1.25h3.375V6h1.25v3.375ZM20 10A10 10 0 1 1 10 0a10.011 10.011 0 0 1 10 10Zm-1.25 0A8.75 8.75 0 1 0 10 18.75 8.76 8.76 0 0 0 18.75 10Z"></path>
    </svg></span>
    <span class="text-secondary-weak font-normal"><faceplate-number number="2"><!---->2</faceplate-number> more replies</span>
  
      </button>
expander.js:1752 [Expander] Processing missed button 45/92: <button class="text-tone-2 text-12 no-underline hover:underline px-xs py-xs flex ml-[3px] xs:ml-0 !b...
expander.js:1234 [Expander] Processing missed button: collapsed
expander.js:1326 [Expander] Attempting to click expand button: <button aria-hidden="true" class="text-tone-2 text-12 no-underline hover:underline px-xs py-xs flex ml-[3px] xs:ml-0 !bg-transparent !border-0 invisible h-0 !p-0" type="button" data-reddit-expander-processed="true">
        
    <span class="text-neutral-content-strong mr-xs flex items-center"><svg rpl="" fill="currentColor" height="16" icon-name="join-outline" viewBox="0 0 20 20" width="16" xmlns="http://www.w3.org/2000/svg">
      <path d="M10.625 9.375H14v1.25h-3.375V14h-1.25v-3.375H6v-1.25h3.375V6h1.25v3.375ZM20 10A10 10 0 1 1 10 0a10.011 10.011 0 0 1 10 10Zm-1.25 0A8.75 8.75 0 1 0 10 18.75 8.76 8.76 0 0 0 18.75 10Z"></path>
    </svg></span>
    <span class="text-secondary-weak font-normal"><faceplate-number number="1"><!---->1</faceplate-number> more reply</span>
  
      </button>
expander.js:1234 [Expander] Processing missed button: collapsed
expander.js:1326 [Expander] Attempting to click expand button: <button class="text-tone-2 text-12 no-underline hover:underline px-xs py-xs flex ml-[3px] xs:ml-0 !bg-transparent !border-0" type="button" data-reddit-expander-processed="true" style="transition: box-shadow 0.3s; box-shadow: rgba(76, 175, 80, 0.4) 0px 0px 8px; border-radius: 4px;">
    <span class="text-neutral-content-strong mr-xs flex items-center"><svg rpl="" fill="currentColor" height="16" icon-name="join-outline" viewBox="0 0 20 20" width="16" xmlns="http://www.w3.org/2000/svg">
      <path d="M10.625 9.375H14v1.25h-3.375V14h-1.25v-3.375H6v-1.25h3.375V6h1.25v3.375ZM20 10A10 10 0 1 1 10 0a10.011 10.011 0 0 1 10 10Zm-1.25 0A8.75 8.75 0 1 0 10 18.75 8.76 8.76 0 0 0 18.75 10Z"></path>
    </svg></span>
    <span class="text-secondary-weak font-normal"><faceplate-number number="1"><!---->1</faceplate-number> more reply</span>
  </button>
expander.js:1234 [Expander] Processing missed button: collapsed
expander.js:1326 [Expander] Attempting to click expand button: <button aria-hidden="true" class="text-tone-2 text-12 no-underline hover:underline px-xs py-xs flex ml-[3px] xs:ml-0 !bg-transparent !border-0 invisible h-0 !p-0" type="button" data-reddit-expander-processed="true">
        
    <span class="text-neutral-content-strong mr-xs flex items-center"><svg rpl="" fill="currentColor" height="16" icon-name="join-outline" viewBox="0 0 20 20" width="16" xmlns="http://www.w3.org/2000/svg">
      <path d="M10.625 9.375H14v1.25h-3.375V14h-1.25v-3.375H6v-1.25h3.375V6h1.25v3.375ZM20 10A10 10 0 1 1 10 0a10.011 10.011 0 0 1 10 10Zm-1.25 0A8.75 8.75 0 1 0 10 18.75 8.76 8.76 0 0 0 18.75 10Z"></path>
    </svg></span>
    <span class="text-secondary-weak font-normal"><faceplate-number number="4"><!---->4</faceplate-number> more replies</span>
  
      </button>
expander.js:1752 [Expander] Processing missed button 9/81: <button class="text-tone-2 text-12 no-underline hover:underline px-xs py-xs flex ml-[3px] xs:ml-0 !b...
expander.js:1752 [Expander] Processing missed button 28/82: <button aria-hidden="true" class="text-tone-2 text-12 no-underline hover:underline px-xs py-xs flex ...
expander.js:1752 [Expander] Processing missed button 4/73: <button class="text-tone-2 text-12 no-underline hover:underline px-xs py-xs flex ml-[3px] xs:ml-0 !b...
expander.js:1752 [Expander] Processing missed button 17/81: <button aria-hidden="true" class="text-tone-2 text-12 no-underline hover:underline px-xs py-xs flex ...
expander.js:1752 [Expander] Processing missed button 34/80: <button aria-hidden="true" class="text-tone-2 text-12 no-underline hover:underline px-xs py-xs flex ...
expander.js:1752 [Expander] Processing missed button 46/92: <button aria-hidden="true" class="text-tone-2 text-12 no-underline hover:underline px-xs py-xs flex ...
expander.js:1752 [Expander] Processing missed button 10/81: <button aria-hidden="true" class="text-tone-2 text-12 no-underline hover:underline px-xs py-xs flex ...
expander.js:1752 [Expander] Processing missed button 29/82: <button class="text-tone-2 text-12 no-underline hover:underline px-xs py-xs flex ml-[3px] xs:ml-0 !b...
expander.js:1710 [Expander] Processing new content from scroll...
element-cache.js:166 [Cache] Hit rate: 77% | Miss rate: 23% | Size: 34 | Time saved: 61ms
selector-factory.js:557 [SelectorFactory] Found 1 elements for "moreComments" using: #top-level-more-comments-partial
selector-factory.js:557 [SelectorFactory] Found 1 elements for "moreReplies" using: button[rpl][class*="button-small"][class*="button-plain"]
selector-factory.js:557 [SelectorFactory] Found 92 elements for "collapsed" using: shreddit-comment button:has(svg[icon-name="join-outline"])
selector-factory.js:557 [SelectorFactory] Found 6 elements for "continueThread" using: faceplate-partial[loading="lazy"]:not([id*="more-comments"])
shell-561c8d66.js:1 [SelectorFactory] No elements found for "crowdControl" in version "shReddit"
findElements @ selector-factory.js:560
getAllExpandableElements @ reddit-detector.js:191
scanAndExpandNewContent @ expander.js:1786
(anonymous) @ expander.js:1711
setTimeout
(anonymous) @ expander.js:1709
childList
(anonymous) @ shell-561c8d66.js:1
po @ shell-561c8d66.js:1
_renderContent @ shell-561c8d66.js:1
runner @ shell-561c8d66.js:4
_load @ shell-561c8d66.js:1
await in _load
(anonymous) @ shell-561c8d66.js:1
(anonymous) @ expander.js:1759
executeWithAbortHandling @ expander.js:377
(anonymous) @ expander.js:1758
shell-561c8d66.js:1 [SelectorFactory] Tried 2 selectors, 0 had errors
findElements @ selector-factory.js:561
getAllExpandableElements @ reddit-detector.js:191
scanAndExpandNewContent @ expander.js:1786
(anonymous) @ expander.js:1711
setTimeout
(anonymous) @ expander.js:1709
childList
(anonymous) @ shell-561c8d66.js:1
po @ shell-561c8d66.js:1
_renderContent @ shell-561c8d66.js:1
runner @ shell-561c8d66.js:4
_load @ shell-561c8d66.js:1
await in _load
(anonymous) @ shell-561c8d66.js:1
(anonymous) @ expander.js:1759
executeWithAbortHandling @ expander.js:377
(anonymous) @ expander.js:1758
selector-factory.js:568 [SelectorFactory] Trying smart fallback for "crowdControl"
selector-factory.js:679 [SelectorFactory] Using basic fallback: button (found 352 elements)
shell-561c8d66.js:1 [SelectorFactory] No elements found for "contestMode" in version "shReddit"
findElements @ selector-factory.js:560
getAllExpandableElements @ reddit-detector.js:191
scanAndExpandNewContent @ expander.js:1786
(anonymous) @ expander.js:1711
setTimeout
(anonymous) @ expander.js:1709
childList
(anonymous) @ shell-561c8d66.js:1
po @ shell-561c8d66.js:1
_renderContent @ shell-561c8d66.js:1
runner @ shell-561c8d66.js:4
_load @ shell-561c8d66.js:1
await in _load
(anonymous) @ shell-561c8d66.js:1
(anonymous) @ expander.js:1759
executeWithAbortHandling @ expander.js:377
(anonymous) @ expander.js:1758
shell-561c8d66.js:1 [SelectorFactory] Tried 2 selectors, 0 had errors
findElements @ selector-factory.js:561
getAllExpandableElements @ reddit-detector.js:191
scanAndExpandNewContent @ expander.js:1786
(anonymous) @ expander.js:1711
setTimeout
(anonymous) @ expander.js:1709
childList
(anonymous) @ shell-561c8d66.js:1
po @ shell-561c8d66.js:1
_renderContent @ shell-561c8d66.js:1
runner @ shell-561c8d66.js:4
_load @ shell-561c8d66.js:1
await in _load
(anonymous) @ shell-561c8d66.js:1
(anonymous) @ expander.js:1759
executeWithAbortHandling @ expander.js:377
(anonymous) @ expander.js:1758
selector-factory.js:568 [SelectorFactory] Trying smart fallback for "contestMode"
selector-factory.js:679 [SelectorFactory] Using basic fallback: button (found 352 elements)
shell-561c8d66.js:1 [SelectorFactory] No elements found for "deleted" in version "shReddit"
findElements @ selector-factory.js:560
getAllExpandableElements @ reddit-detector.js:191
scanAndExpandNewContent @ expander.js:1786
(anonymous) @ expander.js:1711
setTimeout
(anonymous) @ expander.js:1709
childList
(anonymous) @ shell-561c8d66.js:1
po @ shell-561c8d66.js:1
_renderContent @ shell-561c8d66.js:1
runner @ shell-561c8d66.js:4
_load @ shell-561c8d66.js:1
await in _load
(anonymous) @ shell-561c8d66.js:1
(anonymous) @ expander.js:1759
executeWithAbortHandling @ expander.js:377
(anonymous) @ expander.js:1758
shell-561c8d66.js:1 [SelectorFactory] Tried 2 selectors, 0 had errors
findElements @ selector-factory.js:561
getAllExpandableElements @ reddit-detector.js:191
scanAndExpandNewContent @ expander.js:1786
(anonymous) @ expander.js:1711
setTimeout
(anonymous) @ expander.js:1709
childList
(anonymous) @ shell-561c8d66.js:1
po @ shell-561c8d66.js:1
_renderContent @ shell-561c8d66.js:1
runner @ shell-561c8d66.js:4
_load @ shell-561c8d66.js:1
await in _load
(anonymous) @ shell-561c8d66.js:1
(anonymous) @ expander.js:1759
executeWithAbortHandling @ expander.js:377
(anonymous) @ expander.js:1758
selector-factory.js:568 [SelectorFactory] Trying smart fallback for "deleted"
selector-factory.js:679 [SelectorFactory] Using basic fallback: button (found 352 elements)
shell-561c8d66.js:1 [SelectorFactory] No elements found for "viewRest" in version "shReddit"
findElements @ selector-factory.js:560
getAllExpandableElements @ reddit-detector.js:191
scanAndExpandNewContent @ expander.js:1786
(anonymous) @ expander.js:1711
setTimeout
(anonymous) @ expander.js:1709
childList
(anonymous) @ shell-561c8d66.js:1
po @ shell-561c8d66.js:1
_renderContent @ shell-561c8d66.js:1
runner @ shell-561c8d66.js:4
_load @ shell-561c8d66.js:1
await in _load
(anonymous) @ shell-561c8d66.js:1
(anonymous) @ expander.js:1759
executeWithAbortHandling @ expander.js:377
(anonymous) @ expander.js:1758
shell-561c8d66.js:1 [SelectorFactory] Tried 2 selectors, 0 had errors
findElements @ selector-factory.js:561
getAllExpandableElements @ reddit-detector.js:191
scanAndExpandNewContent @ expander.js:1786
(anonymous) @ expander.js:1711
setTimeout
(anonymous) @ expander.js:1709
childList
(anonymous) @ shell-561c8d66.js:1
po @ shell-561c8d66.js:1
_renderContent @ shell-561c8d66.js:1
runner @ shell-561c8d66.js:4
_load @ shell-561c8d66.js:1
await in _load
(anonymous) @ shell-561c8d66.js:1
(anonymous) @ expander.js:1759
executeWithAbortHandling @ expander.js:377
(anonymous) @ expander.js:1758
selector-factory.js:568 [SelectorFactory] Trying smart fallback for "viewRest"
selector-factory.js:679 [SelectorFactory] Using basic fallback: button (found 352 elements)
reddit-detector.js:209 [RedditDetector] Found 359 unique expandable elements across all categories
reddit-detector.js:216 [RedditDetector] Elements by category: {moreComments: 1, moreReplies: 1, collapsed: 92, continueThread: 6, crowdControl: 259}
expander.js:1794 Found 311 new expandable elements from scroll, processing...
expander.js:1799 [Progress] Found 311 new elements during auto-scroll (total: 2991)
expander.js:1731 [Expander] Performing aggressive rescan for missed buttons...
expander.js:1746 [Expander] Found 68 unprocessed expandable buttons during aggressive rescan
expander.js:1234 [Expander] Processing missed button: collapsed
expander.js:1326 [Expander] Attempting to click expand button: <button class="text-tone-2 text-12 no-underline hover:underline px-xs py-xs flex ml-[3px] xs:ml-0 !bg-transparent !border-0" type="button" data-reddit-expander-processed="true">
    <span class="text-neutral-content-strong mr-xs flex items-center"><svg rpl="" fill="currentColor" height="16" icon-name="join-outline" viewBox="0 0 20 20" width="16" xmlns="http://www.w3.org/2000/svg">
      <path d="M10.625 9.375H14v1.25h-3.375V14h-1.25v-3.375H6v-1.25h3.375V6h1.25v3.375ZM20 10A10 10 0 1 1 10 0a10.011 10.011 0 0 1 10 10Zm-1.25 0A8.75 8.75 0 1 0 10 18.75 8.76 8.76 0 0 0 18.75 10Z"></path>
    </svg></span>
    <span class="text-secondary-weak font-normal"><faceplate-number number="1"><!---->1</faceplate-number> more reply</span>
  </button>
expander.js:1752 [Expander] Processing missed button 5/73: <button aria-hidden="true" class="text-tone-2 text-12 no-underline hover:underline px-xs py-xs flex ...
expander.js:1752 [Expander] Processing missed button 18/81: <button class="text-tone-2 text-12 no-underline hover:underline px-xs py-xs flex ml-[3px] xs:ml-0 !b...
expander.js:1752 [Expander] Processing missed button 35/80: <button class="text-tone-2 text-12 no-underline hover:underline px-xs py-xs flex ml-[3px] xs:ml-0 !b...
expander.js:1752 [Expander] Processing missed button 47/92: <button class="text-tone-2 text-12 no-underline hover:underline px-xs py-xs flex ml-[3px] xs:ml-0 !b...
expander.js:1752 [Expander] Processing missed button 11/81: <button class="text-tone-2 text-12 no-underline hover:underline px-xs py-xs flex ml-[3px] xs:ml-0 !b...
expander.js:1752 [Expander] Processing missed button 30/82: <button aria-hidden="true" class="text-tone-2 text-12 no-underline hover:underline px-xs py-xs flex ...
expander.js:1752 [Expander] Processing missed button 6/73: <button class="text-tone-2 text-12 no-underline hover:underline px-xs py-xs flex ml-[3px] xs:ml-0 !b...
expander.js:1752 [Expander] Processing missed button 19/81: <button aria-hidden="true" class="text-tone-2 text-12 no-underline hover:underline px-xs py-xs flex ...
expander.js:1752 [Expander] Processing missed button 36/80: <button aria-hidden="true" class="text-tone-2 text-12 no-underline hover:underline px-xs py-xs flex ...
expander.js:1752 [Expander] Processing missed button 1/68: <button class="text-tone-2 text-12 no-underline hover:underline px-xs py-xs flex ml-[3px] xs:ml-0 !b...
expander.js:1752 [Expander] Processing missed button 48/92: <button aria-hidden="true" class="text-tone-2 text-12 no-underline hover:underline px-xs py-xs flex ...
expander.js:1692 [Expander] New expandable content detected via scroll observer
expander.js:1752 [Expander] Processing missed button 12/81: <button aria-hidden="true" class="text-tone-2 text-12 no-underline hover:underline px-xs py-xs flex ...
expander.js:1752 [Expander] Processing missed button 31/82: <button class="text-tone-2 text-12 no-underline hover:underline px-xs py-xs flex ml-[3px] xs:ml-0 !b...
expander.js:1752 [Expander] Processing missed button 7/73: <button aria-hidden="true" class="text-tone-2 text-12 no-underline hover:underline px-xs py-xs flex ...
expander.js:1234 [Expander] Processing missed button: collapsed
expander.js:1326 [Expander] Attempting to click expand button: <button class="text-tone-2 text-12 no-underline hover:underline px-xs py-xs flex ml-[3px] xs:ml-0 !bg-transparent !border-0" type="button" data-reddit-expander-processed="true">
    <span class="text-neutral-content-strong mr-xs flex items-center"><svg rpl="" fill="currentColor" height="16" icon-name="join-outline" viewBox="0 0 20 20" width="16" xmlns="http://www.w3.org/2000/svg">
      <path d="M10.625 9.375H14v1.25h-3.375V14h-1.25v-3.375H6v-1.25h3.375V6h1.25v3.375ZM20 10A10 10 0 1 1 10 0a10.011 10.011 0 0 1 10 10Zm-1.25 0A8.75 8.75 0 1 0 10 18.75 8.76 8.76 0 0 0 18.75 10Z"></path>
    </svg></span>
    <span class="text-secondary-weak font-normal"><faceplate-number number="1"><!---->1</faceplate-number> more reply</span>
  </button>
expander.js:1752 [Expander] Processing missed button 20/81: <button class="text-tone-2 text-12 no-underline hover:underline px-xs py-xs flex ml-[3px] xs:ml-0 !b...
expander.js:1752 [Expander] Processing missed button 37/80: <button class="text-tone-2 text-12 no-underline hover:underline px-xs py-xs flex ml-[3px] xs:ml-0 !b...
expander.js:1752 [Expander] Processing missed button 2/68: <button aria-hidden="true" class="text-tone-2 text-12 no-underline hover:underline px-xs py-xs flex ...
expander.js:1752 [Expander] Processing missed button 49/92: <button class="text-tone-2 text-12 no-underline hover:underline px-xs py-xs flex ml-[3px] xs:ml-0 !b...
expander.js:1752 [Expander] Processing missed button 13/81: <button class="text-tone-2 text-12 no-underline hover:underline px-xs py-xs flex ml-[3px] xs:ml-0 !b...
expander.js:1752 [Expander] Processing missed button 32/82: <button aria-hidden="true" class="text-tone-2 text-12 no-underline hover:underline px-xs py-xs flex ...
expander.js:1752 [Expander] Processing missed button 8/73: <button class="text-tone-2 text-12 no-underline hover:underline px-xs py-xs flex ml-[3px] xs:ml-0 !b...
expander.js:1752 [Expander] Processing missed button 21/81: <button aria-hidden="true" class="text-tone-2 text-12 no-underline hover:underline px-xs py-xs flex ...
expander.js:1752 [Expander] Processing missed button 38/80: <button aria-hidden="true" class="text-tone-2 text-12 no-underline hover:underline px-xs py-xs flex ...
expander.js:1752 [Expander] Processing missed button 3/68: <button class="text-tone-2 text-12 no-underline hover:underline px-xs py-xs flex ml-[3px] xs:ml-0 !b...
expander.js:1752 [Expander] Processing missed button 50/92: <button aria-hidden="true" class="text-tone-2 text-12 no-underline hover:underline px-xs py-xs flex ...
expander.js:1752 [Expander] Processing missed button 14/81: <button aria-hidden="true" class="text-tone-2 text-12 no-underline hover:underline px-xs py-xs flex ...
expander.js:1752 [Expander] Processing missed button 33/82: <button class="text-tone-2 text-12 no-underline hover:underline px-xs py-xs flex ml-[3px] xs:ml-0 !b...
expander.js:1752 [Expander] Processing missed button 9/73: <button aria-hidden="true" class="text-tone-2 text-12 no-underline hover:underline px-xs py-xs flex ...
expander.js:1752 [Expander] Processing missed button 22/81: <button class="text-tone-2 text-12 no-underline hover:underline px-xs py-xs flex ml-[3px] xs:ml-0 !b...
expander.js:1752 [Expander] Processing missed button 39/80: <button class="text-tone-2 text-12 no-underline hover:underline px-xs py-xs flex ml-[3px] xs:ml-0 !b...
expander.js:1752 [Expander] Processing missed button 4/68: <button aria-hidden="true" class="text-tone-2 text-12 no-underline hover:underline px-xs py-xs flex ...
expander.js:1752 [Expander] Processing missed button 51/92: <button class="text-tone-2 text-12 no-underline hover:underline px-xs py-xs flex ml-[3px] xs:ml-0 !b...
expander.js:1752 [Expander] Processing missed button 15/81: <button aria-hidden="true" class="text-tone-2 text-12 no-underline hover:underline px-xs py-xs flex ...
expander.js:1752 [Expander] Processing missed button 34/82: <button aria-hidden="true" class="text-tone-2 text-12 no-underline hover:underline px-xs py-xs flex ...
expander.js:1752 [Expander] Processing missed button 10/73: <button class="text-tone-2 text-12 no-underline hover:underline px-xs py-xs flex ml-[3px] xs:ml-0 !b...
expander.js:1752 [Expander] Processing missed button 23/81: <button aria-hidden="true" class="text-tone-2 text-12 no-underline hover:underline px-xs py-xs flex ...
expander.js:1752 [Expander] Processing missed button 40/80: <button aria-hidden="true" class="text-tone-2 text-12 no-underline hover:underline px-xs py-xs flex ...
expander.js:1752 [Expander] Processing missed button 5/68: <button class="text-tone-2 text-12 no-underline hover:underline px-xs py-xs flex ml-[3px] xs:ml-0 !b...
expander.js:1234 [Expander] Processing missed button: collapsed
expander.js:1326 [Expander] Attempting to click expand button: <button class="text-tone-2 text-12 no-underline hover:underline px-xs py-xs flex ml-[3px] xs:ml-0 !bg-transparent !border-0" type="button" data-reddit-expander-processed="true">
    <span class="text-neutral-content-strong mr-xs flex items-center"><svg rpl="" fill="currentColor" height="16" icon-name="join-outline" viewBox="0 0 20 20" width="16" xmlns="http://www.w3.org/2000/svg">
      <path d="M10.625 9.375H14v1.25h-3.375V14h-1.25v-3.375H6v-1.25h3.375V6h1.25v3.375ZM20 10A10 10 0 1 1 10 0a10.011 10.011 0 0 1 10 10Zm-1.25 0A8.75 8.75 0 1 0 10 18.75 8.76 8.76 0 0 0 18.75 10Z"></path>
    </svg></span>
    <span class="text-secondary-weak font-normal"><faceplate-number number="1"><!---->1</faceplate-number> more reply</span>
  </button>
expander.js:1234 [Expander] Processing missed button: collapsed
expander.js:1326 [Expander] Attempting to click expand button: <button aria-hidden="true" class="text-tone-2 text-12 no-underline hover:underline px-xs py-xs flex ml-[3px] xs:ml-0 !bg-transparent !border-0 invisible h-0 !p-0" type="button" data-reddit-expander-processed="true" style="transition: box-shadow 0.3s; box-shadow: rgba(76, 175, 80, 0.4) 0px 0px 8px; border-radius: 4px;">
        
    <span class="text-neutral-content-strong mr-xs flex items-center"><svg rpl="" fill="currentColor" height="16" icon-name="join-outline" viewBox="0 0 20 20" width="16" xmlns="http://www.w3.org/2000/svg">
      <path d="M10.625 9.375H14v1.25h-3.375V14h-1.25v-3.375H6v-1.25h3.375V6h1.25v3.375ZM20 10A10 10 0 1 1 10 0a10.011 10.011 0 0 1 10 10Zm-1.25 0A8.75 8.75 0 1 0 10 18.75 8.76 8.76 0 0 0 18.75 10Z"></path>
    </svg></span>
    <span class="text-secondary-weak font-normal"><faceplate-number number="1"><!---->1</faceplate-number> more reply</span>
  
      </button>
expander.js:1234 [Expander] Processing missed button: collapsed
expander.js:1326 [Expander] Attempting to click expand button: <button class="text-tone-2 text-12 no-underline hover:underline px-xs py-xs flex ml-[3px] xs:ml-0 !bg-transparent !border-0" type="button" data-reddit-expander-processed="true">
    <span class="text-neutral-content-strong mr-xs flex items-center"><svg rpl="" fill="currentColor" height="16" icon-name="join-outline" viewBox="0 0 20 20" width="16" xmlns="http://www.w3.org/2000/svg">
      <path d="M10.625 9.375H14v1.25h-3.375V14h-1.25v-3.375H6v-1.25h3.375V6h1.25v3.375ZM20 10A10 10 0 1 1 10 0a10.011 10.011 0 0 1 10 10Zm-1.25 0A8.75 8.75 0 1 0 10 18.75 8.76 8.76 0 0 0 18.75 10Z"></path>
    </svg></span>
    <span class="text-secondary-weak font-normal"><faceplate-number number="5"><!---->5</faceplate-number> more replies</span>
  </button>
expander.js:1234 [Expander] Processing missed button: collapsed
expander.js:1326 [Expander] Attempting to click expand button: <button aria-hidden="true" class="text-tone-2 text-12 no-underline hover:underline px-xs py-xs flex ml-[3px] xs:ml-0 !bg-transparent !border-0 invisible h-0 !p-0" type="button" data-reddit-expander-processed="true">
        
    <span class="text-neutral-content-strong mr-xs flex items-center"><svg rpl="" fill="currentColor" height="16" icon-name="join-outline" viewBox="0 0 20 20" width="16" xmlns="http://www.w3.org/2000/svg">
      <path d="M10.625 9.375H14v1.25h-3.375V14h-1.25v-3.375H6v-1.25h3.375V6h1.25v3.375ZM20 10A10 10 0 1 1 10 0a10.011 10.011 0 0 1 10 10Zm-1.25 0A8.75 8.75 0 1 0 10 18.75 8.76 8.76 0 0 0 18.75 10Z"></path>
    </svg></span>
    <span class="text-secondary-weak font-normal"><faceplate-number number="1"><!---->1</faceplate-number> more reply</span>
  
      </button>
expander.js:1752 [Expander] Processing missed button 52/92: <button aria-hidden="true" class="text-tone-2 text-12 no-underline hover:underline px-xs py-xs flex ...
expander.js:1710 [Expander] Processing new content from scroll...
selector-factory.js:557 [SelectorFactory] Found 1 elements for "moreComments" using: #top-level-more-comments-partial
selector-factory.js:557 [SelectorFactory] Found 1 elements for "moreReplies" using: button[rpl][class*="button-small"][class*="button-plain"]
selector-factory.js:557 [SelectorFactory] Found 92 elements for "collapsed" using: shreddit-comment button:has(svg[icon-name="join-outline"])
selector-factory.js:557 [SelectorFactory] Found 6 elements for "continueThread" using: faceplate-partial[loading="lazy"]:not([id*="more-comments"])
shell-561c8d66.js:1 [SelectorFactory] No elements found for "crowdControl" in version "shReddit"
findElements @ selector-factory.js:560
getAllExpandableElements @ reddit-detector.js:191
scanAndExpandNewContent @ expander.js:1786
(anonymous) @ expander.js:1711
setTimeout
(anonymous) @ expander.js:1709
childList
(anonymous) @ shell-561c8d66.js:1
po @ shell-561c8d66.js:1
_renderContent @ shell-561c8d66.js:1
runner @ shell-561c8d66.js:4
_load @ shell-561c8d66.js:1
await in _load
(anonymous) @ shell-561c8d66.js:1
(anonymous) @ expander.js:1759
executeWithAbortHandling @ expander.js:377
(anonymous) @ expander.js:1758
setTimeout
(anonymous) @ expander.js:1751
performAggressiveRescan @ expander.js:1749
(anonymous) @ expander.js:1714
shell-561c8d66.js:1 [SelectorFactory] Tried 2 selectors, 0 had errors
findElements @ selector-factory.js:561
getAllExpandableElements @ reddit-detector.js:191
scanAndExpandNewContent @ expander.js:1786
(anonymous) @ expander.js:1711
setTimeout
(anonymous) @ expander.js:1709
childList
(anonymous) @ shell-561c8d66.js:1
po @ shell-561c8d66.js:1
_renderContent @ shell-561c8d66.js:1
runner @ shell-561c8d66.js:4
_load @ shell-561c8d66.js:1
await in _load
(anonymous) @ shell-561c8d66.js:1
(anonymous) @ expander.js:1759
executeWithAbortHandling @ expander.js:377
(anonymous) @ expander.js:1758
setTimeout
(anonymous) @ expander.js:1751
performAggressiveRescan @ expander.js:1749
(anonymous) @ expander.js:1714
selector-factory.js:568 [SelectorFactory] Trying smart fallback for "crowdControl"
element-cache.js:166 [Cache] Hit rate: 81% | Miss rate: 19% | Size: 34 | Time saved: 73ms
selector-factory.js:679 [SelectorFactory] Using basic fallback: button (found 352 elements)
shell-561c8d66.js:1 [SelectorFactory] No elements found for "contestMode" in version "shReddit"
findElements @ selector-factory.js:560
getAllExpandableElements @ reddit-detector.js:191
scanAndExpandNewContent @ expander.js:1786
(anonymous) @ expander.js:1711
setTimeout
(anonymous) @ expander.js:1709
childList
(anonymous) @ shell-561c8d66.js:1
po @ shell-561c8d66.js:1
_renderContent @ shell-561c8d66.js:1
runner @ shell-561c8d66.js:4
_load @ shell-561c8d66.js:1
await in _load
(anonymous) @ shell-561c8d66.js:1
(anonymous) @ expander.js:1759
executeWithAbortHandling @ expander.js:377
(anonymous) @ expander.js:1758
setTimeout
(anonymous) @ expander.js:1751
performAggressiveRescan @ expander.js:1749
(anonymous) @ expander.js:1714
shell-561c8d66.js:1 [SelectorFactory] Tried 2 selectors, 0 had errors
findElements @ selector-factory.js:561
getAllExpandableElements @ reddit-detector.js:191
scanAndExpandNewContent @ expander.js:1786
(anonymous) @ expander.js:1711
setTimeout
(anonymous) @ expander.js:1709
childList
(anonymous) @ shell-561c8d66.js:1
po @ shell-561c8d66.js:1
_renderContent @ shell-561c8d66.js:1
runner @ shell-561c8d66.js:4
_load @ shell-561c8d66.js:1
await in _load
(anonymous) @ shell-561c8d66.js:1
(anonymous) @ expander.js:1759
executeWithAbortHandling @ expander.js:377
(anonymous) @ expander.js:1758
setTimeout
(anonymous) @ expander.js:1751
performAggressiveRescan @ expander.js:1749
(anonymous) @ expander.js:1714
selector-factory.js:568 [SelectorFactory] Trying smart fallback for "contestMode"
selector-factory.js:679 [SelectorFactory] Using basic fallback: button (found 352 elements)
shell-561c8d66.js:1 [SelectorFactory] No elements found for "deleted" in version "shReddit"
findElements @ selector-factory.js:560
getAllExpandableElements @ reddit-detector.js:191
scanAndExpandNewContent @ expander.js:1786
(anonymous) @ expander.js:1711
setTimeout
(anonymous) @ expander.js:1709
childList
(anonymous) @ shell-561c8d66.js:1
po @ shell-561c8d66.js:1
_renderContent @ shell-561c8d66.js:1
runner @ shell-561c8d66.js:4
_load @ shell-561c8d66.js:1
await in _load
(anonymous) @ shell-561c8d66.js:1
(anonymous) @ expander.js:1759
executeWithAbortHandling @ expander.js:377
(anonymous) @ expander.js:1758
setTimeout
(anonymous) @ expander.js:1751
performAggressiveRescan @ expander.js:1749
(anonymous) @ expander.js:1714
shell-561c8d66.js:1 [SelectorFactory] Tried 2 selectors, 0 had errors
findElements @ selector-factory.js:561
getAllExpandableElements @ reddit-detector.js:191
scanAndExpandNewContent @ expander.js:1786
(anonymous) @ expander.js:1711
setTimeout
(anonymous) @ expander.js:1709
childList
(anonymous) @ shell-561c8d66.js:1
po @ shell-561c8d66.js:1
_renderContent @ shell-561c8d66.js:1
runner @ shell-561c8d66.js:4
_load @ shell-561c8d66.js:1
await in _load
(anonymous) @ shell-561c8d66.js:1
(anonymous) @ expander.js:1759
executeWithAbortHandling @ expander.js:377
(anonymous) @ expander.js:1758
setTimeout
(anonymous) @ expander.js:1751
performAggressiveRescan @ expander.js:1749
(anonymous) @ expander.js:1714
selector-factory.js:568 [SelectorFactory] Trying smart fallback for "deleted"
selector-factory.js:679 [SelectorFactory] Using basic fallback: button (found 352 elements)
shell-561c8d66.js:1 [SelectorFactory] No elements found for "viewRest" in version "shReddit"
findElements @ selector-factory.js:560
getAllExpandableElements @ reddit-detector.js:191
scanAndExpandNewContent @ expander.js:1786
(anonymous) @ expander.js:1711
setTimeout
(anonymous) @ expander.js:1709
childList
(anonymous) @ shell-561c8d66.js:1
po @ shell-561c8d66.js:1
_renderContent @ shell-561c8d66.js:1
runner @ shell-561c8d66.js:4
_load @ shell-561c8d66.js:1
await in _load
(anonymous) @ shell-561c8d66.js:1
(anonymous) @ expander.js:1759
executeWithAbortHandling @ expander.js:377
(anonymous) @ expander.js:1758
setTimeout
(anonymous) @ expander.js:1751
performAggressiveRescan @ expander.js:1749
(anonymous) @ expander.js:1714
shell-561c8d66.js:1 [SelectorFactory] Tried 2 selectors, 0 had errors
findElements @ selector-factory.js:561
getAllExpandableElements @ reddit-detector.js:191
scanAndExpandNewContent @ expander.js:1786
(anonymous) @ expander.js:1711
setTimeout
(anonymous) @ expander.js:1709
childList
(anonymous) @ shell-561c8d66.js:1
po @ shell-561c8d66.js:1
_renderContent @ shell-561c8d66.js:1
runner @ shell-561c8d66.js:4
_load @ shell-561c8d66.js:1
await in _load
(anonymous) @ shell-561c8d66.js:1
(anonymous) @ expander.js:1759
executeWithAbortHandling @ expander.js:377
(anonymous) @ expander.js:1758
setTimeout
(anonymous) @ expander.js:1751
performAggressiveRescan @ expander.js:1749
(anonymous) @ expander.js:1714
selector-factory.js:568 [SelectorFactory] Trying smart fallback for "viewRest"
selector-factory.js:679 [SelectorFactory] Using basic fallback: button (found 352 elements)
reddit-detector.js:209 [RedditDetector] Found 359 unique expandable elements across all categories
reddit-detector.js:216 [RedditDetector] Elements by category: {moreComments: 1, moreReplies: 1, collapsed: 92, continueThread: 6, crowdControl: 259}
expander.js:1794 Found 305 new expandable elements from scroll, processing...
expander.js:1799 [Progress] Found 305 new elements during auto-scroll (total: 3296)
expander.js:1731 [Expander] Performing aggressive rescan for missed buttons...
expander.js:1746 [Expander] Found 55 unprocessed expandable buttons during aggressive rescan
expander.js:1234 [Expander] Processing missed button: collapsed
expander.js:1326 [Expander] Attempting to click expand button: <button class="text-tone-2 text-12 no-underline hover:underline px-xs py-xs flex ml-[3px] xs:ml-0 !bg-transparent !border-0" type="button" data-reddit-expander-processed="true">
    <span class="text-neutral-content-strong mr-xs flex items-center"><svg rpl="" fill="currentColor" height="16" icon-name="join-outline" viewBox="0 0 20 20" width="16" xmlns="http://www.w3.org/2000/svg">
      <path d="M10.625 9.375H14v1.25h-3.375V14h-1.25v-3.375H6v-1.25h3.375V6h1.25v3.375ZM20 10A10 10 0 1 1 10 0a10.011 10.011 0 0 1 10 10Zm-1.25 0A8.75 8.75 0 1 0 10 18.75 8.76 8.76 0 0 0 18.75 10Z"></path>
    </svg></span>
    <span class="text-secondary-weak font-normal"><faceplate-number number="1"><!---->1</faceplate-number> more reply</span>
  </button>
expander.js:1752 [Expander] Processing missed button 16/81: <button class="text-tone-2 text-12 no-underline hover:underline px-xs py-xs flex ml-[3px] xs:ml-0 !b...
expander.js:1752 [Expander] Processing missed button 35/82: <button class="text-tone-2 text-12 no-underline hover:underline px-xs py-xs flex ml-[3px] xs:ml-0 !b...
expander.js:1752 [Expander] Processing missed button 11/73: <button aria-hidden="true" class="text-tone-2 text-12 no-underline hover:underline px-xs py-xs flex ...
expander.js:1234 [Expander] Processing missed button: collapsed
expander.js:1326 [Expander] Attempting to click expand button: <button aria-hidden="true" class="text-tone-2 text-12 no-underline hover:underline px-xs py-xs flex ml-[3px] xs:ml-0 !bg-transparent !border-0 invisible h-0 !p-0" type="button" data-reddit-expander-processed="true">
        
    <span class="text-neutral-content-strong mr-xs flex items-center"><svg rpl="" fill="currentColor" height="16" icon-name="join-outline" viewBox="0 0 20 20" width="16" xmlns="http://www.w3.org/2000/svg">
      <path d="M10.625 9.375H14v1.25h-3.375V14h-1.25v-3.375H6v-1.25h3.375V6h1.25v3.375ZM20 10A10 10 0 1 1 10 0a10.011 10.011 0 0 1 10 10Zm-1.25 0A8.75 8.75 0 1 0 10 18.75 8.76 8.76 0 0 0 18.75 10Z"></path>
    </svg></span>
    <span class="text-secondary-weak font-normal"><faceplate-number number="11"><!---->11</faceplate-number> more replies</span>
  
      </button>
expander.js:1752 [Expander] Processing missed button 24/81: <button class="text-tone-2 text-12 no-underline hover:underline px-xs py-xs flex ml-[3px] xs:ml-0 !b...
expander.js:1752 [Expander] Processing missed button 41/80: <button class="text-tone-2 text-12 no-underline hover:underline px-xs py-xs flex ml-[3px] xs:ml-0 !b...
expander.js:1752 [Expander] Processing missed button 6/68: <button aria-hidden="true" class="text-tone-2 text-12 no-underline hover:underline px-xs py-xs flex ...
expander.js:1752 [Expander] Processing missed button 53/92: <button class="text-tone-2 text-12 no-underline hover:underline px-xs py-xs flex ml-[3px] xs:ml-0 !b...
expander.js:1752 [Expander] Processing missed button 17/81: <button aria-hidden="true" class="text-tone-2 text-12 no-underline hover:underline px-xs py-xs flex ...
expander.js:1752 [Expander] Processing missed button 36/82: <button aria-hidden="true" class="text-tone-2 text-12 no-underline hover:underline px-xs py-xs flex ...
expander.js:1752 [Expander] Processing missed button 12/73: <button class="text-tone-2 text-12 no-underline hover:underline px-xs py-xs flex ml-[3px] xs:ml-0 !b...
expander.js:1752 [Expander] Processing missed button 1/55: <button aria-hidden="true" class="text-tone-2 text-12 no-underline hover:underline px-xs py-xs flex ...
expander.js:1752 [Expander] Processing missed button 25/81: <button aria-hidden="true" class="text-tone-2 text-12 no-underline hover:underline px-xs py-xs flex ...
expander.js:1752 [Expander] Processing missed button 42/80: <button aria-hidden="true" class="text-tone-2 text-12 no-underline hover:underline px-xs py-xs flex ...
expander.js:1752 [Expander] Processing missed button 7/68: <button class="text-tone-2 text-12 no-underline hover:underline px-xs py-xs flex ml-[3px] xs:ml-0 !b...
expander.js:1752 [Expander] Processing missed button 54/92: <button aria-hidden="true" class="text-tone-2 text-12 no-underline hover:underline px-xs py-xs flex ...
expander.js:1692 [Expander] New expandable content detected via scroll observer
expander.js:1752 [Expander] Processing missed button 18/81: <button class="text-tone-2 text-12 no-underline hover:underline px-xs py-xs flex ml-[3px] xs:ml-0 !b...
expander.js:1752 [Expander] Processing missed button 37/82: <button class="text-tone-2 text-12 no-underline hover:underline px-xs py-xs flex ml-[3px] xs:ml-0 !b...
expander.js:1752 [Expander] Processing missed button 13/73: <button aria-hidden="true" class="text-tone-2 text-12 no-underline hover:underline px-xs py-xs flex ...
expander.js:1752 [Expander] Processing missed button 2/55: <button class="text-tone-2 text-12 no-underline hover:underline px-xs py-xs flex ml-[3px] xs:ml-0 !b...
expander.js:1752 [Expander] Processing missed button 26/81: <button class="text-tone-2 text-12 no-underline hover:underline px-xs py-xs flex ml-[3px] xs:ml-0 !b...
expander.js:1752 [Expander] Processing missed button 43/80: <button class="text-tone-2 text-12 no-underline hover:underline px-xs py-xs flex ml-[3px] xs:ml-0 !b...
expander.js:1752 [Expander] Processing missed button 8/68: <button aria-hidden="true" class="text-tone-2 text-12 no-underline hover:underline px-xs py-xs flex ...
expander.js:1234 [Expander] Processing missed button: collapsed
expander.js:1326 [Expander] Attempting to click expand button: <button class="text-tone-2 text-12 no-underline hover:underline px-xs py-xs flex ml-[3px] xs:ml-0 !bg-transparent !border-0" type="button" data-reddit-expander-processed="true">
    <span class="text-neutral-content-strong mr-xs flex items-center"><svg rpl="" fill="currentColor" height="16" icon-name="join-outline" viewBox="0 0 20 20" width="16" xmlns="http://www.w3.org/2000/svg">
      <path d="M10.625 9.375H14v1.25h-3.375V14h-1.25v-3.375H6v-1.25h3.375V6h1.25v3.375ZM20 10A10 10 0 1 1 10 0a10.011 10.011 0 0 1 10 10Zm-1.25 0A8.75 8.75 0 1 0 10 18.75 8.76 8.76 0 0 0 18.75 10Z"></path>
    </svg></span>
    <span class="text-secondary-weak font-normal"><faceplate-number number="1"><!---->1</faceplate-number> more reply</span>
  </button>
expander.js:1234 [Expander] Processing missed button: collapsed
expander.js:1326 [Expander] Attempting to click expand button: <button class="text-tone-2 text-12 no-underline hover:underline px-xs py-xs flex ml-[3px] xs:ml-0 !bg-transparent !border-0" type="button" data-reddit-expander-processed="true" style="">
    <span class="text-neutral-content-strong mr-xs flex items-center"><svg rpl="" fill="currentColor" height="16" icon-name="join-outline" viewBox="0 0 20 20" width="16" xmlns="http://www.w3.org/2000/svg">
      <path d="M10.625 9.375H14v1.25h-3.375V14h-1.25v-3.375H6v-1.25h3.375V6h1.25v3.375ZM20 10A10 10 0 1 1 10 0a10.011 10.011 0 0 1 10 10Zm-1.25 0A8.75 8.75 0 1 0 10 18.75 8.76 8.76 0 0 0 18.75 10Z"></path>
    </svg></span>
    <span class="text-secondary-weak font-normal"><faceplate-number number="2"><!---->2</faceplate-number> more replies</span>
  </button>
expander.js:1234 [Expander] Processing missed button: collapsed
expander.js:1326 [Expander] Attempting to click expand button: <button class="text-tone-2 text-12 no-underline hover:underline px-xs py-xs flex ml-[3px] xs:ml-0 !bg-transparent !border-0" type="button" data-reddit-expander-processed="true">
    <span class="text-neutral-content-strong mr-xs flex items-center"><svg rpl="" fill="currentColor" height="16" icon-name="join-outline" viewBox="0 0 20 20" width="16" xmlns="http://www.w3.org/2000/svg">
      <path d="M10.625 9.375H14v1.25h-3.375V14h-1.25v-3.375H6v-1.25h3.375V6h1.25v3.375ZM20 10A10 10 0 1 1 10 0a10.011 10.011 0 0 1 10 10Zm-1.25 0A8.75 8.75 0 1 0 10 18.75 8.76 8.76 0 0 0 18.75 10Z"></path>
    </svg></span>
    <span class="text-secondary-weak font-normal"><faceplate-number number="1"><!---->1</faceplate-number> more reply</span>
  </button>
expander.js:1752 [Expander] Processing missed button 55/92: <button class="text-tone-2 text-12 no-underline hover:underline px-xs py-xs flex ml-[3px] xs:ml-0 !b...
expander.js:1752 [Expander] Processing missed button 19/81: <button aria-hidden="true" class="text-tone-2 text-12 no-underline hover:underline px-xs py-xs flex ...
expander.js:1752 [Expander] Processing missed button 38/82: <button aria-hidden="true" class="text-tone-2 text-12 no-underline hover:underline px-xs py-xs flex ...
expander.js:1752 [Expander] Processing missed button 14/73: <button class="text-tone-2 text-12 no-underline hover:underline px-xs py-xs flex ml-[3px] xs:ml-0 !b...
expander.js:1752 [Expander] Processing missed button 3/55: <button aria-hidden="true" class="text-tone-2 text-12 no-underline hover:underline px-xs py-xs flex ...
expander.js:1752 [Expander] Processing missed button 27/81: <button aria-hidden="true" class="text-tone-2 text-12 no-underline hover:underline px-xs py-xs flex ...
expander.js:1752 [Expander] Processing missed button 44/80: <button aria-hidden="true" class="text-tone-2 text-12 no-underline hover:underline px-xs py-xs flex ...
expander.js:1752 [Expander] Processing missed button 9/68: <button class="text-tone-2 text-12 no-underline hover:underline px-xs py-xs flex ml-[3px] xs:ml-0 !b...
expander.js:1752 [Expander] Processing missed button 56/92: <button aria-hidden="true" class="text-tone-2 text-12 no-underline hover:underline px-xs py-xs flex ...
expander.js:1752 [Expander] Processing missed button 20/81: <button class="text-tone-2 text-12 no-underline hover:underline px-xs py-xs flex ml-[3px] xs:ml-0 !b...
expander.js:1752 [Expander] Processing missed button 39/82: <button class="text-tone-2 text-12 no-underline hover:underline px-xs py-xs flex ml-[3px] xs:ml-0 !b...
expander.js:1752 [Expander] Processing missed button 15/73: <button aria-hidden="true" class="text-tone-2 text-12 no-underline hover:underline px-xs py-xs flex ...
expander.js:1752 [Expander] Processing missed button 4/55: <button class="text-tone-2 text-12 no-underline hover:underline px-xs py-xs flex ml-[3px] xs:ml-0 !b...
expander.js:1234 [Expander] Processing missed button: collapsed
expander.js:1326 [Expander] Attempting to click expand button: <button aria-hidden="true" class="text-tone-2 text-12 no-underline hover:underline px-xs py-xs flex ml-[3px] xs:ml-0 !bg-transparent !border-0 invisible h-0 !p-0" type="button" data-reddit-expander-processed="true">
        
    <span class="text-neutral-content-strong mr-xs flex items-center"><svg rpl="" fill="currentColor" height="16" icon-name="join-outline" viewBox="0 0 20 20" width="16" xmlns="http://www.w3.org/2000/svg">
      <path d="M10.625 9.375H14v1.25h-3.375V14h-1.25v-3.375H6v-1.25h3.375V6h1.25v3.375ZM20 10A10 10 0 1 1 10 0a10.011 10.011 0 0 1 10 10Zm-1.25 0A8.75 8.75 0 1 0 10 18.75 8.76 8.76 0 0 0 18.75 10Z"></path>
    </svg></span>
    <span class="text-secondary-weak font-normal"><faceplate-number number="1"><!---->1</faceplate-number> more reply</span>
  
      </button>
expander.js:1752 [Expander] Processing missed button 28/81: <button class="text-tone-2 text-12 no-underline hover:underline px-xs py-xs flex ml-[3px] xs:ml-0 !b...
expander.js:1752 [Expander] Processing missed button 45/80: <button class="text-tone-2 text-12 no-underline hover:underline px-xs py-xs flex ml-[3px] xs:ml-0 !b...
expander.js:1752 [Expander] Processing missed button 10/68: <button aria-hidden="true" class="text-tone-2 text-12 no-underline hover:underline px-xs py-xs flex ...
expander.js:1752 [Expander] Processing missed button 57/92: <button class="text-tone-2 text-12 no-underline hover:underline px-xs py-xs flex ml-[3px] xs:ml-0 !b...
expander.js:1752 [Expander] Processing missed button 21/81: <button aria-hidden="true" class="text-tone-2 text-12 no-underline hover:underline px-xs py-xs flex ...
expander.js:1752 [Expander] Processing missed button 40/82: <button aria-hidden="true" class="text-tone-2 text-12 no-underline hover:underline px-xs py-xs flex ...
expander.js:1752 [Expander] Processing missed button 16/73: <button class="text-tone-2 text-12 no-underline hover:underline px-xs py-xs flex ml-[3px] xs:ml-0 !b...
expander.js:1752 [Expander] Processing missed button 5/55: <button aria-hidden="true" class="text-tone-2 text-12 no-underline hover:underline px-xs py-xs flex ...
expander.js:1752 [Expander] Processing missed button 29/81: <button aria-hidden="true" class="text-tone-2 text-12 no-underline hover:underline px-xs py-xs flex ...
expander.js:1752 [Expander] Processing missed button 46/80: <button aria-hidden="true" class="text-tone-2 text-12 no-underline hover:underline px-xs py-xs flex ...
expander.js:1752 [Expander] Processing missed button 11/68: <button class="text-tone-2 text-12 no-underline hover:underline px-xs py-xs flex ml-[3px] xs:ml-0 !b...
expander.js:1710 [Expander] Processing new content from scroll...
selector-factory.js:557 [SelectorFactory] Found 1 elements for "moreComments" using: #top-level-more-comments-partial
selector-factory.js:557 [SelectorFactory] Found 1 elements for "moreReplies" using: button[rpl][class*="button-small"][class*="button-plain"]
selector-factory.js:557 [SelectorFactory] Found 92 elements for "collapsed" using: shreddit-comment button:has(svg[icon-name="join-outline"])
selector-factory.js:557 [SelectorFactory] Found 6 elements for "continueThread" using: faceplate-partial[loading="lazy"]:not([id*="more-comments"])
shell-561c8d66.js:1 [SelectorFactory] No elements found for "crowdControl" in version "shReddit"
findElements @ selector-factory.js:560
getAllExpandableElements @ reddit-detector.js:191
scanAndExpandNewContent @ expander.js:1786
(anonymous) @ expander.js:1711
setTimeout
(anonymous) @ expander.js:1709
childList
(anonymous) @ shell-561c8d66.js:1
po @ shell-561c8d66.js:1
_renderContent @ shell-561c8d66.js:1
runner @ shell-561c8d66.js:4
_load @ shell-561c8d66.js:1
await in _load
(anonymous) @ shell-561c8d66.js:1
(anonymous) @ expander.js:1759
executeWithAbortHandling @ expander.js:377
(anonymous) @ expander.js:1758
shell-561c8d66.js:1 [SelectorFactory] Tried 2 selectors, 0 had errors
findElements @ selector-factory.js:561
getAllExpandableElements @ reddit-detector.js:191
scanAndExpandNewContent @ expander.js:1786
(anonymous) @ expander.js:1711
setTimeout
(anonymous) @ expander.js:1709
childList
(anonymous) @ shell-561c8d66.js:1
po @ shell-561c8d66.js:1
_renderContent @ shell-561c8d66.js:1
runner @ shell-561c8d66.js:4
_load @ shell-561c8d66.js:1
await in _load
(anonymous) @ shell-561c8d66.js:1
(anonymous) @ expander.js:1759
executeWithAbortHandling @ expander.js:377
(anonymous) @ expander.js:1758
selector-factory.js:568 [SelectorFactory] Trying smart fallback for "crowdControl"
selector-factory.js:679 [SelectorFactory] Using basic fallback: button (found 352 elements)
shell-561c8d66.js:1 [SelectorFactory] No elements found for "contestMode" in version "shReddit"
findElements @ selector-factory.js:560
getAllExpandableElements @ reddit-detector.js:191
scanAndExpandNewContent @ expander.js:1786
(anonymous) @ expander.js:1711
setTimeout
(anonymous) @ expander.js:1709
childList
(anonymous) @ shell-561c8d66.js:1
po @ shell-561c8d66.js:1
_renderContent @ shell-561c8d66.js:1
runner @ shell-561c8d66.js:4
_load @ shell-561c8d66.js:1
await in _load
(anonymous) @ shell-561c8d66.js:1
(anonymous) @ expander.js:1759
executeWithAbortHandling @ expander.js:377
(anonymous) @ expander.js:1758
shell-561c8d66.js:1 [SelectorFactory] Tried 2 selectors, 0 had errors
findElements @ selector-factory.js:561
getAllExpandableElements @ reddit-detector.js:191
scanAndExpandNewContent @ expander.js:1786
(anonymous) @ expander.js:1711
setTimeout
(anonymous) @ expander.js:1709
childList
(anonymous) @ shell-561c8d66.js:1
po @ shell-561c8d66.js:1
_renderContent @ shell-561c8d66.js:1
runner @ shell-561c8d66.js:4
_load @ shell-561c8d66.js:1
await in _load
(anonymous) @ shell-561c8d66.js:1
(anonymous) @ expander.js:1759
executeWithAbortHandling @ expander.js:377
(anonymous) @ expander.js:1758
selector-factory.js:568 [SelectorFactory] Trying smart fallback for "contestMode"
selector-factory.js:679 [SelectorFactory] Using basic fallback: button (found 352 elements)
shell-561c8d66.js:1 [SelectorFactory] No elements found for "deleted" in version "shReddit"
findElements @ selector-factory.js:560
getAllExpandableElements @ reddit-detector.js:191
scanAndExpandNewContent @ expander.js:1786
(anonymous) @ expander.js:1711
setTimeout
(anonymous) @ expander.js:1709
childList
(anonymous) @ shell-561c8d66.js:1
po @ shell-561c8d66.js:1
_renderContent @ shell-561c8d66.js:1
runner @ shell-561c8d66.js:4
_load @ shell-561c8d66.js:1
await in _load
(anonymous) @ shell-561c8d66.js:1
(anonymous) @ expander.js:1759
executeWithAbortHandling @ expander.js:377
(anonymous) @ expander.js:1758
shell-561c8d66.js:1 [SelectorFactory] Tried 2 selectors, 0 had errors
findElements @ selector-factory.js:561
getAllExpandableElements @ reddit-detector.js:191
scanAndExpandNewContent @ expander.js:1786
(anonymous) @ expander.js:1711
setTimeout
(anonymous) @ expander.js:1709
childList
(anonymous) @ shell-561c8d66.js:1
po @ shell-561c8d66.js:1
_renderContent @ shell-561c8d66.js:1
runner @ shell-561c8d66.js:4
_load @ shell-561c8d66.js:1
await in _load
(anonymous) @ shell-561c8d66.js:1
(anonymous) @ expander.js:1759
executeWithAbortHandling @ expander.js:377
(anonymous) @ expander.js:1758
selector-factory.js:568 [SelectorFactory] Trying smart fallback for "deleted"
element-cache.js:166 [Cache] Hit rate: 83% | Miss rate: 17% | Size: 34 | Time saved: 87ms
selector-factory.js:679 [SelectorFactory] Using basic fallback: button (found 352 elements)
shell-561c8d66.js:1 [SelectorFactory] No elements found for "viewRest" in version "shReddit"
findElements @ selector-factory.js:560
getAllExpandableElements @ reddit-detector.js:191
scanAndExpandNewContent @ expander.js:1786
(anonymous) @ expander.js:1711
setTimeout
(anonymous) @ expander.js:1709
childList
(anonymous) @ shell-561c8d66.js:1
po @ shell-561c8d66.js:1
_renderContent @ shell-561c8d66.js:1
runner @ shell-561c8d66.js:4
_load @ shell-561c8d66.js:1
await in _load
(anonymous) @ shell-561c8d66.js:1
(anonymous) @ expander.js:1759
executeWithAbortHandling @ expander.js:377
(anonymous) @ expander.js:1758
shell-561c8d66.js:1 [SelectorFactory] Tried 2 selectors, 0 had errors
findElements @ selector-factory.js:561
getAllExpandableElements @ reddit-detector.js:191
scanAndExpandNewContent @ expander.js:1786
(anonymous) @ expander.js:1711
setTimeout
(anonymous) @ expander.js:1709
childList
(anonymous) @ shell-561c8d66.js:1
po @ shell-561c8d66.js:1
_renderContent @ shell-561c8d66.js:1
runner @ shell-561c8d66.js:4
_load @ shell-561c8d66.js:1
await in _load
(anonymous) @ shell-561c8d66.js:1
(anonymous) @ expander.js:1759
executeWithAbortHandling @ expander.js:377
(anonymous) @ expander.js:1758
selector-factory.js:568 [SelectorFactory] Trying smart fallback for "viewRest"
selector-factory.js:679 [SelectorFactory] Using basic fallback: button (found 352 elements)
reddit-detector.js:209 [RedditDetector] Found 359 unique expandable elements across all categories
reddit-detector.js:216 [RedditDetector] Elements by category: {moreComments: 1, moreReplies: 1, collapsed: 92, continueThread: 6, crowdControl: 259}
expander.js:1794 Found 299 new expandable elements from scroll, processing...
expander.js:1799 [Progress] Found 299 new elements during auto-scroll (total: 3595)
expander.js:1731 [Expander] Performing aggressive rescan for missed buttons...
expander.js:1746 [Expander] Found 48 unprocessed expandable buttons during aggressive rescan
expander.js:1234 [Expander] Processing missed button: collapsed
expander.js:1326 [Expander] Attempting to click expand button: <button class="text-tone-2 text-12 no-underline hover:underline px-xs py-xs flex ml-[3px] xs:ml-0 !bg-transparent !border-0" type="button" data-reddit-expander-processed="true">
    <span class="text-neutral-content-strong mr-xs flex items-center"><svg rpl="" fill="currentColor" height="16" icon-name="join-outline" viewBox="0 0 20 20" width="16" xmlns="http://www.w3.org/2000/svg">
      <path d="M10.625 9.375H14v1.25h-3.375V14h-1.25v-3.375H6v-1.25h3.375V6h1.25v3.375ZM20 10A10 10 0 1 1 10 0a10.011 10.011 0 0 1 10 10Zm-1.25 0A8.75 8.75 0 1 0 10 18.75 8.76 8.76 0 0 0 18.75 10Z"></path>
    </svg></span>
    <span class="text-secondary-weak font-normal"><faceplate-number number="6"><!---->6</faceplate-number> more replies</span>
  </button>
expander.js:1752 [Expander] Processing missed button 58/92: <button aria-hidden="true" class="text-tone-2 text-12 no-underline hover:underline px-xs py-xs flex ...
expander.js:1752 [Expander] Processing missed button 22/81: <button class="text-tone-2 text-12 no-underline hover:underline px-xs py-xs flex ml-[3px] xs:ml-0 !b...
expander.js:1752 [Expander] Processing missed button 41/82: <button class="text-tone-2 text-12 no-underline hover:underline px-xs py-xs flex ml-[3px] xs:ml-0 !b...
expander.js:1752 [Expander] Processing missed button 17/73: <button aria-hidden="true" class="text-tone-2 text-12 no-underline hover:underline px-xs py-xs flex ...
expander.js:1234 [Expander] Processing missed button: collapsed
expander.js:1326 [Expander] Attempting to click expand button: <button aria-hidden="true" class="text-tone-2 text-12 no-underline hover:underline px-xs py-xs flex ml-[3px] xs:ml-0 !bg-transparent !border-0 invisible h-0 !p-0" type="button" data-reddit-expander-processed="true">
        
    <span class="text-neutral-content-strong mr-xs flex items-center"><svg rpl="" fill="currentColor" height="16" icon-name="join-outline" viewBox="0 0 20 20" width="16" xmlns="http://www.w3.org/2000/svg">
      <path d="M10.625 9.375H14v1.25h-3.375V14h-1.25v-3.375H6v-1.25h3.375V6h1.25v3.375ZM20 10A10 10 0 1 1 10 0a10.011 10.011 0 0 1 10 10Zm-1.25 0A8.75 8.75 0 1 0 10 18.75 8.76 8.76 0 0 0 18.75 10Z"></path>
    </svg></span>
    <span class="text-secondary-weak font-normal"><faceplate-number number="1"><!---->1</faceplate-number> more reply</span>
  
      </button>
expander.js:1752 [Expander] Processing missed button 6/55: <button class="text-tone-2 text-12 no-underline hover:underline px-xs py-xs flex ml-[3px] xs:ml-0 !b...
expander.js:1234 [Expander] Processing missed button: collapsed
expander.js:1326 [Expander] Attempting to click expand button: <button class="text-tone-2 text-12 no-underline hover:underline px-xs py-xs flex ml-[3px] xs:ml-0 !bg-transparent !border-0" type="button" data-reddit-expander-processed="true">
    <span class="text-neutral-content-strong mr-xs flex items-center"><svg rpl="" fill="currentColor" height="16" icon-name="join-outline" viewBox="0 0 20 20" width="16" xmlns="http://www.w3.org/2000/svg">
      <path d="M10.625 9.375H14v1.25h-3.375V14h-1.25v-3.375H6v-1.25h3.375V6h1.25v3.375ZM20 10A10 10 0 1 1 10 0a10.011 10.011 0 0 1 10 10Zm-1.25 0A8.75 8.75 0 1 0 10 18.75 8.76 8.76 0 0 0 18.75 10Z"></path>
    </svg></span>
    <span class="text-secondary-weak font-normal"><faceplate-number number="2"><!---->2</faceplate-number> more replies</span>
  </button>
expander.js:1752 [Expander] Processing missed button 30/81: <button class="text-tone-2 text-12 no-underline hover:underline px-xs py-xs flex ml-[3px] xs:ml-0 !b...
expander.js:1752 [Expander] Processing missed button 47/80: <button class="text-tone-2 text-12 no-underline hover:underline px-xs py-xs flex ml-[3px] xs:ml-0 !b...
expander.js:1752 [Expander] Processing missed button 12/68: <button aria-hidden="true" class="text-tone-2 text-12 no-underline hover:underline px-xs py-xs flex ...
expander.js:1752 [Expander] Processing missed button 59/92: <button class="text-tone-2 text-12 no-underline hover:underline px-xs py-xs flex ml-[3px] xs:ml-0 !b...
expander.js:1752 [Expander] Processing missed button 1/48: <button class="text-tone-2 text-12 no-underline hover:underline px-xs py-xs flex ml-[3px] xs:ml-0 !b...
expander.js:1752 [Expander] Processing missed button 23/81: <button aria-hidden="true" class="text-tone-2 text-12 no-underline hover:underline px-xs py-xs flex ...
expander.js:1752 [Expander] Processing missed button 42/82: <button aria-hidden="true" class="text-tone-2 text-12 no-underline hover:underline px-xs py-xs flex ...
expander.js:1752 [Expander] Processing missed button 18/73: <button class="text-tone-2 text-12 no-underline hover:underline px-xs py-xs flex ml-[3px] xs:ml-0 !b...
expander.js:1752 [Expander] Processing missed button 7/55: <button aria-hidden="true" class="text-tone-2 text-12 no-underline hover:underline px-xs py-xs flex ...
expander.js:1752 [Expander] Processing missed button 31/81: <button aria-hidden="true" class="text-tone-2 text-12 no-underline hover:underline px-xs py-xs flex ...
expander.js:1752 [Expander] Processing missed button 48/80: <button aria-hidden="true" class="text-tone-2 text-12 no-underline hover:underline px-xs py-xs flex ...
expander.js:1752 [Expander] Processing missed button 13/68: <button class="text-tone-2 text-12 no-underline hover:underline px-xs py-xs flex ml-[3px] xs:ml-0 !b...
expander.js:1752 [Expander] Processing missed button 60/92: <button aria-hidden="true" class="text-tone-2 text-12 no-underline hover:underline px-xs py-xs flex ...
expander.js:1752 [Expander] Processing missed button 2/48: <button aria-hidden="true" class="text-tone-2 text-12 no-underline hover:underline px-xs py-xs flex ...
expander.js:1234 [Expander] Processing missed button: collapsed
expander.js:1326 [Expander] Attempting to click expand button: <button aria-hidden="true" class="text-tone-2 text-12 no-underline hover:underline px-xs py-xs flex ml-[3px] xs:ml-0 !bg-transparent !border-0 invisible h-0 !p-0" type="button" data-reddit-expander-processed="true">
        
    <span class="text-neutral-content-strong mr-xs flex items-center"><svg rpl="" fill="currentColor" height="16" icon-name="join-outline" viewBox="0 0 20 20" width="16" xmlns="http://www.w3.org/2000/svg">
      <path d="M10.625 9.375H14v1.25h-3.375V14h-1.25v-3.375H6v-1.25h3.375V6h1.25v3.375ZM20 10A10 10 0 1 1 10 0a10.011 10.011 0 0 1 10 10Zm-1.25 0A8.75 8.75 0 1 0 10 18.75 8.76 8.76 0 0 0 18.75 10Z"></path>
    </svg></span>
    <span class="text-secondary-weak font-normal"><faceplate-number number="1"><!---->1</faceplate-number> more reply</span>
  
      </button>
expander.js:1234 [Expander] Processing missed button: collapsed
expander.js:1326 [Expander] Attempting to click expand button: <button class="text-tone-2 text-12 no-underline hover:underline px-xs py-xs flex ml-[3px] xs:ml-0 !bg-transparent !border-0" type="button" data-reddit-expander-processed="true" style="transition: box-shadow 0.3s; box-shadow: rgba(76, 175, 80, 0.4) 0px 0px 8px; border-radius: 4px;">
    <span class="text-neutral-content-strong mr-xs flex items-center"><svg rpl="" fill="currentColor" height="16" icon-name="join-outline" viewBox="0 0 20 20" width="16" xmlns="http://www.w3.org/2000/svg">
      <path d="M10.625 9.375H14v1.25h-3.375V14h-1.25v-3.375H6v-1.25h3.375V6h1.25v3.375ZM20 10A10 10 0 1 1 10 0a10.011 10.011 0 0 1 10 10Zm-1.25 0A8.75 8.75 0 1 0 10 18.75 8.76 8.76 0 0 0 18.75 10Z"></path>
    </svg></span>
    <span class="text-secondary-weak font-normal"><faceplate-number number="1"><!---->1</faceplate-number> more reply</span>
  </button>
expander.js:1234 [Expander] Processing missed button: collapsed
expander.js:1326 [Expander] Attempting to click expand button: <button aria-hidden="true" class="text-tone-2 text-12 no-underline hover:underline px-xs py-xs flex ml-[3px] xs:ml-0 !bg-transparent !border-0 invisible h-0 !p-0" type="button" data-reddit-expander-processed="true">
        
    <span class="text-neutral-content-strong mr-xs flex items-center"><svg rpl="" fill="currentColor" height="16" icon-name="join-outline" viewBox="0 0 20 20" width="16" xmlns="http://www.w3.org/2000/svg">
      <path d="M10.625 9.375H14v1.25h-3.375V14h-1.25v-3.375H6v-1.25h3.375V6h1.25v3.375ZM20 10A10 10 0 1 1 10 0a10.011 10.011 0 0 1 10 10Zm-1.25 0A8.75 8.75 0 1 0 10 18.75 8.76 8.76 0 0 0 18.75 10Z"></path>
    </svg></span>
    <span class="text-secondary-weak font-normal"><faceplate-number number="5"><!---->5</faceplate-number> more replies</span>
  
      </button>
expander.js:1234 [Expander] Processing missed button: collapsed
expander.js:1326 [Expander] Attempting to click expand button: <button class="text-tone-2 text-12 no-underline hover:underline px-xs py-xs flex ml-[3px] xs:ml-0 !bg-transparent !border-0" type="button" data-reddit-expander-processed="true">
    <span class="text-neutral-content-strong mr-xs flex items-center"><svg rpl="" fill="currentColor" height="16" icon-name="join-outline" viewBox="0 0 20 20" width="16" xmlns="http://www.w3.org/2000/svg">
      <path d="M10.625 9.375H14v1.25h-3.375V14h-1.25v-3.375H6v-1.25h3.375V6h1.25v3.375ZM20 10A10 10 0 1 1 10 0a10.011 10.011 0 0 1 10 10Zm-1.25 0A8.75 8.75 0 1 0 10 18.75 8.76 8.76 0 0 0 18.75 10Z"></path>
    </svg></span>
    <span class="text-secondary-weak font-normal"><faceplate-number number="1"><!---->1</faceplate-number> more reply</span>
  </button>
expander.js:1752 [Expander] Processing missed button 24/81: <button class="text-tone-2 text-12 no-underline hover:underline px-xs py-xs flex ml-[3px] xs:ml-0 !b...
expander.js:1234 [Expander] Processing missed button: collapsed
expander.js:1326 [Expander] Attempting to click expand button: <button aria-hidden="true" class="text-tone-2 text-12 no-underline hover:underline px-xs py-xs flex ml-[3px] xs:ml-0 !bg-transparent !border-0 invisible h-0 !p-0" type="button" data-reddit-expander-processed="true">
        
    <span class="text-neutral-content-strong mr-xs flex items-center"><svg rpl="" fill="currentColor" height="16" icon-name="join-outline" viewBox="0 0 20 20" width="16" xmlns="http://www.w3.org/2000/svg">
      <path d="M10.625 9.375H14v1.25h-3.375V14h-1.25v-3.375H6v-1.25h3.375V6h1.25v3.375ZM20 10A10 10 0 1 1 10 0a10.011 10.011 0 0 1 10 10Zm-1.25 0A8.75 8.75 0 1 0 10 18.75 8.76 8.76 0 0 0 18.75 10Z"></path>
    </svg></span>
    <span class="text-secondary-weak font-normal"><faceplate-number number="1"><!---->1</faceplate-number> more reply</span>
  
      </button>
expander.js:1234 [Expander] Processing missed button: collapsed
expander.js:1326 [Expander] Attempting to click expand button: <button aria-hidden="true" class="text-tone-2 text-12 no-underline hover:underline px-xs py-xs flex ml-[3px] xs:ml-0 !bg-transparent !border-0 invisible h-0 !p-0" type="button" data-reddit-expander-processed="true" style="">
        
    <span class="text-neutral-content-strong mr-xs flex items-center"><svg rpl="" fill="currentColor" height="16" icon-name="join-outline" viewBox="0 0 20 20" width="16" xmlns="http://www.w3.org/2000/svg">
      <path d="M10.625 9.375H14v1.25h-3.375V14h-1.25v-3.375H6v-1.25h3.375V6h1.25v3.375ZM20 10A10 10 0 1 1 10 0a10.011 10.011 0 0 1 10 10Zm-1.25 0A8.75 8.75 0 1 0 10 18.75 8.76 8.76 0 0 0 18.75 10Z"></path>
    </svg></span>
    <span class="text-secondary-weak font-normal"><faceplate-number number="2"><!---->2</faceplate-number> more replies</span>
  
      </button>
expander.js:1234 [Expander] Processing missed button: collapsed
expander.js:1326 [Expander] Attempting to click expand button: <button aria-hidden="true" class="text-tone-2 text-12 no-underline hover:underline px-xs py-xs flex ml-[3px] xs:ml-0 !bg-transparent !border-0 invisible h-0 !p-0" type="button" data-reddit-expander-processed="true" style="transition: box-shadow 0.3s; box-shadow: rgba(76, 175, 80, 0.4) 0px 0px 8px; border-radius: 4px;">
        
    <span class="text-neutral-content-strong mr-xs flex items-center"><svg rpl="" fill="currentColor" height="16" icon-name="join-outline" viewBox="0 0 20 20" width="16" xmlns="http://www.w3.org/2000/svg">
      <path d="M10.625 9.375H14v1.25h-3.375V14h-1.25v-3.375H6v-1.25h3.375V6h1.25v3.375ZM20 10A10 10 0 1 1 10 0a10.011 10.011 0 0 1 10 10Zm-1.25 0A8.75 8.75 0 1 0 10 18.75 8.76 8.76 0 0 0 18.75 10Z"></path>
    </svg></span>
    <span class="text-secondary-weak font-normal"><faceplate-number number="1"><!---->1</faceplate-number> more reply</span>
  
      </button>
expander.js:1752 [Expander] Processing missed button 43/82: <button class="text-tone-2 text-12 no-underline hover:underline px-xs py-xs flex ml-[3px] xs:ml-0 !b...
expander.js:1752 [Expander] Processing missed button 19/73: <button aria-hidden="true" class="text-tone-2 text-12 no-underline hover:underline px-xs py-xs flex ...
expander.js:1692 [Expander] New expandable content detected via scroll observer
expander.js:1752 [Expander] Processing missed button 8/55: <button class="text-tone-2 text-12 no-underline hover:underline px-xs py-xs flex ml-[3px] xs:ml-0 !b...
expander.js:1752 [Expander] Processing missed button 32/81: <button class="text-tone-2 text-12 no-underline hover:underline px-xs py-xs flex ml-[3px] xs:ml-0 !b...
expander.js:1752 [Expander] Processing missed button 49/80: <button class="text-tone-2 text-12 no-underline hover:underline px-xs py-xs flex ml-[3px] xs:ml-0 !b...
expander.js:1752 [Expander] Processing missed button 14/68: <button aria-hidden="true" class="text-tone-2 text-12 no-underline hover:underline px-xs py-xs flex ...
expander.js:1752 [Expander] Processing missed button 61/92: <button class="text-tone-2 text-12 no-underline hover:underline px-xs py-xs flex ml-[3px] xs:ml-0 !b...
expander.js:1752 [Expander] Processing missed button 3/48: <button class="text-tone-2 text-12 no-underline hover:underline px-xs py-xs flex ml-[3px] xs:ml-0 !b...
expander.js:1752 [Expander] Processing missed button 25/81: <button aria-hidden="true" class="text-tone-2 text-12 no-underline hover:underline px-xs py-xs flex ...
expander.js:1752 [Expander] Processing missed button 44/82: <button aria-hidden="true" class="text-tone-2 text-12 no-underline hover:underline px-xs py-xs flex ...
expander.js:1752 [Expander] Processing missed button 20/73: <button class="text-tone-2 text-12 no-underline hover:underline px-xs py-xs flex ml-[3px] xs:ml-0 !b...
expander.js:1752 [Expander] Processing missed button 9/55: <button aria-hidden="true" class="text-tone-2 text-12 no-underline hover:underline px-xs py-xs flex ...
expander.js:1752 [Expander] Processing missed button 33/81: <button aria-hidden="true" class="text-tone-2 text-12 no-underline hover:underline px-xs py-xs flex ...
expander.js:1752 [Expander] Processing missed button 50/80: <button aria-hidden="true" class="text-tone-2 text-12 no-underline hover:underline px-xs py-xs flex ...
expander.js:1752 [Expander] Processing missed button 15/68: <button class="text-tone-2 text-12 no-underline hover:underline px-xs py-xs flex ml-[3px] xs:ml-0 !b...
expander.js:1234 [Expander] Processing missed button: collapsed
expander.js:1326 [Expander] Attempting to click expand button: <button class="text-tone-2 text-12 no-underline hover:underline px-xs py-xs flex ml-[3px] xs:ml-0 !bg-transparent !border-0" type="button" data-reddit-expander-processed="true" style="transition: box-shadow 0.3s; box-shadow: rgba(76, 175, 80, 0.4) 0px 0px 8px; border-radius: 4px;">
    <span class="text-neutral-content-strong mr-xs flex items-center"><svg rpl="" fill="currentColor" height="16" icon-name="join-outline" viewBox="0 0 20 20" width="16" xmlns="http://www.w3.org/2000/svg">
      <path d="M10.625 9.375H14v1.25h-3.375V14h-1.25v-3.375H6v-1.25h3.375V6h1.25v3.375ZM20 10A10 10 0 1 1 10 0a10.011 10.011 0 0 1 10 10Zm-1.25 0A8.75 8.75 0 1 0 10 18.75 8.76 8.76 0 0 0 18.75 10Z"></path>
    </svg></span>
    <span class="text-secondary-weak font-normal"><faceplate-number number="1"><!---->1</faceplate-number> more reply</span>
  </button>
expander.js:1234 [Expander] Processing missed button: collapsed
expander.js:1326 [Expander] Attempting to click expand button: <button aria-hidden="true" class="text-tone-2 text-12 no-underline hover:underline px-xs py-xs flex ml-[3px] xs:ml-0 !bg-transparent !border-0 invisible h-0 !p-0" type="button" data-reddit-expander-processed="true">
        
    <span class="text-neutral-content-strong mr-xs flex items-center"><svg rpl="" fill="currentColor" height="16" icon-name="join-outline" viewBox="0 0 20 20" width="16" xmlns="http://www.w3.org/2000/svg">
      <path d="M10.625 9.375H14v1.25h-3.375V14h-1.25v-3.375H6v-1.25h3.375V6h1.25v3.375ZM20 10A10 10 0 1 1 10 0a10.011 10.011 0 0 1 10 10Zm-1.25 0A8.75 8.75 0 1 0 10 18.75 8.76 8.76 0 0 0 18.75 10Z"></path>
    </svg></span>
    <span class="text-secondary-weak font-normal"><faceplate-number number="6"><!---->6</faceplate-number> more replies</span>
  
      </button>
expander.js:1752 [Expander] Processing missed button 62/92: <button aria-hidden="true" class="text-tone-2 text-12 no-underline hover:underline px-xs py-xs flex ...
expander.js:1752 [Expander] Processing missed button 4/48: <button aria-hidden="true" class="text-tone-2 text-12 no-underline hover:underline px-xs py-xs flex ...
expander.js:1752 [Expander] Processing missed button 26/81: <button class="text-tone-2 text-12 no-underline hover:underline px-xs py-xs flex ml-[3px] xs:ml-0 !b...
expander.js:1752 [Expander] Processing missed button 45/82: <button class="text-tone-2 text-12 no-underline hover:underline px-xs py-xs flex ml-[3px] xs:ml-0 !b...
expander.js:1752 [Expander] Processing missed button 21/73: <button aria-hidden="true" class="text-tone-2 text-12 no-underline hover:underline px-xs py-xs flex ...
expander.js:1752 [Expander] Processing missed button 10/55: <button class="text-tone-2 text-12 no-underline hover:underline px-xs py-xs flex ml-[3px] xs:ml-0 !b...
expander.js:1752 [Expander] Processing missed button 34/81: <button class="text-tone-2 text-12 no-underline hover:underline px-xs py-xs flex ml-[3px] xs:ml-0 !b...
expander.js:1752 [Expander] Processing missed button 51/80: <button class="text-tone-2 text-12 no-underline hover:underline px-xs py-xs flex ml-[3px] xs:ml-0 !b...
expander.js:1752 [Expander] Processing missed button 16/68: <button aria-hidden="true" class="text-tone-2 text-12 no-underline hover:underline px-xs py-xs flex ...
expander.js:1752 [Expander] Processing missed button 63/92: <button class="text-tone-2 text-12 no-underline hover:underline px-xs py-xs flex ml-[3px] xs:ml-0 !b...
expander.js:1752 [Expander] Processing missed button 5/48: <button class="text-tone-2 text-12 no-underline hover:underline px-xs py-xs flex ml-[3px] xs:ml-0 !b...
expander.js:1752 [Expander] Processing missed button 27/81: <button aria-hidden="true" class="text-tone-2 text-12 no-underline hover:underline px-xs py-xs flex ...
expander.js:1752 [Expander] Processing missed button 46/82: <button aria-hidden="true" class="text-tone-2 text-12 no-underline hover:underline px-xs py-xs flex ...
expander.js:1710 [Expander] Processing new content from scroll...
selector-factory.js:557 [SelectorFactory] Found 1 elements for "moreComments" using: #top-level-more-comments-partial
selector-factory.js:557 [SelectorFactory] Found 1 elements for "moreReplies" using: button[rpl][class*="button-small"][class*="button-plain"]
selector-factory.js:557 [SelectorFactory] Found 92 elements for "collapsed" using: shreddit-comment button:has(svg[icon-name="join-outline"])
selector-factory.js:557 [SelectorFactory] Found 6 elements for "continueThread" using: faceplate-partial[loading="lazy"]:not([id*="more-comments"])
shell-561c8d66.js:1 [SelectorFactory] No elements found for "crowdControl" in version "shReddit"
findElements @ selector-factory.js:560
getAllExpandableElements @ reddit-detector.js:191
scanAndExpandNewContent @ expander.js:1786
(anonymous) @ expander.js:1711
setTimeout
(anonymous) @ expander.js:1709
childList
(anonymous) @ shell-561c8d66.js:1
po @ shell-561c8d66.js:1
_renderContent @ shell-561c8d66.js:1
runner @ shell-561c8d66.js:4
_load @ shell-561c8d66.js:1
await in _load
(anonymous) @ shell-561c8d66.js:1
(anonymous) @ expander.js:1759
executeWithAbortHandling @ expander.js:377
(anonymous) @ expander.js:1758
shell-561c8d66.js:1 [SelectorFactory] Tried 2 selectors, 0 had errors
findElements @ selector-factory.js:561
getAllExpandableElements @ reddit-detector.js:191
scanAndExpandNewContent @ expander.js:1786
(anonymous) @ expander.js:1711
setTimeout
(anonymous) @ expander.js:1709
childList
(anonymous) @ shell-561c8d66.js:1
po @ shell-561c8d66.js:1
_renderContent @ shell-561c8d66.js:1
runner @ shell-561c8d66.js:4
_load @ shell-561c8d66.js:1
await in _load
(anonymous) @ shell-561c8d66.js:1
(anonymous) @ expander.js:1759
executeWithAbortHandling @ expander.js:377
(anonymous) @ expander.js:1758
selector-factory.js:568 [SelectorFactory] Trying smart fallback for "crowdControl"
selector-factory.js:679 [SelectorFactory] Using basic fallback: button (found 352 elements)
shell-561c8d66.js:1 [SelectorFactory] No elements found for "contestMode" in version "shReddit"
findElements @ selector-factory.js:560
getAllExpandableElements @ reddit-detector.js:191
scanAndExpandNewContent @ expander.js:1786
(anonymous) @ expander.js:1711
setTimeout
(anonymous) @ expander.js:1709
childList
(anonymous) @ shell-561c8d66.js:1
po @ shell-561c8d66.js:1
_renderContent @ shell-561c8d66.js:1
runner @ shell-561c8d66.js:4
_load @ shell-561c8d66.js:1
await in _load
(anonymous) @ shell-561c8d66.js:1
(anonymous) @ expander.js:1759
executeWithAbortHandling @ expander.js:377
(anonymous) @ expander.js:1758
shell-561c8d66.js:1 [SelectorFactory] Tried 2 selectors, 0 had errors
findElements @ selector-factory.js:561
getAllExpandableElements @ reddit-detector.js:191
scanAndExpandNewContent @ expander.js:1786
(anonymous) @ expander.js:1711
setTimeout
(anonymous) @ expander.js:1709
childList
(anonymous) @ shell-561c8d66.js:1
po @ shell-561c8d66.js:1
_renderContent @ shell-561c8d66.js:1
runner @ shell-561c8d66.js:4
_load @ shell-561c8d66.js:1
await in _load
(anonymous) @ shell-561c8d66.js:1
(anonymous) @ expander.js:1759
executeWithAbortHandling @ expander.js:377
(anonymous) @ expander.js:1758
selector-factory.js:568 [SelectorFactory] Trying smart fallback for "contestMode"
selector-factory.js:679 [SelectorFactory] Using basic fallback: button (found 352 elements)
shell-561c8d66.js:1 [SelectorFactory] No elements found for "deleted" in version "shReddit"
findElements @ selector-factory.js:560
getAllExpandableElements @ reddit-detector.js:191
scanAndExpandNewContent @ expander.js:1786
(anonymous) @ expander.js:1711
setTimeout
(anonymous) @ expander.js:1709
childList
(anonymous) @ shell-561c8d66.js:1
po @ shell-561c8d66.js:1
_renderContent @ shell-561c8d66.js:1
runner @ shell-561c8d66.js:4
_load @ shell-561c8d66.js:1
await in _load
(anonymous) @ shell-561c8d66.js:1
(anonymous) @ expander.js:1759
executeWithAbortHandling @ expander.js:377
(anonymous) @ expander.js:1758
shell-561c8d66.js:1 [SelectorFactory] Tried 2 selectors, 0 had errors
findElements @ selector-factory.js:561
getAllExpandableElements @ reddit-detector.js:191
scanAndExpandNewContent @ expander.js:1786
(anonymous) @ expander.js:1711
setTimeout
(anonymous) @ expander.js:1709
childList
(anonymous) @ shell-561c8d66.js:1
po @ shell-561c8d66.js:1
_renderContent @ shell-561c8d66.js:1
runner @ shell-561c8d66.js:4
_load @ shell-561c8d66.js:1
await in _load
(anonymous) @ shell-561c8d66.js:1
(anonymous) @ expander.js:1759
executeWithAbortHandling @ expander.js:377
(anonymous) @ expander.js:1758
selector-factory.js:568 [SelectorFactory] Trying smart fallback for "deleted"
selector-factory.js:679 [SelectorFactory] Using basic fallback: button (found 352 elements)
shell-561c8d66.js:1 [SelectorFactory] No elements found for "viewRest" in version "shReddit"
findElements @ selector-factory.js:560
getAllExpandableElements @ reddit-detector.js:191
scanAndExpandNewContent @ expander.js:1786
(anonymous) @ expander.js:1711
setTimeout
(anonymous) @ expander.js:1709
childList
(anonymous) @ shell-561c8d66.js:1
po @ shell-561c8d66.js:1
_renderContent @ shell-561c8d66.js:1
runner @ shell-561c8d66.js:4
_load @ shell-561c8d66.js:1
await in _load
(anonymous) @ shell-561c8d66.js:1
(anonymous) @ expander.js:1759
executeWithAbortHandling @ expander.js:377
(anonymous) @ expander.js:1758
shell-561c8d66.js:1 [SelectorFactory] Tried 2 selectors, 0 had errors
findElements @ selector-factory.js:561
getAllExpandableElements @ reddit-detector.js:191
scanAndExpandNewContent @ expander.js:1786
(anonymous) @ expander.js:1711
setTimeout
(anonymous) @ expander.js:1709
childList
(anonymous) @ shell-561c8d66.js:1
po @ shell-561c8d66.js:1
_renderContent @ shell-561c8d66.js:1
runner @ shell-561c8d66.js:4
_load @ shell-561c8d66.js:1
await in _load
(anonymous) @ shell-561c8d66.js:1
(anonymous) @ expander.js:1759
executeWithAbortHandling @ expander.js:377
(anonymous) @ expander.js:1758
selector-factory.js:568 [SelectorFactory] Trying smart fallback for "viewRest"
selector-factory.js:679 [SelectorFactory] Using basic fallback: button (found 352 elements)
reddit-detector.js:209 [RedditDetector] Found 359 unique expandable elements across all categories
reddit-detector.js:216 [RedditDetector] Elements by category: {moreComments: 1, moreReplies: 1, collapsed: 92, continueThread: 6, crowdControl: 259}
expander.js:1794 Found 294 new expandable elements from scroll, processing...
expander.js:1799 [Progress] Found 294 new elements during auto-scroll (total: 3889)
expander.js:1731 [Expander] Performing aggressive rescan for missed buttons...
expander.js:1746 [Expander] Found 45 unprocessed expandable buttons during aggressive rescan
expander.js:1234 [Expander] Processing missed button: collapsed
expander.js:1326 [Expander] Attempting to click expand button: <button aria-hidden="true" class="text-tone-2 text-12 no-underline hover:underline px-xs py-xs flex ml-[3px] xs:ml-0 !bg-transparent !border-0 invisible h-0 !p-0" type="button" data-reddit-expander-processed="true">
        
    <span class="text-neutral-content-strong mr-xs flex items-center"><svg rpl="" fill="currentColor" height="16" icon-name="join-outline" viewBox="0 0 20 20" width="16" xmlns="http://www.w3.org/2000/svg">
      <path d="M10.625 9.375H14v1.25h-3.375V14h-1.25v-3.375H6v-1.25h3.375V6h1.25v3.375ZM20 10A10 10 0 1 1 10 0a10.011 10.011 0 0 1 10 10Zm-1.25 0A8.75 8.75 0 1 0 10 18.75 8.76 8.76 0 0 0 18.75 10Z"></path>
    </svg></span>
    <span class="text-secondary-weak font-normal"><faceplate-number number="4"><!---->4</faceplate-number> more replies</span>
  
      </button>
expander.js:1752 [Expander] Processing missed button 22/73: <button class="text-tone-2 text-12 no-underline hover:underline px-xs py-xs flex ml-[3px] xs:ml-0 !b...
expander.js:1752 [Expander] Processing missed button 11/55: <button aria-hidden="true" class="text-tone-2 text-12 no-underline hover:underline px-xs py-xs flex ...
expander.js:1752 [Expander] Processing missed button 35/81: <button aria-hidden="true" class="text-tone-2 text-12 no-underline hover:underline px-xs py-xs flex ...
expander.js:1752 [Expander] Processing missed button 52/80: <button aria-hidden="true" class="text-tone-2 text-12 no-underline hover:underline px-xs py-xs flex ...
expander.js:1752 [Expander] Processing missed button 17/68: <button class="text-tone-2 text-12 no-underline hover:underline px-xs py-xs flex ml-[3px] xs:ml-0 !b...
expander.js:1752 [Expander] Processing missed button 64/92: <button aria-hidden="true" class="text-tone-2 text-12 no-underline hover:underline px-xs py-xs flex ...
expander.js:1752 [Expander] Processing missed button 6/48: <button aria-hidden="true" class="text-tone-2 text-12 no-underline hover:underline px-xs py-xs flex ...
expander.js:1752 [Expander] Processing missed button 28/81: <button class="text-tone-2 text-12 no-underline hover:underline px-xs py-xs flex ml-[3px] xs:ml-0 !b...
expander.js:1752 [Expander] Processing missed button 1/45: <button class="text-tone-2 text-12 no-underline hover:underline px-xs py-xs flex ml-[3px] xs:ml-0 !b...
expander.js:1752 [Expander] Processing missed button 47/82: <button class="text-tone-2 text-12 no-underline hover:underline px-xs py-xs flex ml-[3px] xs:ml-0 !b...
expander.js:1752 [Expander] Processing missed button 23/73: <button aria-hidden="true" class="text-tone-2 text-12 no-underline hover:underline px-xs py-xs flex ...
expander.js:1752 [Expander] Processing missed button 12/55: <button class="text-tone-2 text-12 no-underline hover:underline px-xs py-xs flex ml-[3px] xs:ml-0 !b...
expander.js:1752 [Expander] Processing missed button 36/81: <button class="text-tone-2 text-12 no-underline hover:underline px-xs py-xs flex ml-[3px] xs:ml-0 !b...
expander.js:1752 [Expander] Processing missed button 53/80: <button class="text-tone-2 text-12 no-underline hover:underline px-xs py-xs flex ml-[3px] xs:ml-0 !b...
expander.js:1752 [Expander] Processing missed button 18/68: <button aria-hidden="true" class="text-tone-2 text-12 no-underline hover:underline px-xs py-xs flex ...
expander.js:1752 [Expander] Processing missed button 65/92: <button class="text-tone-2 text-12 no-underline hover:underline px-xs py-xs flex ml-[3px] xs:ml-0 !b...
expander.js:1752 [Expander] Processing missed button 7/48: <button class="text-tone-2 text-12 no-underline hover:underline px-xs py-xs flex ml-[3px] xs:ml-0 !b...
expander.js:1234 [Expander] Processing missed button: collapsed
expander.js:1326 [Expander] Attempting to click expand button: <button class="text-tone-2 text-12 no-underline hover:underline px-xs py-xs flex ml-[3px] xs:ml-0 !bg-transparent !border-0" type="button" data-reddit-expander-processed="true">
    <span class="text-neutral-content-strong mr-xs flex items-center"><svg rpl="" fill="currentColor" height="16" icon-name="join-outline" viewBox="0 0 20 20" width="16" xmlns="http://www.w3.org/2000/svg">
      <path d="M10.625 9.375H14v1.25h-3.375V14h-1.25v-3.375H6v-1.25h3.375V6h1.25v3.375ZM20 10A10 10 0 1 1 10 0a10.011 10.011 0 0 1 10 10Zm-1.25 0A8.75 8.75 0 1 0 10 18.75 8.76 8.76 0 0 0 18.75 10Z"></path>
    </svg></span>
    <span class="text-secondary-weak font-normal"><faceplate-number number="8"><!---->8</faceplate-number> more replies</span>
  </button>
expander.js:1234 [Expander] Processing missed button: collapsed
expander.js:1326 [Expander] Attempting to click expand button: <button aria-hidden="true" class="text-tone-2 text-12 no-underline hover:underline px-xs py-xs flex ml-[3px] xs:ml-0 !bg-transparent !border-0 invisible h-0 !p-0" type="button" data-reddit-expander-processed="true" style="transition: box-shadow 0.3s; box-shadow: rgba(76, 175, 80, 0.4) 0px 0px 8px; border-radius: 4px;">
        
    <span class="text-neutral-content-strong mr-xs flex items-center"><svg rpl="" fill="currentColor" height="16" icon-name="join-outline" viewBox="0 0 20 20" width="16" xmlns="http://www.w3.org/2000/svg">
      <path d="M10.625 9.375H14v1.25h-3.375V14h-1.25v-3.375H6v-1.25h3.375V6h1.25v3.375ZM20 10A10 10 0 1 1 10 0a10.011 10.011 0 0 1 10 10Zm-1.25 0A8.75 8.75 0 1 0 10 18.75 8.76 8.76 0 0 0 18.75 10Z"></path>
    </svg></span>
    <span class="text-secondary-weak font-normal"><faceplate-number number="1"><!---->1</faceplate-number> more reply</span>
  
      </button>
expander.js:1234 [Expander] Processing missed button: collapsed
expander.js:1326 [Expander] Attempting to click expand button: <button class="text-tone-2 text-12 no-underline hover:underline px-xs py-xs flex ml-[3px] xs:ml-0 !bg-transparent !border-0" type="button" data-reddit-expander-processed="true">
    <span class="text-neutral-content-strong mr-xs flex items-center"><svg rpl="" fill="currentColor" height="16" icon-name="join-outline" viewBox="0 0 20 20" width="16" xmlns="http://www.w3.org/2000/svg">
      <path d="M10.625 9.375H14v1.25h-3.375V14h-1.25v-3.375H6v-1.25h3.375V6h1.25v3.375ZM20 10A10 10 0 1 1 10 0a10.011 10.011 0 0 1 10 10Zm-1.25 0A8.75 8.75 0 1 0 10 18.75 8.76 8.76 0 0 0 18.75 10Z"></path>
    </svg></span>
    <span class="text-secondary-weak font-normal"><faceplate-number number="1"><!---->1</faceplate-number> more reply</span>
  </button>
expander.js:1234 [Expander] Processing missed button: collapsed
expander.js:1326 [Expander] Attempting to click expand button: <button aria-hidden="true" class="text-tone-2 text-12 no-underline hover:underline px-xs py-xs flex ml-[3px] xs:ml-0 !bg-transparent !border-0 invisible h-0 !p-0" type="button" data-reddit-expander-processed="true">
        
    <span class="text-neutral-content-strong mr-xs flex items-center"><svg rpl="" fill="currentColor" height="16" icon-name="join-outline" viewBox="0 0 20 20" width="16" xmlns="http://www.w3.org/2000/svg">
      <path d="M10.625 9.375H14v1.25h-3.375V14h-1.25v-3.375H6v-1.25h3.375V6h1.25v3.375ZM20 10A10 10 0 1 1 10 0a10.011 10.011 0 0 1 10 10Zm-1.25 0A8.75 8.75 0 1 0 10 18.75 8.76 8.76 0 0 0 18.75 10Z"></path>
    </svg></span>
    <span class="text-secondary-weak font-normal"><faceplate-number number="1"><!---->1</faceplate-number> more reply</span>
  
      </button>
expander.js:1752 [Expander] Processing missed button 29/81: <button aria-hidden="true" class="text-tone-2 text-12 no-underline hover:underline px-xs py-xs flex ...
expander.js:1752 [Expander] Processing missed button 48/82: <button aria-hidden="true" class="text-tone-2 text-12 no-underline hover:underline px-xs py-xs flex ...
expander.js:1752 [Expander] Processing missed button 2/45: <button aria-hidden="true" class="text-tone-2 text-12 no-underline hover:underline px-xs py-xs flex ...
expander.js:1752 [Expander] Processing missed button 24/73: <button class="text-tone-2 text-12 no-underline hover:underline px-xs py-xs flex ml-[3px] xs:ml-0 !b...
expander.js:1234 [Expander] Processing missed button: collapsed
expander.js:1326 [Expander] Attempting to click expand button: <button class="text-tone-2 text-12 no-underline hover:underline px-xs py-xs flex ml-[3px] xs:ml-0 !bg-transparent !border-0" type="button" data-reddit-expander-processed="true">
    <span class="text-neutral-content-strong mr-xs flex items-center"><svg rpl="" fill="currentColor" height="16" icon-name="join-outline" viewBox="0 0 20 20" width="16" xmlns="http://www.w3.org/2000/svg">
      <path d="M10.625 9.375H14v1.25h-3.375V14h-1.25v-3.375H6v-1.25h3.375V6h1.25v3.375ZM20 10A10 10 0 1 1 10 0a10.011 10.011 0 0 1 10 10Zm-1.25 0A8.75 8.75 0 1 0 10 18.75 8.76 8.76 0 0 0 18.75 10Z"></path>
    </svg></span>
    <span class="text-secondary-weak font-normal"><faceplate-number number="1"><!---->1</faceplate-number> more reply</span>
  </button>
expander.js:1234 [Expander] Processing missed button: collapsed
expander.js:1326 [Expander] Attempting to click expand button: <button aria-hidden="true" class="text-tone-2 text-12 no-underline hover:underline px-xs py-xs flex ml-[3px] xs:ml-0 !bg-transparent !border-0 invisible h-0 !p-0" type="button" data-reddit-expander-processed="true">
        
    <span class="text-neutral-content-strong mr-xs flex items-center"><svg rpl="" fill="currentColor" height="16" icon-name="join-outline" viewBox="0 0 20 20" width="16" xmlns="http://www.w3.org/2000/svg">
      <path d="M10.625 9.375H14v1.25h-3.375V14h-1.25v-3.375H6v-1.25h3.375V6h1.25v3.375ZM20 10A10 10 0 1 1 10 0a10.011 10.011 0 0 1 10 10Zm-1.25 0A8.75 8.75 0 1 0 10 18.75 8.76 8.76 0 0 0 18.75 10Z"></path>
    </svg></span>
    <span class="text-secondary-weak font-normal"><faceplate-number number="2"><!---->2</faceplate-number> more replies</span>
  
      </button>
expander.js:1752 [Expander] Processing missed button 13/55: <button aria-hidden="true" class="text-tone-2 text-12 no-underline hover:underline px-xs py-xs flex ...
expander.js:1692 [Expander] New expandable content detected via scroll observer
expander.js:1752 [Expander] Processing missed button 37/81: <button aria-hidden="true" class="text-tone-2 text-12 no-underline hover:underline px-xs py-xs flex ...
expander.js:1752 [Expander] Processing missed button 54/80: <button aria-hidden="true" class="text-tone-2 text-12 no-underline hover:underline px-xs py-xs flex ...
expander.js:1752 [Expander] Processing missed button 19/68: <button class="text-tone-2 text-12 no-underline hover:underline px-xs py-xs flex ml-[3px] xs:ml-0 !b...
expander.js:1752 [Expander] Processing missed button 66/92: <button aria-hidden="true" class="text-tone-2 text-12 no-underline hover:underline px-xs py-xs flex ...
expander.js:1752 [Expander] Processing missed button 8/48: <button aria-hidden="true" class="text-tone-2 text-12 no-underline hover:underline px-xs py-xs flex ...
expander.js:1752 [Expander] Processing missed button 30/81: <button class="text-tone-2 text-12 no-underline hover:underline px-xs py-xs flex ml-[3px] xs:ml-0 !b...
expander.js:1752 [Expander] Processing missed button 49/82: <button class="text-tone-2 text-12 no-underline hover:underline px-xs py-xs flex ml-[3px] xs:ml-0 !b...
expander.js:1752 [Expander] Processing missed button 3/45: <button class="text-tone-2 text-12 no-underline hover:underline px-xs py-xs flex ml-[3px] xs:ml-0 !b...
expander.js:1752 [Expander] Processing missed button 25/73: <button aria-hidden="true" class="text-tone-2 text-12 no-underline hover:underline px-xs py-xs flex ...
expander.js:1752 [Expander] Processing missed button 14/55: <button class="text-tone-2 text-12 no-underline hover:underline px-xs py-xs flex ml-[3px] xs:ml-0 !b...
expander.js:1752 [Expander] Processing missed button 38/81: <button class="text-tone-2 text-12 no-underline hover:underline px-xs py-xs flex ml-[3px] xs:ml-0 !b...
expander.js:1752 [Expander] Processing missed button 55/80: <button class="text-tone-2 text-12 no-underline hover:underline px-xs py-xs flex ml-[3px] xs:ml-0 !b...
expander.js:1752 [Expander] Processing missed button 20/68: <button aria-hidden="true" class="text-tone-2 text-12 no-underline hover:underline px-xs py-xs flex ...
expander.js:1752 [Expander] Processing missed button 67/92: <button class="text-tone-2 text-12 no-underline hover:underline px-xs py-xs flex ml-[3px] xs:ml-0 !b...
expander.js:1752 [Expander] Processing missed button 9/48: <button class="text-tone-2 text-12 no-underline hover:underline px-xs py-xs flex ml-[3px] xs:ml-0 !b...
expander.js:1234 [Expander] Processing missed button: collapsed
expander.js:1326 [Expander] Attempting to click expand button: <button class="text-tone-2 text-12 no-underline hover:underline px-xs py-xs flex ml-[3px] xs:ml-0 !bg-transparent !border-0" type="button" data-reddit-expander-processed="true">
    <span class="text-neutral-content-strong mr-xs flex items-center"><svg rpl="" fill="currentColor" height="16" icon-name="join-outline" viewBox="0 0 20 20" width="16" xmlns="http://www.w3.org/2000/svg">
      <path d="M10.625 9.375H14v1.25h-3.375V14h-1.25v-3.375H6v-1.25h3.375V6h1.25v3.375ZM20 10A10 10 0 1 1 10 0a10.011 10.011 0 0 1 10 10Zm-1.25 0A8.75 8.75 0 1 0 10 18.75 8.76 8.76 0 0 0 18.75 10Z"></path>
    </svg></span>
    <span class="text-secondary-weak font-normal"><faceplate-number number="6"><!---->6</faceplate-number> more replies</span>
  </button>
expander.js:1752 [Expander] Processing missed button 31/81: <button aria-hidden="true" class="text-tone-2 text-12 no-underline hover:underline px-xs py-xs flex ...
expander.js:1752 [Expander] Processing missed button 50/82: <button aria-hidden="true" class="text-tone-2 text-12 no-underline hover:underline px-xs py-xs flex ...
expander.js:1752 [Expander] Processing missed button 4/45: <button aria-hidden="true" class="text-tone-2 text-12 no-underline hover:underline px-xs py-xs flex ...
expander.js:1752 [Expander] Processing missed button 26/73: <button class="text-tone-2 text-12 no-underline hover:underline px-xs py-xs flex ml-[3px] xs:ml-0 !b...
expander.js:1752 [Expander] Processing missed button 15/55: <button aria-hidden="true" class="text-tone-2 text-12 no-underline hover:underline px-xs py-xs flex ...
expander.js:1752 [Expander] Processing missed button 39/81: <button aria-hidden="true" class="text-tone-2 text-12 no-underline hover:underline px-xs py-xs flex ...
expander.js:1752 [Expander] Processing missed button 56/80: <button aria-hidden="true" class="text-tone-2 text-12 no-underline hover:underline px-xs py-xs flex ...
expander.js:1752 [Expander] Processing missed button 21/68: <button class="text-tone-2 text-12 no-underline hover:underline px-xs py-xs flex ml-[3px] xs:ml-0 !b...
expander.js:1234 [Expander] Processing missed button: collapsed
expander.js:1326 [Expander] Attempting to click expand button: <button class="text-tone-2 text-12 no-underline hover:underline px-xs py-xs flex ml-[3px] xs:ml-0 !bg-transparent !border-0" type="button" data-reddit-expander-processed="true">
    <span class="text-neutral-content-strong mr-xs flex items-center"><svg rpl="" fill="currentColor" height="16" icon-name="join-outline" viewBox="0 0 20 20" width="16" xmlns="http://www.w3.org/2000/svg">
      <path d="M10.625 9.375H14v1.25h-3.375V14h-1.25v-3.375H6v-1.25h3.375V6h1.25v3.375ZM20 10A10 10 0 1 1 10 0a10.011 10.011 0 0 1 10 10Zm-1.25 0A8.75 8.75 0 1 0 10 18.75 8.76 8.76 0 0 0 18.75 10Z"></path>
    </svg></span>
    <span class="text-secondary-weak font-normal"><faceplate-number number="4"><!---->4</faceplate-number> more replies</span>
  </button>
expander.js:1234 [Expander] Processing missed button: collapsed
expander.js:1326 [Expander] Attempting to click expand button: <button class="text-tone-2 text-12 no-underline hover:underline px-xs py-xs flex ml-[3px] xs:ml-0 !bg-transparent !border-0" type="button" data-reddit-expander-processed="true" style="">
    <span class="text-neutral-content-strong mr-xs flex items-center"><svg rpl="" fill="currentColor" height="16" icon-name="join-outline" viewBox="0 0 20 20" width="16" xmlns="http://www.w3.org/2000/svg">
      <path d="M10.625 9.375H14v1.25h-3.375V14h-1.25v-3.375H6v-1.25h3.375V6h1.25v3.375ZM20 10A10 10 0 1 1 10 0a10.011 10.011 0 0 1 10 10Zm-1.25 0A8.75 8.75 0 1 0 10 18.75 8.76 8.76 0 0 0 18.75 10Z"></path>
    </svg></span>
    <span class="text-secondary-weak font-normal"><faceplate-number number="4"><!---->4</faceplate-number> more replies</span>
  </button>
expander.js:1234 [Expander] Processing missed button: collapsed
expander.js:1326 [Expander] Attempting to click expand button: <button class="text-tone-2 text-12 no-underline hover:underline px-xs py-xs flex ml-[3px] xs:ml-0 !bg-transparent !border-0" type="button" data-reddit-expander-processed="true" style="">
    <span class="text-neutral-content-strong mr-xs flex items-center"><svg rpl="" fill="currentColor" height="16" icon-name="join-outline" viewBox="0 0 20 20" width="16" xmlns="http://www.w3.org/2000/svg">
      <path d="M10.625 9.375H14v1.25h-3.375V14h-1.25v-3.375H6v-1.25h3.375V6h1.25v3.375ZM20 10A10 10 0 1 1 10 0a10.011 10.011 0 0 1 10 10Zm-1.25 0A8.75 8.75 0 1 0 10 18.75 8.76 8.76 0 0 0 18.75 10Z"></path>
    </svg></span>
    <span class="text-secondary-weak font-normal"><faceplate-number number="1"><!---->1</faceplate-number> more reply</span>
  </button>
expander.js:1752 [Expander] Processing missed button 68/92: <button aria-hidden="true" class="text-tone-2 text-12 no-underline hover:underline px-xs py-xs flex ...
expander.js:1752 [Expander] Processing missed button 10/48: <button aria-hidden="true" class="text-tone-2 text-12 no-underline hover:underline px-xs py-xs flex ...
expander.js:1752 [Expander] Processing missed button 32/81: <button class="text-tone-2 text-12 no-underline hover:underline px-xs py-xs flex ml-[3px] xs:ml-0 !b...
expander.js:1752 [Expander] Processing missed button 51/82: <button class="text-tone-2 text-12 no-underline hover:underline px-xs py-xs flex ml-[3px] xs:ml-0 !b...
expander.js:1752 [Expander] Processing missed button 5/45: <button class="text-tone-2 text-12 no-underline hover:underline px-xs py-xs flex ml-[3px] xs:ml-0 !b...
expander.js:1752 [Expander] Processing missed button 27/73: <button aria-hidden="true" class="text-tone-2 text-12 no-underline hover:underline px-xs py-xs flex ...
expander.js:1752 [Expander] Processing missed button 16/55: <button class="text-tone-2 text-12 no-underline hover:underline px-xs py-xs flex ml-[3px] xs:ml-0 !b...
expander.js:1752 [Expander] Processing missed button 40/81: <button class="text-tone-2 text-12 no-underline hover:underline px-xs py-xs flex ml-[3px] xs:ml-0 !b...
expander.js:1752 [Expander] Processing missed button 57/80: <button class="text-tone-2 text-12 no-underline hover:underline px-xs py-xs flex ml-[3px] xs:ml-0 !b...
expander.js:1752 [Expander] Processing missed button 22/68: <button aria-hidden="true" class="text-tone-2 text-12 no-underline hover:underline px-xs py-xs flex ...
expander.js:1234 [Expander] Processing missed button: collapsed
expander.js:1326 [Expander] Attempting to click expand button: <button aria-hidden="true" class="text-tone-2 text-12 no-underline hover:underline px-xs py-xs flex ml-[3px] xs:ml-0 !bg-transparent !border-0 invisible h-0 !p-0" type="button" data-reddit-expander-processed="true">
        
    <span class="text-neutral-content-strong mr-xs flex items-center"><svg rpl="" fill="currentColor" height="16" icon-name="join-outline" viewBox="0 0 20 20" width="16" xmlns="http://www.w3.org/2000/svg">
      <path d="M10.625 9.375H14v1.25h-3.375V14h-1.25v-3.375H6v-1.25h3.375V6h1.25v3.375ZM20 10A10 10 0 1 1 10 0a10.011 10.011 0 0 1 10 10Zm-1.25 0A8.75 8.75 0 1 0 10 18.75 8.76 8.76 0 0 0 18.75 10Z"></path>
    </svg></span>
    <span class="text-secondary-weak font-normal"><faceplate-number number="1"><!---->1</faceplate-number> more reply</span>
  
      </button>
expander.js:1234 [Expander] Processing missed button: collapsed
expander.js:1326 [Expander] Attempting to click expand button: <button class="text-tone-2 text-12 no-underline hover:underline px-xs py-xs flex ml-[3px] xs:ml-0 !bg-transparent !border-0" type="button" data-reddit-expander-processed="true" style="">
    <span class="text-neutral-content-strong mr-xs flex items-center"><svg rpl="" fill="currentColor" height="16" icon-name="join-outline" viewBox="0 0 20 20" width="16" xmlns="http://www.w3.org/2000/svg">
      <path d="M10.625 9.375H14v1.25h-3.375V14h-1.25v-3.375H6v-1.25h3.375V6h1.25v3.375ZM20 10A10 10 0 1 1 10 0a10.011 10.011 0 0 1 10 10Zm-1.25 0A8.75 8.75 0 1 0 10 18.75 8.76 8.76 0 0 0 18.75 10Z"></path>
    </svg></span>
    <span class="text-secondary-weak font-normal"><faceplate-number number="2"><!---->2</faceplate-number> more replies</span>
  </button>
expander.js:1710 [Expander] Processing new content from scroll...
element-cache.js:166 [Cache] Hit rate: 85% | Miss rate: 15% | Size: 34 | Time saved: 100ms
selector-factory.js:557 [SelectorFactory] Found 1 elements for "moreComments" using: #top-level-more-comments-partial
selector-factory.js:557 [SelectorFactory] Found 1 elements for "moreReplies" using: button[rpl][class*="button-small"][class*="button-plain"]
selector-factory.js:557 [SelectorFactory] Found 92 elements for "collapsed" using: shreddit-comment button:has(svg[icon-name="join-outline"])
selector-factory.js:557 [SelectorFactory] Found 6 elements for "continueThread" using: faceplate-partial[loading="lazy"]:not([id*="more-comments"])
shell-561c8d66.js:1 [SelectorFactory] No elements found for "crowdControl" in version "shReddit"
findElements @ selector-factory.js:560
getAllExpandableElements @ reddit-detector.js:191
scanAndExpandNewContent @ expander.js:1786
(anonymous) @ expander.js:1711
setTimeout
(anonymous) @ expander.js:1709
childList
(anonymous) @ shell-561c8d66.js:1
po @ shell-561c8d66.js:1
_renderContent @ shell-561c8d66.js:1
runner @ shell-561c8d66.js:4
_load @ shell-561c8d66.js:1
await in _load
(anonymous) @ shell-561c8d66.js:1
(anonymous) @ expander.js:1759
executeWithAbortHandling @ expander.js:377
(anonymous) @ expander.js:1758
setTimeout
(anonymous) @ expander.js:1751
performAggressiveRescan @ expander.js:1749
(anonymous) @ expander.js:1714
setTimeout
(anonymous) @ expander.js:1709
childList
(anonymous) @ shell-561c8d66.js:1
po @ shell-561c8d66.js:1
_renderContent @ shell-561c8d66.js:1
runner @ shell-561c8d66.js:4
_load @ shell-561c8d66.js:1
await in _load
(anonymous) @ shell-561c8d66.js:1
(anonymous) @ expander.js:1759
executeWithAbortHandling @ expander.js:377
(anonymous) @ expander.js:1758
shell-561c8d66.js:1 [SelectorFactory] Tried 2 selectors, 0 had errors
findElements @ selector-factory.js:561
getAllExpandableElements @ reddit-detector.js:191
scanAndExpandNewContent @ expander.js:1786
(anonymous) @ expander.js:1711
setTimeout
(anonymous) @ expander.js:1709
childList
(anonymous) @ shell-561c8d66.js:1
po @ shell-561c8d66.js:1
_renderContent @ shell-561c8d66.js:1
runner @ shell-561c8d66.js:4
_load @ shell-561c8d66.js:1
await in _load
(anonymous) @ shell-561c8d66.js:1
(anonymous) @ expander.js:1759
executeWithAbortHandling @ expander.js:377
(anonymous) @ expander.js:1758
setTimeout
(anonymous) @ expander.js:1751
performAggressiveRescan @ expander.js:1749
(anonymous) @ expander.js:1714
setTimeout
(anonymous) @ expander.js:1709
childList
(anonymous) @ shell-561c8d66.js:1
po @ shell-561c8d66.js:1
_renderContent @ shell-561c8d66.js:1
runner @ shell-561c8d66.js:4
_load @ shell-561c8d66.js:1
await in _load
(anonymous) @ shell-561c8d66.js:1
(anonymous) @ expander.js:1759
executeWithAbortHandling @ expander.js:377
(anonymous) @ expander.js:1758
selector-factory.js:568 [SelectorFactory] Trying smart fallback for "crowdControl"
selector-factory.js:679 [SelectorFactory] Using basic fallback: button (found 352 elements)
shell-561c8d66.js:1 [SelectorFactory] No elements found for "contestMode" in version "shReddit"
findElements @ selector-factory.js:560
getAllExpandableElements @ reddit-detector.js:191
scanAndExpandNewContent @ expander.js:1786
(anonymous) @ expander.js:1711
setTimeout
(anonymous) @ expander.js:1709
childList
(anonymous) @ shell-561c8d66.js:1
po @ shell-561c8d66.js:1
_renderContent @ shell-561c8d66.js:1
runner @ shell-561c8d66.js:4
_load @ shell-561c8d66.js:1
await in _load
(anonymous) @ shell-561c8d66.js:1
(anonymous) @ expander.js:1759
executeWithAbortHandling @ expander.js:377
(anonymous) @ expander.js:1758
setTimeout
(anonymous) @ expander.js:1751
performAggressiveRescan @ expander.js:1749
(anonymous) @ expander.js:1714
setTimeout
(anonymous) @ expander.js:1709
childList
(anonymous) @ shell-561c8d66.js:1
po @ shell-561c8d66.js:1
_renderContent @ shell-561c8d66.js:1
runner @ shell-561c8d66.js:4
_load @ shell-561c8d66.js:1
await in _load
(anonymous) @ shell-561c8d66.js:1
(anonymous) @ expander.js:1759
executeWithAbortHandling @ expander.js:377
(anonymous) @ expander.js:1758
shell-561c8d66.js:1 [SelectorFactory] Tried 2 selectors, 0 had errors
findElements @ selector-factory.js:561
getAllExpandableElements @ reddit-detector.js:191
scanAndExpandNewContent @ expander.js:1786
(anonymous) @ expander.js:1711
setTimeout
(anonymous) @ expander.js:1709
childList
(anonymous) @ shell-561c8d66.js:1
po @ shell-561c8d66.js:1
_renderContent @ shell-561c8d66.js:1
runner @ shell-561c8d66.js:4
_load @ shell-561c8d66.js:1
await in _load
(anonymous) @ shell-561c8d66.js:1
(anonymous) @ expander.js:1759
executeWithAbortHandling @ expander.js:377
(anonymous) @ expander.js:1758
setTimeout
(anonymous) @ expander.js:1751
performAggressiveRescan @ expander.js:1749
(anonymous) @ expander.js:1714
setTimeout
(anonymous) @ expander.js:1709
childList
(anonymous) @ shell-561c8d66.js:1
po @ shell-561c8d66.js:1
_renderContent @ shell-561c8d66.js:1
runner @ shell-561c8d66.js:4
_load @ shell-561c8d66.js:1
await in _load
(anonymous) @ shell-561c8d66.js:1
(anonymous) @ expander.js:1759
executeWithAbortHandling @ expander.js:377
(anonymous) @ expander.js:1758
selector-factory.js:568 [SelectorFactory] Trying smart fallback for "contestMode"
selector-factory.js:679 [SelectorFactory] Using basic fallback: button (found 352 elements)
shell-561c8d66.js:1 [SelectorFactory] No elements found for "deleted" in version "shReddit"
findElements @ selector-factory.js:560
getAllExpandableElements @ reddit-detector.js:191
scanAndExpandNewContent @ expander.js:1786
(anonymous) @ expander.js:1711
setTimeout
(anonymous) @ expander.js:1709
childList
(anonymous) @ shell-561c8d66.js:1
po @ shell-561c8d66.js:1
_renderContent @ shell-561c8d66.js:1
runner @ shell-561c8d66.js:4
_load @ shell-561c8d66.js:1
await in _load
(anonymous) @ shell-561c8d66.js:1
(anonymous) @ expander.js:1759
executeWithAbortHandling @ expander.js:377
(anonymous) @ expander.js:1758
setTimeout
(anonymous) @ expander.js:1751
performAggressiveRescan @ expander.js:1749
(anonymous) @ expander.js:1714
setTimeout
(anonymous) @ expander.js:1709
childList
(anonymous) @ shell-561c8d66.js:1
po @ shell-561c8d66.js:1
_renderContent @ shell-561c8d66.js:1
runner @ shell-561c8d66.js:4
_load @ shell-561c8d66.js:1
await in _load
(anonymous) @ shell-561c8d66.js:1
(anonymous) @ expander.js:1759
executeWithAbortHandling @ expander.js:377
(anonymous) @ expander.js:1758
shell-561c8d66.js:1 [SelectorFactory] Tried 2 selectors, 0 had errors
findElements @ selector-factory.js:561
getAllExpandableElements @ reddit-detector.js:191
scanAndExpandNewContent @ expander.js:1786
(anonymous) @ expander.js:1711
setTimeout
(anonymous) @ expander.js:1709
childList
(anonymous) @ shell-561c8d66.js:1
po @ shell-561c8d66.js:1
_renderContent @ shell-561c8d66.js:1
runner @ shell-561c8d66.js:4
_load @ shell-561c8d66.js:1
await in _load
(anonymous) @ shell-561c8d66.js:1
(anonymous) @ expander.js:1759
executeWithAbortHandling @ expander.js:377
(anonymous) @ expander.js:1758
setTimeout
(anonymous) @ expander.js:1751
performAggressiveRescan @ expander.js:1749
(anonymous) @ expander.js:1714
setTimeout
(anonymous) @ expander.js:1709
childList
(anonymous) @ shell-561c8d66.js:1
po @ shell-561c8d66.js:1
_renderContent @ shell-561c8d66.js:1
runner @ shell-561c8d66.js:4
_load @ shell-561c8d66.js:1
await in _load
(anonymous) @ shell-561c8d66.js:1
(anonymous) @ expander.js:1759
executeWithAbortHandling @ expander.js:377
(anonymous) @ expander.js:1758
selector-factory.js:568 [SelectorFactory] Trying smart fallback for "deleted"
selector-factory.js:679 [SelectorFactory] Using basic fallback: button (found 352 elements)
shell-561c8d66.js:1 [SelectorFactory] No elements found for "viewRest" in version "shReddit"
findElements @ selector-factory.js:560
getAllExpandableElements @ reddit-detector.js:191
scanAndExpandNewContent @ expander.js:1786
(anonymous) @ expander.js:1711
setTimeout
(anonymous) @ expander.js:1709
childList
(anonymous) @ shell-561c8d66.js:1
po @ shell-561c8d66.js:1
_renderContent @ shell-561c8d66.js:1
runner @ shell-561c8d66.js:4
_load @ shell-561c8d66.js:1
await in _load
(anonymous) @ shell-561c8d66.js:1
(anonymous) @ expander.js:1759
executeWithAbortHandling @ expander.js:377
(anonymous) @ expander.js:1758
setTimeout
(anonymous) @ expander.js:1751
performAggressiveRescan @ expander.js:1749
(anonymous) @ expander.js:1714
setTimeout
(anonymous) @ expander.js:1709
childList
(anonymous) @ shell-561c8d66.js:1
po @ shell-561c8d66.js:1
_renderContent @ shell-561c8d66.js:1
runner @ shell-561c8d66.js:4
_load @ shell-561c8d66.js:1
await in _load
(anonymous) @ shell-561c8d66.js:1
(anonymous) @ expander.js:1759
executeWithAbortHandling @ expander.js:377
(anonymous) @ expander.js:1758
shell-561c8d66.js:1 [SelectorFactory] Tried 2 selectors, 0 had errors
findElements @ selector-factory.js:561
getAllExpandableElements @ reddit-detector.js:191
scanAndExpandNewContent @ expander.js:1786
(anonymous) @ expander.js:1711
setTimeout
(anonymous) @ expander.js:1709
childList
(anonymous) @ shell-561c8d66.js:1
po @ shell-561c8d66.js:1
_renderContent @ shell-561c8d66.js:1
runner @ shell-561c8d66.js:4
_load @ shell-561c8d66.js:1
await in _load
(anonymous) @ shell-561c8d66.js:1
(anonymous) @ expander.js:1759
executeWithAbortHandling @ expander.js:377
(anonymous) @ expander.js:1758
setTimeout
(anonymous) @ expander.js:1751
performAggressiveRescan @ expander.js:1749
(anonymous) @ expander.js:1714
setTimeout
(anonymous) @ expander.js:1709
childList
(anonymous) @ shell-561c8d66.js:1
po @ shell-561c8d66.js:1
_renderContent @ shell-561c8d66.js:1
runner @ shell-561c8d66.js:4
_load @ shell-561c8d66.js:1
await in _load
(anonymous) @ shell-561c8d66.js:1
(anonymous) @ expander.js:1759
executeWithAbortHandling @ expander.js:377
(anonymous) @ expander.js:1758
selector-factory.js:568 [SelectorFactory] Trying smart fallback for "viewRest"
selector-factory.js:679 [SelectorFactory] Using basic fallback: button (found 352 elements)
reddit-detector.js:209 [RedditDetector] Found 359 unique expandable elements across all categories
reddit-detector.js:216 [RedditDetector] Elements by category: {moreComments: 1, moreReplies: 1, collapsed: 92, continueThread: 6, crowdControl: 259}
expander.js:1794 Found 288 new expandable elements from scroll, processing...
expander.js:1799 [Progress] Found 288 new elements during auto-scroll (total: 4177)
expander.js:1731 [Expander] Performing aggressive rescan for missed buttons...
expander.js:1746 [Expander] Found 34 unprocessed expandable buttons during aggressive rescan
expander.js:1234 [Expander] Processing missed button: collapsed
expander.js:1326 [Expander] Attempting to click expand button: <button aria-hidden="true" class="text-tone-2 text-12 no-underline hover:underline px-xs py-xs flex ml-[3px] xs:ml-0 !bg-transparent !border-0 invisible h-0 !p-0" type="button" data-reddit-expander-processed="true">
        
    <span class="text-neutral-content-strong mr-xs flex items-center"><svg rpl="" fill="currentColor" height="16" icon-name="join-outline" viewBox="0 0 20 20" width="16" xmlns="http://www.w3.org/2000/svg">
      <path d="M10.625 9.375H14v1.25h-3.375V14h-1.25v-3.375H6v-1.25h3.375V6h1.25v3.375ZM20 10A10 10 0 1 1 10 0a10.011 10.011 0 0 1 10 10Zm-1.25 0A8.75 8.75 0 1 0 10 18.75 8.76 8.76 0 0 0 18.75 10Z"></path>
    </svg></span>
    <span class="text-secondary-weak font-normal"><faceplate-number number="4"><!---->4</faceplate-number> more replies</span>
  
      </button>
expander.js:1752 [Expander] Processing missed button 69/92: <button class="text-tone-2 text-12 no-underline hover:underline px-xs py-xs flex ml-[3px] xs:ml-0 !b...
expander.js:1752 [Expander] Processing missed button 11/48: <button class="text-tone-2 text-12 no-underline hover:underline px-xs py-xs flex ml-[3px] xs:ml-0 !b...
expander.js:1234 [Expander] Processing missed button: collapsed
expander.js:1326 [Expander] Attempting to click expand button: <button aria-hidden="true" class="text-tone-2 text-12 no-underline hover:underline px-xs py-xs flex ml-[3px] xs:ml-0 !bg-transparent !border-0 invisible h-0 !p-0" type="button" data-reddit-expander-processed="true" style="">
        
    <span class="text-neutral-content-strong mr-xs flex items-center"><svg rpl="" fill="currentColor" height="16" icon-name="join-outline" viewBox="0 0 20 20" width="16" xmlns="http://www.w3.org/2000/svg">
      <path d="M10.625 9.375H14v1.25h-3.375V14h-1.25v-3.375H6v-1.25h3.375V6h1.25v3.375ZM20 10A10 10 0 1 1 10 0a10.011 10.011 0 0 1 10 10Zm-1.25 0A8.75 8.75 0 1 0 10 18.75 8.76 8.76 0 0 0 18.75 10Z"></path>
    </svg></span>
    <span class="text-secondary-weak font-normal"><faceplate-number number="1"><!---->1</faceplate-number> more reply</span>
  
      </button>
expander.js:1234 [Expander] Processing missed button: collapsed
expander.js:1326 [Expander] Attempting to click expand button: <button class="text-tone-2 text-12 no-underline hover:underline px-xs py-xs flex ml-[3px] xs:ml-0 !bg-transparent !border-0" type="button" data-reddit-expander-processed="true">
    <span class="text-neutral-content-strong mr-xs flex items-center"><svg rpl="" fill="currentColor" height="16" icon-name="join-outline" viewBox="0 0 20 20" width="16" xmlns="http://www.w3.org/2000/svg">
      <path d="M10.625 9.375H14v1.25h-3.375V14h-1.25v-3.375H6v-1.25h3.375V6h1.25v3.375ZM20 10A10 10 0 1 1 10 0a10.011 10.011 0 0 1 10 10Zm-1.25 0A8.75 8.75 0 1 0 10 18.75 8.76 8.76 0 0 0 18.75 10Z"></path>
    </svg></span>
    <span class="text-secondary-weak font-normal"><faceplate-number number="1"><!---->1</faceplate-number> more reply</span>
  </button>
expander.js:1752 [Expander] Processing missed button 33/81: <button aria-hidden="true" class="text-tone-2 text-12 no-underline hover:underline px-xs py-xs flex ...
expander.js:1752 [Expander] Processing missed button 1/34: <button aria-hidden="true" class="text-tone-2 text-12 no-underline hover:underline px-xs py-xs flex ...
expander.js:1752 [Expander] Processing missed button 52/82: <button aria-hidden="true" class="text-tone-2 text-12 no-underline hover:underline px-xs py-xs flex ...
expander.js:1752 [Expander] Processing missed button 6/45: <button aria-hidden="true" class="text-tone-2 text-12 no-underline hover:underline px-xs py-xs flex ...
expander.js:1752 [Expander] Processing missed button 28/73: <button class="text-tone-2 text-12 no-underline hover:underline px-xs py-xs flex ml-[3px] xs:ml-0 !b...
expander.js:1752 [Expander] Processing missed button 17/55: <button aria-hidden="true" class="text-tone-2 text-12 no-underline hover:underline px-xs py-xs flex ...
expander.js:1752 [Expander] Processing missed button 41/81: <button aria-hidden="true" class="text-tone-2 text-12 no-underline hover:underline px-xs py-xs flex ...
expander.js:1752 [Expander] Processing missed button 58/80: <button aria-hidden="true" class="text-tone-2 text-12 no-underline hover:underline px-xs py-xs flex ...
expander.js:1752 [Expander] Processing missed button 23/68: <button class="text-tone-2 text-12 no-underline hover:underline px-xs py-xs flex ml-[3px] xs:ml-0 !b...
expander.js:1752 [Expander] Processing missed button 70/92: <button aria-hidden="true" class="text-tone-2 text-12 no-underline hover:underline px-xs py-xs flex ...
expander.js:1752 [Expander] Processing missed button 12/48: <button aria-hidden="true" class="text-tone-2 text-12 no-underline hover:underline px-xs py-xs flex ...
expander.js:1752 [Expander] Processing missed button 34/81: <button class="text-tone-2 text-12 no-underline hover:underline px-xs py-xs flex ml-[3px] xs:ml-0 !b...
expander.js:1752 [Expander] Processing missed button 53/82: <button class="text-tone-2 text-12 no-underline hover:underline px-xs py-xs flex ml-[3px] xs:ml-0 !b...
expander.js:1752 [Expander] Processing missed button 7/45: <button aria-hidden="true" class="text-tone-2 text-12 no-underline hover:underline px-xs py-xs flex ...
expander.js:1752 [Expander] Processing missed button 2/34: <button aria-hidden="true" class="text-tone-2 text-12 no-underline hover:underline px-xs py-xs flex ...
expander.js:1752 [Expander] Processing missed button 29/73: <button aria-hidden="true" class="text-tone-2 text-12 no-underline hover:underline px-xs py-xs flex ...
expander.js:1752 [Expander] Processing missed button 18/55: <button class="text-tone-2 text-12 no-underline hover:underline px-xs py-xs flex ml-[3px] xs:ml-0 !b...
expander.js:1752 [Expander] Processing missed button 42/81: <button class="text-tone-2 text-12 no-underline hover:underline px-xs py-xs flex ml-[3px] xs:ml-0 !b...
expander.js:1752 [Expander] Processing missed button 59/80: <button class="text-tone-2 text-12 no-underline hover:underline px-xs py-xs flex ml-[3px] xs:ml-0 !b...
expander.js:1752 [Expander] Processing missed button 24/68: <button aria-hidden="true" class="text-tone-2 text-12 no-underline hover:underline px-xs py-xs flex ...
expander.js:1234 [Expander] Processing missed button: collapsed
expander.js:1326 [Expander] Attempting to click expand button: <button aria-hidden="true" class="text-tone-2 text-12 no-underline hover:underline px-xs py-xs flex ml-[3px] xs:ml-0 !bg-transparent !border-0 invisible h-0 !p-0" type="button" data-reddit-expander-processed="true">
        
    <span class="text-neutral-content-strong mr-xs flex items-center"><svg rpl="" fill="currentColor" height="16" icon-name="join-outline" viewBox="0 0 20 20" width="16" xmlns="http://www.w3.org/2000/svg">
      <path d="M10.625 9.375H14v1.25h-3.375V14h-1.25v-3.375H6v-1.25h3.375V6h1.25v3.375ZM20 10A10 10 0 1 1 10 0a10.011 10.011 0 0 1 10 10Zm-1.25 0A8.75 8.75 0 1 0 10 18.75 8.76 8.76 0 0 0 18.75 10Z"></path>
    </svg></span>
    <span class="text-secondary-weak font-normal"><faceplate-number number="8"><!---->8</faceplate-number> more replies</span>
  
      </button>
expander.js:1234 [Expander] Processing missed button: collapsed
expander.js:1326 [Expander] Attempting to click expand button: <button class="text-tone-2 text-12 no-underline hover:underline px-xs py-xs flex ml-[3px] xs:ml-0 !bg-transparent !border-0" type="button" data-reddit-expander-processed="true" style="transition: box-shadow 0.3s; box-shadow: rgba(76, 175, 80, 0.4) 0px 0px 8px; border-radius: 4px;">
    <span class="text-neutral-content-strong mr-xs flex items-center"><svg rpl="" fill="currentColor" height="16" icon-name="join-outline" viewBox="0 0 20 20" width="16" xmlns="http://www.w3.org/2000/svg">
      <path d="M10.625 9.375H14v1.25h-3.375V14h-1.25v-3.375H6v-1.25h3.375V6h1.25v3.375ZM20 10A10 10 0 1 1 10 0a10.011 10.011 0 0 1 10 10Zm-1.25 0A8.75 8.75 0 1 0 10 18.75 8.76 8.76 0 0 0 18.75 10Z"></path>
    </svg></span>
    <span class="text-secondary-weak font-normal"><faceplate-number number="8"><!---->8</faceplate-number> more replies</span>
  </button>
expander.js:1234 [Expander] Processing missed button: collapsed
expander.js:1326 [Expander] Attempting to click expand button: <button aria-hidden="true" class="text-tone-2 text-12 no-underline hover:underline px-xs py-xs flex ml-[3px] xs:ml-0 !bg-transparent !border-0 invisible h-0 !p-0" type="button" data-reddit-expander-processed="true" style="">
        
    <span class="text-neutral-content-strong mr-xs flex items-center"><svg rpl="" fill="currentColor" height="16" icon-name="join-outline" viewBox="0 0 20 20" width="16" xmlns="http://www.w3.org/2000/svg">
      <path d="M10.625 9.375H14v1.25h-3.375V14h-1.25v-3.375H6v-1.25h3.375V6h1.25v3.375ZM20 10A10 10 0 1 1 10 0a10.011 10.011 0 0 1 10 10Zm-1.25 0A8.75 8.75 0 1 0 10 18.75 8.76 8.76 0 0 0 18.75 10Z"></path>
    </svg></span>
    <span class="text-secondary-weak font-normal"><faceplate-number number="1"><!---->1</faceplate-number> more reply</span>
  
      </button>
expander.js:1234 [Expander] Processing missed button: collapsed
expander.js:1326 [Expander] Attempting to click expand button: <button class="text-tone-2 text-12 no-underline hover:underline px-xs py-xs flex ml-[3px] xs:ml-0 !bg-transparent !border-0" type="button" data-reddit-expander-processed="true">
    <span class="text-neutral-content-strong mr-xs flex items-center"><svg rpl="" fill="currentColor" height="16" icon-name="join-outline" viewBox="0 0 20 20" width="16" xmlns="http://www.w3.org/2000/svg">
      <path d="M10.625 9.375H14v1.25h-3.375V14h-1.25v-3.375H6v-1.25h3.375V6h1.25v3.375ZM20 10A10 10 0 1 1 10 0a10.011 10.011 0 0 1 10 10Zm-1.25 0A8.75 8.75 0 1 0 10 18.75 8.76 8.76 0 0 0 18.75 10Z"></path>
    </svg></span>
    <span class="text-secondary-weak font-normal"><faceplate-number number="13"><!---->13</faceplate-number> more replies</span>
  </button>
expander.js:1692 [Expander] New expandable content detected via scroll observer
expander.js:1752 [Expander] Processing missed button 71/92: <button class="text-tone-2 text-12 no-underline hover:underline px-xs py-xs flex ml-[3px] xs:ml-0 !b...
expander.js:1752 [Expander] Processing missed button 13/48: <button class="text-tone-2 text-12 no-underline hover:underline px-xs py-xs flex ml-[3px] xs:ml-0 !b...
expander.js:1752 [Expander] Processing missed button 35/81: <button aria-hidden="true" class="text-tone-2 text-12 no-underline hover:underline px-xs py-xs flex ...
expander.js:1752 [Expander] Processing missed button 54/82: <button aria-hidden="true" class="text-tone-2 text-12 no-underline hover:underline px-xs py-xs flex ...
expander.js:1752 [Expander] Processing missed button 8/45: <button class="text-tone-2 text-12 no-underline hover:underline px-xs py-xs flex ml-[3px] xs:ml-0 !b...
expander.js:1752 [Expander] Processing missed button 3/34: <button class="text-tone-2 text-12 no-underline hover:underline px-xs py-xs flex ml-[3px] xs:ml-0 !b...
expander.js:1752 [Expander] Processing missed button 30/73: <button class="text-tone-2 text-12 no-underline hover:underline px-xs py-xs flex ml-[3px] xs:ml-0 !b...
expander.js:1752 [Expander] Processing missed button 19/55: <button aria-hidden="true" class="text-tone-2 text-12 no-underline hover:underline px-xs py-xs flex ...
expander.js:1752 [Expander] Processing missed button 43/81: <button aria-hidden="true" class="text-tone-2 text-12 no-underline hover:underline px-xs py-xs flex ...
expander.js:1752 [Expander] Processing missed button 60/80: <button aria-hidden="true" class="text-tone-2 text-12 no-underline hover:underline px-xs py-xs flex ...
expander.js:1752 [Expander] Processing missed button 25/68: <button class="text-tone-2 text-12 no-underline hover:underline px-xs py-xs flex ml-[3px] xs:ml-0 !b...
expander.js:1752 [Expander] Processing missed button 72/92: <button aria-hidden="true" class="text-tone-2 text-12 no-underline hover:underline px-xs py-xs flex ...
expander.js:1752 [Expander] Processing missed button 14/48: <button aria-hidden="true" class="text-tone-2 text-12 no-underline hover:underline px-xs py-xs flex ...
expander.js:1752 [Expander] Processing missed button 36/81: <button class="text-tone-2 text-12 no-underline hover:underline px-xs py-xs flex ml-[3px] xs:ml-0 !b...
expander.js:1752 [Expander] Processing missed button 55/82: <button class="text-tone-2 text-12 no-underline hover:underline px-xs py-xs flex ml-[3px] xs:ml-0 !b...
expander.js:1752 [Expander] Processing missed button 9/45: <button aria-hidden="true" class="text-tone-2 text-12 no-underline hover:underline px-xs py-xs flex ...
expander.js:1752 [Expander] Processing missed button 4/34: <button aria-hidden="true" class="text-tone-2 text-12 no-underline hover:underline px-xs py-xs flex ...
expander.js:1752 [Expander] Processing missed button 31/73: <button aria-hidden="true" class="text-tone-2 text-12 no-underline hover:underline px-xs py-xs flex ...
expander.js:1752 [Expander] Processing missed button 20/55: <button class="text-tone-2 text-12 no-underline hover:underline px-xs py-xs flex ml-[3px] xs:ml-0 !b...
expander.js:1752 [Expander] Processing missed button 44/81: <button class="text-tone-2 text-12 no-underline hover:underline px-xs py-xs flex ml-[3px] xs:ml-0 !b...
expander.js:1752 [Expander] Processing missed button 61/80: <button class="text-tone-2 text-12 no-underline hover:underline px-xs py-xs flex ml-[3px] xs:ml-0 !b...
expander.js:1752 [Expander] Processing missed button 26/68: <button aria-hidden="true" class="text-tone-2 text-12 no-underline hover:underline px-xs py-xs flex ...
expander.js:1752 [Expander] Processing missed button 73/92: <button class="text-tone-2 text-12 no-underline hover:underline px-xs py-xs flex ml-[3px] xs:ml-0 !b...
expander.js:1752 [Expander] Processing missed button 15/48: <button class="text-tone-2 text-12 no-underline hover:underline px-xs py-xs flex ml-[3px] xs:ml-0 !b...
expander.js:1234 [Expander] Processing missed button: collapsed
expander.js:1326 [Expander] Attempting to click expand button: <button aria-hidden="true" class="text-tone-2 text-12 no-underline hover:underline px-xs py-xs flex ml-[3px] xs:ml-0 !bg-transparent !border-0 invisible h-0 !p-0" type="button" data-reddit-expander-processed="true">
        
    <span class="text-neutral-content-strong mr-xs flex items-center"><svg rpl="" fill="currentColor" height="16" icon-name="join-outline" viewBox="0 0 20 20" width="16" xmlns="http://www.w3.org/2000/svg">
      <path d="M10.625 9.375H14v1.25h-3.375V14h-1.25v-3.375H6v-1.25h3.375V6h1.25v3.375ZM20 10A10 10 0 1 1 10 0a10.011 10.011 0 0 1 10 10Zm-1.25 0A8.75 8.75 0 1 0 10 18.75 8.76 8.76 0 0 0 18.75 10Z"></path>
    </svg></span>
    <span class="text-secondary-weak font-normal"><faceplate-number number="4"><!---->4</faceplate-number> more replies</span>
  
      </button>
expander.js:1234 [Expander] Processing missed button: collapsed
expander.js:1326 [Expander] Attempting to click expand button: <button aria-hidden="true" class="text-tone-2 text-12 no-underline hover:underline px-xs py-xs flex ml-[3px] xs:ml-0 !bg-transparent !border-0 invisible h-0 !p-0" type="button" data-reddit-expander-processed="true" style="">
        
    <span class="text-neutral-content-strong mr-xs flex items-center"><svg rpl="" fill="currentColor" height="16" icon-name="join-outline" viewBox="0 0 20 20" width="16" xmlns="http://www.w3.org/2000/svg">
      <path d="M10.625 9.375H14v1.25h-3.375V14h-1.25v-3.375H6v-1.25h3.375V6h1.25v3.375ZM20 10A10 10 0 1 1 10 0a10.011 10.011 0 0 1 10 10Zm-1.25 0A8.75 8.75 0 1 0 10 18.75 8.76 8.76 0 0 0 18.75 10Z"></path>
    </svg></span>
    <span class="text-secondary-weak font-normal"><faceplate-number number="4"><!---->4</faceplate-number> more replies</span>
  
      </button>
expander.js:1234 [Expander] Processing missed button: collapsed
expander.js:1326 [Expander] Attempting to click expand button: <button aria-hidden="true" class="text-tone-2 text-12 no-underline hover:underline px-xs py-xs flex ml-[3px] xs:ml-0 !bg-transparent !border-0 invisible h-0 !p-0" type="button" data-reddit-expander-processed="true" style="transition: box-shadow 0.3s; box-shadow: rgba(76, 175, 80, 0.4) 0px 0px 8px; border-radius: 4px;">
        
    <span class="text-neutral-content-strong mr-xs flex items-center"><svg rpl="" fill="currentColor" height="16" icon-name="join-outline" viewBox="0 0 20 20" width="16" xmlns="http://www.w3.org/2000/svg">
      <path d="M10.625 9.375H14v1.25h-3.375V14h-1.25v-3.375H6v-1.25h3.375V6h1.25v3.375ZM20 10A10 10 0 1 1 10 0a10.011 10.011 0 0 1 10 10Zm-1.25 0A8.75 8.75 0 1 0 10 18.75 8.76 8.76 0 0 0 18.75 10Z"></path>
    </svg></span>
    <span class="text-secondary-weak font-normal"><faceplate-number number="1"><!---->1</faceplate-number> more reply</span>
  
      </button>
expander.js:1234 [Expander] Processing missed button: collapsed
expander.js:1326 [Expander] Attempting to click expand button: <button class="text-tone-2 text-12 no-underline hover:underline px-xs py-xs flex ml-[3px] xs:ml-0 !bg-transparent !border-0" type="button" data-reddit-expander-processed="true">
    <span class="text-neutral-content-strong mr-xs flex items-center"><svg rpl="" fill="currentColor" height="16" icon-name="join-outline" viewBox="0 0 20 20" width="16" xmlns="http://www.w3.org/2000/svg">
      <path d="M10.625 9.375H14v1.25h-3.375V14h-1.25v-3.375H6v-1.25h3.375V6h1.25v3.375ZM20 10A10 10 0 1 1 10 0a10.011 10.011 0 0 1 10 10Zm-1.25 0A8.75 8.75 0 1 0 10 18.75 8.76 8.76 0 0 0 18.75 10Z"></path>
    </svg></span>
    <span class="text-secondary-weak font-normal"><faceplate-number number="2"><!---->2</faceplate-number> more replies</span>
  </button>
expander.js:1752 [Expander] Processing missed button 37/81: <button aria-hidden="true" class="text-tone-2 text-12 no-underline hover:underline px-xs py-xs flex ...
expander.js:1752 [Expander] Processing missed button 56/82: <button aria-hidden="true" class="text-tone-2 text-12 no-underline hover:underline px-xs py-xs flex ...
expander.js:1752 [Expander] Processing missed button 10/45: <button class="text-tone-2 text-12 no-underline hover:underline px-xs py-xs flex ml-[3px] xs:ml-0 !b...
expander.js:1752 [Expander] Processing missed button 5/34: <button class="text-tone-2 text-12 no-underline hover:underline px-xs py-xs flex ml-[3px] xs:ml-0 !b...
expander.js:1752 [Expander] Processing missed button 32/73: <button class="text-tone-2 text-12 no-underline hover:underline px-xs py-xs flex ml-[3px] xs:ml-0 !b...
expander.js:1752 [Expander] Processing missed button 21/55: <button aria-hidden="true" class="text-tone-2 text-12 no-underline hover:underline px-xs py-xs flex ...
expander.js:1752 [Expander] Processing missed button 45/81: <button aria-hidden="true" class="text-tone-2 text-12 no-underline hover:underline px-xs py-xs flex ...
expander.js:1752 [Expander] Processing missed button 62/80: <button aria-hidden="true" class="text-tone-2 text-12 no-underline hover:underline px-xs py-xs flex ...
expander.js:1752 [Expander] Processing missed button 27/68: <button class="text-tone-2 text-12 no-underline hover:underline px-xs py-xs flex ml-[3px] xs:ml-0 !b...
expander.js:1752 [Expander] Processing missed button 74/92: <button aria-hidden="true" class="text-tone-2 text-12 no-underline hover:underline px-xs py-xs flex ...
expander.js:1234 [Expander] Processing missed button: collapsed
expander.js:1326 [Expander] Attempting to click expand button: <button class="text-tone-2 text-12 no-underline hover:underline px-xs py-xs flex ml-[3px] xs:ml-0 !bg-transparent !border-0" type="button" data-reddit-expander-processed="true" style="transition: box-shadow 0.3s; box-shadow: rgba(76, 175, 80, 0.4) 0px 0px 8px; border-radius: 4px;">
    <span class="text-neutral-content-strong mr-xs flex items-center"><svg rpl="" fill="currentColor" height="16" icon-name="join-outline" viewBox="0 0 20 20" width="16" xmlns="http://www.w3.org/2000/svg">
      <path d="M10.625 9.375H14v1.25h-3.375V14h-1.25v-3.375H6v-1.25h3.375V6h1.25v3.375ZM20 10A10 10 0 1 1 10 0a10.011 10.011 0 0 1 10 10Zm-1.25 0A8.75 8.75 0 1 0 10 18.75 8.76 8.76 0 0 0 18.75 10Z"></path>
    </svg></span>
    <span class="text-secondary-weak font-normal"><faceplate-number number="1"><!---->1</faceplate-number> more reply</span>
  </button>
expander.js:1234 [Expander] Processing missed button: collapsed
expander.js:1326 [Expander] Attempting to click expand button: <button aria-hidden="true" class="text-tone-2 text-12 no-underline hover:underline px-xs py-xs flex ml-[3px] xs:ml-0 !bg-transparent !border-0 invisible h-0 !p-0" type="button" data-reddit-expander-processed="true">
        
    <span class="text-neutral-content-strong mr-xs flex items-center"><svg rpl="" fill="currentColor" height="16" icon-name="join-outline" viewBox="0 0 20 20" width="16" xmlns="http://www.w3.org/2000/svg">
      <path d="M10.625 9.375H14v1.25h-3.375V14h-1.25v-3.375H6v-1.25h3.375V6h1.25v3.375ZM20 10A10 10 0 1 1 10 0a10.011 10.011 0 0 1 10 10Zm-1.25 0A8.75 8.75 0 1 0 10 18.75 8.76 8.76 0 0 0 18.75 10Z"></path>
    </svg></span>
    <span class="text-secondary-weak font-normal"><faceplate-number number="1"><!---->1</faceplate-number> more reply</span>
  
      </button>
expander.js:1752 [Expander] Processing missed button 16/48: <button aria-hidden="true" class="text-tone-2 text-12 no-underline hover:underline px-xs py-xs flex ...
expander.js:1752 [Expander] Processing missed button 38/81: <button class="text-tone-2 text-12 no-underline hover:underline px-xs py-xs flex ml-[3px] xs:ml-0 !b...
expander.js:1752 [Expander] Processing missed button 57/82: <button class="text-tone-2 text-12 no-underline hover:underline px-xs py-xs flex ml-[3px] xs:ml-0 !b...
expander.js:1752 [Expander] Processing missed button 11/45: <button aria-hidden="true" class="text-tone-2 text-12 no-underline hover:underline px-xs py-xs flex ...
expander.js:1752 [Expander] Processing missed button 6/34: <button aria-hidden="true" class="text-tone-2 text-12 no-underline hover:underline px-xs py-xs flex ...
expander.js:1752 [Expander] Processing missed button 33/73: <button aria-hidden="true" class="text-tone-2 text-12 no-underline hover:underline px-xs py-xs flex ...
expander.js:1752 [Expander] Processing missed button 22/55: <button class="text-tone-2 text-12 no-underline hover:underline px-xs py-xs flex ml-[3px] xs:ml-0 !b...
expander.js:1752 [Expander] Processing missed button 46/81: <button class="text-tone-2 text-12 no-underline hover:underline px-xs py-xs flex ml-[3px] xs:ml-0 !b...
expander.js:1752 [Expander] Processing missed button 63/80: <button class="text-tone-2 text-12 no-underline hover:underline px-xs py-xs flex ml-[3px] xs:ml-0 !b...
expander.js:1752 [Expander] Processing missed button 28/68: <button aria-hidden="true" class="text-tone-2 text-12 no-underline hover:underline px-xs py-xs flex ...
expander.js:1234 [Expander] Processing missed button: collapsed
expander.js:1326 [Expander] Attempting to click expand button: <button aria-hidden="true" class="text-tone-2 text-12 no-underline hover:underline px-xs py-xs flex ml-[3px] xs:ml-0 !bg-transparent !border-0 invisible h-0 !p-0" type="button" data-reddit-expander-processed="true">
        
    <span class="text-neutral-content-strong mr-xs flex items-center"><svg rpl="" fill="currentColor" height="16" icon-name="join-outline" viewBox="0 0 20 20" width="16" xmlns="http://www.w3.org/2000/svg">
      <path d="M10.625 9.375H14v1.25h-3.375V14h-1.25v-3.375H6v-1.25h3.375V6h1.25v3.375ZM20 10A10 10 0 1 1 10 0a10.011 10.011 0 0 1 10 10Zm-1.25 0A8.75 8.75 0 1 0 10 18.75 8.76 8.76 0 0 0 18.75 10Z"></path>
    </svg></span>
    <span class="text-secondary-weak font-normal"><faceplate-number number="6"><!---->6</faceplate-number> more replies</span>
  
      </button>
expander.js:1710 [Expander] Processing new content from scroll...
selector-factory.js:557 [SelectorFactory] Found 1 elements for "moreComments" using: #top-level-more-comments-partial
selector-factory.js:557 [SelectorFactory] Found 1 elements for "moreReplies" using: button[rpl][class*="button-small"][class*="button-plain"]
selector-factory.js:557 [SelectorFactory] Found 92 elements for "collapsed" using: shreddit-comment button:has(svg[icon-name="join-outline"])
selector-factory.js:557 [SelectorFactory] Found 6 elements for "continueThread" using: faceplate-partial[loading="lazy"]:not([id*="more-comments"])
shell-561c8d66.js:1 [SelectorFactory] No elements found for "crowdControl" in version "shReddit"
findElements @ selector-factory.js:560
getAllExpandableElements @ reddit-detector.js:191
scanAndExpandNewContent @ expander.js:1786
(anonymous) @ expander.js:1711
setTimeout
(anonymous) @ expander.js:1709
childList
(anonymous) @ shell-561c8d66.js:1
po @ shell-561c8d66.js:1
_renderContent @ shell-561c8d66.js:1
runner @ shell-561c8d66.js:4
_load @ shell-561c8d66.js:1
await in _load
(anonymous) @ shell-561c8d66.js:1
(anonymous) @ expander.js:1759
executeWithAbortHandling @ expander.js:377
(anonymous) @ expander.js:1758
shell-561c8d66.js:1 [SelectorFactory] Tried 2 selectors, 0 had errors
findElements @ selector-factory.js:561
getAllExpandableElements @ reddit-detector.js:191
scanAndExpandNewContent @ expander.js:1786
(anonymous) @ expander.js:1711
setTimeout
(anonymous) @ expander.js:1709
childList
(anonymous) @ shell-561c8d66.js:1
po @ shell-561c8d66.js:1
_renderContent @ shell-561c8d66.js:1
runner @ shell-561c8d66.js:4
_load @ shell-561c8d66.js:1
await in _load
(anonymous) @ shell-561c8d66.js:1
(anonymous) @ expander.js:1759
executeWithAbortHandling @ expander.js:377
(anonymous) @ expander.js:1758
selector-factory.js:568 [SelectorFactory] Trying smart fallback for "crowdControl"
element-cache.js:166 [Cache] Hit rate: 86% | Miss rate: 14% | Size: 34 | Time saved: 113ms
selector-factory.js:679 [SelectorFactory] Using basic fallback: button (found 352 elements)
shell-561c8d66.js:1 [SelectorFactory] No elements found for "contestMode" in version "shReddit"
findElements @ selector-factory.js:560
getAllExpandableElements @ reddit-detector.js:191
scanAndExpandNewContent @ expander.js:1786
(anonymous) @ expander.js:1711
setTimeout
(anonymous) @ expander.js:1709
childList
(anonymous) @ shell-561c8d66.js:1
po @ shell-561c8d66.js:1
_renderContent @ shell-561c8d66.js:1
runner @ shell-561c8d66.js:4
_load @ shell-561c8d66.js:1
await in _load
(anonymous) @ shell-561c8d66.js:1
(anonymous) @ expander.js:1759
executeWithAbortHandling @ expander.js:377
(anonymous) @ expander.js:1758
shell-561c8d66.js:1 [SelectorFactory] Tried 2 selectors, 0 had errors
findElements @ selector-factory.js:561
getAllExpandableElements @ reddit-detector.js:191
scanAndExpandNewContent @ expander.js:1786
(anonymous) @ expander.js:1711
setTimeout
(anonymous) @ expander.js:1709
childList
(anonymous) @ shell-561c8d66.js:1
po @ shell-561c8d66.js:1
_renderContent @ shell-561c8d66.js:1
runner @ shell-561c8d66.js:4
_load @ shell-561c8d66.js:1
await in _load
(anonymous) @ shell-561c8d66.js:1
(anonymous) @ expander.js:1759
executeWithAbortHandling @ expander.js:377
(anonymous) @ expander.js:1758
selector-factory.js:568 [SelectorFactory] Trying smart fallback for "contestMode"
selector-factory.js:679 [SelectorFactory] Using basic fallback: button (found 352 elements)
shell-561c8d66.js:1 [SelectorFactory] No elements found for "deleted" in version "shReddit"
findElements @ selector-factory.js:560
getAllExpandableElements @ reddit-detector.js:191
scanAndExpandNewContent @ expander.js:1786
(anonymous) @ expander.js:1711
setTimeout
(anonymous) @ expander.js:1709
childList
(anonymous) @ shell-561c8d66.js:1
po @ shell-561c8d66.js:1
_renderContent @ shell-561c8d66.js:1
runner @ shell-561c8d66.js:4
_load @ shell-561c8d66.js:1
await in _load
(anonymous) @ shell-561c8d66.js:1
(anonymous) @ expander.js:1759
executeWithAbortHandling @ expander.js:377
(anonymous) @ expander.js:1758
shell-561c8d66.js:1 [SelectorFactory] Tried 2 selectors, 0 had errors
findElements @ selector-factory.js:561
getAllExpandableElements @ reddit-detector.js:191
scanAndExpandNewContent @ expander.js:1786
(anonymous) @ expander.js:1711
setTimeout
(anonymous) @ expander.js:1709
childList
(anonymous) @ shell-561c8d66.js:1
po @ shell-561c8d66.js:1
_renderContent @ shell-561c8d66.js:1
runner @ shell-561c8d66.js:4
_load @ shell-561c8d66.js:1
await in _load
(anonymous) @ shell-561c8d66.js:1
(anonymous) @ expander.js:1759
executeWithAbortHandling @ expander.js:377
(anonymous) @ expander.js:1758
selector-factory.js:568 [SelectorFactory] Trying smart fallback for "deleted"
selector-factory.js:679 [SelectorFactory] Using basic fallback: button (found 352 elements)
shell-561c8d66.js:1 [SelectorFactory] No elements found for "viewRest" in version "shReddit"
findElements @ selector-factory.js:560
getAllExpandableElements @ reddit-detector.js:191
scanAndExpandNewContent @ expander.js:1786
(anonymous) @ expander.js:1711
setTimeout
(anonymous) @ expander.js:1709
childList
(anonymous) @ shell-561c8d66.js:1
po @ shell-561c8d66.js:1
_renderContent @ shell-561c8d66.js:1
runner @ shell-561c8d66.js:4
_load @ shell-561c8d66.js:1
await in _load
(anonymous) @ shell-561c8d66.js:1
(anonymous) @ expander.js:1759
executeWithAbortHandling @ expander.js:377
(anonymous) @ expander.js:1758
shell-561c8d66.js:1 [SelectorFactory] Tried 2 selectors, 0 had errors
findElements @ selector-factory.js:561
getAllExpandableElements @ reddit-detector.js:191
scanAndExpandNewContent @ expander.js:1786
(anonymous) @ expander.js:1711
setTimeout
(anonymous) @ expander.js:1709
childList
(anonymous) @ shell-561c8d66.js:1
po @ shell-561c8d66.js:1
_renderContent @ shell-561c8d66.js:1
runner @ shell-561c8d66.js:4
_load @ shell-561c8d66.js:1
await in _load
(anonymous) @ shell-561c8d66.js:1
(anonymous) @ expander.js:1759
executeWithAbortHandling @ expander.js:377
(anonymous) @ expander.js:1758
selector-factory.js:568 [SelectorFactory] Trying smart fallback for "viewRest"
selector-factory.js:679 [SelectorFactory] Using basic fallback: button (found 352 elements)
reddit-detector.js:209 [RedditDetector] Found 359 unique expandable elements across all categories
reddit-detector.js:216 [RedditDetector] Elements by category: {moreComments: 1, moreReplies: 1, collapsed: 92, continueThread: 6, crowdControl: 259}
expander.js:1794 Found 282 new expandable elements from scroll, processing...
expander.js:1799 [Progress] Found 282 new elements during auto-scroll (total: 4459)
expander.js:1731 [Expander] Performing aggressive rescan for missed buttons...
expander.js:1746 [Expander] Found 29 unprocessed expandable buttons during aggressive rescan
expander.js:1234 [Expander] Processing missed button: collapsed
expander.js:1326 [Expander] Attempting to click expand button: <button aria-hidden="true" class="text-tone-2 text-12 no-underline hover:underline px-xs py-xs flex ml-[3px] xs:ml-0 !bg-transparent !border-0 invisible h-0 !p-0" type="button" data-reddit-expander-processed="true">
        
    <span class="text-neutral-content-strong mr-xs flex items-center"><svg rpl="" fill="currentColor" height="16" icon-name="join-outline" viewBox="0 0 20 20" width="16" xmlns="http://www.w3.org/2000/svg">
      <path d="M10.625 9.375H14v1.25h-3.375V14h-1.25v-3.375H6v-1.25h3.375V6h1.25v3.375ZM20 10A10 10 0 1 1 10 0a10.011 10.011 0 0 1 10 10Zm-1.25 0A8.75 8.75 0 1 0 10 18.75 8.76 8.76 0 0 0 18.75 10Z"></path>
    </svg></span>
    <span class="text-secondary-weak font-normal"><faceplate-number number="1"><!---->1</faceplate-number> more reply</span>
  
      </button>
expander.js:1752 [Expander] Processing missed button 75/92: <button class="text-tone-2 text-12 no-underline hover:underline px-xs py-xs flex ml-[3px] xs:ml-0 !b...
expander.js:1752 [Expander] Processing missed button 17/48: <button class="text-tone-2 text-12 no-underline hover:underline px-xs py-xs flex ml-[3px] xs:ml-0 !b...
expander.js:1752 [Expander] Processing missed button 39/81: <button aria-hidden="true" class="text-tone-2 text-12 no-underline hover:underline px-xs py-xs flex ...
expander.js:1752 [Expander] Processing missed button 58/82: <button aria-hidden="true" class="text-tone-2 text-12 no-underline hover:underline px-xs py-xs flex ...
expander.js:1752 [Expander] Processing missed button 12/45: <button class="text-tone-2 text-12 no-underline hover:underline px-xs py-xs flex ml-[3px] xs:ml-0 !b...
expander.js:1752 [Expander] Processing missed button 7/34: <button class="text-tone-2 text-12 no-underline hover:underline px-xs py-xs flex ml-[3px] xs:ml-0 !b...
expander.js:1752 [Expander] Processing missed button 34/73: <button class="text-tone-2 text-12 no-underline hover:underline px-xs py-xs flex ml-[3px] xs:ml-0 !b...
expander.js:1752 [Expander] Processing missed button 23/55: <button aria-hidden="true" class="text-tone-2 text-12 no-underline hover:underline px-xs py-xs flex ...
expander.js:1752 [Expander] Processing missed button 47/81: <button aria-hidden="true" class="text-tone-2 text-12 no-underline hover:underline px-xs py-xs flex ...
expander.js:1752 [Expander] Processing missed button 64/80: <button aria-hidden="true" class="text-tone-2 text-12 no-underline hover:underline px-xs py-xs flex ...
expander.js:1752 [Expander] Processing missed button 29/68: <button class="text-tone-2 text-12 no-underline hover:underline px-xs py-xs flex ml-[3px] xs:ml-0 !b...
expander.js:1234 [Expander] Processing missed button: collapsed
expander.js:1326 [Expander] Attempting to click expand button: <button class="text-tone-2 text-12 no-underline hover:underline px-xs py-xs flex ml-[3px] xs:ml-0 !bg-transparent !border-0" type="button" data-reddit-expander-processed="true" style="">
    <span class="text-neutral-content-strong mr-xs flex items-center"><svg rpl="" fill="currentColor" height="16" icon-name="join-outline" viewBox="0 0 20 20" width="16" xmlns="http://www.w3.org/2000/svg">
      <path d="M10.625 9.375H14v1.25h-3.375V14h-1.25v-3.375H6v-1.25h3.375V6h1.25v3.375ZM20 10A10 10 0 1 1 10 0a10.011 10.011 0 0 1 10 10Zm-1.25 0A8.75 8.75 0 1 0 10 18.75 8.76 8.76 0 0 0 18.75 10Z"></path>
    </svg></span>
    <span class="text-secondary-weak font-normal"><faceplate-number number="26"><!---->26</faceplate-number> more replies</span>
  </button>
expander.js:1234 [Expander] Processing missed button: collapsed
expander.js:1326 [Expander] Attempting to click expand button: <button aria-hidden="true" class="text-tone-2 text-12 no-underline hover:underline px-xs py-xs flex ml-[3px] xs:ml-0 !bg-transparent !border-0 invisible h-0 !p-0" type="button" data-reddit-expander-processed="true" style="transition: box-shadow 0.3s; box-shadow: rgba(76, 175, 80, 0.4) 0px 0px 8px; border-radius: 4px;">
        
    <span class="text-neutral-content-strong mr-xs flex items-center"><svg rpl="" fill="currentColor" height="16" icon-name="join-outline" viewBox="0 0 20 20" width="16" xmlns="http://www.w3.org/2000/svg">
      <path d="M10.625 9.375H14v1.25h-3.375V14h-1.25v-3.375H6v-1.25h3.375V6h1.25v3.375ZM20 10A10 10 0 1 1 10 0a10.011 10.011 0 0 1 10 10Zm-1.25 0A8.75 8.75 0 1 0 10 18.75 8.76 8.76 0 0 0 18.75 10Z"></path>
    </svg></span>
    <span class="text-secondary-weak font-normal"><faceplate-number number="8"><!---->8</faceplate-number> more replies</span>
  
      </button>
expander.js:1234 [Expander] Processing missed button: collapsed
expander.js:1326 [Expander] Attempting to click expand button: <button class="text-tone-2 text-12 no-underline hover:underline px-xs py-xs flex ml-[3px] xs:ml-0 !bg-transparent !border-0" type="button" data-reddit-expander-processed="true" style="">
    <span class="text-neutral-content-strong mr-xs flex items-center"><svg rpl="" fill="currentColor" height="16" icon-name="join-outline" viewBox="0 0 20 20" width="16" xmlns="http://www.w3.org/2000/svg">
      <path d="M10.625 9.375H14v1.25h-3.375V14h-1.25v-3.375H6v-1.25h3.375V6h1.25v3.375ZM20 10A10 10 0 1 1 10 0a10.011 10.011 0 0 1 10 10Zm-1.25 0A8.75 8.75 0 1 0 10 18.75 8.76 8.76 0 0 0 18.75 10Z"></path>
    </svg></span>
    <span class="text-secondary-weak font-normal"><faceplate-number number="11"><!---->11</faceplate-number> more replies</span>
  </button>
expander.js:1234 [Expander] Processing missed button: collapsed
expander.js:1326 [Expander] Attempting to click expand button: <button aria-hidden="true" class="text-tone-2 text-12 no-underline hover:underline px-xs py-xs flex ml-[3px] xs:ml-0 !bg-transparent !border-0 invisible h-0 !p-0" type="button" data-reddit-expander-processed="true">
        
    <span class="text-neutral-content-strong mr-xs flex items-center"><svg rpl="" fill="currentColor" height="16" icon-name="join-outline" viewBox="0 0 20 20" width="16" xmlns="http://www.w3.org/2000/svg">
      <path d="M10.625 9.375H14v1.25h-3.375V14h-1.25v-3.375H6v-1.25h3.375V6h1.25v3.375ZM20 10A10 10 0 1 1 10 0a10.011 10.011 0 0 1 10 10Zm-1.25 0A8.75 8.75 0 1 0 10 18.75 8.76 8.76 0 0 0 18.75 10Z"></path>
    </svg></span>
    <span class="text-secondary-weak font-normal"><faceplate-number number="13"><!---->13</faceplate-number> more replies</span>
  
      </button>
expander.js:1752 [Expander] Processing missed button 76/92: <button aria-hidden="true" class="text-tone-2 text-12 no-underline hover:underline px-xs py-xs flex ...
expander.js:1752 [Expander] Processing missed button 18/48: <button aria-hidden="true" class="text-tone-2 text-12 no-underline hover:underline px-xs py-xs flex ...
expander.js:1752 [Expander] Processing missed button 1/29: <button class="text-tone-2 text-12 no-underline hover:underline px-xs py-xs flex ml-[3px] xs:ml-0 !b...
expander.js:1752 [Expander] Processing missed button 40/81: <button class="text-tone-2 text-12 no-underline hover:underline px-xs py-xs flex ml-[3px] xs:ml-0 !b...
expander.js:1752 [Expander] Processing missed button 59/82: <button class="text-tone-2 text-12 no-underline hover:underline px-xs py-xs flex ml-[3px] xs:ml-0 !b...
expander.js:1752 [Expander] Processing missed button 13/45: <button aria-hidden="true" class="text-tone-2 text-12 no-underline hover:underline px-xs py-xs flex ...
expander.js:1752 [Expander] Processing missed button 8/34: <button aria-hidden="true" class="text-tone-2 text-12 no-underline hover:underline px-xs py-xs flex ...
expander.js:1234 [Expander] Processing missed button: collapsed
expander.js:1326 [Expander] Attempting to click expand button: <button class="text-tone-2 text-12 no-underline hover:underline px-xs py-xs flex ml-[3px] xs:ml-0 !bg-transparent !border-0" type="button" data-reddit-expander-processed="true">
    <span class="text-neutral-content-strong mr-xs flex items-center"><svg rpl="" fill="currentColor" height="16" icon-name="join-outline" viewBox="0 0 20 20" width="16" xmlns="http://www.w3.org/2000/svg">
      <path d="M10.625 9.375H14v1.25h-3.375V14h-1.25v-3.375H6v-1.25h3.375V6h1.25v3.375ZM20 10A10 10 0 1 1 10 0a10.011 10.011 0 0 1 10 10Zm-1.25 0A8.75 8.75 0 1 0 10 18.75 8.76 8.76 0 0 0 18.75 10Z"></path>
    </svg></span>
    <span class="text-secondary-weak font-normal"><faceplate-number number="9"><!---->9</faceplate-number> more replies</span>
  </button>
expander.js:1234 [Expander] Processing missed button: collapsed
expander.js:1326 [Expander] Attempting to click expand button: <button aria-hidden="true" class="text-tone-2 text-12 no-underline hover:underline px-xs py-xs flex ml-[3px] xs:ml-0 !bg-transparent !border-0 invisible h-0 !p-0" type="button" data-reddit-expander-processed="true" style="">
        
    <span class="text-neutral-content-strong mr-xs flex items-center"><svg rpl="" fill="currentColor" height="16" icon-name="join-outline" viewBox="0 0 20 20" width="16" xmlns="http://www.w3.org/2000/svg">
      <path d="M10.625 9.375H14v1.25h-3.375V14h-1.25v-3.375H6v-1.25h3.375V6h1.25v3.375ZM20 10A10 10 0 1 1 10 0a10.011 10.011 0 0 1 10 10Zm-1.25 0A8.75 8.75 0 1 0 10 18.75 8.76 8.76 0 0 0 18.75 10Z"></path>
    </svg></span>
    <span class="text-secondary-weak font-normal"><faceplate-number number="2"><!---->2</faceplate-number> more replies</span>
  
      </button>
expander.js:1752 [Expander] Processing missed button 35/73: <button aria-hidden="true" class="text-tone-2 text-12 no-underline hover:underline px-xs py-xs flex ...
expander.js:1752 [Expander] Processing missed button 24/55: <button class="text-tone-2 text-12 no-underline hover:underline px-xs py-xs flex ml-[3px] xs:ml-0 !b...
expander.js:1752 [Expander] Processing missed button 48/81: <button class="text-tone-2 text-12 no-underline hover:underline px-xs py-xs flex ml-[3px] xs:ml-0 !b...
expander.js:1752 [Expander] Processing missed button 65/80: <button class="text-tone-2 text-12 no-underline hover:underline px-xs py-xs flex ml-[3px] xs:ml-0 !b...
expander.js:1752 [Expander] Processing missed button 30/68: <button aria-hidden="true" class="text-tone-2 text-12 no-underline hover:underline px-xs py-xs flex ...
expander.js:1752 [Expander] Processing missed button 77/92: <button class="text-tone-2 text-12 no-underline hover:underline px-xs py-xs flex ml-[3px] xs:ml-0 !b...
expander.js:1752 [Expander] Processing missed button 19/48: <button class="text-tone-2 text-12 no-underline hover:underline px-xs py-xs flex ml-[3px] xs:ml-0 !b...
expander.js:1752 [Expander] Processing missed button 2/29: <button aria-hidden="true" class="text-tone-2 text-12 no-underline hover:underline px-xs py-xs flex ...
expander.js:1752 [Expander] Processing missed button 41/81: <button aria-hidden="true" class="text-tone-2 text-12 no-underline hover:underline px-xs py-xs flex ...
expander.js:1752 [Expander] Processing missed button 60/82: <button aria-hidden="true" class="text-tone-2 text-12 no-underline hover:underline px-xs py-xs flex ...
expander.js:1752 [Expander] Processing missed button 14/45: <button class="text-tone-2 text-12 no-underline hover:underline px-xs py-xs flex ml-[3px] xs:ml-0 !b...
expander.js:1752 [Expander] Processing missed button 9/34: <button class="text-tone-2 text-12 no-underline hover:underline px-xs py-xs flex ml-[3px] xs:ml-0 !b...
expander.js:1752 [Expander] Processing missed button 36/73: <button class="text-tone-2 text-12 no-underline hover:underline px-xs py-xs flex ml-[3px] xs:ml-0 !b...
expander.js:1752 [Expander] Processing missed button 25/55: <button aria-hidden="true" class="text-tone-2 text-12 no-underline hover:underline px-xs py-xs flex ...
expander.js:1752 [Expander] Processing missed button 49/81: <button aria-hidden="true" class="text-tone-2 text-12 no-underline hover:underline px-xs py-xs flex ...
expander.js:1752 [Expander] Processing missed button 66/80: <button aria-hidden="true" class="text-tone-2 text-12 no-underline hover:underline px-xs py-xs flex ...
expander.js:1752 [Expander] Processing missed button 31/68: <button class="text-tone-2 text-12 no-underline hover:underline px-xs py-xs flex ml-[3px] xs:ml-0 !b...
expander.js:1752 [Expander] Processing missed button 78/92: <button aria-hidden="true" class="text-tone-2 text-12 no-underline hover:underline px-xs py-xs flex ...
expander.js:1752 [Expander] Processing missed button 20/48: <button aria-hidden="true" class="text-tone-2 text-12 no-underline hover:underline px-xs py-xs flex ...
expander.js:1752 [Expander] Processing missed button 3/29: <button aria-hidden="true" class="text-tone-2 text-12 no-underline hover:underline px-xs py-xs flex ...
expander.js:1752 [Expander] Processing missed button 42/81: <button class="text-tone-2 text-12 no-underline hover:underline px-xs py-xs flex ml-[3px] xs:ml-0 !b...
expander.js:1752 [Expander] Processing missed button 61/82: <button class="text-tone-2 text-12 no-underline hover:underline px-xs py-xs flex ml-[3px] xs:ml-0 !b...
expander.js:1752 [Expander] Processing missed button 15/45: <button aria-hidden="true" class="text-tone-2 text-12 no-underline hover:underline px-xs py-xs flex ...
expander.js:1752 [Expander] Processing missed button 10/34: <button aria-hidden="true" class="text-tone-2 text-12 no-underline hover:underline px-xs py-xs flex ...
expander.js:1752 [Expander] Processing missed button 37/73: <button aria-hidden="true" class="text-tone-2 text-12 no-underline hover:underline px-xs py-xs flex ...
expander.js:1752 [Expander] Processing missed button 26/55: <button class="text-tone-2 text-12 no-underline hover:underline px-xs py-xs flex ml-[3px] xs:ml-0 !b...
expander.js:1692 [Expander] New expandable content detected via scroll observer
expander.js:1752 [Expander] Processing missed button 50/81: <button class="text-tone-2 text-12 no-underline hover:underline px-xs py-xs flex ml-[3px] xs:ml-0 !b...
expander.js:1752 [Expander] Processing missed button 67/80: <button class="text-tone-2 text-12 no-underline hover:underline px-xs py-xs flex ml-[3px] xs:ml-0 !b...
expander.js:1752 [Expander] Processing missed button 32/68: <button aria-hidden="true" class="text-tone-2 text-12 no-underline hover:underline px-xs py-xs flex ...
expander.js:1752 [Expander] Processing missed button 79/92: <button class="text-tone-2 text-12 no-underline hover:underline px-xs py-xs flex ml-[3px] xs:ml-0 !b...
expander.js:1752 [Expander] Processing missed button 21/48: <button class="text-tone-2 text-12 no-underline hover:underline px-xs py-xs flex ml-[3px] xs:ml-0 !b...
expander.js:1752 [Expander] Processing missed button 4/29: <button class="text-tone-2 text-12 no-underline hover:underline px-xs py-xs flex ml-[3px] xs:ml-0 !b...
expander.js:1234 [Expander] Processing missed button: collapsed
expander.js:1326 [Expander] Attempting to click expand button: <button class="text-tone-2 text-12 no-underline hover:underline px-xs py-xs flex ml-[3px] xs:ml-0 !bg-transparent !border-0" type="button" data-reddit-expander-processed="true">
    <span class="text-neutral-content-strong mr-xs flex items-center"><svg rpl="" fill="currentColor" height="16" icon-name="join-outline" viewBox="0 0 20 20" width="16" xmlns="http://www.w3.org/2000/svg">
      <path d="M10.625 9.375H14v1.25h-3.375V14h-1.25v-3.375H6v-1.25h3.375V6h1.25v3.375ZM20 10A10 10 0 1 1 10 0a10.011 10.011 0 0 1 10 10Zm-1.25 0A8.75 8.75 0 1 0 10 18.75 8.76 8.76 0 0 0 18.75 10Z"></path>
    </svg></span>
    <span class="text-secondary-weak font-normal"><faceplate-number number="1"><!---->1</faceplate-number> more reply</span>
  </button>
expander.js:1234 [Expander] Processing missed button: collapsed
expander.js:1326 [Expander] Attempting to click expand button: <button class="text-tone-2 text-12 no-underline hover:underline px-xs py-xs flex ml-[3px] xs:ml-0 !bg-transparent !border-0" type="button" data-reddit-expander-processed="true">
    <span class="text-neutral-content-strong mr-xs flex items-center"><svg rpl="" fill="currentColor" height="16" icon-name="join-outline" viewBox="0 0 20 20" width="16" xmlns="http://www.w3.org/2000/svg">
      <path d="M10.625 9.375H14v1.25h-3.375V14h-1.25v-3.375H6v-1.25h3.375V6h1.25v3.375ZM20 10A10 10 0 1 1 10 0a10.011 10.011 0 0 1 10 10Zm-1.25 0A8.75 8.75 0 1 0 10 18.75 8.76 8.76 0 0 0 18.75 10Z"></path>
    </svg></span>
    <span class="text-secondary-weak font-normal"><faceplate-number number="1"><!---->1</faceplate-number> more reply</span>
  </button>
expander.js:1752 [Expander] Processing missed button 43/81: <button aria-hidden="true" class="text-tone-2 text-12 no-underline hover:underline px-xs py-xs flex ...
expander.js:1752 [Expander] Processing missed button 62/82: <button aria-hidden="true" class="text-tone-2 text-12 no-underline hover:underline px-xs py-xs flex ...
expander.js:1752 [Expander] Processing missed button 16/45: <button class="text-tone-2 text-12 no-underline hover:underline px-xs py-xs flex ml-[3px] xs:ml-0 !b...
expander.js:1752 [Expander] Processing missed button 11/34: <button class="text-tone-2 text-12 no-underline hover:underline px-xs py-xs flex ml-[3px] xs:ml-0 !b...
expander.js:1752 [Expander] Processing missed button 38/73: <button class="text-tone-2 text-12 no-underline hover:underline px-xs py-xs flex ml-[3px] xs:ml-0 !b...
expander.js:1752 [Expander] Processing missed button 27/55: <button aria-hidden="true" class="text-tone-2 text-12 no-underline hover:underline px-xs py-xs flex ...
expander.js:1752 [Expander] Processing missed button 51/81: <button aria-hidden="true" class="text-tone-2 text-12 no-underline hover:underline px-xs py-xs flex ...
expander.js:1752 [Expander] Processing missed button 68/80: <button aria-hidden="true" class="text-tone-2 text-12 no-underline hover:underline px-xs py-xs flex ...
expander.js:1752 [Expander] Processing missed button 33/68: <button class="text-tone-2 text-12 no-underline hover:underline px-xs py-xs flex ml-[3px] xs:ml-0 !b...
expander.js:1234 [Expander] Processing missed button: collapsed
expander.js:1326 [Expander] Attempting to click expand button: <button class="text-tone-2 text-12 no-underline hover:underline px-xs py-xs flex ml-[3px] xs:ml-0 !bg-transparent !border-0" type="button" data-reddit-expander-processed="true">
    <span class="text-neutral-content-strong mr-xs flex items-center"><svg rpl="" fill="currentColor" height="16" icon-name="join-outline" viewBox="0 0 20 20" width="16" xmlns="http://www.w3.org/2000/svg">
      <path d="M10.625 9.375H14v1.25h-3.375V14h-1.25v-3.375H6v-1.25h3.375V6h1.25v3.375ZM20 10A10 10 0 1 1 10 0a10.011 10.011 0 0 1 10 10Zm-1.25 0A8.75 8.75 0 1 0 10 18.75 8.76 8.76 0 0 0 18.75 10Z"></path>
    </svg></span>
    <span class="text-secondary-weak font-normal"><faceplate-number number="3"><!---->3</faceplate-number> more replies</span>
  </button>
expander.js:1234 [Expander] Processing missed button: collapsed
expander.js:1326 [Expander] Attempting to click expand button: <button class="text-tone-2 text-12 no-underline hover:underline px-xs py-xs flex ml-[3px] xs:ml-0 !bg-transparent !border-0" type="button" data-reddit-expander-processed="true" style="">
    <span class="text-neutral-content-strong mr-xs flex items-center"><svg rpl="" fill="currentColor" height="16" icon-name="join-outline" viewBox="0 0 20 20" width="16" xmlns="http://www.w3.org/2000/svg">
      <path d="M10.625 9.375H14v1.25h-3.375V14h-1.25v-3.375H6v-1.25h3.375V6h1.25v3.375ZM20 10A10 10 0 1 1 10 0a10.011 10.011 0 0 1 10 10Zm-1.25 0A8.75 8.75 0 1 0 10 18.75 8.76 8.76 0 0 0 18.75 10Z"></path>
    </svg></span>
    <span class="text-secondary-weak font-normal"><faceplate-number number="1"><!---->1</faceplate-number> more reply</span>
  </button>
expander.js:1234 [Expander] Processing missed button: collapsed
expander.js:1326 [Expander] Attempting to click expand button: <button class="text-tone-2 text-12 no-underline hover:underline px-xs py-xs flex ml-[3px] xs:ml-0 !bg-transparent !border-0" type="button" data-reddit-expander-processed="true" style="">
    <span class="text-neutral-content-strong mr-xs flex items-center"><svg rpl="" fill="currentColor" height="16" icon-name="join-outline" viewBox="0 0 20 20" width="16" xmlns="http://www.w3.org/2000/svg">
      <path d="M10.625 9.375H14v1.25h-3.375V14h-1.25v-3.375H6v-1.25h3.375V6h1.25v3.375ZM20 10A10 10 0 1 1 10 0a10.011 10.011 0 0 1 10 10Zm-1.25 0A8.75 8.75 0 1 0 10 18.75 8.76 8.76 0 0 0 18.75 10Z"></path>
    </svg></span>
    <span class="text-secondary-weak font-normal"><faceplate-number number="1"><!---->1</faceplate-number> more reply</span>
  </button>
expander.js:1234 [Expander] Processing missed button: collapsed
expander.js:1326 [Expander] Attempting to click expand button: <button aria-hidden="true" class="text-tone-2 text-12 no-underline hover:underline px-xs py-xs flex ml-[3px] xs:ml-0 !bg-transparent !border-0 invisible h-0 !p-0" type="button" data-reddit-expander-processed="true">
        
    <span class="text-neutral-content-strong mr-xs flex items-center"><svg rpl="" fill="currentColor" height="16" icon-name="join-outline" viewBox="0 0 20 20" width="16" xmlns="http://www.w3.org/2000/svg">
      <path d="M10.625 9.375H14v1.25h-3.375V14h-1.25v-3.375H6v-1.25h3.375V6h1.25v3.375ZM20 10A10 10 0 1 1 10 0a10.011 10.011 0 0 1 10 10Zm-1.25 0A8.75 8.75 0 1 0 10 18.75 8.76 8.76 0 0 0 18.75 10Z"></path>
    </svg></span>
    <span class="text-secondary-weak font-normal"><faceplate-number number="2"><!---->2</faceplate-number> more replies</span>
  
      </button>
expander.js:1752 [Expander] Processing missed button 80/92: <button aria-hidden="true" class="text-tone-2 text-12 no-underline hover:underline px-xs py-xs flex ...
expander.js:1752 [Expander] Processing missed button 22/48: <button aria-hidden="true" class="text-tone-2 text-12 no-underline hover:underline px-xs py-xs flex ...
expander.js:1752 [Expander] Processing missed button 5/29: <button aria-hidden="true" class="text-tone-2 text-12 no-underline hover:underline px-xs py-xs flex ...
expander.js:1752 [Expander] Processing missed button 44/81: <button class="text-tone-2 text-12 no-underline hover:underline px-xs py-xs flex ml-[3px] xs:ml-0 !b...
expander.js:1752 [Expander] Processing missed button 63/82: <button class="text-tone-2 text-12 no-underline hover:underline px-xs py-xs flex ml-[3px] xs:ml-0 !b...
expander.js:1752 [Expander] Processing missed button 17/45: <button aria-hidden="true" class="text-tone-2 text-12 no-underline hover:underline px-xs py-xs flex ...
expander.js:1752 [Expander] Processing missed button 12/34: <button aria-hidden="true" class="text-tone-2 text-12 no-underline hover:underline px-xs py-xs flex ...
expander.js:1752 [Expander] Processing missed button 39/73: <button aria-hidden="true" class="text-tone-2 text-12 no-underline hover:underline px-xs py-xs flex ...
expander.js:1752 [Expander] Processing missed button 28/55: <button class="text-tone-2 text-12 no-underline hover:underline px-xs py-xs flex ml-[3px] xs:ml-0 !b...
expander.js:1752 [Expander] Processing missed button 52/81: <button class="text-tone-2 text-12 no-underline hover:underline px-xs py-xs flex ml-[3px] xs:ml-0 !b...
expander.js:1752 [Expander] Processing missed button 69/80: <button class="text-tone-2 text-12 no-underline hover:underline px-xs py-xs flex ml-[3px] xs:ml-0 !b...
expander.js:1752 [Expander] Processing missed button 34/68: <button aria-hidden="true" class="text-tone-2 text-12 no-underline hover:underline px-xs py-xs flex ...
expander.js:1752 [Expander] Processing missed button 81/92: <button class="text-tone-2 text-12 no-underline hover:underline px-xs py-xs flex ml-[3px] xs:ml-0 !b...
expander.js:1752 [Expander] Processing missed button 23/48: <button class="text-tone-2 text-12 no-underline hover:underline px-xs py-xs flex ml-[3px] xs:ml-0 !b...
expander.js:1752 [Expander] Processing missed button 6/29: <button class="text-tone-2 text-12 no-underline hover:underline px-xs py-xs flex ml-[3px] xs:ml-0 !b...
expander.js:1752 [Expander] Processing missed button 45/81: <button aria-hidden="true" class="text-tone-2 text-12 no-underline hover:underline px-xs py-xs flex ...
expander.js:1752 [Expander] Processing missed button 64/82: <button aria-hidden="true" class="text-tone-2 text-12 no-underline hover:underline px-xs py-xs flex ...
expander.js:1752 [Expander] Processing missed button 18/45: <button class="text-tone-2 text-12 no-underline hover:underline px-xs py-xs flex ml-[3px] xs:ml-0 !b...
expander.js:1752 [Expander] Processing missed button 13/34: <button class="text-tone-2 text-12 no-underline hover:underline px-xs py-xs flex ml-[3px] xs:ml-0 !b...
expander.js:1752 [Expander] Processing missed button 40/73: <button class="text-tone-2 text-12 no-underline hover:underline px-xs py-xs flex ml-[3px] xs:ml-0 !b...
expander.js:1752 [Expander] Processing missed button 29/55: <button aria-hidden="true" class="text-tone-2 text-12 no-underline hover:underline px-xs py-xs flex ...
expander.js:1752 [Expander] Processing missed button 53/81: <button aria-hidden="true" class="text-tone-2 text-12 no-underline hover:underline px-xs py-xs flex ...
expander.js:1752 [Expander] Processing missed button 70/80: <button aria-hidden="true" class="text-tone-2 text-12 no-underline hover:underline px-xs py-xs flex ...
expander.js:1752 [Expander] Processing missed button 35/68: <button class="text-tone-2 text-12 no-underline hover:underline px-xs py-xs flex ml-[3px] xs:ml-0 !b...
expander.js:1234 [Expander] Processing missed button: collapsed
expander.js:1326 [Expander] Attempting to click expand button: <button aria-hidden="true" class="text-tone-2 text-12 no-underline hover:underline px-xs py-xs flex ml-[3px] xs:ml-0 !bg-transparent !border-0 invisible h-0 !p-0" type="button" data-reddit-expander-processed="true">
        
    <span class="text-neutral-content-strong mr-xs flex items-center"><svg rpl="" fill="currentColor" height="16" icon-name="join-outline" viewBox="0 0 20 20" width="16" xmlns="http://www.w3.org/2000/svg">
      <path d="M10.625 9.375H14v1.25h-3.375V14h-1.25v-3.375H6v-1.25h3.375V6h1.25v3.375ZM20 10A10 10 0 1 1 10 0a10.011 10.011 0 0 1 10 10Zm-1.25 0A8.75 8.75 0 1 0 10 18.75 8.76 8.76 0 0 0 18.75 10Z"></path>
    </svg></span>
    <span class="text-secondary-weak font-normal"><faceplate-number number="9"><!---->9</faceplate-number> more replies</span>
  
      </button>
expander.js:1234 [Expander] Processing missed button: collapsed
expander.js:1326 [Expander] Attempting to click expand button: <button class="text-tone-2 text-12 no-underline hover:underline px-xs py-xs flex ml-[3px] xs:ml-0 !bg-transparent !border-0" type="button" data-reddit-expander-processed="true" style="">
    <span class="text-neutral-content-strong mr-xs flex items-center"><svg rpl="" fill="currentColor" height="16" icon-name="join-outline" viewBox="0 0 20 20" width="16" xmlns="http://www.w3.org/2000/svg">
      <path d="M10.625 9.375H14v1.25h-3.375V14h-1.25v-3.375H6v-1.25h3.375V6h1.25v3.375ZM20 10A10 10 0 1 1 10 0a10.011 10.011 0 0 1 10 10Zm-1.25 0A8.75 8.75 0 1 0 10 18.75 8.76 8.76 0 0 0 18.75 10Z"></path>
    </svg></span>
    <span class="text-secondary-weak font-normal"><faceplate-number number="1"><!---->1</faceplate-number> more reply</span>
  </button>
expander.js:1752 [Expander] Processing missed button 82/92: <button aria-hidden="true" class="text-tone-2 text-12 no-underline hover:underline px-xs py-xs flex ...
expander.js:1752 [Expander] Processing missed button 24/48: <button aria-hidden="true" class="text-tone-2 text-12 no-underline hover:underline px-xs py-xs flex ...
expander.js:1752 [Expander] Processing missed button 7/29: <button aria-hidden="true" class="text-tone-2 text-12 no-underline hover:underline px-xs py-xs flex ...
expander.js:1752 [Expander] Processing missed button 46/81: <button class="text-tone-2 text-12 no-underline hover:underline px-xs py-xs flex ml-[3px] xs:ml-0 !b...
expander.js:1752 [Expander] Processing missed button 65/82: <button class="text-tone-2 text-12 no-underline hover:underline px-xs py-xs flex ml-[3px] xs:ml-0 !b...
expander.js:1752 [Expander] Processing missed button 19/45: <button aria-hidden="true" class="text-tone-2 text-12 no-underline hover:underline px-xs py-xs flex ...
expander.js:1752 [Expander] Processing missed button 14/34: <button aria-hidden="true" class="text-tone-2 text-12 no-underline hover:underline px-xs py-xs flex ...
expander.js:1752 [Expander] Processing missed button 41/73: <button aria-hidden="true" class="text-tone-2 text-12 no-underline hover:underline px-xs py-xs flex ...
expander.js:1752 [Expander] Processing missed button 30/55: <button class="text-tone-2 text-12 no-underline hover:underline px-xs py-xs flex ml-[3px] xs:ml-0 !b...
expander.js:1710 [Expander] Processing new content from scroll...
selector-factory.js:557 [SelectorFactory] Found 1 elements for "moreComments" using: #top-level-more-comments-partial
selector-factory.js:557 [SelectorFactory] Found 1 elements for "moreReplies" using: button[rpl][class*="button-small"][class*="button-plain"]
selector-factory.js:557 [SelectorFactory] Found 92 elements for "collapsed" using: shreddit-comment button:has(svg[icon-name="join-outline"])
selector-factory.js:557 [SelectorFactory] Found 6 elements for "continueThread" using: faceplate-partial[loading="lazy"]:not([id*="more-comments"])
shell-561c8d66.js:1 [SelectorFactory] No elements found for "crowdControl" in version "shReddit"
findElements @ selector-factory.js:560
getAllExpandableElements @ reddit-detector.js:191
scanAndExpandNewContent @ expander.js:1786
(anonymous) @ expander.js:1711
setTimeout
(anonymous) @ expander.js:1709
childList
(anonymous) @ shell-561c8d66.js:1
po @ shell-561c8d66.js:1
_renderContent @ shell-561c8d66.js:1
runner @ shell-561c8d66.js:4
_load @ shell-561c8d66.js:1
await in _load
(anonymous) @ shell-561c8d66.js:1
(anonymous) @ expander.js:1759
executeWithAbortHandling @ expander.js:377
(anonymous) @ expander.js:1758
shell-561c8d66.js:1 [SelectorFactory] Tried 2 selectors, 0 had errors
findElements @ selector-factory.js:561
getAllExpandableElements @ reddit-detector.js:191
scanAndExpandNewContent @ expander.js:1786
(anonymous) @ expander.js:1711
setTimeout
(anonymous) @ expander.js:1709
childList
(anonymous) @ shell-561c8d66.js:1
po @ shell-561c8d66.js:1
_renderContent @ shell-561c8d66.js:1
runner @ shell-561c8d66.js:4
_load @ shell-561c8d66.js:1
await in _load
(anonymous) @ shell-561c8d66.js:1
(anonymous) @ expander.js:1759
executeWithAbortHandling @ expander.js:377
(anonymous) @ expander.js:1758
selector-factory.js:568 [SelectorFactory] Trying smart fallback for "crowdControl"
selector-factory.js:679 [SelectorFactory] Using basic fallback: button (found 352 elements)
shell-561c8d66.js:1 [SelectorFactory] No elements found for "contestMode" in version "shReddit"
findElements @ selector-factory.js:560
getAllExpandableElements @ reddit-detector.js:191
scanAndExpandNewContent @ expander.js:1786
(anonymous) @ expander.js:1711
setTimeout
(anonymous) @ expander.js:1709
childList
(anonymous) @ shell-561c8d66.js:1
po @ shell-561c8d66.js:1
_renderContent @ shell-561c8d66.js:1
runner @ shell-561c8d66.js:4
_load @ shell-561c8d66.js:1
await in _load
(anonymous) @ shell-561c8d66.js:1
(anonymous) @ expander.js:1759
executeWithAbortHandling @ expander.js:377
(anonymous) @ expander.js:1758
shell-561c8d66.js:1 [SelectorFactory] Tried 2 selectors, 0 had errors
findElements @ selector-factory.js:561
getAllExpandableElements @ reddit-detector.js:191
scanAndExpandNewContent @ expander.js:1786
(anonymous) @ expander.js:1711
setTimeout
(anonymous) @ expander.js:1709
childList
(anonymous) @ shell-561c8d66.js:1
po @ shell-561c8d66.js:1
_renderContent @ shell-561c8d66.js:1
runner @ shell-561c8d66.js:4
_load @ shell-561c8d66.js:1
await in _load
(anonymous) @ shell-561c8d66.js:1
(anonymous) @ expander.js:1759
executeWithAbortHandling @ expander.js:377
(anonymous) @ expander.js:1758
selector-factory.js:568 [SelectorFactory] Trying smart fallback for "contestMode"
selector-factory.js:679 [SelectorFactory] Using basic fallback: button (found 352 elements)
shell-561c8d66.js:1 [SelectorFactory] No elements found for "deleted" in version "shReddit"
findElements @ selector-factory.js:560
getAllExpandableElements @ reddit-detector.js:191
scanAndExpandNewContent @ expander.js:1786
(anonymous) @ expander.js:1711
setTimeout
(anonymous) @ expander.js:1709
childList
(anonymous) @ shell-561c8d66.js:1
po @ shell-561c8d66.js:1
_renderContent @ shell-561c8d66.js:1
runner @ shell-561c8d66.js:4
_load @ shell-561c8d66.js:1
await in _load
(anonymous) @ shell-561c8d66.js:1
(anonymous) @ expander.js:1759
executeWithAbortHandling @ expander.js:377
(anonymous) @ expander.js:1758
shell-561c8d66.js:1 [SelectorFactory] Tried 2 selectors, 0 had errors
findElements @ selector-factory.js:561
getAllExpandableElements @ reddit-detector.js:191
scanAndExpandNewContent @ expander.js:1786
(anonymous) @ expander.js:1711
setTimeout
(anonymous) @ expander.js:1709
childList
(anonymous) @ shell-561c8d66.js:1
po @ shell-561c8d66.js:1
_renderContent @ shell-561c8d66.js:1
runner @ shell-561c8d66.js:4
_load @ shell-561c8d66.js:1
await in _load
(anonymous) @ shell-561c8d66.js:1
(anonymous) @ expander.js:1759
executeWithAbortHandling @ expander.js:377
(anonymous) @ expander.js:1758
selector-factory.js:568 [SelectorFactory] Trying smart fallback for "deleted"
selector-factory.js:679 [SelectorFactory] Using basic fallback: button (found 352 elements)
element-cache.js:166 [Cache] Hit rate: 88% | Miss rate: 12% | Size: 34 | Time saved: 126ms
shell-561c8d66.js:1 [SelectorFactory] No elements found for "viewRest" in version "shReddit"
findElements @ selector-factory.js:560
getAllExpandableElements @ reddit-detector.js:191
scanAndExpandNewContent @ expander.js:1786
(anonymous) @ expander.js:1711
setTimeout
(anonymous) @ expander.js:1709
childList
(anonymous) @ shell-561c8d66.js:1
po @ shell-561c8d66.js:1
_renderContent @ shell-561c8d66.js:1
runner @ shell-561c8d66.js:4
_load @ shell-561c8d66.js:1
await in _load
(anonymous) @ shell-561c8d66.js:1
(anonymous) @ expander.js:1759
executeWithAbortHandling @ expander.js:377
(anonymous) @ expander.js:1758
shell-561c8d66.js:1 [SelectorFactory] Tried 2 selectors, 0 had errors
findElements @ selector-factory.js:561
getAllExpandableElements @ reddit-detector.js:191
scanAndExpandNewContent @ expander.js:1786
(anonymous) @ expander.js:1711
setTimeout
(anonymous) @ expander.js:1709
childList
(anonymous) @ shell-561c8d66.js:1
po @ shell-561c8d66.js:1
_renderContent @ shell-561c8d66.js:1
runner @ shell-561c8d66.js:4
_load @ shell-561c8d66.js:1
await in _load
(anonymous) @ shell-561c8d66.js:1
(anonymous) @ expander.js:1759
executeWithAbortHandling @ expander.js:377
(anonymous) @ expander.js:1758
selector-factory.js:568 [SelectorFactory] Trying smart fallback for "viewRest"
selector-factory.js:679 [SelectorFactory] Using basic fallback: button (found 352 elements)
reddit-detector.js:209 [RedditDetector] Found 359 unique expandable elements across all categories
reddit-detector.js:216 [RedditDetector] Elements by category: {moreComments: 1, moreReplies: 1, collapsed: 92, continueThread: 6, crowdControl: 259}
expander.js:1794 Found 275 new expandable elements from scroll, processing...
expander.js:1799 [Progress] Found 275 new elements during auto-scroll (total: 4734)
expander.js:1731 [Expander] Performing aggressive rescan for missed buttons...
expander.js:1746 [Expander] Found 20 unprocessed expandable buttons during aggressive rescan
expander.js:1234 [Expander] Processing missed button: collapsed
expander.js:1326 [Expander] Attempting to click expand button: <button class="text-tone-2 text-12 no-underline hover:underline px-xs py-xs flex ml-[3px] xs:ml-0 !bg-transparent !border-0" type="button" data-reddit-expander-processed="true">
    <span class="text-neutral-content-strong mr-xs flex items-center"><svg rpl="" fill="currentColor" height="16" icon-name="join-outline" viewBox="0 0 20 20" width="16" xmlns="http://www.w3.org/2000/svg">
      <path d="M10.625 9.375H14v1.25h-3.375V14h-1.25v-3.375H6v-1.25h3.375V6h1.25v3.375ZM20 10A10 10 0 1 1 10 0a10.011 10.011 0 0 1 10 10Zm-1.25 0A8.75 8.75 0 1 0 10 18.75 8.76 8.76 0 0 0 18.75 10Z"></path>
    </svg></span>
    <span class="text-secondary-weak font-normal"><faceplate-number number="2"><!---->2</faceplate-number> more replies</span>
  </button>
expander.js:1752 [Expander] Processing missed button 54/81: <button class="text-tone-2 text-12 no-underline hover:underline px-xs py-xs flex ml-[3px] xs:ml-0 !b...
expander.js:1752 [Expander] Processing missed button 71/80: <button class="text-tone-2 text-12 no-underline hover:underline px-xs py-xs flex ml-[3px] xs:ml-0 !b...
expander.js:1752 [Expander] Processing missed button 36/68: <button aria-hidden="true" class="text-tone-2 text-12 no-underline hover:underline px-xs py-xs flex ...
expander.js:1752 [Expander] Processing missed button 83/92: <button class="text-tone-2 text-12 no-underline hover:underline px-xs py-xs flex ml-[3px] xs:ml-0 !b...
expander.js:1752 [Expander] Processing missed button 25/48: <button class="text-tone-2 text-12 no-underline hover:underline px-xs py-xs flex ml-[3px] xs:ml-0 !b...
expander.js:1752 [Expander] Processing missed button 8/29: <button class="text-tone-2 text-12 no-underline hover:underline px-xs py-xs flex ml-[3px] xs:ml-0 !b...
expander.js:1234 [Expander] Processing missed button: collapsed
expander.js:1326 [Expander] Attempting to click expand button: <button aria-hidden="true" class="text-tone-2 text-12 no-underline hover:underline px-xs py-xs flex ml-[3px] xs:ml-0 !bg-transparent !border-0 invisible h-0 !p-0" type="button" data-reddit-expander-processed="true" style="">
        
    <span class="text-neutral-content-strong mr-xs flex items-center"><svg rpl="" fill="currentColor" height="16" icon-name="join-outline" viewBox="0 0 20 20" width="16" xmlns="http://www.w3.org/2000/svg">
      <path d="M10.625 9.375H14v1.25h-3.375V14h-1.25v-3.375H6v-1.25h3.375V6h1.25v3.375ZM20 10A10 10 0 1 1 10 0a10.011 10.011 0 0 1 10 10Zm-1.25 0A8.75 8.75 0 1 0 10 18.75 8.76 8.76 0 0 0 18.75 10Z"></path>
    </svg></span>
    <span class="text-secondary-weak font-normal"><faceplate-number number="1"><!---->1</faceplate-number> more reply</span>
  
      </button>
expander.js:1234 [Expander] Processing missed button: collapsed
expander.js:1326 [Expander] Attempting to click expand button: <button class="text-tone-2 text-12 no-underline hover:underline px-xs py-xs flex ml-[3px] xs:ml-0 !bg-transparent !border-0" type="button" data-reddit-expander-processed="true">
    <span class="text-neutral-content-strong mr-xs flex items-center"><svg rpl="" fill="currentColor" height="16" icon-name="join-outline" viewBox="0 0 20 20" width="16" xmlns="http://www.w3.org/2000/svg">
      <path d="M10.625 9.375H14v1.25h-3.375V14h-1.25v-3.375H6v-1.25h3.375V6h1.25v3.375ZM20 10A10 10 0 1 1 10 0a10.011 10.011 0 0 1 10 10Zm-1.25 0A8.75 8.75 0 1 0 10 18.75 8.76 8.76 0 0 0 18.75 10Z"></path>
    </svg></span>
    <span class="text-secondary-weak font-normal"><faceplate-number number="4"><!---->4</faceplate-number> more replies</span>
  </button>
expander.js:1234 [Expander] Processing missed button: collapsed
expander.js:1326 [Expander] Attempting to click expand button: <button aria-hidden="true" class="text-tone-2 text-12 no-underline hover:underline px-xs py-xs flex ml-[3px] xs:ml-0 !bg-transparent !border-0 invisible h-0 !p-0" type="button" data-reddit-expander-processed="true" style="">
        
    <span class="text-neutral-content-strong mr-xs flex items-center"><svg rpl="" fill="currentColor" height="16" icon-name="join-outline" viewBox="0 0 20 20" width="16" xmlns="http://www.w3.org/2000/svg">
      <path d="M10.625 9.375H14v1.25h-3.375V14h-1.25v-3.375H6v-1.25h3.375V6h1.25v3.375ZM20 10A10 10 0 1 1 10 0a10.011 10.011 0 0 1 10 10Zm-1.25 0A8.75 8.75 0 1 0 10 18.75 8.76 8.76 0 0 0 18.75 10Z"></path>
    </svg></span>
    <span class="text-secondary-weak font-normal"><faceplate-number number="26"><!---->26</faceplate-number> more replies</span>
  
      </button>
expander.js:1234 [Expander] Processing missed button: collapsed
expander.js:1326 [Expander] Attempting to click expand button: <button class="text-tone-2 text-12 no-underline hover:underline px-xs py-xs flex ml-[3px] xs:ml-0 !bg-transparent !border-0" type="button" data-reddit-expander-processed="true" style="transition: box-shadow 0.3s; box-shadow: rgba(76, 175, 80, 0.4) 0px 0px 8px; border-radius: 4px;">
    <span class="text-neutral-content-strong mr-xs flex items-center"><svg rpl="" fill="currentColor" height="16" icon-name="join-outline" viewBox="0 0 20 20" width="16" xmlns="http://www.w3.org/2000/svg">
      <path d="M10.625 9.375H14v1.25h-3.375V14h-1.25v-3.375H6v-1.25h3.375V6h1.25v3.375ZM20 10A10 10 0 1 1 10 0a10.011 10.011 0 0 1 10 10Zm-1.25 0A8.75 8.75 0 1 0 10 18.75 8.76 8.76 0 0 0 18.75 10Z"></path>
    </svg></span>
    <span class="text-secondary-weak font-normal"><faceplate-number number="26"><!---->26</faceplate-number> more replies</span>
  </button>
expander.js:1234 [Expander] Processing missed button: collapsed
expander.js:1326 [Expander] Attempting to click expand button: <button aria-hidden="true" class="text-tone-2 text-12 no-underline hover:underline px-xs py-xs flex ml-[3px] xs:ml-0 !bg-transparent !border-0 invisible h-0 !p-0" type="button" data-reddit-expander-processed="true" style="">
        
    <span class="text-neutral-content-strong mr-xs flex items-center"><svg rpl="" fill="currentColor" height="16" icon-name="join-outline" viewBox="0 0 20 20" width="16" xmlns="http://www.w3.org/2000/svg">
      <path d="M10.625 9.375H14v1.25h-3.375V14h-1.25v-3.375H6v-1.25h3.375V6h1.25v3.375ZM20 10A10 10 0 1 1 10 0a10.011 10.011 0 0 1 10 10Zm-1.25 0A8.75 8.75 0 1 0 10 18.75 8.76 8.76 0 0 0 18.75 10Z"></path>
    </svg></span>
    <span class="text-secondary-weak font-normal"><faceplate-number number="11"><!---->11</faceplate-number> more replies</span>
  
      </button>
expander.js:1234 [Expander] Processing missed button: collapsed
expander.js:1326 [Expander] Attempting to click expand button: <button class="text-tone-2 text-12 no-underline hover:underline px-xs py-xs flex ml-[3px] xs:ml-0 !bg-transparent !border-0" type="button" data-reddit-expander-processed="true" style="">
    <span class="text-neutral-content-strong mr-xs flex items-center"><svg rpl="" fill="currentColor" height="16" icon-name="join-outline" viewBox="0 0 20 20" width="16" xmlns="http://www.w3.org/2000/svg">
      <path d="M10.625 9.375H14v1.25h-3.375V14h-1.25v-3.375H6v-1.25h3.375V6h1.25v3.375ZM20 10A10 10 0 1 1 10 0a10.011 10.011 0 0 1 10 10Zm-1.25 0A8.75 8.75 0 1 0 10 18.75 8.76 8.76 0 0 0 18.75 10Z"></path>
    </svg></span>
    <span class="text-secondary-weak font-normal"><faceplate-number number="1"><!---->1</faceplate-number> more reply</span>
  </button>
expander.js:1752 [Expander] Processing missed button 47/81: <button aria-hidden="true" class="text-tone-2 text-12 no-underline hover:underline px-xs py-xs flex ...
expander.js:1752 [Expander] Processing missed button 66/82: <button aria-hidden="true" class="text-tone-2 text-12 no-underline hover:underline px-xs py-xs flex ...
expander.js:1752 [Expander] Processing missed button 20/45: <button class="text-tone-2 text-12 no-underline hover:underline px-xs py-xs flex ml-[3px] xs:ml-0 !b...
expander.js:1752 [Expander] Processing missed button 15/34: <button class="text-tone-2 text-12 no-underline hover:underline px-xs py-xs flex ml-[3px] xs:ml-0 !b...
expander.js:1752 [Expander] Processing missed button 42/73: <button class="text-tone-2 text-12 no-underline hover:underline px-xs py-xs flex ml-[3px] xs:ml-0 !b...
expander.js:1752 [Expander] Processing missed button 31/55: <button aria-hidden="true" class="text-tone-2 text-12 no-underline hover:underline px-xs py-xs flex ...
expander.js:1752 [Expander] Processing missed button 1/20: <button class="text-tone-2 text-12 no-underline hover:underline px-xs py-xs flex ml-[3px] xs:ml-0 !b...
expander.js:1752 [Expander] Processing missed button 55/81: <button aria-hidden="true" class="text-tone-2 text-12 no-underline hover:underline px-xs py-xs flex ...
expander.js:1752 [Expander] Processing missed button 72/80: <button aria-hidden="true" class="text-tone-2 text-12 no-underline hover:underline px-xs py-xs flex ...
expander.js:1752 [Expander] Processing missed button 37/68: <button class="text-tone-2 text-12 no-underline hover:underline px-xs py-xs flex ml-[3px] xs:ml-0 !b...
expander.js:1752 [Expander] Processing missed button 84/92: <button aria-hidden="true" class="text-tone-2 text-12 no-underline hover:underline px-xs py-xs flex ...
expander.js:1752 [Expander] Processing missed button 26/48: <button aria-hidden="true" class="text-tone-2 text-12 no-underline hover:underline px-xs py-xs flex ...
expander.js:1752 [Expander] Processing missed button 9/29: <button aria-hidden="true" class="text-tone-2 text-12 no-underline hover:underline px-xs py-xs flex ...
expander.js:1752 [Expander] Processing missed button 48/81: <button class="text-tone-2 text-12 no-underline hover:underline px-xs py-xs flex ml-[3px] xs:ml-0 !b...
expander.js:1752 [Expander] Processing missed button 67/82: <button class="text-tone-2 text-12 no-underline hover:underline px-xs py-xs flex ml-[3px] xs:ml-0 !b...
expander.js:1752 [Expander] Processing missed button 21/45: <button aria-hidden="true" class="text-tone-2 text-12 no-underline hover:underline px-xs py-xs flex ...
expander.js:1752 [Expander] Processing missed button 16/34: <button aria-hidden="true" class="text-tone-2 text-12 no-underline hover:underline px-xs py-xs flex ...
expander.js:1752 [Expander] Processing missed button 43/73: <button aria-hidden="true" class="text-tone-2 text-12 no-underline hover:underline px-xs py-xs flex ...
expander.js:1752 [Expander] Processing missed button 32/55: <button class="text-tone-2 text-12 no-underline hover:underline px-xs py-xs flex ml-[3px] xs:ml-0 !b...
expander.js:1752 [Expander] Processing missed button 56/81: <button class="text-tone-2 text-12 no-underline hover:underline px-xs py-xs flex ml-[3px] xs:ml-0 !b...
expander.js:1752 [Expander] Processing missed button 73/80: <button class="text-tone-2 text-12 no-underline hover:underline px-xs py-xs flex ml-[3px] xs:ml-0 !b...
expander.js:1752 [Expander] Processing missed button 2/20: <button aria-hidden="true" class="text-tone-2 text-12 no-underline hover:underline px-xs py-xs flex ...
expander.js:1752 [Expander] Processing missed button 38/68: <button aria-hidden="true" class="text-tone-2 text-12 no-underline hover:underline px-xs py-xs flex ...
expander.js:1234 [Expander] Processing missed button: collapsed
expander.js:1326 [Expander] Attempting to click expand button: <button aria-hidden="true" class="text-tone-2 text-12 no-underline hover:underline px-xs py-xs flex ml-[3px] xs:ml-0 !bg-transparent !border-0 invisible h-0 !p-0" type="button" data-reddit-expander-processed="true">
        
    <span class="text-neutral-content-strong mr-xs flex items-center"><svg rpl="" fill="currentColor" height="16" icon-name="join-outline" viewBox="0 0 20 20" width="16" xmlns="http://www.w3.org/2000/svg">
      <path d="M10.625 9.375H14v1.25h-3.375V14h-1.25v-3.375H6v-1.25h3.375V6h1.25v3.375ZM20 10A10 10 0 1 1 10 0a10.011 10.011 0 0 1 10 10Zm-1.25 0A8.75 8.75 0 1 0 10 18.75 8.76 8.76 0 0 0 18.75 10Z"></path>
    </svg></span>
    <span class="text-secondary-weak font-normal"><faceplate-number number="3"><!---->3</faceplate-number> more replies</span>
  
      </button>
expander.js:1234 [Expander] Processing missed button: collapsed
expander.js:1326 [Expander] Attempting to click expand button: <button aria-hidden="true" class="text-tone-2 text-12 no-underline hover:underline px-xs py-xs flex ml-[3px] xs:ml-0 !bg-transparent !border-0 invisible h-0 !p-0" type="button" data-reddit-expander-processed="true" style="">
        
    <span class="text-neutral-content-strong mr-xs flex items-center"><svg rpl="" fill="currentColor" height="16" icon-name="join-outline" viewBox="0 0 20 20" width="16" xmlns="http://www.w3.org/2000/svg">
      <path d="M10.625 9.375H14v1.25h-3.375V14h-1.25v-3.375H6v-1.25h3.375V6h1.25v3.375ZM20 10A10 10 0 1 1 10 0a10.011 10.011 0 0 1 10 10Zm-1.25 0A8.75 8.75 0 1 0 10 18.75 8.76 8.76 0 0 0 18.75 10Z"></path>
    </svg></span>
    <span class="text-secondary-weak font-normal"><faceplate-number number="1"><!---->1</faceplate-number> more reply</span>
  
      </button>
expander.js:1234 [Expander] Processing missed button: collapsed
expander.js:1326 [Expander] Attempting to click expand button: <button aria-hidden="true" class="text-tone-2 text-12 no-underline hover:underline px-xs py-xs flex ml-[3px] xs:ml-0 !bg-transparent !border-0 invisible h-0 !p-0" type="button" data-reddit-expander-processed="true" style="transition: box-shadow 0.3s; box-shadow: rgba(76, 175, 80, 0.4) 0px 0px 8px; border-radius: 4px;">
        
    <span class="text-neutral-content-strong mr-xs flex items-center"><svg rpl="" fill="currentColor" height="16" icon-name="join-outline" viewBox="0 0 20 20" width="16" xmlns="http://www.w3.org/2000/svg">
      <path d="M10.625 9.375H14v1.25h-3.375V14h-1.25v-3.375H6v-1.25h3.375V6h1.25v3.375ZM20 10A10 10 0 1 1 10 0a10.011 10.011 0 0 1 10 10Zm-1.25 0A8.75 8.75 0 1 0 10 18.75 8.76 8.76 0 0 0 18.75 10Z"></path>
    </svg></span>
    <span class="text-secondary-weak font-normal"><faceplate-number number="1"><!---->1</faceplate-number> more reply</span>
  
      </button>
expander.js:1234 [Expander] Processing missed button: collapsed
expander.js:1326 [Expander] Attempting to click expand button: <button class="text-tone-2 text-12 no-underline hover:underline px-xs py-xs flex ml-[3px] xs:ml-0 !bg-transparent !border-0" type="button" data-reddit-expander-processed="true">
    <span class="text-neutral-content-strong mr-xs flex items-center"><svg rpl="" fill="currentColor" height="16" icon-name="join-outline" viewBox="0 0 20 20" width="16" xmlns="http://www.w3.org/2000/svg">
      <path d="M10.625 9.375H14v1.25h-3.375V14h-1.25v-3.375H6v-1.25h3.375V6h1.25v3.375ZM20 10A10 10 0 1 1 10 0a10.011 10.011 0 0 1 10 10Zm-1.25 0A8.75 8.75 0 1 0 10 18.75 8.76 8.76 0 0 0 18.75 10Z"></path>
    </svg></span>
    <span class="text-secondary-weak font-normal"><faceplate-number number="6"><!---->6</faceplate-number> more replies</span>
  </button>
expander.js:1752 [Expander] Processing missed button 85/92: <button class="text-tone-2 text-12 no-underline hover:underline px-xs py-xs flex ml-[3px] xs:ml-0 !b...
expander.js:1752 [Expander] Processing missed button 27/48: <button class="text-tone-2 text-12 no-underline hover:underline px-xs py-xs flex ml-[3px] xs:ml-0 !b...
expander.js:1692 [Expander] New expandable content detected via scroll observer
expander.js:1752 [Expander] Processing missed button 10/29: <button class="text-tone-2 text-12 no-underline hover:underline px-xs py-xs flex ml-[3px] xs:ml-0 !b...
expander.js:1752 [Expander] Processing missed button 49/81: <button aria-hidden="true" class="text-tone-2 text-12 no-underline hover:underline px-xs py-xs flex ...
expander.js:1752 [Expander] Processing missed button 68/82: <button aria-hidden="true" class="text-tone-2 text-12 no-underline hover:underline px-xs py-xs flex ...
expander.js:1752 [Expander] Processing missed button 22/45: <button class="text-tone-2 text-12 no-underline hover:underline px-xs py-xs flex ml-[3px] xs:ml-0 !b...
expander.js:1752 [Expander] Processing missed button 17/34: <button class="text-tone-2 text-12 no-underline hover:underline px-xs py-xs flex ml-[3px] xs:ml-0 !b...
expander.js:1752 [Expander] Processing missed button 44/73: <button class="text-tone-2 text-12 no-underline hover:underline px-xs py-xs flex ml-[3px] xs:ml-0 !b...
expander.js:1752 [Expander] Processing missed button 33/55: <button aria-hidden="true" class="text-tone-2 text-12 no-underline hover:underline px-xs py-xs flex ...
expander.js:1752 [Expander] Processing missed button 57/81: <button aria-hidden="true" class="text-tone-2 text-12 no-underline hover:underline px-xs py-xs flex ...
expander.js:1752 [Expander] Processing missed button 74/80: <button aria-hidden="true" class="text-tone-2 text-12 no-underline hover:underline px-xs py-xs flex ...
expander.js:1752 [Expander] Processing missed button 3/20: <button class="text-tone-2 text-12 no-underline hover:underline px-xs py-xs flex ml-[3px] xs:ml-0 !b...
expander.js:1752 [Expander] Processing missed button 39/68: <button class="text-tone-2 text-12 no-underline hover:underline px-xs py-xs flex ml-[3px] xs:ml-0 !b...
expander.js:1752 [Expander] Processing missed button 86/92: <button aria-hidden="true" class="text-tone-2 text-12 no-underline hover:underline px-xs py-xs flex ...
expander.js:1752 [Expander] Processing missed button 28/48: <button aria-hidden="true" class="text-tone-2 text-12 no-underline hover:underline px-xs py-xs flex ...
expander.js:1752 [Expander] Processing missed button 11/29: <button aria-hidden="true" class="text-tone-2 text-12 no-underline hover:underline px-xs py-xs flex ...
expander.js:1234 [Expander] Processing missed button: collapsed
expander.js:1326 [Expander] Attempting to click expand button: <button aria-hidden="true" class="text-tone-2 text-12 no-underline hover:underline px-xs py-xs flex ml-[3px] xs:ml-0 !bg-transparent !border-0 invisible h-0 !p-0" type="button" data-reddit-expander-processed="true">
        
    <span class="text-neutral-content-strong mr-xs flex items-center"><svg rpl="" fill="currentColor" height="16" icon-name="join-outline" viewBox="0 0 20 20" width="16" xmlns="http://www.w3.org/2000/svg">
      <path d="M10.625 9.375H14v1.25h-3.375V14h-1.25v-3.375H6v-1.25h3.375V6h1.25v3.375ZM20 10A10 10 0 1 1 10 0a10.011 10.011 0 0 1 10 10Zm-1.25 0A8.75 8.75 0 1 0 10 18.75 8.76 8.76 0 0 0 18.75 10Z"></path>
    </svg></span>
    <span class="text-secondary-weak font-normal"><faceplate-number number="2"><!---->2</faceplate-number> more replies</span>
  
      </button>
expander.js:1234 [Expander] Processing missed button: collapsed
expander.js:1326 [Expander] Attempting to click expand button: <button class="text-tone-2 text-12 no-underline hover:underline px-xs py-xs flex ml-[3px] xs:ml-0 !bg-transparent !border-0" type="button" data-reddit-expander-processed="true" style="transition: box-shadow 0.3s; box-shadow: rgba(76, 175, 80, 0.4) 0px 0px 8px; border-radius: 4px;">
    <span class="text-neutral-content-strong mr-xs flex items-center"><svg rpl="" fill="currentColor" height="16" icon-name="join-outline" viewBox="0 0 20 20" width="16" xmlns="http://www.w3.org/2000/svg">
      <path d="M10.625 9.375H14v1.25h-3.375V14h-1.25v-3.375H6v-1.25h3.375V6h1.25v3.375ZM20 10A10 10 0 1 1 10 0a10.011 10.011 0 0 1 10 10Zm-1.25 0A8.75 8.75 0 1 0 10 18.75 8.76 8.76 0 0 0 18.75 10Z"></path>
    </svg></span>
    <span class="text-secondary-weak font-normal"><faceplate-number number="13"><!---->13</faceplate-number> more replies</span>
  </button>
expander.js:1234 [Expander] Processing missed button: collapsed
expander.js:1326 [Expander] Attempting to click expand button: <button aria-hidden="true" class="text-tone-2 text-12 no-underline hover:underline px-xs py-xs flex ml-[3px] xs:ml-0 !bg-transparent !border-0 invisible h-0 !p-0" type="button" data-reddit-expander-processed="true" style="">
        
    <span class="text-neutral-content-strong mr-xs flex items-center"><svg rpl="" fill="currentColor" height="16" icon-name="join-outline" viewBox="0 0 20 20" width="16" xmlns="http://www.w3.org/2000/svg">
      <path d="M10.625 9.375H14v1.25h-3.375V14h-1.25v-3.375H6v-1.25h3.375V6h1.25v3.375ZM20 10A10 10 0 1 1 10 0a10.011 10.011 0 0 1 10 10Zm-1.25 0A8.75 8.75 0 1 0 10 18.75 8.76 8.76 0 0 0 18.75 10Z"></path>
    </svg></span>
    <span class="text-secondary-weak font-normal"><faceplate-number number="4"><!---->4</faceplate-number> more replies</span>
  
      </button>
expander.js:1234 [Expander] Processing missed button: collapsed
expander.js:1326 [Expander] Attempting to click expand button: <button class="text-tone-2 text-12 no-underline hover:underline px-xs py-xs flex ml-[3px] xs:ml-0 !bg-transparent !border-0" type="button" data-reddit-expander-processed="true" style="">
    <span class="text-neutral-content-strong mr-xs flex items-center"><svg rpl="" fill="currentColor" height="16" icon-name="join-outline" viewBox="0 0 20 20" width="16" xmlns="http://www.w3.org/2000/svg">
      <path d="M10.625 9.375H14v1.25h-3.375V14h-1.25v-3.375H6v-1.25h3.375V6h1.25v3.375ZM20 10A10 10 0 1 1 10 0a10.011 10.011 0 0 1 10 10Zm-1.25 0A8.75 8.75 0 1 0 10 18.75 8.76 8.76 0 0 0 18.75 10Z"></path>
    </svg></span>
    <span class="text-secondary-weak font-normal"><faceplate-number number="8"><!---->8</faceplate-number> more replies</span>
  </button>
expander.js:1234 [Expander] Processing missed button: collapsed
expander.js:1326 [Expander] Attempting to click expand button: <button aria-hidden="true" class="text-tone-2 text-12 no-underline hover:underline px-xs py-xs flex ml-[3px] xs:ml-0 !bg-transparent !border-0 invisible h-0 !p-0" type="button" data-reddit-expander-processed="true" style="transition: box-shadow 0.3s; box-shadow: rgba(76, 175, 80, 0.4) 0px 0px 8px; border-radius: 4px;">
        
    <span class="text-neutral-content-strong mr-xs flex items-center"><svg rpl="" fill="currentColor" height="16" icon-name="join-outline" viewBox="0 0 20 20" width="16" xmlns="http://www.w3.org/2000/svg">
      <path d="M10.625 9.375H14v1.25h-3.375V14h-1.25v-3.375H6v-1.25h3.375V6h1.25v3.375ZM20 10A10 10 0 1 1 10 0a10.011 10.011 0 0 1 10 10Zm-1.25 0A8.75 8.75 0 1 0 10 18.75 8.76 8.76 0 0 0 18.75 10Z"></path>
    </svg></span>
    <span class="text-secondary-weak font-normal"><faceplate-number number="26"><!---->26</faceplate-number> more replies</span>
  
      </button>
expander.js:1234 [Expander] Processing missed button: collapsed
expander.js:1326 [Expander] Attempting to click expand button: <button class="text-tone-2 text-12 no-underline hover:underline px-xs py-xs flex ml-[3px] xs:ml-0 !bg-transparent !border-0" type="button" data-reddit-expander-processed="true" style="">
    <span class="text-neutral-content-strong mr-xs flex items-center"><svg rpl="" fill="currentColor" height="16" icon-name="join-outline" viewBox="0 0 20 20" width="16" xmlns="http://www.w3.org/2000/svg">
      <path d="M10.625 9.375H14v1.25h-3.375V14h-1.25v-3.375H6v-1.25h3.375V6h1.25v3.375ZM20 10A10 10 0 1 1 10 0a10.011 10.011 0 0 1 10 10Zm-1.25 0A8.75 8.75 0 1 0 10 18.75 8.76 8.76 0 0 0 18.75 10Z"></path>
    </svg></span>
    <span class="text-secondary-weak font-normal"><faceplate-number number="2"><!---->2</faceplate-number> more replies</span>
  </button>
expander.js:1234 [Expander] Processing missed button: collapsed
expander.js:1326 [Expander] Attempting to click expand button: <button aria-hidden="true" class="text-tone-2 text-12 no-underline hover:underline px-xs py-xs flex ml-[3px] xs:ml-0 !bg-transparent !border-0 invisible h-0 !p-0" type="button" data-reddit-expander-processed="true" style="">
        
    <span class="text-neutral-content-strong mr-xs flex items-center"><svg rpl="" fill="currentColor" height="16" icon-name="join-outline" viewBox="0 0 20 20" width="16" xmlns="http://www.w3.org/2000/svg">
      <path d="M10.625 9.375H14v1.25h-3.375V14h-1.25v-3.375H6v-1.25h3.375V6h1.25v3.375ZM20 10A10 10 0 1 1 10 0a10.011 10.011 0 0 1 10 10Zm-1.25 0A8.75 8.75 0 1 0 10 18.75 8.76 8.76 0 0 0 18.75 10Z"></path>
    </svg></span>
    <span class="text-secondary-weak font-normal"><faceplate-number number="1"><!---->1</faceplate-number> more reply</span>
  
      </button>
expander.js:1752 [Expander] Processing missed button 50/81: <button class="text-tone-2 text-12 no-underline hover:underline px-xs py-xs flex ml-[3px] xs:ml-0 !b...
expander.js:1752 [Expander] Processing missed button 69/82: <button class="text-tone-2 text-12 no-underline hover:underline px-xs py-xs flex ml-[3px] xs:ml-0 !b...
expander.js:1752 [Expander] Processing missed button 23/45: <button aria-hidden="true" class="text-tone-2 text-12 no-underline hover:underline px-xs py-xs flex ...
expander.js:1752 [Expander] Processing missed button 18/34: <button aria-hidden="true" class="text-tone-2 text-12 no-underline hover:underline px-xs py-xs flex ...
expander.js:1752 [Expander] Processing missed button 45/73: <button aria-hidden="true" class="text-tone-2 text-12 no-underline hover:underline px-xs py-xs flex ...
expander.js:1752 [Expander] Processing missed button 34/55: <button class="text-tone-2 text-12 no-underline hover:underline px-xs py-xs flex ml-[3px] xs:ml-0 !b...
expander.js:1752 [Expander] Processing missed button 58/81: <button class="text-tone-2 text-12 no-underline hover:underline px-xs py-xs flex ml-[3px] xs:ml-0 !b...
expander.js:1752 [Expander] Processing missed button 75/80: <button class="text-tone-2 text-12 no-underline hover:underline px-xs py-xs flex ml-[3px] xs:ml-0 !b...
expander.js:1752 [Expander] Processing missed button 4/20: <button aria-hidden="true" class="text-tone-2 text-12 no-underline hover:underline px-xs py-xs flex ...
expander.js:1234 [Expander] Processing missed button: collapsed
expander.js:1326 [Expander] Attempting to click expand button: <button aria-hidden="true" class="text-tone-2 text-12 no-underline hover:underline px-xs py-xs flex ml-[3px] xs:ml-0 !bg-transparent !border-0 invisible h-0 !p-0" type="button" data-reddit-expander-processed="true">
        
    <span class="text-neutral-content-strong mr-xs flex items-center"><svg rpl="" fill="currentColor" height="16" icon-name="join-outline" viewBox="0 0 20 20" width="16" xmlns="http://www.w3.org/2000/svg">
      <path d="M10.625 9.375H14v1.25h-3.375V14h-1.25v-3.375H6v-1.25h3.375V6h1.25v3.375ZM20 10A10 10 0 1 1 10 0a10.011 10.011 0 0 1 10 10Zm-1.25 0A8.75 8.75 0 1 0 10 18.75 8.76 8.76 0 0 0 18.75 10Z"></path>
    </svg></span>
    <span class="text-secondary-weak font-normal"><faceplate-number number="1"><!---->1</faceplate-number> more reply</span>
  
      </button>
expander.js:1234 [Expander] Processing missed button: collapsed
expander.js:1326 [Expander] Attempting to click expand button: <button aria-hidden="true" class="text-tone-2 text-12 no-underline hover:underline px-xs py-xs flex ml-[3px] xs:ml-0 !bg-transparent !border-0 invisible h-0 !p-0" type="button" data-reddit-expander-processed="true">
        
    <span class="text-neutral-content-strong mr-xs flex items-center"><svg rpl="" fill="currentColor" height="16" icon-name="join-outline" viewBox="0 0 20 20" width="16" xmlns="http://www.w3.org/2000/svg">
      <path d="M10.625 9.375H14v1.25h-3.375V14h-1.25v-3.375H6v-1.25h3.375V6h1.25v3.375ZM20 10A10 10 0 1 1 10 0a10.011 10.011 0 0 1 10 10Zm-1.25 0A8.75 8.75 0 1 0 10 18.75 8.76 8.76 0 0 0 18.75 10Z"></path>
    </svg></span>
    <span class="text-secondary-weak font-normal"><faceplate-number number="1"><!---->1</faceplate-number> more reply</span>
  
      </button>
expander.js:1752 [Expander] Processing missed button 40/68: <button aria-hidden="true" class="text-tone-2 text-12 no-underline hover:underline px-xs py-xs flex ...
expander.js:1234 [Expander] Processing missed button: collapsed
expander.js:1326 [Expander] Attempting to click expand button: <button class="text-tone-2 text-12 no-underline hover:underline px-xs py-xs flex ml-[3px] xs:ml-0 !bg-transparent !border-0" type="button" data-reddit-expander-processed="true" style="">
    <span class="text-neutral-content-strong mr-xs flex items-center"><svg rpl="" fill="currentColor" height="16" icon-name="join-outline" viewBox="0 0 20 20" width="16" xmlns="http://www.w3.org/2000/svg">
      <path d="M10.625 9.375H14v1.25h-3.375V14h-1.25v-3.375H6v-1.25h3.375V6h1.25v3.375ZM20 10A10 10 0 1 1 10 0a10.011 10.011 0 0 1 10 10Zm-1.25 0A8.75 8.75 0 1 0 10 18.75 8.76 8.76 0 0 0 18.75 10Z"></path>
    </svg></span>
    <span class="text-secondary-weak font-normal"><faceplate-number number="6"><!---->6</faceplate-number> more replies</span>
  </button>
expander.js:1234 [Expander] Processing missed button: collapsed
expander.js:1326 [Expander] Attempting to click expand button: <button aria-hidden="true" class="text-tone-2 text-12 no-underline hover:underline px-xs py-xs flex ml-[3px] xs:ml-0 !bg-transparent !border-0 invisible h-0 !p-0" type="button" data-reddit-expander-processed="true" style="">
        
    <span class="text-neutral-content-strong mr-xs flex items-center"><svg rpl="" fill="currentColor" height="16" icon-name="join-outline" viewBox="0 0 20 20" width="16" xmlns="http://www.w3.org/2000/svg">
      <path d="M10.625 9.375H14v1.25h-3.375V14h-1.25v-3.375H6v-1.25h3.375V6h1.25v3.375ZM20 10A10 10 0 1 1 10 0a10.011 10.011 0 0 1 10 10Zm-1.25 0A8.75 8.75 0 1 0 10 18.75 8.76 8.76 0 0 0 18.75 10Z"></path>
    </svg></span>
    <span class="text-secondary-weak font-normal"><faceplate-number number="1"><!---->1</faceplate-number> more reply</span>
  
      </button>
expander.js:1752 [Expander] Processing missed button 87/92: <button class="text-tone-2 text-12 no-underline hover:underline px-xs py-xs flex ml-[3px] xs:ml-0 !b...
expander.js:1752 [Expander] Processing missed button 29/48: <button class="text-tone-2 text-12 no-underline hover:underline px-xs py-xs flex ml-[3px] xs:ml-0 !b...
expander.js:1752 [Expander] Processing missed button 12/29: <button class="text-tone-2 text-12 no-underline hover:underline px-xs py-xs flex ml-[3px] xs:ml-0 !b...
expander.js:1752 [Expander] Processing missed button 51/81: <button aria-hidden="true" class="text-tone-2 text-12 no-underline hover:underline px-xs py-xs flex ...
expander.js:1752 [Expander] Processing missed button 70/82: <button aria-hidden="true" class="text-tone-2 text-12 no-underline hover:underline px-xs py-xs flex ...
expander.js:1752 [Expander] Processing missed button 24/45: <button class="text-tone-2 text-12 no-underline hover:underline px-xs py-xs flex ml-[3px] xs:ml-0 !b...
expander.js:1752 [Expander] Processing missed button 19/34: <button class="text-tone-2 text-12 no-underline hover:underline px-xs py-xs flex ml-[3px] xs:ml-0 !b...
expander.js:1752 [Expander] Processing missed button 46/73: <button class="text-tone-2 text-12 no-underline hover:underline px-xs py-xs flex ml-[3px] xs:ml-0 !b...
expander.js:1752 [Expander] Processing missed button 35/55: <button aria-hidden="true" class="text-tone-2 text-12 no-underline hover:underline px-xs py-xs flex ...
expander.js:1752 [Expander] Processing missed button 59/81: <button aria-hidden="true" class="text-tone-2 text-12 no-underline hover:underline px-xs py-xs flex ...
expander.js:1752 [Expander] Processing missed button 76/80: <button aria-hidden="true" class="text-tone-2 text-12 no-underline hover:underline px-xs py-xs flex ...
expander.js:1752 [Expander] Processing missed button 5/20: <button class="text-tone-2 text-12 no-underline hover:underline px-xs py-xs flex ml-[3px] xs:ml-0 !b...
expander.js:1752 [Expander] Processing missed button 41/68: <button class="text-tone-2 text-12 no-underline hover:underline px-xs py-xs flex ml-[3px] xs:ml-0 !b...
expander.js:1710 [Expander] Processing new content from scroll...
selector-factory.js:557 [SelectorFactory] Found 1 elements for "moreComments" using: #top-level-more-comments-partial
selector-factory.js:557 [SelectorFactory] Found 1 elements for "moreReplies" using: button[rpl][class*="button-small"][class*="button-plain"]
selector-factory.js:557 [SelectorFactory] Found 92 elements for "collapsed" using: shreddit-comment button:has(svg[icon-name="join-outline"])
selector-factory.js:557 [SelectorFactory] Found 6 elements for "continueThread" using: faceplate-partial[loading="lazy"]:not([id*="more-comments"])
shell-561c8d66.js:1 [SelectorFactory] No elements found for "crowdControl" in version "shReddit"
findElements @ selector-factory.js:560
getAllExpandableElements @ reddit-detector.js:191
scanAndExpandNewContent @ expander.js:1786
(anonymous) @ expander.js:1711
setTimeout
(anonymous) @ expander.js:1709
childList
(anonymous) @ shell-561c8d66.js:1
po @ shell-561c8d66.js:1
_renderContent @ shell-561c8d66.js:1
runner @ shell-561c8d66.js:4
_load @ shell-561c8d66.js:1
await in _load
(anonymous) @ shell-561c8d66.js:1
(anonymous) @ expander.js:1759
executeWithAbortHandling @ expander.js:377
(anonymous) @ expander.js:1758
shell-561c8d66.js:1 [SelectorFactory] Tried 2 selectors, 0 had errors
findElements @ selector-factory.js:561
getAllExpandableElements @ reddit-detector.js:191
scanAndExpandNewContent @ expander.js:1786
(anonymous) @ expander.js:1711
setTimeout
(anonymous) @ expander.js:1709
childList
(anonymous) @ shell-561c8d66.js:1
po @ shell-561c8d66.js:1
_renderContent @ shell-561c8d66.js:1
runner @ shell-561c8d66.js:4
_load @ shell-561c8d66.js:1
await in _load
(anonymous) @ shell-561c8d66.js:1
(anonymous) @ expander.js:1759
executeWithAbortHandling @ expander.js:377
(anonymous) @ expander.js:1758
selector-factory.js:568 [SelectorFactory] Trying smart fallback for "crowdControl"
selector-factory.js:679 [SelectorFactory] Using basic fallback: button (found 352 elements)
shell-561c8d66.js:1 [SelectorFactory] No elements found for "contestMode" in version "shReddit"
findElements @ selector-factory.js:560
getAllExpandableElements @ reddit-detector.js:191
scanAndExpandNewContent @ expander.js:1786
(anonymous) @ expander.js:1711
setTimeout
(anonymous) @ expander.js:1709
childList
(anonymous) @ shell-561c8d66.js:1
po @ shell-561c8d66.js:1
_renderContent @ shell-561c8d66.js:1
runner @ shell-561c8d66.js:4
_load @ shell-561c8d66.js:1
await in _load
(anonymous) @ shell-561c8d66.js:1
(anonymous) @ expander.js:1759
executeWithAbortHandling @ expander.js:377
(anonymous) @ expander.js:1758
shell-561c8d66.js:1 [SelectorFactory] Tried 2 selectors, 0 had errors
findElements @ selector-factory.js:561
getAllExpandableElements @ reddit-detector.js:191
scanAndExpandNewContent @ expander.js:1786
(anonymous) @ expander.js:1711
setTimeout
(anonymous) @ expander.js:1709
childList
(anonymous) @ shell-561c8d66.js:1
po @ shell-561c8d66.js:1
_renderContent @ shell-561c8d66.js:1
runner @ shell-561c8d66.js:4
_load @ shell-561c8d66.js:1
await in _load
(anonymous) @ shell-561c8d66.js:1
(anonymous) @ expander.js:1759
executeWithAbortHandling @ expander.js:377
(anonymous) @ expander.js:1758
selector-factory.js:568 [SelectorFactory] Trying smart fallback for "contestMode"
selector-factory.js:679 [SelectorFactory] Using basic fallback: button (found 352 elements)
shell-561c8d66.js:1 [SelectorFactory] No elements found for "deleted" in version "shReddit"
findElements @ selector-factory.js:560
getAllExpandableElements @ reddit-detector.js:191
scanAndExpandNewContent @ expander.js:1786
(anonymous) @ expander.js:1711
setTimeout
(anonymous) @ expander.js:1709
childList
(anonymous) @ shell-561c8d66.js:1
po @ shell-561c8d66.js:1
_renderContent @ shell-561c8d66.js:1
runner @ shell-561c8d66.js:4
_load @ shell-561c8d66.js:1
await in _load
(anonymous) @ shell-561c8d66.js:1
(anonymous) @ expander.js:1759
executeWithAbortHandling @ expander.js:377
(anonymous) @ expander.js:1758
shell-561c8d66.js:1 [SelectorFactory] Tried 2 selectors, 0 had errors
findElements @ selector-factory.js:561
getAllExpandableElements @ reddit-detector.js:191
scanAndExpandNewContent @ expander.js:1786
(anonymous) @ expander.js:1711
setTimeout
(anonymous) @ expander.js:1709
childList
(anonymous) @ shell-561c8d66.js:1
po @ shell-561c8d66.js:1
_renderContent @ shell-561c8d66.js:1
runner @ shell-561c8d66.js:4
_load @ shell-561c8d66.js:1
await in _load
(anonymous) @ shell-561c8d66.js:1
(anonymous) @ expander.js:1759
executeWithAbortHandling @ expander.js:377
(anonymous) @ expander.js:1758
selector-factory.js:568 [SelectorFactory] Trying smart fallback for "deleted"
selector-factory.js:679 [SelectorFactory] Using basic fallback: button (found 352 elements)
shell-561c8d66.js:1 [SelectorFactory] No elements found for "viewRest" in version "shReddit"
findElements @ selector-factory.js:560
getAllExpandableElements @ reddit-detector.js:191
scanAndExpandNewContent @ expander.js:1786
(anonymous) @ expander.js:1711
setTimeout
(anonymous) @ expander.js:1709
childList
(anonymous) @ shell-561c8d66.js:1
po @ shell-561c8d66.js:1
_renderContent @ shell-561c8d66.js:1
runner @ shell-561c8d66.js:4
_load @ shell-561c8d66.js:1
await in _load
(anonymous) @ shell-561c8d66.js:1
(anonymous) @ expander.js:1759
executeWithAbortHandling @ expander.js:377
(anonymous) @ expander.js:1758
shell-561c8d66.js:1 [SelectorFactory] Tried 2 selectors, 0 had errors
findElements @ selector-factory.js:561
getAllExpandableElements @ reddit-detector.js:191
scanAndExpandNewContent @ expander.js:1786
(anonymous) @ expander.js:1711
setTimeout
(anonymous) @ expander.js:1709
childList
(anonymous) @ shell-561c8d66.js:1
po @ shell-561c8d66.js:1
_renderContent @ shell-561c8d66.js:1
runner @ shell-561c8d66.js:4
_load @ shell-561c8d66.js:1
await in _load
(anonymous) @ shell-561c8d66.js:1
(anonymous) @ expander.js:1759
executeWithAbortHandling @ expander.js:377
(anonymous) @ expander.js:1758
selector-factory.js:568 [SelectorFactory] Trying smart fallback for "viewRest"
selector-factory.js:679 [SelectorFactory] Using basic fallback: button (found 352 elements)
reddit-detector.js:209 [RedditDetector] Found 359 unique expandable elements across all categories
reddit-detector.js:216 [RedditDetector] Elements by category: {moreComments: 1, moreReplies: 1, collapsed: 92, continueThread: 6, crowdControl: 259}
expander.js:1794 Found 269 new expandable elements from scroll, processing...
expander.js:1799 [Progress] Found 269 new elements during auto-scroll (total: 5003)
expander.js:1731 [Expander] Performing aggressive rescan for missed buttons...
expander.js:1746 [Expander] Found 14 unprocessed expandable buttons during aggressive rescan
expander.js:1234 [Expander] Processing missed button: collapsed
expander.js:1326 [Expander] Attempting to click expand button: <button class="text-tone-2 text-12 no-underline hover:underline px-xs py-xs flex ml-[3px] xs:ml-0 !bg-transparent !border-0" type="button" data-reddit-expander-processed="true">
    <span class="text-neutral-content-strong mr-xs flex items-center"><svg rpl="" fill="currentColor" height="16" icon-name="join-outline" viewBox="0 0 20 20" width="16" xmlns="http://www.w3.org/2000/svg">
      <path d="M10.625 9.375H14v1.25h-3.375V14h-1.25v-3.375H6v-1.25h3.375V6h1.25v3.375ZM20 10A10 10 0 1 1 10 0a10.011 10.011 0 0 1 10 10Zm-1.25 0A8.75 8.75 0 1 0 10 18.75 8.76 8.76 0 0 0 18.75 10Z"></path>
    </svg></span>
    <span class="text-secondary-weak font-normal"><faceplate-number number="2"><!---->2</faceplate-number> more replies</span>
  </button>
expander.js:1752 [Expander] Processing missed button 88/92: <button aria-hidden="true" class="text-tone-2 text-12 no-underline hover:underline px-xs py-xs flex ...
expander.js:1752 [Expander] Processing missed button 30/48: <button aria-hidden="true" class="text-tone-2 text-12 no-underline hover:underline px-xs py-xs flex ...
expander.js:1752 [Expander] Processing missed button 1/14: <button class="text-tone-2 text-12 no-underline hover:underline px-xs py-xs flex ml-[3px] xs:ml-0 !b...
expander.js:1752 [Expander] Processing missed button 13/29: <button aria-hidden="true" class="text-tone-2 text-12 no-underline hover:underline px-xs py-xs flex ...
expander.js:1752 [Expander] Processing missed button 52/81: <button class="text-tone-2 text-12 no-underline hover:underline px-xs py-xs flex ml-[3px] xs:ml-0 !b...
expander.js:1752 [Expander] Processing missed button 71/82: <button class="text-tone-2 text-12 no-underline hover:underline px-xs py-xs flex ml-[3px] xs:ml-0 !b...
expander.js:1752 [Expander] Processing missed button 25/45: <button aria-hidden="true" class="text-tone-2 text-12 no-underline hover:underline px-xs py-xs flex ...
expander.js:1752 [Expander] Processing missed button 20/34: <button aria-hidden="true" class="text-tone-2 text-12 no-underline hover:underline px-xs py-xs flex ...
expander.js:1752 [Expander] Processing missed button 47/73: <button aria-hidden="true" class="text-tone-2 text-12 no-underline hover:underline px-xs py-xs flex ...
expander.js:1752 [Expander] Processing missed button 36/55: <button class="text-tone-2 text-12 no-underline hover:underline px-xs py-xs flex ml-[3px] xs:ml-0 !b...
expander.js:1752 [Expander] Processing missed button 60/81: <button class="text-tone-2 text-12 no-underline hover:underline px-xs py-xs flex ml-[3px] xs:ml-0 !b...
expander.js:1752 [Expander] Processing missed button 77/80: <button class="text-tone-2 text-12 no-underline hover:underline px-xs py-xs flex ml-[3px] xs:ml-0 !b...
expander.js:1752 [Expander] Processing missed button 6/20: <button aria-hidden="true" class="text-tone-2 text-12 no-underline hover:underline px-xs py-xs flex ...
expander.js:1752 [Expander] Processing missed button 42/68: <button aria-hidden="true" class="text-tone-2 text-12 no-underline hover:underline px-xs py-xs flex ...
expander.js:1752 [Expander] Processing missed button 89/92: <button class="text-tone-2 text-12 no-underline hover:underline px-xs py-xs flex ml-[3px] xs:ml-0 !b...
expander.js:1752 [Expander] Processing missed button 31/48: <button class="text-tone-2 text-12 no-underline hover:underline px-xs py-xs flex ml-[3px] xs:ml-0 !b...
expander.js:1752 [Expander] Processing missed button 2/14: <button aria-hidden="true" class="text-tone-2 text-12 no-underline hover:underline px-xs py-xs flex ...
expander.js:1752 [Expander] Processing missed button 14/29: <button class="text-tone-2 text-12 no-underline hover:underline px-xs py-xs flex ml-[3px] xs:ml-0 !b...
expander.js:1752 [Expander] Processing missed button 53/81: <button aria-hidden="true" class="text-tone-2 text-12 no-underline hover:underline px-xs py-xs flex ...
expander.js:1752 [Expander] Processing missed button 72/82: <button aria-hidden="true" class="text-tone-2 text-12 no-underline hover:underline px-xs py-xs flex ...
expander.js:1752 [Expander] Processing missed button 26/45: <button class="text-tone-2 text-12 no-underline hover:underline px-xs py-xs flex ml-[3px] xs:ml-0 !b...
expander.js:1752 [Expander] Processing missed button 21/34: <button class="text-tone-2 text-12 no-underline hover:underline px-xs py-xs flex ml-[3px] xs:ml-0 !b...
expander.js:1752 [Expander] Processing missed button 48/73: <button class="text-tone-2 text-12 no-underline hover:underline px-xs py-xs flex ml-[3px] xs:ml-0 !b...
expander.js:1234 [Expander] Processing missed button: collapsed
expander.js:1326 [Expander] Attempting to click expand button: <button class="text-tone-2 text-12 no-underline hover:underline px-xs py-xs flex ml-[3px] xs:ml-0 !bg-transparent !border-0" type="button" data-reddit-expander-processed="true">
    <span class="text-neutral-content-strong mr-xs flex items-center"><svg rpl="" fill="currentColor" height="16" icon-name="join-outline" viewBox="0 0 20 20" width="16" xmlns="http://www.w3.org/2000/svg">
      <path d="M10.625 9.375H14v1.25h-3.375V14h-1.25v-3.375H6v-1.25h3.375V6h1.25v3.375ZM20 10A10 10 0 1 1 10 0a10.011 10.011 0 0 1 10 10Zm-1.25 0A8.75 8.75 0 1 0 10 18.75 8.76 8.76 0 0 0 18.75 10Z"></path>
    </svg></span>
    <span class="text-secondary-weak font-normal"><faceplate-number number="16"><!---->16</faceplate-number> more replies</span>
  </button>
expander.js:1234 [Expander] Processing missed button: collapsed
expander.js:1326 [Expander] Attempting to click expand button: <button class="text-tone-2 text-12 no-underline hover:underline px-xs py-xs flex ml-[3px] xs:ml-0 !bg-transparent !border-0" type="button" data-reddit-expander-processed="true" style="">
    <span class="text-neutral-content-strong mr-xs flex items-center"><svg rpl="" fill="currentColor" height="16" icon-name="join-outline" viewBox="0 0 20 20" width="16" xmlns="http://www.w3.org/2000/svg">
      <path d="M10.625 9.375H14v1.25h-3.375V14h-1.25v-3.375H6v-1.25h3.375V6h1.25v3.375ZM20 10A10 10 0 1 1 10 0a10.011 10.011 0 0 1 10 10Zm-1.25 0A8.75 8.75 0 1 0 10 18.75 8.76 8.76 0 0 0 18.75 10Z"></path>
    </svg></span>
    <span class="text-secondary-weak font-normal"><faceplate-number number="4"><!---->4</faceplate-number> more replies</span>
  </button>
expander.js:1234 [Expander] Processing missed button: collapsed
expander.js:1326 [Expander] Attempting to click expand button: <button class="text-tone-2 text-12 no-underline hover:underline px-xs py-xs flex ml-[3px] xs:ml-0 !bg-transparent !border-0" type="button" data-reddit-expander-processed="true" style="transition: box-shadow 0.3s; box-shadow: rgba(76, 175, 80, 0.4) 0px 0px 8px; border-radius: 4px;">
    <span class="text-neutral-content-strong mr-xs flex items-center"><svg rpl="" fill="currentColor" height="16" icon-name="join-outline" viewBox="0 0 20 20" width="16" xmlns="http://www.w3.org/2000/svg">
      <path d="M10.625 9.375H14v1.25h-3.375V14h-1.25v-3.375H6v-1.25h3.375V6h1.25v3.375ZM20 10A10 10 0 1 1 10 0a10.011 10.011 0 0 1 10 10Zm-1.25 0A8.75 8.75 0 1 0 10 18.75 8.76 8.76 0 0 0 18.75 10Z"></path>
    </svg></span>
    <span class="text-secondary-weak font-normal"><faceplate-number number="1"><!---->1</faceplate-number> more reply</span>
  </button>
expander.js:1234 [Expander] Processing missed button: collapsed
expander.js:1326 [Expander] Attempting to click expand button: <button aria-hidden="true" class="text-tone-2 text-12 no-underline hover:underline px-xs py-xs flex ml-[3px] xs:ml-0 !bg-transparent !border-0 invisible h-0 !p-0" type="button" data-reddit-expander-processed="true">
        
    <span class="text-neutral-content-strong mr-xs flex items-center"><svg rpl="" fill="currentColor" height="16" icon-name="join-outline" viewBox="0 0 20 20" width="16" xmlns="http://www.w3.org/2000/svg">
      <path d="M10.625 9.375H14v1.25h-3.375V14h-1.25v-3.375H6v-1.25h3.375V6h1.25v3.375ZM20 10A10 10 0 1 1 10 0a10.011 10.011 0 0 1 10 10Zm-1.25 0A8.75 8.75 0 1 0 10 18.75 8.76 8.76 0 0 0 18.75 10Z"></path>
    </svg></span>
    <span class="text-secondary-weak font-normal"><faceplate-number number="6"><!---->6</faceplate-number> more replies</span>
  
      </button>
expander.js:1752 [Expander] Processing missed button 37/55: <button aria-hidden="true" class="text-tone-2 text-12 no-underline hover:underline px-xs py-xs flex ...
expander.js:1752 [Expander] Processing missed button 61/81: <button aria-hidden="true" class="text-tone-2 text-12 no-underline hover:underline px-xs py-xs flex ...
expander.js:1752 [Expander] Processing missed button 78/80: <button aria-hidden="true" class="text-tone-2 text-12 no-underline hover:underline px-xs py-xs flex ...
expander.js:1752 [Expander] Processing missed button 7/20: <button class="text-tone-2 text-12 no-underline hover:underline px-xs py-xs flex ml-[3px] xs:ml-0 !b...
expander.js:1752 [Expander] Processing missed button 43/68: <button class="text-tone-2 text-12 no-underline hover:underline px-xs py-xs flex ml-[3px] xs:ml-0 !b...
expander.js:1752 [Expander] Processing missed button 90/92: <button aria-hidden="true" class="text-tone-2 text-12 no-underline hover:underline px-xs py-xs flex ...
expander.js:1752 [Expander] Processing missed button 32/48: <button aria-hidden="true" class="text-tone-2 text-12 no-underline hover:underline px-xs py-xs flex ...
expander.js:1752 [Expander] Processing missed button 3/14: <button class="text-tone-2 text-12 no-underline hover:underline px-xs py-xs flex ml-[3px] xs:ml-0 !b...
expander.js:1752 [Expander] Processing missed button 15/29: <button aria-hidden="true" class="text-tone-2 text-12 no-underline hover:underline px-xs py-xs flex ...
expander.js:1752 [Expander] Processing missed button 54/81: <button class="text-tone-2 text-12 no-underline hover:underline px-xs py-xs flex ml-[3px] xs:ml-0 !b...
expander.js:1234 [Expander] Processing missed button: collapsed
expander.js:1326 [Expander] Attempting to click expand button: <button class="text-tone-2 text-12 no-underline hover:underline px-xs py-xs flex ml-[3px] xs:ml-0 !bg-transparent !border-0" type="button" data-reddit-expander-processed="true">
    <span class="text-neutral-content-strong mr-xs flex items-center"><svg rpl="" fill="currentColor" height="16" icon-name="join-outline" viewBox="0 0 20 20" width="16" xmlns="http://www.w3.org/2000/svg">
      <path d="M10.625 9.375H14v1.25h-3.375V14h-1.25v-3.375H6v-1.25h3.375V6h1.25v3.375ZM20 10A10 10 0 1 1 10 0a10.011 10.011 0 0 1 10 10Zm-1.25 0A8.75 8.75 0 1 0 10 18.75 8.76 8.76 0 0 0 18.75 10Z"></path>
    </svg></span>
    <span class="text-secondary-weak font-normal"><faceplate-number number="4"><!---->4</faceplate-number> more replies</span>
  </button>
expander.js:1234 [Expander] Processing missed button: collapsed
expander.js:1326 [Expander] Attempting to click expand button: <button class="text-tone-2 text-12 no-underline hover:underline px-xs py-xs flex ml-[3px] xs:ml-0 !bg-transparent !border-0" type="button" data-reddit-expander-processed="true">
    <span class="text-neutral-content-strong mr-xs flex items-center"><svg rpl="" fill="currentColor" height="16" icon-name="join-outline" viewBox="0 0 20 20" width="16" xmlns="http://www.w3.org/2000/svg">
      <path d="M10.625 9.375H14v1.25h-3.375V14h-1.25v-3.375H6v-1.25h3.375V6h1.25v3.375ZM20 10A10 10 0 1 1 10 0a10.011 10.011 0 0 1 10 10Zm-1.25 0A8.75 8.75 0 1 0 10 18.75 8.76 8.76 0 0 0 18.75 10Z"></path>
    </svg></span>
    <span class="text-secondary-weak font-normal"><faceplate-number number="2"><!---->2</faceplate-number> more replies</span>
  </button>
expander.js:1234 [Expander] Processing missed button: collapsed
expander.js:1326 [Expander] Attempting to click expand button: <button aria-hidden="true" class="text-tone-2 text-12 no-underline hover:underline px-xs py-xs flex ml-[3px] xs:ml-0 !bg-transparent !border-0 invisible h-0 !p-0" type="button" data-reddit-expander-processed="true" style="">
        
    <span class="text-neutral-content-strong mr-xs flex items-center"><svg rpl="" fill="currentColor" height="16" icon-name="join-outline" viewBox="0 0 20 20" width="16" xmlns="http://www.w3.org/2000/svg">
      <path d="M10.625 9.375H14v1.25h-3.375V14h-1.25v-3.375H6v-1.25h3.375V6h1.25v3.375ZM20 10A10 10 0 1 1 10 0a10.011 10.011 0 0 1 10 10Zm-1.25 0A8.75 8.75 0 1 0 10 18.75 8.76 8.76 0 0 0 18.75 10Z"></path>
    </svg></span>
    <span class="text-secondary-weak font-normal"><faceplate-number number="6"><!---->6</faceplate-number> more replies</span>
  
      </button>
expander.js:1234 [Expander] Processing missed button: collapsed
expander.js:1326 [Expander] Attempting to click expand button: <button class="text-tone-2 text-12 no-underline hover:underline px-xs py-xs flex ml-[3px] xs:ml-0 !bg-transparent !border-0" type="button" data-reddit-expander-processed="true" style="">
    <span class="text-neutral-content-strong mr-xs flex items-center"><svg rpl="" fill="currentColor" height="16" icon-name="join-outline" viewBox="0 0 20 20" width="16" xmlns="http://www.w3.org/2000/svg">
      <path d="M10.625 9.375H14v1.25h-3.375V14h-1.25v-3.375H6v-1.25h3.375V6h1.25v3.375ZM20 10A10 10 0 1 1 10 0a10.011 10.011 0 0 1 10 10Zm-1.25 0A8.75 8.75 0 1 0 10 18.75 8.76 8.76 0 0 0 18.75 10Z"></path>
    </svg></span>
    <span class="text-secondary-weak font-normal"><faceplate-number number="1"><!---->1</faceplate-number> more reply</span>
  </button>
expander.js:1234 [Expander] Processing missed button: collapsed
expander.js:1326 [Expander] Attempting to click expand button: <button aria-hidden="true" class="text-tone-2 text-12 no-underline hover:underline px-xs py-xs flex ml-[3px] xs:ml-0 !bg-transparent !border-0 invisible h-0 !p-0" type="button" data-reddit-expander-processed="true">
        
    <span class="text-neutral-content-strong mr-xs flex items-center"><svg rpl="" fill="currentColor" height="16" icon-name="join-outline" viewBox="0 0 20 20" width="16" xmlns="http://www.w3.org/2000/svg">
      <path d="M10.625 9.375H14v1.25h-3.375V14h-1.25v-3.375H6v-1.25h3.375V6h1.25v3.375ZM20 10A10 10 0 1 1 10 0a10.011 10.011 0 0 1 10 10Zm-1.25 0A8.75 8.75 0 1 0 10 18.75 8.76 8.76 0 0 0 18.75 10Z"></path>
    </svg></span>
    <span class="text-secondary-weak font-normal"><faceplate-number number="2"><!---->2</faceplate-number> more replies</span>
  
      </button>
expander.js:1752 [Expander] Processing missed button 73/82: <button class="text-tone-2 text-12 no-underline hover:underline px-xs py-xs flex ml-[3px] xs:ml-0 !b...
expander.js:1752 [Expander] Processing missed button 27/45: <button aria-hidden="true" class="text-tone-2 text-12 no-underline hover:underline px-xs py-xs flex ...
expander.js:1752 [Expander] Processing missed button 22/34: <button aria-hidden="true" class="text-tone-2 text-12 no-underline hover:underline px-xs py-xs flex ...
expander.js:1752 [Expander] Processing missed button 49/73: <button aria-hidden="true" class="text-tone-2 text-12 no-underline hover:underline px-xs py-xs flex ...
expander.js:1692 [Expander] New expandable content detected via scroll observer
expander.js:1752 [Expander] Processing missed button 38/55: <button class="text-tone-2 text-12 no-underline hover:underline px-xs py-xs flex ml-[3px] xs:ml-0 !b...
expander.js:1752 [Expander] Processing missed button 62/81: <button class="text-tone-2 text-12 no-underline hover:underline px-xs py-xs flex ml-[3px] xs:ml-0 !b...
expander.js:1752 [Expander] Processing missed button 79/80: <button class="text-tone-2 text-12 no-underline hover:underline px-xs py-xs flex ml-[3px] xs:ml-0 !b...
expander.js:1752 [Expander] Processing missed button 8/20: <button aria-hidden="true" class="text-tone-2 text-12 no-underline hover:underline px-xs py-xs flex ...
expander.js:1752 [Expander] Processing missed button 44/68: <button aria-hidden="true" class="text-tone-2 text-12 no-underline hover:underline px-xs py-xs flex ...
expander.js:1752 [Expander] Processing missed button 91/92: <button class="text-tone-2 text-12 no-underline hover:underline px-xs py-xs flex ml-[3px] xs:ml-0 !b...
expander.js:1752 [Expander] Processing missed button 33/48: <button class="text-tone-2 text-12 no-underline hover:underline px-xs py-xs flex ml-[3px] xs:ml-0 !b...
expander.js:1752 [Expander] Processing missed button 4/14: <button aria-hidden="true" class="text-tone-2 text-12 no-underline hover:underline px-xs py-xs flex ...
expander.js:1752 [Expander] Processing missed button 16/29: <button class="text-tone-2 text-12 no-underline hover:underline px-xs py-xs flex ml-[3px] xs:ml-0 !b...
expander.js:1752 [Expander] Processing missed button 55/81: <button aria-hidden="true" class="text-tone-2 text-12 no-underline hover:underline px-xs py-xs flex ...
expander.js:1752 [Expander] Processing missed button 74/82: <button aria-hidden="true" class="text-tone-2 text-12 no-underline hover:underline px-xs py-xs flex ...
expander.js:1752 [Expander] Processing missed button 28/45: <button class="text-tone-2 text-12 no-underline hover:underline px-xs py-xs flex ml-[3px] xs:ml-0 !b...
expander.js:1752 [Expander] Processing missed button 23/34: <button class="text-tone-2 text-12 no-underline hover:underline px-xs py-xs flex ml-[3px] xs:ml-0 !b...
expander.js:1752 [Expander] Processing missed button 50/73: <button class="text-tone-2 text-12 no-underline hover:underline px-xs py-xs flex ml-[3px] xs:ml-0 !b...
expander.js:1752 [Expander] Processing missed button 39/55: <button aria-hidden="true" class="text-tone-2 text-12 no-underline hover:underline px-xs py-xs flex ...
expander.js:1752 [Expander] Processing missed button 63/81: <button aria-hidden="true" class="text-tone-2 text-12 no-underline hover:underline px-xs py-xs flex ...
expander.js:1752 [Expander] Processing missed button 80/80: <button aria-hidden="true" class="text-tone-2 text-12 no-underline hover:underline px-xs py-xs flex ...
expander.js:1752 [Expander] Processing missed button 9/20: <button class="text-tone-2 text-12 no-underline hover:underline px-xs py-xs flex ml-[3px] xs:ml-0 !b...
expander.js:1752 [Expander] Processing missed button 45/68: <button class="text-tone-2 text-12 no-underline hover:underline px-xs py-xs flex ml-[3px] xs:ml-0 !b...
expander.js:1752 [Expander] Processing missed button 92/92: <button aria-hidden="true" class="text-tone-2 text-12 no-underline hover:underline px-xs py-xs flex ...
expander.js:1752 [Expander] Processing missed button 34/48: <button aria-hidden="true" class="text-tone-2 text-12 no-underline hover:underline px-xs py-xs flex ...
expander.js:1752 [Expander] Processing missed button 5/14: <button class="text-tone-2 text-12 no-underline hover:underline px-xs py-xs flex ml-[3px] xs:ml-0 !b...
expander.js:1234 [Expander] Processing missed button: collapsed
expander.js:1326 [Expander] Attempting to click expand button: <button class="text-tone-2 text-12 no-underline hover:underline px-xs py-xs flex ml-[3px] xs:ml-0 !bg-transparent !border-0" type="button" data-reddit-expander-processed="true">
    <span class="text-neutral-content-strong mr-xs flex items-center"><svg rpl="" fill="currentColor" height="16" icon-name="join-outline" viewBox="0 0 20 20" width="16" xmlns="http://www.w3.org/2000/svg">
      <path d="M10.625 9.375H14v1.25h-3.375V14h-1.25v-3.375H6v-1.25h3.375V6h1.25v3.375ZM20 10A10 10 0 1 1 10 0a10.011 10.011 0 0 1 10 10Zm-1.25 0A8.75 8.75 0 1 0 10 18.75 8.76 8.76 0 0 0 18.75 10Z"></path>
    </svg></span>
    <span class="text-secondary-weak font-normal"><faceplate-number number="8"><!---->8</faceplate-number> more replies</span>
  </button>
expander.js:1234 [Expander] Processing missed button: collapsed
expander.js:1326 [Expander] Attempting to click expand button: <button aria-hidden="true" class="text-tone-2 text-12 no-underline hover:underline px-xs py-xs flex ml-[3px] xs:ml-0 !bg-transparent !border-0 invisible h-0 !p-0" type="button" data-reddit-expander-processed="true" style="">
        
    <span class="text-neutral-content-strong mr-xs flex items-center"><svg rpl="" fill="currentColor" height="16" icon-name="join-outline" viewBox="0 0 20 20" width="16" xmlns="http://www.w3.org/2000/svg">
      <path d="M10.625 9.375H14v1.25h-3.375V14h-1.25v-3.375H6v-1.25h3.375V6h1.25v3.375ZM20 10A10 10 0 1 1 10 0a10.011 10.011 0 0 1 10 10Zm-1.25 0A8.75 8.75 0 1 0 10 18.75 8.76 8.76 0 0 0 18.75 10Z"></path>
    </svg></span>
    <span class="text-secondary-weak font-normal"><faceplate-number number="13"><!---->13</faceplate-number> more replies</span>
  
      </button>
expander.js:1752 [Expander] Processing missed button 17/29: <button aria-hidden="true" class="text-tone-2 text-12 no-underline hover:underline px-xs py-xs flex ...
expander.js:1234 [Expander] Processing missed button: collapsed
expander.js:1326 [Expander] Attempting to click expand button: <button class="text-tone-2 text-12 no-underline hover:underline px-xs py-xs flex ml-[3px] xs:ml-0 !bg-transparent !border-0" type="button" data-reddit-expander-processed="true" style="">
    <span class="text-neutral-content-strong mr-xs flex items-center"><svg rpl="" fill="currentColor" height="16" icon-name="join-outline" viewBox="0 0 20 20" width="16" xmlns="http://www.w3.org/2000/svg">
      <path d="M10.625 9.375H14v1.25h-3.375V14h-1.25v-3.375H6v-1.25h3.375V6h1.25v3.375ZM20 10A10 10 0 1 1 10 0a10.011 10.011 0 0 1 10 10Zm-1.25 0A8.75 8.75 0 1 0 10 18.75 8.76 8.76 0 0 0 18.75 10Z"></path>
    </svg></span>
    <span class="text-secondary-weak font-normal"><faceplate-number number="6"><!---->6</faceplate-number> more replies</span>
  </button>
expander.js:1234 [Expander] Processing missed button: collapsed
expander.js:1326 [Expander] Attempting to click expand button: <button aria-hidden="true" class="text-tone-2 text-12 no-underline hover:underline px-xs py-xs flex ml-[3px] xs:ml-0 !bg-transparent !border-0 invisible h-0 !p-0" type="button" data-reddit-expander-processed="true" style="">
        
    <span class="text-neutral-content-strong mr-xs flex items-center"><svg rpl="" fill="currentColor" height="16" icon-name="join-outline" viewBox="0 0 20 20" width="16" xmlns="http://www.w3.org/2000/svg">
      <path d="M10.625 9.375H14v1.25h-3.375V14h-1.25v-3.375H6v-1.25h3.375V6h1.25v3.375ZM20 10A10 10 0 1 1 10 0a10.011 10.011 0 0 1 10 10Zm-1.25 0A8.75 8.75 0 1 0 10 18.75 8.76 8.76 0 0 0 18.75 10Z"></path>
    </svg></span>
    <span class="text-secondary-weak font-normal"><faceplate-number number="8"><!---->8</faceplate-number> more replies</span>
  
      </button>
expander.js:1234 [Expander] Processing missed button: collapsed
expander.js:1326 [Expander] Attempting to click expand button: <button class="text-tone-2 text-12 no-underline hover:underline px-xs py-xs flex ml-[3px] xs:ml-0 !bg-transparent !border-0" type="button" data-reddit-expander-processed="true" style="transition: box-shadow 0.3s; box-shadow: rgba(76, 175, 80, 0.4) 0px 0px 8px; border-radius: 4px;">
    <span class="text-neutral-content-strong mr-xs flex items-center"><svg rpl="" fill="currentColor" height="16" icon-name="join-outline" viewBox="0 0 20 20" width="16" xmlns="http://www.w3.org/2000/svg">
      <path d="M10.625 9.375H14v1.25h-3.375V14h-1.25v-3.375H6v-1.25h3.375V6h1.25v3.375ZM20 10A10 10 0 1 1 10 0a10.011 10.011 0 0 1 10 10Zm-1.25 0A8.75 8.75 0 1 0 10 18.75 8.76 8.76 0 0 0 18.75 10Z"></path>
    </svg></span>
    <span class="text-secondary-weak font-normal"><faceplate-number number="8"><!---->8</faceplate-number> more replies</span>
  </button>
expander.js:1234 [Expander] Processing missed button: collapsed
expander.js:1326 [Expander] Attempting to click expand button: <button aria-hidden="true" class="text-tone-2 text-12 no-underline hover:underline px-xs py-xs flex ml-[3px] xs:ml-0 !bg-transparent !border-0 invisible h-0 !p-0" type="button" data-reddit-expander-processed="true" style="">
        
    <span class="text-neutral-content-strong mr-xs flex items-center"><svg rpl="" fill="currentColor" height="16" icon-name="join-outline" viewBox="0 0 20 20" width="16" xmlns="http://www.w3.org/2000/svg">
      <path d="M10.625 9.375H14v1.25h-3.375V14h-1.25v-3.375H6v-1.25h3.375V6h1.25v3.375ZM20 10A10 10 0 1 1 10 0a10.011 10.011 0 0 1 10 10Zm-1.25 0A8.75 8.75 0 1 0 10 18.75 8.76 8.76 0 0 0 18.75 10Z"></path>
    </svg></span>
    <span class="text-secondary-weak font-normal"><faceplate-number number="2"><!---->2</faceplate-number> more replies</span>
  
      </button>
expander.js:1234 [Expander] Processing missed button: collapsed
expander.js:1326 [Expander] Attempting to click expand button: <button class="text-tone-2 text-12 no-underline hover:underline px-xs py-xs flex ml-[3px] xs:ml-0 !bg-transparent !border-0" type="button" data-reddit-expander-processed="true" style="">
    <span class="text-neutral-content-strong mr-xs flex items-center"><svg rpl="" fill="currentColor" height="16" icon-name="join-outline" viewBox="0 0 20 20" width="16" xmlns="http://www.w3.org/2000/svg">
      <path d="M10.625 9.375H14v1.25h-3.375V14h-1.25v-3.375H6v-1.25h3.375V6h1.25v3.375ZM20 10A10 10 0 1 1 10 0a10.011 10.011 0 0 1 10 10Zm-1.25 0A8.75 8.75 0 1 0 10 18.75 8.76 8.76 0 0 0 18.75 10Z"></path>
    </svg></span>
    <span class="text-secondary-weak font-normal"><faceplate-number number="1"><!---->1</faceplate-number> more reply</span>
  </button>
expander.js:1752 [Expander] Processing missed button 56/81: <button class="text-tone-2 text-12 no-underline hover:underline px-xs py-xs flex ml-[3px] xs:ml-0 !b...
expander.js:1752 [Expander] Processing missed button 75/82: <button class="text-tone-2 text-12 no-underline hover:underline px-xs py-xs flex ml-[3px] xs:ml-0 !b...
expander.js:1752 [Expander] Processing missed button 29/45: <button aria-hidden="true" class="text-tone-2 text-12 no-underline hover:underline px-xs py-xs flex ...
expander.js:1752 [Expander] Processing missed button 24/34: <button aria-hidden="true" class="text-tone-2 text-12 no-underline hover:underline px-xs py-xs flex ...
expander.js:1752 [Expander] Processing missed button 51/73: <button aria-hidden="true" class="text-tone-2 text-12 no-underline hover:underline px-xs py-xs flex ...
expander.js:1752 [Expander] Processing missed button 40/55: <button class="text-tone-2 text-12 no-underline hover:underline px-xs py-xs flex ml-[3px] xs:ml-0 !b...
expander.js:1752 [Expander] Processing missed button 64/81: <button class="text-tone-2 text-12 no-underline hover:underline px-xs py-xs flex ml-[3px] xs:ml-0 !b...
expander.js:1752 [Expander] Processing missed button 10/20: <button aria-hidden="true" class="text-tone-2 text-12 no-underline hover:underline px-xs py-xs flex ...
expander.js:1752 [Expander] Processing missed button 46/68: <button aria-hidden="true" class="text-tone-2 text-12 no-underline hover:underline px-xs py-xs flex ...
expander.js:1234 [Expander] Processing missed button: collapsed
expander.js:1326 [Expander] Attempting to click expand button: <button aria-hidden="true" class="text-tone-2 text-12 no-underline hover:underline px-xs py-xs flex ml-[3px] xs:ml-0 !bg-transparent !border-0 invisible h-0 !p-0" type="button" data-reddit-expander-processed="true" style="">
        
    <span class="text-neutral-content-strong mr-xs flex items-center"><svg rpl="" fill="currentColor" height="16" icon-name="join-outline" viewBox="0 0 20 20" width="16" xmlns="http://www.w3.org/2000/svg">
      <path d="M10.625 9.375H14v1.25h-3.375V14h-1.25v-3.375H6v-1.25h3.375V6h1.25v3.375ZM20 10A10 10 0 1 1 10 0a10.011 10.011 0 0 1 10 10Zm-1.25 0A8.75 8.75 0 1 0 10 18.75 8.76 8.76 0 0 0 18.75 10Z"></path>
    </svg></span>
    <span class="text-secondary-weak font-normal"><faceplate-number number="16"><!---->16</faceplate-number> more replies</span>
  
      </button>
expander.js:1234 [Expander] Processing missed button: collapsed
expander.js:1326 [Expander] Attempting to click expand button: <button aria-hidden="true" class="text-tone-2 text-12 no-underline hover:underline px-xs py-xs flex ml-[3px] xs:ml-0 !bg-transparent !border-0 invisible h-0 !p-0" type="button" data-reddit-expander-processed="true" style="">
        
    <span class="text-neutral-content-strong mr-xs flex items-center"><svg rpl="" fill="currentColor" height="16" icon-name="join-outline" viewBox="0 0 20 20" width="16" xmlns="http://www.w3.org/2000/svg">
      <path d="M10.625 9.375H14v1.25h-3.375V14h-1.25v-3.375H6v-1.25h3.375V6h1.25v3.375ZM20 10A10 10 0 1 1 10 0a10.011 10.011 0 0 1 10 10Zm-1.25 0A8.75 8.75 0 1 0 10 18.75 8.76 8.76 0 0 0 18.75 10Z"></path>
    </svg></span>
    <span class="text-secondary-weak font-normal"><faceplate-number number="4"><!---->4</faceplate-number> more replies</span>
  
      </button>
expander.js:1234 [Expander] Processing missed button: collapsed
expander.js:1326 [Expander] Attempting to click expand button: <button aria-hidden="true" class="text-tone-2 text-12 no-underline hover:underline px-xs py-xs flex ml-[3px] xs:ml-0 !bg-transparent !border-0 invisible h-0 !p-0" type="button" data-reddit-expander-processed="true" style="transition: box-shadow 0.3s; box-shadow: rgba(76, 175, 80, 0.4) 0px 0px 8px; border-radius: 4px;">
        
    <span class="text-neutral-content-strong mr-xs flex items-center"><svg rpl="" fill="currentColor" height="16" icon-name="join-outline" viewBox="0 0 20 20" width="16" xmlns="http://www.w3.org/2000/svg">
      <path d="M10.625 9.375H14v1.25h-3.375V14h-1.25v-3.375H6v-1.25h3.375V6h1.25v3.375ZM20 10A10 10 0 1 1 10 0a10.011 10.011 0 0 1 10 10Zm-1.25 0A8.75 8.75 0 1 0 10 18.75 8.76 8.76 0 0 0 18.75 10Z"></path>
    </svg></span>
    <span class="text-secondary-weak font-normal"><faceplate-number number="1"><!---->1</faceplate-number> more reply</span>
  
      </button>
expander.js:1234 [Expander] Processing missed button: collapsed
expander.js:1326 [Expander] Attempting to click expand button: <button class="text-tone-2 text-12 no-underline hover:underline px-xs py-xs flex ml-[3px] xs:ml-0 !bg-transparent !border-0" type="button" data-reddit-expander-processed="true">
    <span class="text-neutral-content-strong mr-xs flex items-center"><svg rpl="" fill="currentColor" height="16" icon-name="join-outline" viewBox="0 0 20 20" width="16" xmlns="http://www.w3.org/2000/svg">
      <path d="M10.625 9.375H14v1.25h-3.375V14h-1.25v-3.375H6v-1.25h3.375V6h1.25v3.375ZM20 10A10 10 0 1 1 10 0a10.011 10.011 0 0 1 10 10Zm-1.25 0A8.75 8.75 0 1 0 10 18.75 8.76 8.76 0 0 0 18.75 10Z"></path>
    </svg></span>
    <span class="text-secondary-weak font-normal"><faceplate-number number="1"><!---->1</faceplate-number> more reply</span>
  </button>
expander.js:1752 [Expander] Processing missed button 35/48: <button class="text-tone-2 text-12 no-underline hover:underline px-xs py-xs flex ml-[3px] xs:ml-0 !b...
expander.js:1752 [Expander] Processing missed button 6/14: <button aria-hidden="true" class="text-tone-2 text-12 no-underline hover:underline px-xs py-xs flex ...
expander.js:1752 [Expander] Processing missed button 18/29: <button class="text-tone-2 text-12 no-underline hover:underline px-xs py-xs flex ml-[3px] xs:ml-0 !b...
expander.js:1752 [Expander] Processing missed button 57/81: <button aria-hidden="true" class="text-tone-2 text-12 no-underline hover:underline px-xs py-xs flex ...
expander.js:1752 [Expander] Processing missed button 76/82: <button aria-hidden="true" class="text-tone-2 text-12 no-underline hover:underline px-xs py-xs flex ...
expander.js:1752 [Expander] Processing missed button 30/45: <button class="text-tone-2 text-12 no-underline hover:underline px-xs py-xs flex ml-[3px] xs:ml-0 !b...
expander.js:1752 [Expander] Processing missed button 25/34: <button class="text-tone-2 text-12 no-underline hover:underline px-xs py-xs flex ml-[3px] xs:ml-0 !b...
expander.js:1752 [Expander] Processing missed button 52/73: <button class="text-tone-2 text-12 no-underline hover:underline px-xs py-xs flex ml-[3px] xs:ml-0 !b...
expander.js:1710 [Expander] Processing new content from scroll...
element-cache.js:166 [Cache] Hit rate: 89% | Miss rate: 11% | Size: 34 | Time saved: 139ms
selector-factory.js:557 [SelectorFactory] Found 1 elements for "moreComments" using: #top-level-more-comments-partial
selector-factory.js:557 [SelectorFactory] Found 1 elements for "moreReplies" using: button[rpl][class*="button-small"][class*="button-plain"]
selector-factory.js:557 [SelectorFactory] Found 92 elements for "collapsed" using: shreddit-comment button:has(svg[icon-name="join-outline"])
selector-factory.js:557 [SelectorFactory] Found 6 elements for "continueThread" using: faceplate-partial[loading="lazy"]:not([id*="more-comments"])
shell-561c8d66.js:1 [SelectorFactory] No elements found for "crowdControl" in version "shReddit"
findElements @ selector-factory.js:560
getAllExpandableElements @ reddit-detector.js:191
scanAndExpandNewContent @ expander.js:1786
(anonymous) @ expander.js:1711
setTimeout
(anonymous) @ expander.js:1709
childList
(anonymous) @ shell-561c8d66.js:1
po @ shell-561c8d66.js:1
_renderContent @ shell-561c8d66.js:1
runner @ shell-561c8d66.js:4
_load @ shell-561c8d66.js:1
await in _load
(anonymous) @ shell-561c8d66.js:1
(anonymous) @ expander.js:1759
executeWithAbortHandling @ expander.js:377
(anonymous) @ expander.js:1758
setTimeout
(anonymous) @ expander.js:1751
performAggressiveRescan @ expander.js:1749
(anonymous) @ expander.js:1714
setTimeout
(anonymous) @ expander.js:1709
childList
(anonymous) @ shell-561c8d66.js:1
po @ shell-561c8d66.js:1
_renderContent @ shell-561c8d66.js:1
runner @ shell-561c8d66.js:4
_load @ shell-561c8d66.js:1
await in _load
(anonymous) @ shell-561c8d66.js:1
(anonymous) @ expander.js:1759
executeWithAbortHandling @ expander.js:377
(anonymous) @ expander.js:1758
shell-561c8d66.js:1 [SelectorFactory] Tried 2 selectors, 0 had errors
findElements @ selector-factory.js:561
getAllExpandableElements @ reddit-detector.js:191
scanAndExpandNewContent @ expander.js:1786
(anonymous) @ expander.js:1711
setTimeout
(anonymous) @ expander.js:1709
childList
(anonymous) @ shell-561c8d66.js:1
po @ shell-561c8d66.js:1
_renderContent @ shell-561c8d66.js:1
runner @ shell-561c8d66.js:4
_load @ shell-561c8d66.js:1
await in _load
(anonymous) @ shell-561c8d66.js:1
(anonymous) @ expander.js:1759
executeWithAbortHandling @ expander.js:377
(anonymous) @ expander.js:1758
setTimeout
(anonymous) @ expander.js:1751
performAggressiveRescan @ expander.js:1749
(anonymous) @ expander.js:1714
setTimeout
(anonymous) @ expander.js:1709
childList
(anonymous) @ shell-561c8d66.js:1
po @ shell-561c8d66.js:1
_renderContent @ shell-561c8d66.js:1
runner @ shell-561c8d66.js:4
_load @ shell-561c8d66.js:1
await in _load
(anonymous) @ shell-561c8d66.js:1
(anonymous) @ expander.js:1759
executeWithAbortHandling @ expander.js:377
(anonymous) @ expander.js:1758
selector-factory.js:568 [SelectorFactory] Trying smart fallback for "crowdControl"
selector-factory.js:679 [SelectorFactory] Using basic fallback: button (found 352 elements)
shell-561c8d66.js:1 [SelectorFactory] No elements found for "contestMode" in version "shReddit"
findElements @ selector-factory.js:560
getAllExpandableElements @ reddit-detector.js:191
scanAndExpandNewContent @ expander.js:1786
(anonymous) @ expander.js:1711
setTimeout
(anonymous) @ expander.js:1709
childList
(anonymous) @ shell-561c8d66.js:1
po @ shell-561c8d66.js:1
_renderContent @ shell-561c8d66.js:1
runner @ shell-561c8d66.js:4
_load @ shell-561c8d66.js:1
await in _load
(anonymous) @ shell-561c8d66.js:1
(anonymous) @ expander.js:1759
executeWithAbortHandling @ expander.js:377
(anonymous) @ expander.js:1758
setTimeout
(anonymous) @ expander.js:1751
performAggressiveRescan @ expander.js:1749
(anonymous) @ expander.js:1714
setTimeout
(anonymous) @ expander.js:1709
childList
(anonymous) @ shell-561c8d66.js:1
po @ shell-561c8d66.js:1
_renderContent @ shell-561c8d66.js:1
runner @ shell-561c8d66.js:4
_load @ shell-561c8d66.js:1
await in _load
(anonymous) @ shell-561c8d66.js:1
(anonymous) @ expander.js:1759
executeWithAbortHandling @ expander.js:377
(anonymous) @ expander.js:1758
shell-561c8d66.js:1 [SelectorFactory] Tried 2 selectors, 0 had errors
findElements @ selector-factory.js:561
getAllExpandableElements @ reddit-detector.js:191
scanAndExpandNewContent @ expander.js:1786
(anonymous) @ expander.js:1711
setTimeout
(anonymous) @ expander.js:1709
childList
(anonymous) @ shell-561c8d66.js:1
po @ shell-561c8d66.js:1
_renderContent @ shell-561c8d66.js:1
runner @ shell-561c8d66.js:4
_load @ shell-561c8d66.js:1
await in _load
(anonymous) @ shell-561c8d66.js:1
(anonymous) @ expander.js:1759
executeWithAbortHandling @ expander.js:377
(anonymous) @ expander.js:1758
setTimeout
(anonymous) @ expander.js:1751
performAggressiveRescan @ expander.js:1749
(anonymous) @ expander.js:1714
setTimeout
(anonymous) @ expander.js:1709
childList
(anonymous) @ shell-561c8d66.js:1
po @ shell-561c8d66.js:1
_renderContent @ shell-561c8d66.js:1
runner @ shell-561c8d66.js:4
_load @ shell-561c8d66.js:1
await in _load
(anonymous) @ shell-561c8d66.js:1
(anonymous) @ expander.js:1759
executeWithAbortHandling @ expander.js:377
(anonymous) @ expander.js:1758
selector-factory.js:568 [SelectorFactory] Trying smart fallback for "contestMode"
selector-factory.js:679 [SelectorFactory] Using basic fallback: button (found 352 elements)
shell-561c8d66.js:1 [SelectorFactory] No elements found for "deleted" in version "shReddit"
findElements @ selector-factory.js:560
getAllExpandableElements @ reddit-detector.js:191
scanAndExpandNewContent @ expander.js:1786
(anonymous) @ expander.js:1711
setTimeout
(anonymous) @ expander.js:1709
childList
(anonymous) @ shell-561c8d66.js:1
po @ shell-561c8d66.js:1
_renderContent @ shell-561c8d66.js:1
runner @ shell-561c8d66.js:4
_load @ shell-561c8d66.js:1
await in _load
(anonymous) @ shell-561c8d66.js:1
(anonymous) @ expander.js:1759
executeWithAbortHandling @ expander.js:377
(anonymous) @ expander.js:1758
setTimeout
(anonymous) @ expander.js:1751
performAggressiveRescan @ expander.js:1749
(anonymous) @ expander.js:1714
setTimeout
(anonymous) @ expander.js:1709
childList
(anonymous) @ shell-561c8d66.js:1
po @ shell-561c8d66.js:1
_renderContent @ shell-561c8d66.js:1
runner @ shell-561c8d66.js:4
_load @ shell-561c8d66.js:1
await in _load
(anonymous) @ shell-561c8d66.js:1
(anonymous) @ expander.js:1759
executeWithAbortHandling @ expander.js:377
(anonymous) @ expander.js:1758
shell-561c8d66.js:1 [SelectorFactory] Tried 2 selectors, 0 had errors
findElements @ selector-factory.js:561
getAllExpandableElements @ reddit-detector.js:191
scanAndExpandNewContent @ expander.js:1786
(anonymous) @ expander.js:1711
setTimeout
(anonymous) @ expander.js:1709
childList
(anonymous) @ shell-561c8d66.js:1
po @ shell-561c8d66.js:1
_renderContent @ shell-561c8d66.js:1
runner @ shell-561c8d66.js:4
_load @ shell-561c8d66.js:1
await in _load
(anonymous) @ shell-561c8d66.js:1
(anonymous) @ expander.js:1759
executeWithAbortHandling @ expander.js:377
(anonymous) @ expander.js:1758
setTimeout
(anonymous) @ expander.js:1751
performAggressiveRescan @ expander.js:1749
(anonymous) @ expander.js:1714
setTimeout
(anonymous) @ expander.js:1709
childList
(anonymous) @ shell-561c8d66.js:1
po @ shell-561c8d66.js:1
_renderContent @ shell-561c8d66.js:1
runner @ shell-561c8d66.js:4
_load @ shell-561c8d66.js:1
await in _load
(anonymous) @ shell-561c8d66.js:1
(anonymous) @ expander.js:1759
executeWithAbortHandling @ expander.js:377
(anonymous) @ expander.js:1758
selector-factory.js:568 [SelectorFactory] Trying smart fallback for "deleted"
selector-factory.js:679 [SelectorFactory] Using basic fallback: button (found 352 elements)
shell-561c8d66.js:1 [SelectorFactory] No elements found for "viewRest" in version "shReddit"
findElements @ selector-factory.js:560
getAllExpandableElements @ reddit-detector.js:191
scanAndExpandNewContent @ expander.js:1786
(anonymous) @ expander.js:1711
setTimeout
(anonymous) @ expander.js:1709
childList
(anonymous) @ shell-561c8d66.js:1
po @ shell-561c8d66.js:1
_renderContent @ shell-561c8d66.js:1
runner @ shell-561c8d66.js:4
_load @ shell-561c8d66.js:1
await in _load
(anonymous) @ shell-561c8d66.js:1
(anonymous) @ expander.js:1759
executeWithAbortHandling @ expander.js:377
(anonymous) @ expander.js:1758
setTimeout
(anonymous) @ expander.js:1751
performAggressiveRescan @ expander.js:1749
(anonymous) @ expander.js:1714
setTimeout
(anonymous) @ expander.js:1709
childList
(anonymous) @ shell-561c8d66.js:1
po @ shell-561c8d66.js:1
_renderContent @ shell-561c8d66.js:1
runner @ shell-561c8d66.js:4
_load @ shell-561c8d66.js:1
await in _load
(anonymous) @ shell-561c8d66.js:1
(anonymous) @ expander.js:1759
executeWithAbortHandling @ expander.js:377
(anonymous) @ expander.js:1758
shell-561c8d66.js:1 [SelectorFactory] Tried 2 selectors, 0 had errors
findElements @ selector-factory.js:561
getAllExpandableElements @ reddit-detector.js:191
scanAndExpandNewContent @ expander.js:1786
(anonymous) @ expander.js:1711
setTimeout
(anonymous) @ expander.js:1709
childList
(anonymous) @ shell-561c8d66.js:1
po @ shell-561c8d66.js:1
_renderContent @ shell-561c8d66.js:1
runner @ shell-561c8d66.js:4
_load @ shell-561c8d66.js:1
await in _load
(anonymous) @ shell-561c8d66.js:1
(anonymous) @ expander.js:1759
executeWithAbortHandling @ expander.js:377
(anonymous) @ expander.js:1758
setTimeout
(anonymous) @ expander.js:1751
performAggressiveRescan @ expander.js:1749
(anonymous) @ expander.js:1714
setTimeout
(anonymous) @ expander.js:1709
childList
(anonymous) @ shell-561c8d66.js:1
po @ shell-561c8d66.js:1
_renderContent @ shell-561c8d66.js:1
runner @ shell-561c8d66.js:4
_load @ shell-561c8d66.js:1
await in _load
(anonymous) @ shell-561c8d66.js:1
(anonymous) @ expander.js:1759
executeWithAbortHandling @ expander.js:377
(anonymous) @ expander.js:1758
selector-factory.js:568 [SelectorFactory] Trying smart fallback for "viewRest"
selector-factory.js:679 [SelectorFactory] Using basic fallback: button (found 352 elements)
reddit-detector.js:209 [RedditDetector] Found 359 unique expandable elements across all categories
reddit-detector.js:216 [RedditDetector] Elements by category: {moreComments: 1, moreReplies: 1, collapsed: 92, continueThread: 6, crowdControl: 259}
expander.js:1794 Found 265 new expandable elements from scroll, processing...
expander.js:1799 [Progress] Found 265 new elements during auto-scroll (total: 5268)
expander.js:1731 [Expander] Performing aggressive rescan for missed buttons...
expander.js:1746 [Expander] Found 10 unprocessed expandable buttons during aggressive rescan
expander.js:1234 [Expander] Processing missed button: continueThread
expander.js:1234 [Expander] Processing missed button: continueThread
expander.js:1752 [Expander] Processing missed button 41/55: <button aria-hidden="true" class="text-tone-2 text-12 no-underline hover:underline px-xs py-xs flex ...
expander.js:1752 [Expander] Processing missed button 65/81: <button aria-hidden="true" class="text-tone-2 text-12 no-underline hover:underline px-xs py-xs flex ...
expander.js:1752 [Expander] Processing missed button 11/20: <button class="text-tone-2 text-12 no-underline hover:underline px-xs py-xs flex ml-[3px] xs:ml-0 !b...
expander.js:1752 [Expander] Processing missed button 47/68: <button class="text-tone-2 text-12 no-underline hover:underline px-xs py-xs flex ml-[3px] xs:ml-0 !b...
expander.js:1752 [Expander] Processing missed button 1/10: <button class="text-tone-2 text-12 no-underline hover:underline px-xs py-xs flex ml-[3px] xs:ml-0 !b...
expander.js:1752 [Expander] Processing missed button 36/48: <button aria-hidden="true" class="text-tone-2 text-12 no-underline hover:underline px-xs py-xs flex ...
expander.js:1752 [Expander] Processing missed button 7/14: <button class="text-tone-2 text-12 no-underline hover:underline px-xs py-xs flex ml-[3px] xs:ml-0 !b...
expander.js:1752 [Expander] Processing missed button 19/29: <button aria-hidden="true" class="text-tone-2 text-12 no-underline hover:underline px-xs py-xs flex ...
expander.js:1752 [Expander] Processing missed button 58/81: <button class="text-tone-2 text-12 no-underline hover:underline px-xs py-xs flex ml-[3px] xs:ml-0 !b...
expander.js:1752 [Expander] Processing missed button 77/82: <button class="text-tone-2 text-12 no-underline hover:underline px-xs py-xs flex ml-[3px] xs:ml-0 !b...
expander.js:1752 [Expander] Processing missed button 31/45: <button aria-hidden="true" class="text-tone-2 text-12 no-underline hover:underline px-xs py-xs flex ...
expander.js:1752 [Expander] Processing missed button 26/34: <button aria-hidden="true" class="text-tone-2 text-12 no-underline hover:underline px-xs py-xs flex ...
expander.js:1752 [Expander] Processing missed button 53/73: <button aria-hidden="true" class="text-tone-2 text-12 no-underline hover:underline px-xs py-xs flex ...
expander.js:1234 [Expander] Processing missed button: collapsed
expander.js:1326 [Expander] Attempting to click expand button: <button aria-hidden="true" class="text-tone-2 text-12 no-underline hover:underline px-xs py-xs flex ml-[3px] xs:ml-0 !bg-transparent !border-0 invisible h-0 !p-0" type="button" data-reddit-expander-processed="true">
        
    <span class="text-neutral-content-strong mr-xs flex items-center"><svg rpl="" fill="currentColor" height="16" icon-name="join-outline" viewBox="0 0 20 20" width="16" xmlns="http://www.w3.org/2000/svg">
      <path d="M10.625 9.375H14v1.25h-3.375V14h-1.25v-3.375H6v-1.25h3.375V6h1.25v3.375ZM20 10A10 10 0 1 1 10 0a10.011 10.011 0 0 1 10 10Zm-1.25 0A8.75 8.75 0 1 0 10 18.75 8.76 8.76 0 0 0 18.75 10Z"></path>
    </svg></span>
    <span class="text-secondary-weak font-normal"><faceplate-number number="8"><!---->8</faceplate-number> more replies</span>
  
      </button>
expander.js:1234 [Expander] Processing missed button: collapsed
expander.js:1326 [Expander] Attempting to click expand button: <button class="text-tone-2 text-12 no-underline hover:underline px-xs py-xs flex ml-[3px] xs:ml-0 !bg-transparent !border-0" type="button" data-reddit-expander-processed="true" style="transition: box-shadow 0.3s; box-shadow: rgba(76, 175, 80, 0.4) 0px 0px 8px; border-radius: 4px;">
    <span class="text-neutral-content-strong mr-xs flex items-center"><svg rpl="" fill="currentColor" height="16" icon-name="join-outline" viewBox="0 0 20 20" width="16" xmlns="http://www.w3.org/2000/svg">
      <path d="M10.625 9.375H14v1.25h-3.375V14h-1.25v-3.375H6v-1.25h3.375V6h1.25v3.375ZM20 10A10 10 0 1 1 10 0a10.011 10.011 0 0 1 10 10Zm-1.25 0A8.75 8.75 0 1 0 10 18.75 8.76 8.76 0 0 0 18.75 10Z"></path>
    </svg></span>
    <span class="text-secondary-weak font-normal"><faceplate-number number="1"><!---->1</faceplate-number> more reply</span>
  </button>
expander.js:1234 [Expander] Processing missed button: collapsed
expander.js:1326 [Expander] Attempting to click expand button: <button aria-hidden="true" class="text-tone-2 text-12 no-underline hover:underline px-xs py-xs flex ml-[3px] xs:ml-0 !bg-transparent !border-0 invisible h-0 !p-0" type="button" data-reddit-expander-processed="true" style="">
        
    <span class="text-neutral-content-strong mr-xs flex items-center"><svg rpl="" fill="currentColor" height="16" icon-name="join-outline" viewBox="0 0 20 20" width="16" xmlns="http://www.w3.org/2000/svg">
      <path d="M10.625 9.375H14v1.25h-3.375V14h-1.25v-3.375H6v-1.25h3.375V6h1.25v3.375ZM20 10A10 10 0 1 1 10 0a10.011 10.011 0 0 1 10 10Zm-1.25 0A8.75 8.75 0 1 0 10 18.75 8.76 8.76 0 0 0 18.75 10Z"></path>
    </svg></span>
    <span class="text-secondary-weak font-normal"><faceplate-number number="6"><!---->6</faceplate-number> more replies</span>
  
      </button>
expander.js:1234 [Expander] Processing missed button: collapsed
expander.js:1326 [Expander] Attempting to click expand button: <button class="text-tone-2 text-12 no-underline hover:underline px-xs py-xs flex ml-[3px] xs:ml-0 !bg-transparent !border-0" type="button" data-reddit-expander-processed="true" style="">
    <span class="text-neutral-content-strong mr-xs flex items-center"><svg rpl="" fill="currentColor" height="16" icon-name="join-outline" viewBox="0 0 20 20" width="16" xmlns="http://www.w3.org/2000/svg">
      <path d="M10.625 9.375H14v1.25h-3.375V14h-1.25v-3.375H6v-1.25h3.375V6h1.25v3.375ZM20 10A10 10 0 1 1 10 0a10.011 10.011 0 0 1 10 10Zm-1.25 0A8.75 8.75 0 1 0 10 18.75 8.76 8.76 0 0 0 18.75 10Z"></path>
    </svg></span>
    <span class="text-secondary-weak font-normal"><faceplate-number number="19"><!---->19</faceplate-number> more replies</span>
  </button>
expander.js:1234 [Expander] Processing missed button: collapsed
expander.js:1326 [Expander] Attempting to click expand button: <button aria-hidden="true" class="text-tone-2 text-12 no-underline hover:underline px-xs py-xs flex ml-[3px] xs:ml-0 !bg-transparent !border-0 invisible h-0 !p-0" type="button" data-reddit-expander-processed="true" style="transition: box-shadow 0.3s; box-shadow: rgba(76, 175, 80, 0.4) 0px 0px 8px; border-radius: 4px;">
        
    <span class="text-neutral-content-strong mr-xs flex items-center"><svg rpl="" fill="currentColor" height="16" icon-name="join-outline" viewBox="0 0 20 20" width="16" xmlns="http://www.w3.org/2000/svg">
      <path d="M10.625 9.375H14v1.25h-3.375V14h-1.25v-3.375H6v-1.25h3.375V6h1.25v3.375ZM20 10A10 10 0 1 1 10 0a10.011 10.011 0 0 1 10 10Zm-1.25 0A8.75 8.75 0 1 0 10 18.75 8.76 8.76 0 0 0 18.75 10Z"></path>
    </svg></span>
    <span class="text-secondary-weak font-normal"><faceplate-number number="8"><!---->8</faceplate-number> more replies</span>
  
      </button>
expander.js:1234 [Expander] Processing missed button: collapsed
expander.js:1326 [Expander] Attempting to click expand button: <button class="text-tone-2 text-12 no-underline hover:underline px-xs py-xs flex ml-[3px] xs:ml-0 !bg-transparent !border-0" type="button" data-reddit-expander-processed="true" style="">
    <span class="text-neutral-content-strong mr-xs flex items-center"><svg rpl="" fill="currentColor" height="16" icon-name="join-outline" viewBox="0 0 20 20" width="16" xmlns="http://www.w3.org/2000/svg">
      <path d="M10.625 9.375H14v1.25h-3.375V14h-1.25v-3.375H6v-1.25h3.375V6h1.25v3.375ZM20 10A10 10 0 1 1 10 0a10.011 10.011 0 0 1 10 10Zm-1.25 0A8.75 8.75 0 1 0 10 18.75 8.76 8.76 0 0 0 18.75 10Z"></path>
    </svg></span>
    <span class="text-secondary-weak font-normal"><faceplate-number number="2"><!---->2</faceplate-number> more replies</span>
  </button>
expander.js:1234 [Expander] Processing missed button: collapsed
expander.js:1326 [Expander] Attempting to click expand button: <button aria-hidden="true" class="text-tone-2 text-12 no-underline hover:underline px-xs py-xs flex ml-[3px] xs:ml-0 !bg-transparent !border-0 invisible h-0 !p-0" type="button" data-reddit-expander-processed="true" style="">
        
    <span class="text-neutral-content-strong mr-xs flex items-center"><svg rpl="" fill="currentColor" height="16" icon-name="join-outline" viewBox="0 0 20 20" width="16" xmlns="http://www.w3.org/2000/svg">
      <path d="M10.625 9.375H14v1.25h-3.375V14h-1.25v-3.375H6v-1.25h3.375V6h1.25v3.375ZM20 10A10 10 0 1 1 10 0a10.011 10.011 0 0 1 10 10Zm-1.25 0A8.75 8.75 0 1 0 10 18.75 8.76 8.76 0 0 0 18.75 10Z"></path>
    </svg></span>
    <span class="text-secondary-weak font-normal"><faceplate-number number="1"><!---->1</faceplate-number> more reply</span>
  
      </button>
expander.js:1752 [Expander] Processing missed button 42/55: <button class="text-tone-2 text-12 no-underline hover:underline px-xs py-xs flex ml-[3px] xs:ml-0 !b...
expander.js:1752 [Expander] Processing missed button 66/81: <button class="text-tone-2 text-12 no-underline hover:underline px-xs py-xs flex ml-[3px] xs:ml-0 !b...
expander.js:1752 [Expander] Processing missed button 12/20: <button aria-hidden="true" class="text-tone-2 text-12 no-underline hover:underline px-xs py-xs flex ...
expander.js:1752 [Expander] Processing missed button 48/68: <button aria-hidden="true" class="text-tone-2 text-12 no-underline hover:underline px-xs py-xs flex ...
expander.js:1234 [Expander] Processing missed button: collapsed
expander.js:1326 [Expander] Attempting to click expand button: <button aria-hidden="true" class="text-tone-2 text-12 no-underline hover:underline px-xs py-xs flex ml-[3px] xs:ml-0 !bg-transparent !border-0 invisible h-0 !p-0" type="button" data-reddit-expander-processed="true" style="">
        
    <span class="text-neutral-content-strong mr-xs flex items-center"><svg rpl="" fill="currentColor" height="16" icon-name="join-outline" viewBox="0 0 20 20" width="16" xmlns="http://www.w3.org/2000/svg">
      <path d="M10.625 9.375H14v1.25h-3.375V14h-1.25v-3.375H6v-1.25h3.375V6h1.25v3.375ZM20 10A10 10 0 1 1 10 0a10.011 10.011 0 0 1 10 10Zm-1.25 0A8.75 8.75 0 1 0 10 18.75 8.76 8.76 0 0 0 18.75 10Z"></path>
    </svg></span>
    <span class="text-secondary-weak font-normal"><faceplate-number number="4"><!---->4</faceplate-number> more replies</span>
  
      </button>
expander.js:1234 [Expander] Processing missed button: collapsed
expander.js:1326 [Expander] Attempting to click expand button: <button aria-hidden="true" class="text-tone-2 text-12 no-underline hover:underline px-xs py-xs flex ml-[3px] xs:ml-0 !bg-transparent !border-0 invisible h-0 !p-0" type="button" data-reddit-expander-processed="true">
        
    <span class="text-neutral-content-strong mr-xs flex items-center"><svg rpl="" fill="currentColor" height="16" icon-name="join-outline" viewBox="0 0 20 20" width="16" xmlns="http://www.w3.org/2000/svg">
      <path d="M10.625 9.375H14v1.25h-3.375V14h-1.25v-3.375H6v-1.25h3.375V6h1.25v3.375ZM20 10A10 10 0 1 1 10 0a10.011 10.011 0 0 1 10 10Zm-1.25 0A8.75 8.75 0 1 0 10 18.75 8.76 8.76 0 0 0 18.75 10Z"></path>
    </svg></span>
    <span class="text-secondary-weak font-normal"><faceplate-number number="2"><!---->2</faceplate-number> more replies</span>
  
      </button>
expander.js:1234 [Expander] Processing missed button: collapsed
expander.js:1326 [Expander] Attempting to click expand button: <button class="text-tone-2 text-12 no-underline hover:underline px-xs py-xs flex ml-[3px] xs:ml-0 !bg-transparent !border-0" type="button" data-reddit-expander-processed="true" style="">
    <span class="text-neutral-content-strong mr-xs flex items-center"><svg rpl="" fill="currentColor" height="16" icon-name="join-outline" viewBox="0 0 20 20" width="16" xmlns="http://www.w3.org/2000/svg">
      <path d="M10.625 9.375H14v1.25h-3.375V14h-1.25v-3.375H6v-1.25h3.375V6h1.25v3.375ZM20 10A10 10 0 1 1 10 0a10.011 10.011 0 0 1 10 10Zm-1.25 0A8.75 8.75 0 1 0 10 18.75 8.76 8.76 0 0 0 18.75 10Z"></path>
    </svg></span>
    <span class="text-secondary-weak font-normal"><faceplate-number number="1"><!---->1</faceplate-number> more reply</span>
  </button>
expander.js:1234 [Expander] Processing missed button: collapsed
expander.js:1326 [Expander] Attempting to click expand button: <button aria-hidden="true" class="text-tone-2 text-12 no-underline hover:underline px-xs py-xs flex ml-[3px] xs:ml-0 !bg-transparent !border-0 invisible h-0 !p-0" type="button" data-reddit-expander-processed="true" style="">
        
    <span class="text-neutral-content-strong mr-xs flex items-center"><svg rpl="" fill="currentColor" height="16" icon-name="join-outline" viewBox="0 0 20 20" width="16" xmlns="http://www.w3.org/2000/svg">
      <path d="M10.625 9.375H14v1.25h-3.375V14h-1.25v-3.375H6v-1.25h3.375V6h1.25v3.375ZM20 10A10 10 0 1 1 10 0a10.011 10.011 0 0 1 10 10Zm-1.25 0A8.75 8.75 0 1 0 10 18.75 8.76 8.76 0 0 0 18.75 10Z"></path>
    </svg></span>
    <span class="text-secondary-weak font-normal"><faceplate-number number="1"><!---->1</faceplate-number> more reply</span>
  
      </button>
expander.js:1234 [Expander] Processing missed button: collapsed
expander.js:1326 [Expander] Attempting to click expand button: <button class="text-tone-2 text-12 no-underline hover:underline px-xs py-xs flex ml-[3px] xs:ml-0 !bg-transparent !border-0" type="button" data-reddit-expander-processed="true">
    <span class="text-neutral-content-strong mr-xs flex items-center"><svg rpl="" fill="currentColor" height="16" icon-name="join-outline" viewBox="0 0 20 20" width="16" xmlns="http://www.w3.org/2000/svg">
      <path d="M10.625 9.375H14v1.25h-3.375V14h-1.25v-3.375H6v-1.25h3.375V6h1.25v3.375ZM20 10A10 10 0 1 1 10 0a10.011 10.011 0 0 1 10 10Zm-1.25 0A8.75 8.75 0 1 0 10 18.75 8.76 8.76 0 0 0 18.75 10Z"></path>
    </svg></span>
    <span class="text-secondary-weak font-normal"><faceplate-number number="2"><!---->2</faceplate-number> more replies</span>
  </button>
expander.js:1752 [Expander] Processing missed button 2/10: <button aria-hidden="true" class="text-tone-2 text-12 no-underline hover:underline px-xs py-xs flex ...
expander.js:1752 [Expander] Processing missed button 37/48: <button class="text-tone-2 text-12 no-underline hover:underline px-xs py-xs flex ml-[3px] xs:ml-0 !b...
expander.js:1752 [Expander] Processing missed button 8/14: <button aria-hidden="true" class="text-tone-2 text-12 no-underline hover:underline px-xs py-xs flex ...
expander.js:1752 [Expander] Processing missed button 20/29: <button class="text-tone-2 text-12 no-underline hover:underline px-xs py-xs flex ml-[3px] xs:ml-0 !b...
expander.js:1752 [Expander] Processing missed button 59/81: <button aria-hidden="true" class="text-tone-2 text-12 no-underline hover:underline px-xs py-xs flex ...
expander.js:1752 [Expander] Processing missed button 78/82: <button aria-hidden="true" class="text-tone-2 text-12 no-underline hover:underline px-xs py-xs flex ...
expander.js:1752 [Expander] Processing missed button 32/45: <button class="text-tone-2 text-12 no-underline hover:underline px-xs py-xs flex ml-[3px] xs:ml-0 !b...
expander.js:1752 [Expander] Processing missed button 27/34: <button class="text-tone-2 text-12 no-underline hover:underline px-xs py-xs flex ml-[3px] xs:ml-0 !b...
expander.js:1752 [Expander] Processing missed button 54/73: <button class="text-tone-2 text-12 no-underline hover:underline px-xs py-xs flex ml-[3px] xs:ml-0 !b...
expander.js:1234 [Expander] Processing missed button: continueThread
expander.js:1234 [Expander] Processing missed button: continueThread
expander.js:1752 [Expander] Processing missed button 43/55: <button aria-hidden="true" class="text-tone-2 text-12 no-underline hover:underline px-xs py-xs flex ...
expander.js:1752 [Expander] Processing missed button 67/81: <button aria-hidden="true" class="text-tone-2 text-12 no-underline hover:underline px-xs py-xs flex ...
expander.js:1752 [Expander] Processing missed button 13/20: <button class="text-tone-2 text-12 no-underline hover:underline px-xs py-xs flex ml-[3px] xs:ml-0 !b...
expander.js:1752 [Expander] Processing missed button 49/68: <button class="text-tone-2 text-12 no-underline hover:underline px-xs py-xs flex ml-[3px] xs:ml-0 !b...
expander.js:1752 [Expander] Processing missed button 3/10: <button class="text-tone-2 text-12 no-underline hover:underline px-xs py-xs flex ml-[3px] xs:ml-0 !b...
expander.js:1752 [Expander] Processing missed button 38/48: <button aria-hidden="true" class="text-tone-2 text-12 no-underline hover:underline px-xs py-xs flex ...
expander.js:1752 [Expander] Processing missed button 9/14: <button class="text-tone-2 text-12 no-underline hover:underline px-xs py-xs flex ml-[3px] xs:ml-0 !b...
expander.js:1752 [Expander] Processing missed button 21/29: <button aria-hidden="true" class="text-tone-2 text-12 no-underline hover:underline px-xs py-xs flex ...
expander.js:1752 [Expander] Processing missed button 60/81: <button class="text-tone-2 text-12 no-underline hover:underline px-xs py-xs flex ml-[3px] xs:ml-0 !b...
expander.js:1692 [Expander] New expandable content detected via scroll observer
expander.js:1752 [Expander] Processing missed button 79/82: <button class="text-tone-2 text-12 no-underline hover:underline px-xs py-xs flex ml-[3px] xs:ml-0 !b...
expander.js:1752 [Expander] Processing missed button 33/45: <button aria-hidden="true" class="text-tone-2 text-12 no-underline hover:underline px-xs py-xs flex ...
expander.js:1752 [Expander] Processing missed button 28/34: <button aria-hidden="true" class="text-tone-2 text-12 no-underline hover:underline px-xs py-xs flex ...
expander.js:1752 [Expander] Processing missed button 55/73: <button aria-hidden="true" class="text-tone-2 text-12 no-underline hover:underline px-xs py-xs flex ...
expander.js:1752 [Expander] Processing missed button 44/55: <button class="text-tone-2 text-12 no-underline hover:underline px-xs py-xs flex ml-[3px] xs:ml-0 !b...
expander.js:1752 [Expander] Processing missed button 68/81: <button class="text-tone-2 text-12 no-underline hover:underline px-xs py-xs flex ml-[3px] xs:ml-0 !b...
expander.js:1752 [Expander] Processing missed button 14/20: <button aria-hidden="true" class="text-tone-2 text-12 no-underline hover:underline px-xs py-xs flex ...
expander.js:1752 [Expander] Processing missed button 50/68: <button aria-hidden="true" class="text-tone-2 text-12 no-underline hover:underline px-xs py-xs flex ...
expander.js:1752 [Expander] Processing missed button 4/10: <button aria-hidden="true" class="text-tone-2 text-12 no-underline hover:underline px-xs py-xs flex ...
expander.js:1752 [Expander] Processing missed button 39/48: <button class="text-tone-2 text-12 no-underline hover:underline px-xs py-xs flex ml-[3px] xs:ml-0 !b...
expander.js:1752 [Expander] Processing missed button 10/14: <button aria-hidden="true" class="text-tone-2 text-12 no-underline hover:underline px-xs py-xs flex ...
expander.js:1752 [Expander] Processing missed button 22/29: <button class="text-tone-2 text-12 no-underline hover:underline px-xs py-xs flex ml-[3px] xs:ml-0 !b...
expander.js:1752 [Expander] Processing missed button 61/81: <button aria-hidden="true" class="text-tone-2 text-12 no-underline hover:underline px-xs py-xs flex ...
expander.js:1234 [Expander] Processing missed button: collapsed
expander.js:1326 [Expander] Attempting to click expand button: <button class="text-tone-2 text-12 no-underline hover:underline px-xs py-xs flex ml-[3px] xs:ml-0 !bg-transparent !border-0" type="button" data-reddit-expander-processed="true" style="">
    <span class="text-neutral-content-strong mr-xs flex items-center"><svg rpl="" fill="currentColor" height="16" icon-name="join-outline" viewBox="0 0 20 20" width="16" xmlns="http://www.w3.org/2000/svg">
      <path d="M10.625 9.375H14v1.25h-3.375V14h-1.25v-3.375H6v-1.25h3.375V6h1.25v3.375ZM20 10A10 10 0 1 1 10 0a10.011 10.011 0 0 1 10 10Zm-1.25 0A8.75 8.75 0 1 0 10 18.75 8.76 8.76 0 0 0 18.75 10Z"></path>
    </svg></span>
    <span class="text-secondary-weak font-normal"><faceplate-number number="4"><!---->4</faceplate-number> more replies</span>
  </button>
expander.js:1234 [Expander] Processing missed button: collapsed
expander.js:1326 [Expander] Attempting to click expand button: <button class="text-tone-2 text-12 no-underline hover:underline px-xs py-xs flex ml-[3px] xs:ml-0 !bg-transparent !border-0" type="button" data-reddit-expander-processed="true" style="">
    <span class="text-neutral-content-strong mr-xs flex items-center"><svg rpl="" fill="currentColor" height="16" icon-name="join-outline" viewBox="0 0 20 20" width="16" xmlns="http://www.w3.org/2000/svg">
      <path d="M10.625 9.375H14v1.25h-3.375V14h-1.25v-3.375H6v-1.25h3.375V6h1.25v3.375ZM20 10A10 10 0 1 1 10 0a10.011 10.011 0 0 1 10 10Zm-1.25 0A8.75 8.75 0 1 0 10 18.75 8.76 8.76 0 0 0 18.75 10Z"></path>
    </svg></span>
    <span class="text-secondary-weak font-normal"><faceplate-number number="3"><!---->3</faceplate-number> more replies</span>
  </button>
expander.js:1234 [Expander] Processing missed button: collapsed
expander.js:1326 [Expander] Attempting to click expand button: <button class="text-tone-2 text-12 no-underline hover:underline px-xs py-xs flex ml-[3px] xs:ml-0 !bg-transparent !border-0" type="button" data-reddit-expander-processed="true" style="transition: box-shadow 0.3s; box-shadow: rgba(76, 175, 80, 0.4) 0px 0px 8px; border-radius: 4px;">
    <span class="text-neutral-content-strong mr-xs flex items-center"><svg rpl="" fill="currentColor" height="16" icon-name="join-outline" viewBox="0 0 20 20" width="16" xmlns="http://www.w3.org/2000/svg">
      <path d="M10.625 9.375H14v1.25h-3.375V14h-1.25v-3.375H6v-1.25h3.375V6h1.25v3.375ZM20 10A10 10 0 1 1 10 0a10.011 10.011 0 0 1 10 10Zm-1.25 0A8.75 8.75 0 1 0 10 18.75 8.76 8.76 0 0 0 18.75 10Z"></path>
    </svg></span>
    <span class="text-secondary-weak font-normal"><faceplate-number number="13"><!---->13</faceplate-number> more replies</span>
  </button>
expander.js:1234 [Expander] Processing missed button: collapsed
expander.js:1326 [Expander] Attempting to click expand button: <button aria-hidden="true" class="text-tone-2 text-12 no-underline hover:underline px-xs py-xs flex ml-[3px] xs:ml-0 !bg-transparent !border-0 invisible h-0 !p-0" type="button" data-reddit-expander-processed="true" style="">
        
    <span class="text-neutral-content-strong mr-xs flex items-center"><svg rpl="" fill="currentColor" height="16" icon-name="join-outline" viewBox="0 0 20 20" width="16" xmlns="http://www.w3.org/2000/svg">
      <path d="M10.625 9.375H14v1.25h-3.375V14h-1.25v-3.375H6v-1.25h3.375V6h1.25v3.375ZM20 10A10 10 0 1 1 10 0a10.011 10.011 0 0 1 10 10Zm-1.25 0A8.75 8.75 0 1 0 10 18.75 8.76 8.76 0 0 0 18.75 10Z"></path>
    </svg></span>
    <span class="text-secondary-weak font-normal"><faceplate-number number="1"><!---->1</faceplate-number> more reply</span>
  
      </button>
expander.js:1234 [Expander] Processing missed button: continueThread
expander.js:1234 [Expander] Processing missed button: continueThread
expander.js:1752 [Expander] Processing missed button 80/82: <button aria-hidden="true" class="text-tone-2 text-12 no-underline hover:underline px-xs py-xs flex ...
expander.js:1752 [Expander] Processing missed button 34/45: <button class="text-tone-2 text-12 no-underline hover:underline px-xs py-xs flex ml-[3px] xs:ml-0 !b...
expander.js:1752 [Expander] Processing missed button 29/34: <button class="text-tone-2 text-12 no-underline hover:underline px-xs py-xs flex ml-[3px] xs:ml-0 !b...
expander.js:1752 [Expander] Processing missed button 56/73: <button class="text-tone-2 text-12 no-underline hover:underline px-xs py-xs flex ml-[3px] xs:ml-0 !b...
expander.js:1752 [Expander] Processing missed button 45/55: <button aria-hidden="true" class="text-tone-2 text-12 no-underline hover:underline px-xs py-xs flex ...
expander.js:1752 [Expander] Processing missed button 69/81: <button aria-hidden="true" class="text-tone-2 text-12 no-underline hover:underline px-xs py-xs flex ...
expander.js:1752 [Expander] Processing missed button 15/20: <button class="text-tone-2 text-12 no-underline hover:underline px-xs py-xs flex ml-[3px] xs:ml-0 !b...
expander.js:1752 [Expander] Processing missed button 51/68: <button class="text-tone-2 text-12 no-underline hover:underline px-xs py-xs flex ml-[3px] xs:ml-0 !b...
expander.js:1752 [Expander] Processing missed button 5/10: <button class="text-tone-2 text-12 no-underline hover:underline px-xs py-xs flex ml-[3px] xs:ml-0 !b...
expander.js:1752 [Expander] Processing missed button 40/48: <button aria-hidden="true" class="text-tone-2 text-12 no-underline hover:underline px-xs py-xs flex ...
expander.js:1752 [Expander] Processing missed button 11/14: <button class="text-tone-2 text-12 no-underline hover:underline px-xs py-xs flex ml-[3px] xs:ml-0 !b...
expander.js:1752 [Expander] Processing missed button 23/29: <button aria-hidden="true" class="text-tone-2 text-12 no-underline hover:underline px-xs py-xs flex ...
expander.js:1752 [Expander] Processing missed button 62/81: <button class="text-tone-2 text-12 no-underline hover:underline px-xs py-xs flex ml-[3px] xs:ml-0 !b...
expander.js:1752 [Expander] Processing missed button 81/82: <button class="text-tone-2 text-12 no-underline hover:underline px-xs py-xs flex ml-[3px] xs:ml-0 !b...
expander.js:1752 [Expander] Processing missed button 35/45: <button aria-hidden="true" class="text-tone-2 text-12 no-underline hover:underline px-xs py-xs flex ...
expander.js:1752 [Expander] Processing missed button 30/34: <button aria-hidden="true" class="text-tone-2 text-12 no-underline hover:underline px-xs py-xs flex ...
expander.js:1752 [Expander] Processing missed button 57/73: <button aria-hidden="true" class="text-tone-2 text-12 no-underline hover:underline px-xs py-xs flex ...
expander.js:1752 [Expander] Processing missed button 46/55: <button class="text-tone-2 text-12 no-underline hover:underline px-xs py-xs flex ml-[3px] xs:ml-0 !b...
expander.js:1752 [Expander] Processing missed button 70/81: <button class="text-tone-2 text-12 no-underline hover:underline px-xs py-xs flex ml-[3px] xs:ml-0 !b...
expander.js:1752 [Expander] Processing missed button 16/20: <button aria-hidden="true" class="text-tone-2 text-12 no-underline hover:underline px-xs py-xs flex ...
expander.js:1752 [Expander] Processing missed button 52/68: <button aria-hidden="true" class="text-tone-2 text-12 no-underline hover:underline px-xs py-xs flex ...
expander.js:1752 [Expander] Processing missed button 6/10: <button aria-hidden="true" class="text-tone-2 text-12 no-underline hover:underline px-xs py-xs flex ...
expander.js:1234 [Expander] Processing missed button: collapsed
expander.js:1326 [Expander] Attempting to click expand button: <button class="text-tone-2 text-12 no-underline hover:underline px-xs py-xs flex ml-[3px] xs:ml-0 !bg-transparent !border-0" type="button" data-reddit-expander-processed="true" style="">
    <span class="text-neutral-content-strong mr-xs flex items-center"><svg rpl="" fill="currentColor" height="16" icon-name="join-outline" viewBox="0 0 20 20" width="16" xmlns="http://www.w3.org/2000/svg">
      <path d="M10.625 9.375H14v1.25h-3.375V14h-1.25v-3.375H6v-1.25h3.375V6h1.25v3.375ZM20 10A10 10 0 1 1 10 0a10.011 10.011 0 0 1 10 10Zm-1.25 0A8.75 8.75 0 1 0 10 18.75 8.76 8.76 0 0 0 18.75 10Z"></path>
    </svg></span>
    <span class="text-secondary-weak font-normal"><faceplate-number number="2"><!---->2</faceplate-number> more replies</span>
  </button>
expander.js:1234 [Expander] Processing missed button: collapsed
expander.js:1326 [Expander] Attempting to click expand button: <button class="text-tone-2 text-12 no-underline hover:underline px-xs py-xs flex ml-[3px] xs:ml-0 !bg-transparent !border-0" type="button" data-reddit-expander-processed="true">
    <span class="text-neutral-content-strong mr-xs flex items-center"><svg rpl="" fill="currentColor" height="16" icon-name="join-outline" viewBox="0 0 20 20" width="16" xmlns="http://www.w3.org/2000/svg">
      <path d="M10.625 9.375H14v1.25h-3.375V14h-1.25v-3.375H6v-1.25h3.375V6h1.25v3.375ZM20 10A10 10 0 1 1 10 0a10.011 10.011 0 0 1 10 10Zm-1.25 0A8.75 8.75 0 1 0 10 18.75 8.76 8.76 0 0 0 18.75 10Z"></path>
    </svg></span>
    <span class="text-secondary-weak font-normal"><faceplate-number number="2"><!---->2</faceplate-number> more replies</span>
  </button>
expander.js:1234 [Expander] Processing missed button: collapsed
expander.js:1326 [Expander] Attempting to click expand button: <button aria-hidden="true" class="text-tone-2 text-12 no-underline hover:underline px-xs py-xs flex ml-[3px] xs:ml-0 !bg-transparent !border-0 invisible h-0 !p-0" type="button" data-reddit-expander-processed="true" style="">
        
    <span class="text-neutral-content-strong mr-xs flex items-center"><svg rpl="" fill="currentColor" height="16" icon-name="join-outline" viewBox="0 0 20 20" width="16" xmlns="http://www.w3.org/2000/svg">
      <path d="M10.625 9.375H14v1.25h-3.375V14h-1.25v-3.375H6v-1.25h3.375V6h1.25v3.375ZM20 10A10 10 0 1 1 10 0a10.011 10.011 0 0 1 10 10Zm-1.25 0A8.75 8.75 0 1 0 10 18.75 8.76 8.76 0 0 0 18.75 10Z"></path>
    </svg></span>
    <span class="text-secondary-weak font-normal"><faceplate-number number="1"><!---->1</faceplate-number> more reply</span>
  
      </button>
expander.js:1234 [Expander] Processing missed button: collapsed
expander.js:1326 [Expander] Attempting to click expand button: <button class="text-tone-2 text-12 no-underline hover:underline px-xs py-xs flex ml-[3px] xs:ml-0 !bg-transparent !border-0" type="button" data-reddit-expander-processed="true" style="">
    <span class="text-neutral-content-strong mr-xs flex items-center"><svg rpl="" fill="currentColor" height="16" icon-name="join-outline" viewBox="0 0 20 20" width="16" xmlns="http://www.w3.org/2000/svg">
      <path d="M10.625 9.375H14v1.25h-3.375V14h-1.25v-3.375H6v-1.25h3.375V6h1.25v3.375ZM20 10A10 10 0 1 1 10 0a10.011 10.011 0 0 1 10 10Zm-1.25 0A8.75 8.75 0 1 0 10 18.75 8.76 8.76 0 0 0 18.75 10Z"></path>
    </svg></span>
    <span class="text-secondary-weak font-normal"><faceplate-number number="1"><!---->1</faceplate-number> more reply</span>
  </button>
expander.js:1234 [Expander] Processing missed button: collapsed
expander.js:1326 [Expander] Attempting to click expand button: <button aria-hidden="true" class="text-tone-2 text-12 no-underline hover:underline px-xs py-xs flex ml-[3px] xs:ml-0 !bg-transparent !border-0 invisible h-0 !p-0" type="button" data-reddit-expander-processed="true">
        
    <span class="text-neutral-content-strong mr-xs flex items-center"><svg rpl="" fill="currentColor" height="16" icon-name="join-outline" viewBox="0 0 20 20" width="16" xmlns="http://www.w3.org/2000/svg">
      <path d="M10.625 9.375H14v1.25h-3.375V14h-1.25v-3.375H6v-1.25h3.375V6h1.25v3.375ZM20 10A10 10 0 1 1 10 0a10.011 10.011 0 0 1 10 10Zm-1.25 0A8.75 8.75 0 1 0 10 18.75 8.76 8.76 0 0 0 18.75 10Z"></path>
    </svg></span>
    <span class="text-secondary-weak font-normal"><faceplate-number number="2"><!---->2</faceplate-number> more replies</span>
  
      </button>
expander.js:1710 [Expander] Processing new content from scroll...
selector-factory.js:557 [SelectorFactory] Found 1 elements for "moreComments" using: #top-level-more-comments-partial
selector-factory.js:557 [SelectorFactory] Found 1 elements for "moreReplies" using: button[rpl][class*="button-small"][class*="button-plain"]
selector-factory.js:557 [SelectorFactory] Found 92 elements for "collapsed" using: shreddit-comment button:has(svg[icon-name="join-outline"])
selector-factory.js:557 [SelectorFactory] Found 6 elements for "continueThread" using: faceplate-partial[loading="lazy"]:not([id*="more-comments"])
shell-561c8d66.js:1 [SelectorFactory] No elements found for "crowdControl" in version "shReddit"
findElements @ selector-factory.js:560
getAllExpandableElements @ reddit-detector.js:191
scanAndExpandNewContent @ expander.js:1786
(anonymous) @ expander.js:1711
setTimeout
(anonymous) @ expander.js:1709
childList
(anonymous) @ shell-561c8d66.js:1
po @ shell-561c8d66.js:1
_renderContent @ shell-561c8d66.js:1
runner @ shell-561c8d66.js:4
_load @ shell-561c8d66.js:1
await in _load
(anonymous) @ shell-561c8d66.js:1
(anonymous) @ expander.js:1759
executeWithAbortHandling @ expander.js:377
(anonymous) @ expander.js:1758
setTimeout
(anonymous) @ expander.js:1751
performAggressiveRescan @ expander.js:1749
(anonymous) @ expander.js:1714
setTimeout
(anonymous) @ expander.js:1709
childList
(anonymous) @ shell-561c8d66.js:1
po @ shell-561c8d66.js:1
_renderContent @ shell-561c8d66.js:1
runner @ shell-561c8d66.js:4
_load @ shell-561c8d66.js:1
await in _load
(anonymous) @ shell-561c8d66.js:1
(anonymous) @ expander.js:1759
executeWithAbortHandling @ expander.js:377
(anonymous) @ expander.js:1758
setTimeout
(anonymous) @ expander.js:1751
performAggressiveRescan @ expander.js:1749
(anonymous) @ expander.js:1714
setTimeout
(anonymous) @ expander.js:1709
childList
(anonymous) @ shell-561c8d66.js:1
po @ shell-561c8d66.js:1
_renderContent @ shell-561c8d66.js:1
runner @ shell-561c8d66.js:4
_load @ shell-561c8d66.js:1
await in _load
(anonymous) @ shell-561c8d66.js:1
(anonymous) @ expander.js:1759
executeWithAbortHandling @ expander.js:377
(anonymous) @ expander.js:1758
shell-561c8d66.js:1 [SelectorFactory] Tried 2 selectors, 0 had errors
findElements @ selector-factory.js:561
getAllExpandableElements @ reddit-detector.js:191
scanAndExpandNewContent @ expander.js:1786
(anonymous) @ expander.js:1711
setTimeout
(anonymous) @ expander.js:1709
childList
(anonymous) @ shell-561c8d66.js:1
po @ shell-561c8d66.js:1
_renderContent @ shell-561c8d66.js:1
runner @ shell-561c8d66.js:4
_load @ shell-561c8d66.js:1
await in _load
(anonymous) @ shell-561c8d66.js:1
(anonymous) @ expander.js:1759
executeWithAbortHandling @ expander.js:377
(anonymous) @ expander.js:1758
setTimeout
(anonymous) @ expander.js:1751
performAggressiveRescan @ expander.js:1749
(anonymous) @ expander.js:1714
setTimeout
(anonymous) @ expander.js:1709
childList
(anonymous) @ shell-561c8d66.js:1
po @ shell-561c8d66.js:1
_renderContent @ shell-561c8d66.js:1
runner @ shell-561c8d66.js:4
_load @ shell-561c8d66.js:1
await in _load
(anonymous) @ shell-561c8d66.js:1
(anonymous) @ expander.js:1759
executeWithAbortHandling @ expander.js:377
(anonymous) @ expander.js:1758
setTimeout
(anonymous) @ expander.js:1751
performAggressiveRescan @ expander.js:1749
(anonymous) @ expander.js:1714
setTimeout
(anonymous) @ expander.js:1709
childList
(anonymous) @ shell-561c8d66.js:1
po @ shell-561c8d66.js:1
_renderContent @ shell-561c8d66.js:1
runner @ shell-561c8d66.js:4
_load @ shell-561c8d66.js:1
await in _load
(anonymous) @ shell-561c8d66.js:1
(anonymous) @ expander.js:1759
executeWithAbortHandling @ expander.js:377
(anonymous) @ expander.js:1758
selector-factory.js:568 [SelectorFactory] Trying smart fallback for "crowdControl"
selector-factory.js:679 [SelectorFactory] Using basic fallback: button (found 352 elements)
element-cache.js:166 [Cache] Hit rate: 90% | Miss rate: 10% | Size: 34 | Time saved: 152ms
shell-561c8d66.js:1 [SelectorFactory] No elements found for "contestMode" in version "shReddit"
findElements @ selector-factory.js:560
getAllExpandableElements @ reddit-detector.js:191
scanAndExpandNewContent @ expander.js:1786
(anonymous) @ expander.js:1711
setTimeout
(anonymous) @ expander.js:1709
childList
(anonymous) @ shell-561c8d66.js:1
po @ shell-561c8d66.js:1
_renderContent @ shell-561c8d66.js:1
runner @ shell-561c8d66.js:4
_load @ shell-561c8d66.js:1
await in _load
(anonymous) @ shell-561c8d66.js:1
(anonymous) @ expander.js:1759
executeWithAbortHandling @ expander.js:377
(anonymous) @ expander.js:1758
setTimeout
(anonymous) @ expander.js:1751
performAggressiveRescan @ expander.js:1749
(anonymous) @ expander.js:1714
setTimeout
(anonymous) @ expander.js:1709
childList
(anonymous) @ shell-561c8d66.js:1
po @ shell-561c8d66.js:1
_renderContent @ shell-561c8d66.js:1
runner @ shell-561c8d66.js:4
_load @ shell-561c8d66.js:1
await in _load
(anonymous) @ shell-561c8d66.js:1
(anonymous) @ expander.js:1759
executeWithAbortHandling @ expander.js:377
(anonymous) @ expander.js:1758
setTimeout
(anonymous) @ expander.js:1751
performAggressiveRescan @ expander.js:1749
(anonymous) @ expander.js:1714
setTimeout
(anonymous) @ expander.js:1709
childList
(anonymous) @ shell-561c8d66.js:1
po @ shell-561c8d66.js:1
_renderContent @ shell-561c8d66.js:1
runner @ shell-561c8d66.js:4
_load @ shell-561c8d66.js:1
await in _load
(anonymous) @ shell-561c8d66.js:1
(anonymous) @ expander.js:1759
executeWithAbortHandling @ expander.js:377
(anonymous) @ expander.js:1758
shell-561c8d66.js:1 [SelectorFactory] Tried 2 selectors, 0 had errors
findElements @ selector-factory.js:561
getAllExpandableElements @ reddit-detector.js:191
scanAndExpandNewContent @ expander.js:1786
(anonymous) @ expander.js:1711
setTimeout
(anonymous) @ expander.js:1709
childList
(anonymous) @ shell-561c8d66.js:1
po @ shell-561c8d66.js:1
_renderContent @ shell-561c8d66.js:1
runner @ shell-561c8d66.js:4
_load @ shell-561c8d66.js:1
await in _load
(anonymous) @ shell-561c8d66.js:1
(anonymous) @ expander.js:1759
executeWithAbortHandling @ expander.js:377
(anonymous) @ expander.js:1758
setTimeout
(anonymous) @ expander.js:1751
performAggressiveRescan @ expander.js:1749
(anonymous) @ expander.js:1714
setTimeout
(anonymous) @ expander.js:1709
childList
(anonymous) @ shell-561c8d66.js:1
po @ shell-561c8d66.js:1
_renderContent @ shell-561c8d66.js:1
runner @ shell-561c8d66.js:4
_load @ shell-561c8d66.js:1
await in _load
(anonymous) @ shell-561c8d66.js:1
(anonymous) @ expander.js:1759
executeWithAbortHandling @ expander.js:377
(anonymous) @ expander.js:1758
setTimeout
(anonymous) @ expander.js:1751
performAggressiveRescan @ expander.js:1749
(anonymous) @ expander.js:1714
setTimeout
(anonymous) @ expander.js:1709
childList
(anonymous) @ shell-561c8d66.js:1
po @ shell-561c8d66.js:1
_renderContent @ shell-561c8d66.js:1
runner @ shell-561c8d66.js:4
_load @ shell-561c8d66.js:1
await in _load
(anonymous) @ shell-561c8d66.js:1
(anonymous) @ expander.js:1759
executeWithAbortHandling @ expander.js:377
(anonymous) @ expander.js:1758
selector-factory.js:568 [SelectorFactory] Trying smart fallback for "contestMode"
selector-factory.js:679 [SelectorFactory] Using basic fallback: button (found 352 elements)
shell-561c8d66.js:1 [SelectorFactory] No elements found for "deleted" in version "shReddit"
findElements @ selector-factory.js:560
getAllExpandableElements @ reddit-detector.js:191
scanAndExpandNewContent @ expander.js:1786
(anonymous) @ expander.js:1711
setTimeout
(anonymous) @ expander.js:1709
childList
(anonymous) @ shell-561c8d66.js:1
po @ shell-561c8d66.js:1
_renderContent @ shell-561c8d66.js:1
runner @ shell-561c8d66.js:4
_load @ shell-561c8d66.js:1
await in _load
(anonymous) @ shell-561c8d66.js:1
(anonymous) @ expander.js:1759
executeWithAbortHandling @ expander.js:377
(anonymous) @ expander.js:1758
setTimeout
(anonymous) @ expander.js:1751
performAggressiveRescan @ expander.js:1749
(anonymous) @ expander.js:1714
setTimeout
(anonymous) @ expander.js:1709
childList
(anonymous) @ shell-561c8d66.js:1
po @ shell-561c8d66.js:1
_renderContent @ shell-561c8d66.js:1
runner @ shell-561c8d66.js:4
_load @ shell-561c8d66.js:1
await in _load
(anonymous) @ shell-561c8d66.js:1
(anonymous) @ expander.js:1759
executeWithAbortHandling @ expander.js:377
(anonymous) @ expander.js:1758
setTimeout
(anonymous) @ expander.js:1751
performAggressiveRescan @ expander.js:1749
(anonymous) @ expander.js:1714
setTimeout
(anonymous) @ expander.js:1709
childList
(anonymous) @ shell-561c8d66.js:1
po @ shell-561c8d66.js:1
_renderContent @ shell-561c8d66.js:1
runner @ shell-561c8d66.js:4
_load @ shell-561c8d66.js:1
await in _load
(anonymous) @ shell-561c8d66.js:1
(anonymous) @ expander.js:1759
executeWithAbortHandling @ expander.js:377
(anonymous) @ expander.js:1758
shell-561c8d66.js:1 [SelectorFactory] Tried 2 selectors, 0 had errors
findElements @ selector-factory.js:561
getAllExpandableElements @ reddit-detector.js:191
scanAndExpandNewContent @ expander.js:1786
(anonymous) @ expander.js:1711
setTimeout
(anonymous) @ expander.js:1709
childList
(anonymous) @ shell-561c8d66.js:1
po @ shell-561c8d66.js:1
_renderContent @ shell-561c8d66.js:1
runner @ shell-561c8d66.js:4
_load @ shell-561c8d66.js:1
await in _load
(anonymous) @ shell-561c8d66.js:1
(anonymous) @ expander.js:1759
executeWithAbortHandling @ expander.js:377
(anonymous) @ expander.js:1758
setTimeout
(anonymous) @ expander.js:1751
performAggressiveRescan @ expander.js:1749
(anonymous) @ expander.js:1714
setTimeout
(anonymous) @ expander.js:1709
childList
(anonymous) @ shell-561c8d66.js:1
po @ shell-561c8d66.js:1
_renderContent @ shell-561c8d66.js:1
runner @ shell-561c8d66.js:4
_load @ shell-561c8d66.js:1
await in _load
(anonymous) @ shell-561c8d66.js:1
(anonymous) @ expander.js:1759
executeWithAbortHandling @ expander.js:377
(anonymous) @ expander.js:1758
setTimeout
(anonymous) @ expander.js:1751
performAggressiveRescan @ expander.js:1749
(anonymous) @ expander.js:1714
setTimeout
(anonymous) @ expander.js:1709
childList
(anonymous) @ shell-561c8d66.js:1
po @ shell-561c8d66.js:1
_renderContent @ shell-561c8d66.js:1
runner @ shell-561c8d66.js:4
_load @ shell-561c8d66.js:1
await in _load
(anonymous) @ shell-561c8d66.js:1
(anonymous) @ expander.js:1759
executeWithAbortHandling @ expander.js:377
(anonymous) @ expander.js:1758
selector-factory.js:568 [SelectorFactory] Trying smart fallback for "deleted"
selector-factory.js:679 [SelectorFactory] Using basic fallback: button (found 352 elements)
shell-561c8d66.js:1 [SelectorFactory] No elements found for "viewRest" in version "shReddit"
findElements @ selector-factory.js:560
getAllExpandableElements @ reddit-detector.js:191
scanAndExpandNewContent @ expander.js:1786
(anonymous) @ expander.js:1711
setTimeout
(anonymous) @ expander.js:1709
childList
(anonymous) @ shell-561c8d66.js:1
po @ shell-561c8d66.js:1
_renderContent @ shell-561c8d66.js:1
runner @ shell-561c8d66.js:4
_load @ shell-561c8d66.js:1
await in _load
(anonymous) @ shell-561c8d66.js:1
(anonymous) @ expander.js:1759
executeWithAbortHandling @ expander.js:377
(anonymous) @ expander.js:1758
setTimeout
(anonymous) @ expander.js:1751
performAggressiveRescan @ expander.js:1749
(anonymous) @ expander.js:1714
setTimeout
(anonymous) @ expander.js:1709
childList
(anonymous) @ shell-561c8d66.js:1
po @ shell-561c8d66.js:1
_renderContent @ shell-561c8d66.js:1
runner @ shell-561c8d66.js:4
_load @ shell-561c8d66.js:1
await in _load
(anonymous) @ shell-561c8d66.js:1
(anonymous) @ expander.js:1759
executeWithAbortHandling @ expander.js:377
(anonymous) @ expander.js:1758
setTimeout
(anonymous) @ expander.js:1751
performAggressiveRescan @ expander.js:1749
(anonymous) @ expander.js:1714
setTimeout
(anonymous) @ expander.js:1709
childList
(anonymous) @ shell-561c8d66.js:1
po @ shell-561c8d66.js:1
_renderContent @ shell-561c8d66.js:1
runner @ shell-561c8d66.js:4
_load @ shell-561c8d66.js:1
await in _load
(anonymous) @ shell-561c8d66.js:1
(anonymous) @ expander.js:1759
executeWithAbortHandling @ expander.js:377
(anonymous) @ expander.js:1758
shell-561c8d66.js:1 [SelectorFactory] Tried 2 selectors, 0 had errors
findElements @ selector-factory.js:561
getAllExpandableElements @ reddit-detector.js:191
scanAndExpandNewContent @ expander.js:1786
(anonymous) @ expander.js:1711
setTimeout
(anonymous) @ expander.js:1709
childList
(anonymous) @ shell-561c8d66.js:1
po @ shell-561c8d66.js:1
_renderContent @ shell-561c8d66.js:1
runner @ shell-561c8d66.js:4
_load @ shell-561c8d66.js:1
await in _load
(anonymous) @ shell-561c8d66.js:1
(anonymous) @ expander.js:1759
executeWithAbortHandling @ expander.js:377
(anonymous) @ expander.js:1758
setTimeout
(anonymous) @ expander.js:1751
performAggressiveRescan @ expander.js:1749
(anonymous) @ expander.js:1714
setTimeout
(anonymous) @ expander.js:1709
childList
(anonymous) @ shell-561c8d66.js:1
po @ shell-561c8d66.js:1
_renderContent @ shell-561c8d66.js:1
runner @ shell-561c8d66.js:4
_load @ shell-561c8d66.js:1
await in _load
(anonymous) @ shell-561c8d66.js:1
(anonymous) @ expander.js:1759
executeWithAbortHandling @ expander.js:377
(anonymous) @ expander.js:1758
setTimeout
(anonymous) @ expander.js:1751
performAggressiveRescan @ expander.js:1749
(anonymous) @ expander.js:1714
setTimeout
(anonymous) @ expander.js:1709
childList
(anonymous) @ shell-561c8d66.js:1
po @ shell-561c8d66.js:1
_renderContent @ shell-561c8d66.js:1
runner @ shell-561c8d66.js:4
_load @ shell-561c8d66.js:1
await in _load
(anonymous) @ shell-561c8d66.js:1
(anonymous) @ expander.js:1759
executeWithAbortHandling @ expander.js:377
(anonymous) @ expander.js:1758
selector-factory.js:568 [SelectorFactory] Trying smart fallback for "viewRest"
selector-factory.js:679 [SelectorFactory] Using basic fallback: button (found 352 elements)
reddit-detector.js:209 [RedditDetector] Found 359 unique expandable elements across all categories
reddit-detector.js:216 [RedditDetector] Elements by category: {moreComments: 1, moreReplies: 1, collapsed: 92, continueThread: 6, crowdControl: 259}
expander.js:1794 Found 259 new expandable elements from scroll, processing...
expander.js:1799 [Progress] Found 259 new elements during auto-scroll (total: 5527)
expander.js:1731 [Expander] Performing aggressive rescan for missed buttons...
expander.js:1746 [Expander] Found 11 unprocessed expandable buttons during aggressive rescan
expander.js:1234 [Expander] Processing missed button: crowdControl
expander.js:1484 Expanding crowd control comment
expander.js:1322 [Expander] Skipping button (no expandable icon) - attempting anyway
expander.js:1326 [Expander] Attempting to click expand button: <button rpl="" class="m:hidden
button-medium px-[var(--rem8)]
button-plain


icon
items-center justify-center
button inline-flex " id="navbar-menu-button" type="button" data-reddit-expander-processed="true">
      <span class="flex items-center justify-center">
      <span class="flex"><svg rpl="" fill="currentColor" height="20" icon-name="menu-outline" viewBox="0 0 20 20" width="20" xmlns="http://www.w3.org/2000/svg">
      <path d="M18.25 4.7H1.75A.772.772 0 0 1 1 3.95c0-.399.352-.75.75-.75h16.5c.398 0 .75.351.75.75 0 .397-.352.75-.75.75ZM19 9.996a.772.772 0 0 0-.75-.75H1.75a.772.772 0 0 0-.75.75c0 .398.352.75.75.75h16.5c.398 0 .75-.352.75-.75Zm0 6.047a.772.772 0 0 0-.75-.75H1.75a.772.772 0 0 0-.75.75c0 .398.352.75.75.75h16.5c.398 0 .75-.352.75-.75Z"></path>
    </svg></span>
      
    </span>
    <faceplate-screen-reader-content>Open menu</faceplate-screen-reader-content>
    </button>
expander.js:1752 [Expander] Processing missed button 41/48: <button class="text-tone-2 text-12 no-underline hover:underline px-xs py-xs flex ml-[3px] xs:ml-0 !b...
expander.js:1752 [Expander] Processing missed button 12/14: <button aria-hidden="true" class="text-tone-2 text-12 no-underline hover:underline px-xs py-xs flex ...
expander.js:1752 [Expander] Processing missed button 24/29: <button class="text-tone-2 text-12 no-underline hover:underline px-xs py-xs flex ml-[3px] xs:ml-0 !b...
expander.js:1752 [Expander] Processing missed button 63/81: <button aria-hidden="true" class="text-tone-2 text-12 no-underline hover:underline px-xs py-xs flex ...
expander.js:1752 [Expander] Processing missed button 82/82: <button aria-hidden="true" class="text-tone-2 text-12 no-underline hover:underline px-xs py-xs flex ...
expander.js:1752 [Expander] Processing missed button 36/45: <button class="text-tone-2 text-12 no-underline hover:underline px-xs py-xs flex ml-[3px] xs:ml-0 !b...
expander.js:1752 [Expander] Processing missed button 31/34: <button class="text-tone-2 text-12 no-underline hover:underline px-xs py-xs flex ml-[3px] xs:ml-0 !b...
expander.js:1752 [Expander] Processing missed button 58/73: <button class="text-tone-2 text-12 no-underline hover:underline px-xs py-xs flex ml-[3px] xs:ml-0 !b...
expander.js:1234 [Expander] Processing missed button: collapsed
expander.js:1326 [Expander] Attempting to click expand button: <button class="text-tone-2 text-12 no-underline hover:underline px-xs py-xs flex ml-[3px] xs:ml-0 !bg-transparent !border-0" type="button" data-reddit-expander-processed="true">
    <span class="text-neutral-content-strong mr-xs flex items-center"><svg rpl="" fill="currentColor" height="16" icon-name="join-outline" viewBox="0 0 20 20" width="16" xmlns="http://www.w3.org/2000/svg">
      <path d="M10.625 9.375H14v1.25h-3.375V14h-1.25v-3.375H6v-1.25h3.375V6h1.25v3.375ZM20 10A10 10 0 1 1 10 0a10.011 10.011 0 0 1 10 10Zm-1.25 0A8.75 8.75 0 1 0 10 18.75 8.76 8.76 0 0 0 18.75 10Z"></path>
    </svg></span>
    <span class="text-secondary-weak font-normal"><faceplate-number number="1"><!---->1</faceplate-number> more reply</span>
  </button>
expander.js:1234 [Expander] Processing missed button: collapsed
expander.js:1326 [Expander] Attempting to click expand button: <button aria-hidden="true" class="text-tone-2 text-12 no-underline hover:underline px-xs py-xs flex ml-[3px] xs:ml-0 !bg-transparent !border-0 invisible h-0 !p-0" type="button" data-reddit-expander-processed="true" style="transition: box-shadow 0.3s; box-shadow: rgba(76, 175, 80, 0.4) 0px 0px 8px; border-radius: 4px;">
        
    <span class="text-neutral-content-strong mr-xs flex items-center"><svg rpl="" fill="currentColor" height="16" icon-name="join-outline" viewBox="0 0 20 20" width="16" xmlns="http://www.w3.org/2000/svg">
      <path d="M10.625 9.375H14v1.25h-3.375V14h-1.25v-3.375H6v-1.25h3.375V6h1.25v3.375ZM20 10A10 10 0 1 1 10 0a10.011 10.011 0 0 1 10 10Zm-1.25 0A8.75 8.75 0 1 0 10 18.75 8.76 8.76 0 0 0 18.75 10Z"></path>
    </svg></span>
    <span class="text-secondary-weak font-normal"><faceplate-number number="1"><!---->1</faceplate-number> more reply</span>
  
      </button>
expander.js:1234 [Expander] Processing missed button: collapsed
expander.js:1326 [Expander] Attempting to click expand button: <button class="text-tone-2 text-12 no-underline hover:underline px-xs py-xs flex ml-[3px] xs:ml-0 !bg-transparent !border-0" type="button" data-reddit-expander-processed="true" style="">
    <span class="text-neutral-content-strong mr-xs flex items-center"><svg rpl="" fill="currentColor" height="16" icon-name="join-outline" viewBox="0 0 20 20" width="16" xmlns="http://www.w3.org/2000/svg">
      <path d="M10.625 9.375H14v1.25h-3.375V14h-1.25v-3.375H6v-1.25h3.375V6h1.25v3.375ZM20 10A10 10 0 1 1 10 0a10.011 10.011 0 0 1 10 10Zm-1.25 0A8.75 8.75 0 1 0 10 18.75 8.76 8.76 0 0 0 18.75 10Z"></path>
    </svg></span>
    <span class="text-secondary-weak font-normal"><faceplate-number number="1"><!---->1</faceplate-number> more reply</span>
  </button>
expander.js:1234 [Expander] Processing missed button: collapsed
expander.js:1326 [Expander] Attempting to click expand button: <button aria-hidden="true" class="text-tone-2 text-12 no-underline hover:underline px-xs py-xs flex ml-[3px] xs:ml-0 !bg-transparent !border-0 invisible h-0 !p-0" type="button" data-reddit-expander-processed="true" style="">
        
    <span class="text-neutral-content-strong mr-xs flex items-center"><svg rpl="" fill="currentColor" height="16" icon-name="join-outline" viewBox="0 0 20 20" width="16" xmlns="http://www.w3.org/2000/svg">
      <path d="M10.625 9.375H14v1.25h-3.375V14h-1.25v-3.375H6v-1.25h3.375V6h1.25v3.375ZM20 10A10 10 0 1 1 10 0a10.011 10.011 0 0 1 10 10Zm-1.25 0A8.75 8.75 0 1 0 10 18.75 8.76 8.76 0 0 0 18.75 10Z"></path>
    </svg></span>
    <span class="text-secondary-weak font-normal"><faceplate-number number="19"><!---->19</faceplate-number> more replies</span>
  
      </button>
expander.js:1234 [Expander] Processing missed button: collapsed
expander.js:1326 [Expander] Attempting to click expand button: <button class="text-tone-2 text-12 no-underline hover:underline px-xs py-xs flex ml-[3px] xs:ml-0 !bg-transparent !border-0" type="button" data-reddit-expander-processed="true" style="transition: box-shadow 0.3s; box-shadow: rgba(76, 175, 80, 0.4) 0px 0px 8px; border-radius: 4px;">
    <span class="text-neutral-content-strong mr-xs flex items-center"><svg rpl="" fill="currentColor" height="16" icon-name="join-outline" viewBox="0 0 20 20" width="16" xmlns="http://www.w3.org/2000/svg">
      <path d="M10.625 9.375H14v1.25h-3.375V14h-1.25v-3.375H6v-1.25h3.375V6h1.25v3.375ZM20 10A10 10 0 1 1 10 0a10.011 10.011 0 0 1 10 10Zm-1.25 0A8.75 8.75 0 1 0 10 18.75 8.76 8.76 0 0 0 18.75 10Z"></path>
    </svg></span>
    <span class="text-secondary-weak font-normal"><faceplate-number number="19"><!---->19</faceplate-number> more replies</span>
  </button>
expander.js:1234 [Expander] Processing missed button: collapsed
expander.js:1326 [Expander] Attempting to click expand button: <button aria-hidden="true" class="text-tone-2 text-12 no-underline hover:underline px-xs py-xs flex ml-[3px] xs:ml-0 !bg-transparent !border-0 invisible h-0 !p-0" type="button" data-reddit-expander-processed="true" style="">
        
    <span class="text-neutral-content-strong mr-xs flex items-center"><svg rpl="" fill="currentColor" height="16" icon-name="join-outline" viewBox="0 0 20 20" width="16" xmlns="http://www.w3.org/2000/svg">
      <path d="M10.625 9.375H14v1.25h-3.375V14h-1.25v-3.375H6v-1.25h3.375V6h1.25v3.375ZM20 10A10 10 0 1 1 10 0a10.011 10.011 0 0 1 10 10Zm-1.25 0A8.75 8.75 0 1 0 10 18.75 8.76 8.76 0 0 0 18.75 10Z"></path>
    </svg></span>
    <span class="text-secondary-weak font-normal"><faceplate-number number="2"><!---->2</faceplate-number> more replies</span>
  
      </button>
expander.js:1234 [Expander] Processing missed button: collapsed
expander.js:1326 [Expander] Attempting to click expand button: <button class="text-tone-2 text-12 no-underline hover:underline px-xs py-xs flex ml-[3px] xs:ml-0 !bg-transparent !border-0" type="button" data-reddit-expander-processed="true" style="">
    <span class="text-neutral-content-strong mr-xs flex items-center"><svg rpl="" fill="currentColor" height="16" icon-name="join-outline" viewBox="0 0 20 20" width="16" xmlns="http://www.w3.org/2000/svg">
      <path d="M10.625 9.375H14v1.25h-3.375V14h-1.25v-3.375H6v-1.25h3.375V6h1.25v3.375ZM20 10A10 10 0 1 1 10 0a10.011 10.011 0 0 1 10 10Zm-1.25 0A8.75 8.75 0 1 0 10 18.75 8.76 8.76 0 0 0 18.75 10Z"></path>
    </svg></span>
    <span class="text-secondary-weak font-normal"><faceplate-number number="9"><!---->9</faceplate-number> more replies</span>
  </button>
expander.js:1234 [Expander] Processing missed button: crowdControl
expander.js:1484 Expanding crowd control comment
expander.js:1322 [Expander] Skipping button (no expandable icon) - attempting anyway
expander.js:1326 [Expander] Attempting to click expand button: <button rpl="" class="m:hidden
button-medium px-[var(--rem8)]
button-plain


icon
items-center justify-center
button inline-flex " id="navbar-menu-button" type="button" data-reddit-expander-processed="true">
      <span class="flex items-center justify-center">
      <span class="flex"><svg rpl="" fill="currentColor" height="20" icon-name="menu-outline" viewBox="0 0 20 20" width="20" xmlns="http://www.w3.org/2000/svg">
      <path d="M18.25 4.7H1.75A.772.772 0 0 1 1 3.95c0-.399.352-.75.75-.75h16.5c.398 0 .75.351.75.75 0 .397-.352.75-.75.75ZM19 9.996a.772.772 0 0 0-.75-.75H1.75a.772.772 0 0 0-.75.75c0 .398.352.75.75.75h16.5c.398 0 .75-.352.75-.75Zm0 6.047a.772.772 0 0 0-.75-.75H1.75a.772.772 0 0 0-.75.75c0 .398.352.75.75.75h16.5c.398 0 .75-.352.75-.75Z"></path>
    </svg></span>
      
    </span>
    <faceplate-screen-reader-content>Open menu</faceplate-screen-reader-content>
    </button>
expander.js:1752 [Expander] Processing missed button 47/55: <button aria-hidden="true" class="text-tone-2 text-12 no-underline hover:underline px-xs py-xs flex ...
expander.js:1752 [Expander] Processing missed button 71/81: <button aria-hidden="true" class="text-tone-2 text-12 no-underline hover:underline px-xs py-xs flex ...
expander.js:1752 [Expander] Processing missed button 17/20: <button class="text-tone-2 text-12 no-underline hover:underline px-xs py-xs flex ml-[3px] xs:ml-0 !b...
expander.js:1752 [Expander] Processing missed button 53/68: <button class="text-tone-2 text-12 no-underline hover:underline px-xs py-xs flex ml-[3px] xs:ml-0 !b...
expander.js:1752 [Expander] Processing missed button 7/10: <button class="text-tone-2 text-12 no-underline hover:underline px-xs py-xs flex ml-[3px] xs:ml-0 !b...
expander.js:1752 [Expander] Processing missed button 1/11: <button class="text-tone-2 text-12 no-underline hover:underline px-xs py-xs flex ml-[3px] xs:ml-0 !b...
expander.js:1752 [Expander] Processing missed button 42/48: <button aria-hidden="true" class="text-tone-2 text-12 no-underline hover:underline px-xs py-xs flex ...
expander.js:1752 [Expander] Processing missed button 13/14: <button class="text-tone-2 text-12 no-underline hover:underline px-xs py-xs flex ml-[3px] xs:ml-0 !b...
expander.js:1752 [Expander] Processing missed button 25/29: <button aria-hidden="true" class="text-tone-2 text-12 no-underline hover:underline px-xs py-xs flex ...
expander.js:1752 [Expander] Processing missed button 64/81: <button class="text-tone-2 text-12 no-underline hover:underline px-xs py-xs flex ml-[3px] xs:ml-0 !b...
expander.js:1752 [Expander] Processing missed button 37/45: <button aria-hidden="true" class="text-tone-2 text-12 no-underline hover:underline px-xs py-xs flex ...
expander.js:1752 [Expander] Processing missed button 32/34: <button aria-hidden="true" class="text-tone-2 text-12 no-underline hover:underline px-xs py-xs flex ...
expander.js:1752 [Expander] Processing missed button 59/73: <button aria-hidden="true" class="text-tone-2 text-12 no-underline hover:underline px-xs py-xs flex ...
expander.js:1752 [Expander] Processing missed button 48/55: <button class="text-tone-2 text-12 no-underline hover:underline px-xs py-xs flex ml-[3px] xs:ml-0 !b...
expander.js:1752 [Expander] Processing missed button 72/81: <button class="text-tone-2 text-12 no-underline hover:underline px-xs py-xs flex ml-[3px] xs:ml-0 !b...
expander.js:1752 [Expander] Processing missed button 18/20: <button aria-hidden="true" class="text-tone-2 text-12 no-underline hover:underline px-xs py-xs flex ...
expander.js:1752 [Expander] Processing missed button 54/68: <button aria-hidden="true" class="text-tone-2 text-12 no-underline hover:underline px-xs py-xs flex ...
expander.js:1752 [Expander] Processing missed button 8/10: <button aria-hidden="true" class="text-tone-2 text-12 no-underline hover:underline px-xs py-xs flex ...
expander.js:1752 [Expander] Processing missed button 43/48: <button class="text-tone-2 text-12 no-underline hover:underline px-xs py-xs flex ml-[3px] xs:ml-0 !b...
expander.js:1234 [Expander] Processing missed button: collapsed
expander.js:1326 [Expander] Attempting to click expand button: <button aria-hidden="true" class="text-tone-2 text-12 no-underline hover:underline px-xs py-xs flex ml-[3px] xs:ml-0 !bg-transparent !border-0 invisible h-0 !p-0" type="button" data-reddit-expander-processed="true" style="">
        
    <span class="text-neutral-content-strong mr-xs flex items-center"><svg rpl="" fill="currentColor" height="16" icon-name="join-outline" viewBox="0 0 20 20" width="16" xmlns="http://www.w3.org/2000/svg">
      <path d="M10.625 9.375H14v1.25h-3.375V14h-1.25v-3.375H6v-1.25h3.375V6h1.25v3.375ZM20 10A10 10 0 1 1 10 0a10.011 10.011 0 0 1 10 10Zm-1.25 0A8.75 8.75 0 1 0 10 18.75 8.76 8.76 0 0 0 18.75 10Z"></path>
    </svg></span>
    <span class="text-secondary-weak font-normal"><faceplate-number number="4"><!---->4</faceplate-number> more replies</span>
  
      </button>
expander.js:1234 [Expander] Processing missed button: collapsed
expander.js:1326 [Expander] Attempting to click expand button: <button aria-hidden="true" class="text-tone-2 text-12 no-underline hover:underline px-xs py-xs flex ml-[3px] xs:ml-0 !bg-transparent !border-0 invisible h-0 !p-0" type="button" data-reddit-expander-processed="true" style="">
        
    <span class="text-neutral-content-strong mr-xs flex items-center"><svg rpl="" fill="currentColor" height="16" icon-name="join-outline" viewBox="0 0 20 20" width="16" xmlns="http://www.w3.org/2000/svg">
      <path d="M10.625 9.375H14v1.25h-3.375V14h-1.25v-3.375H6v-1.25h3.375V6h1.25v3.375ZM20 10A10 10 0 1 1 10 0a10.011 10.011 0 0 1 10 10Zm-1.25 0A8.75 8.75 0 1 0 10 18.75 8.76 8.76 0 0 0 18.75 10Z"></path>
    </svg></span>
    <span class="text-secondary-weak font-normal"><faceplate-number number="3"><!---->3</faceplate-number> more replies</span>
  
      </button>
expander.js:1234 [Expander] Processing missed button: collapsed
expander.js:1326 [Expander] Attempting to click expand button: <button aria-hidden="true" class="text-tone-2 text-12 no-underline hover:underline px-xs py-xs flex ml-[3px] xs:ml-0 !bg-transparent !border-0 invisible h-0 !p-0" type="button" data-reddit-expander-processed="true" style="transition: box-shadow 0.3s; box-shadow: rgba(76, 175, 80, 0.4) 0px 0px 8px; border-radius: 4px;">
        
    <span class="text-neutral-content-strong mr-xs flex items-center"><svg rpl="" fill="currentColor" height="16" icon-name="join-outline" viewBox="0 0 20 20" width="16" xmlns="http://www.w3.org/2000/svg">
      <path d="M10.625 9.375H14v1.25h-3.375V14h-1.25v-3.375H6v-1.25h3.375V6h1.25v3.375ZM20 10A10 10 0 1 1 10 0a10.011 10.011 0 0 1 10 10Zm-1.25 0A8.75 8.75 0 1 0 10 18.75 8.76 8.76 0 0 0 18.75 10Z"></path>
    </svg></span>
    <span class="text-secondary-weak font-normal"><faceplate-number number="13"><!---->13</faceplate-number> more replies</span>
  
      </button>
expander.js:1234 [Expander] Processing missed button: collapsed
expander.js:1326 [Expander] Attempting to click expand button: <button class="text-tone-2 text-12 no-underline hover:underline px-xs py-xs flex ml-[3px] xs:ml-0 !bg-transparent !border-0" type="button" data-reddit-expander-processed="true" style="">
    <span class="text-neutral-content-strong mr-xs flex items-center"><svg rpl="" fill="currentColor" height="16" icon-name="join-outline" viewBox="0 0 20 20" width="16" xmlns="http://www.w3.org/2000/svg">
      <path d="M10.625 9.375H14v1.25h-3.375V14h-1.25v-3.375H6v-1.25h3.375V6h1.25v3.375ZM20 10A10 10 0 1 1 10 0a10.011 10.011 0 0 1 10 10Zm-1.25 0A8.75 8.75 0 1 0 10 18.75 8.76 8.76 0 0 0 18.75 10Z"></path>
    </svg></span>
    <span class="text-secondary-weak font-normal"><faceplate-number number="1"><!---->1</faceplate-number> more reply</span>
  </button>
expander.js:1752 [Expander] Processing missed button 2/11: <button aria-hidden="true" class="text-tone-2 text-12 no-underline hover:underline px-xs py-xs flex ...
expander.js:1752 [Expander] Processing missed button 14/14: <button aria-hidden="true" class="text-tone-2 text-12 no-underline hover:underline px-xs py-xs flex ...
expander.js:1752 [Expander] Processing missed button 26/29: <button class="text-tone-2 text-12 no-underline hover:underline px-xs py-xs flex ml-[3px] xs:ml-0 !b...
expander.js:1752 [Expander] Processing missed button 65/81: <button aria-hidden="true" class="text-tone-2 text-12 no-underline hover:underline px-xs py-xs flex ...
expander.js:1752 [Expander] Processing missed button 38/45: <button class="text-tone-2 text-12 no-underline hover:underline px-xs py-xs flex ml-[3px] xs:ml-0 !b...
expander.js:1752 [Expander] Processing missed button 33/34: <button class="text-tone-2 text-12 no-underline hover:underline px-xs py-xs flex ml-[3px] xs:ml-0 !b...
expander.js:1752 [Expander] Processing missed button 60/73: <button class="text-tone-2 text-12 no-underline hover:underline px-xs py-xs flex ml-[3px] xs:ml-0 !b...
expander.js:1692 [Expander] New expandable content detected via scroll observer
expander.js:1692 [Expander] New expandable content detected via scroll observer
expander.js:1752 [Expander] Processing missed button 49/55: <button aria-hidden="true" class="text-tone-2 text-12 no-underline hover:underline px-xs py-xs flex ...
expander.js:1752 [Expander] Processing missed button 73/81: <button aria-hidden="true" class="text-tone-2 text-12 no-underline hover:underline px-xs py-xs flex ...
expander.js:1752 [Expander] Processing missed button 19/20: <button class="text-tone-2 text-12 no-underline hover:underline px-xs py-xs flex ml-[3px] xs:ml-0 !b...
expander.js:1752 [Expander] Processing missed button 55/68: <button class="text-tone-2 text-12 no-underline hover:underline px-xs py-xs flex ml-[3px] xs:ml-0 !b...
expander.js:1752 [Expander] Processing missed button 9/10: <button class="text-tone-2 text-12 no-underline hover:underline px-xs py-xs flex ml-[3px] xs:ml-0 !b...
expander.js:1752 [Expander] Processing missed button 44/48: <button aria-hidden="true" class="text-tone-2 text-12 no-underline hover:underline px-xs py-xs flex ...
expander.js:1234 [Expander] Processing missed button: crowdControl
expander.js:1484 Expanding crowd control comment
expander.js:1322 [Expander] Skipping button (no expandable icon) - attempting anyway
expander.js:1326 [Expander] Attempting to click expand button: <button rpl="" rpl-selected="" class="
button-small px-[var(--rem10)]

button-activated


items-center justify-center
button inline-flex " id="search-input-chip" slot="chips" data-reddit-expander-processed="true">
      <span class="flex items-center justify-center overflow-hidden">
      <span class="flex mr-xs"><span class="inline-flex items-center justify-center w-[1rem] h-[1rem] " rpl="" avatar="">
    
    <span rpl="" class="inline-block rounded-full  relative [&amp;&gt;:first-child]:h-full [&amp;&gt;:first-child]:w-full [&amp;&gt;:first-child]:mb-0 [&amp;&gt;:first-child]:rounded-[inherit] h-full w-full 
    [&amp;&gt;:first-child]:overflow-hidden [&amp;&gt;:first-child]:max-h-full">
    <svg rpl="" aria-hidden="true" class="flex items-center justify-center h-100 ml-px" fill="currentColor" height="16" icon-name="community-fill" viewBox="0 0 20 20" width="16" xmlns="http://www.w3.org/2000/svg">
      <path d="M10 0a10 10 0 1 0 10 10A10.011 10.011 0 0 0 10 0ZM8.016 8.633a1.616 1.616 0 0 0-.2.806V13.5H5.931V6.172h1.8v.9h.039a3.009 3.009 0 0 1 1.018-.732 3.45 3.45 0 0 1 1.449-.284c.246-.003.491.02.732.068.158.024.309.08.444.164l-.759 1.832a2.09 2.09 0 0 0-1.093-.26c-.33-.01-.658.062-.954.208a1.422 1.422 0 0 0-.591.565Zm2.9 6.918H9.355L14.7 2.633c.426.272.828.58 1.2.922l-4.984 11.996Z"></path>
    </svg>
  </span></span></span>
      <span class="flex items-center gap-xs overflow-hidden"><span class="inline-block mr-[calc(var(--size-button-sm-h)-var(--rem10)-var(--button-border-width-default))] overflow-hidden text-ellipsis"><span aria-hidden="true">r/technology</span></span></span>
    </span>
    <faceplate-screen-reader-content>A chip</faceplate-screen-reader-content>
    </button>
expander.js:1234 [Expander] Processing missed button: collapsed
expander.js:1326 [Expander] Attempting to click expand button: <button aria-hidden="true" class="text-tone-2 text-12 no-underline hover:underline px-xs py-xs flex ml-[3px] xs:ml-0 !bg-transparent !border-0 invisible h-0 !p-0" type="button" data-reddit-expander-processed="true">
        
    <span class="text-neutral-content-strong mr-xs flex items-center"><svg rpl="" fill="currentColor" height="16" icon-name="join-outline" viewBox="0 0 20 20" width="16" xmlns="http://www.w3.org/2000/svg">
      <path d="M10.625 9.375H14v1.25h-3.375V14h-1.25v-3.375H6v-1.25h3.375V6h1.25v3.375ZM20 10A10 10 0 1 1 10 0a10.011 10.011 0 0 1 10 10Zm-1.25 0A8.75 8.75 0 1 0 10 18.75 8.76 8.76 0 0 0 18.75 10Z"></path>
    </svg></span>
    <span class="text-secondary-weak font-normal"><faceplate-number number="1"><!---->1</faceplate-number> more reply</span>
  
      </button>
expander.js:1234 [Expander] Processing missed button: collapsed
expander.js:1326 [Expander] Attempting to click expand button: <button class="text-tone-2 text-12 no-underline hover:underline px-xs py-xs flex ml-[3px] xs:ml-0 !bg-transparent !border-0" type="button" data-reddit-expander-processed="true" style="transition: box-shadow 0.3s; box-shadow: rgba(76, 175, 80, 0.4) 0px 0px 8px; border-radius: 4px;">
    <span class="text-neutral-content-strong mr-xs flex items-center"><svg rpl="" fill="currentColor" height="16" icon-name="join-outline" viewBox="0 0 20 20" width="16" xmlns="http://www.w3.org/2000/svg">
      <path d="M10.625 9.375H14v1.25h-3.375V14h-1.25v-3.375H6v-1.25h3.375V6h1.25v3.375ZM20 10A10 10 0 1 1 10 0a10.011 10.011 0 0 1 10 10Zm-1.25 0A8.75 8.75 0 1 0 10 18.75 8.76 8.76 0 0 0 18.75 10Z"></path>
    </svg></span>
    <span class="text-secondary-weak font-normal"><faceplate-number number="1"><!---->1</faceplate-number> more reply</span>
  </button>
expander.js:1234 [Expander] Processing missed button: collapsed
expander.js:1326 [Expander] Attempting to click expand button: <button aria-hidden="true" class="text-tone-2 text-12 no-underline hover:underline px-xs py-xs flex ml-[3px] xs:ml-0 !bg-transparent !border-0 invisible h-0 !p-0" type="button" data-reddit-expander-processed="true" style="">
        
    <span class="text-neutral-content-strong mr-xs flex items-center"><svg rpl="" fill="currentColor" height="16" icon-name="join-outline" viewBox="0 0 20 20" width="16" xmlns="http://www.w3.org/2000/svg">
      <path d="M10.625 9.375H14v1.25h-3.375V14h-1.25v-3.375H6v-1.25h3.375V6h1.25v3.375ZM20 10A10 10 0 1 1 10 0a10.011 10.011 0 0 1 10 10Zm-1.25 0A8.75 8.75 0 1 0 10 18.75 8.76 8.76 0 0 0 18.75 10Z"></path>
    </svg></span>
    <span class="text-secondary-weak font-normal"><faceplate-number number="1"><!---->1</faceplate-number> more reply</span>
  
      </button>
expander.js:1234 [Expander] Processing missed button: collapsed
expander.js:1326 [Expander] Attempting to click expand button: <button class="text-tone-2 text-12 no-underline hover:underline px-xs py-xs flex ml-[3px] xs:ml-0 !bg-transparent !border-0" type="button" data-reddit-expander-processed="true" style="">
    <span class="text-neutral-content-strong mr-xs flex items-center"><svg rpl="" fill="currentColor" height="16" icon-name="join-outline" viewBox="0 0 20 20" width="16" xmlns="http://www.w3.org/2000/svg">
      <path d="M10.625 9.375H14v1.25h-3.375V14h-1.25v-3.375H6v-1.25h3.375V6h1.25v3.375ZM20 10A10 10 0 1 1 10 0a10.011 10.011 0 0 1 10 10Zm-1.25 0A8.75 8.75 0 1 0 10 18.75 8.76 8.76 0 0 0 18.75 10Z"></path>
    </svg></span>
    <span class="text-secondary-weak font-normal"><faceplate-number number="2"><!---->2</faceplate-number> more replies</span>
  </button>
expander.js:1234 [Expander] Processing missed button: collapsed
expander.js:1326 [Expander] Attempting to click expand button: <button aria-hidden="true" class="text-tone-2 text-12 no-underline hover:underline px-xs py-xs flex ml-[3px] xs:ml-0 !bg-transparent !border-0 invisible h-0 !p-0" type="button" data-reddit-expander-processed="true" style="transition: box-shadow 0.3s; box-shadow: rgba(76, 175, 80, 0.4) 0px 0px 8px; border-radius: 4px;">
        
    <span class="text-neutral-content-strong mr-xs flex items-center"><svg rpl="" fill="currentColor" height="16" icon-name="join-outline" viewBox="0 0 20 20" width="16" xmlns="http://www.w3.org/2000/svg">
      <path d="M10.625 9.375H14v1.25h-3.375V14h-1.25v-3.375H6v-1.25h3.375V6h1.25v3.375ZM20 10A10 10 0 1 1 10 0a10.011 10.011 0 0 1 10 10Zm-1.25 0A8.75 8.75 0 1 0 10 18.75 8.76 8.76 0 0 0 18.75 10Z"></path>
    </svg></span>
    <span class="text-secondary-weak font-normal"><faceplate-number number="19"><!---->19</faceplate-number> more replies</span>
  
      </button>
expander.js:1234 [Expander] Processing missed button: collapsed
expander.js:1326 [Expander] Attempting to click expand button: <button class="text-tone-2 text-12 no-underline hover:underline px-xs py-xs flex ml-[3px] xs:ml-0 !bg-transparent !border-0" type="button" data-reddit-expander-processed="true" style="">
    <span class="text-neutral-content-strong mr-xs flex items-center"><svg rpl="" fill="currentColor" height="16" icon-name="join-outline" viewBox="0 0 20 20" width="16" xmlns="http://www.w3.org/2000/svg">
      <path d="M10.625 9.375H14v1.25h-3.375V14h-1.25v-3.375H6v-1.25h3.375V6h1.25v3.375ZM20 10A10 10 0 1 1 10 0a10.011 10.011 0 0 1 10 10Zm-1.25 0A8.75 8.75 0 1 0 10 18.75 8.76 8.76 0 0 0 18.75 10Z"></path>
    </svg></span>
    <span class="text-secondary-weak font-normal"><faceplate-number number="1"><!---->1</faceplate-number> more reply</span>
  </button>
expander.js:1234 [Expander] Processing missed button: collapsed
expander.js:1326 [Expander] Attempting to click expand button: <button aria-hidden="true" class="text-tone-2 text-12 no-underline hover:underline px-xs py-xs flex ml-[3px] xs:ml-0 !bg-transparent !border-0 invisible h-0 !p-0" type="button" data-reddit-expander-processed="true" style="">
        
    <span class="text-neutral-content-strong mr-xs flex items-center"><svg rpl="" fill="currentColor" height="16" icon-name="join-outline" viewBox="0 0 20 20" width="16" xmlns="http://www.w3.org/2000/svg">
      <path d="M10.625 9.375H14v1.25h-3.375V14h-1.25v-3.375H6v-1.25h3.375V6h1.25v3.375ZM20 10A10 10 0 1 1 10 0a10.011 10.011 0 0 1 10 10Zm-1.25 0A8.75 8.75 0 1 0 10 18.75 8.76 8.76 0 0 0 18.75 10Z"></path>
    </svg></span>
    <span class="text-secondary-weak font-normal"><faceplate-number number="9"><!---->9</faceplate-number> more replies</span>
  
      </button>
expander.js:1234 [Expander] Processing missed button: crowdControl
expander.js:1484 Expanding crowd control comment
expander.js:1322 [Expander] Skipping button (no expandable icon) - attempting anyway
expander.js:1326 [Expander] Attempting to click expand button: <button rpl="" rpl-selected="" class="
button-small px-[var(--rem10)]

button-activated


items-center justify-center
button inline-flex " id="search-input-chip" slot="chips" data-reddit-expander-processed="true">
      <span class="flex items-center justify-center overflow-hidden">
      <span class="flex mr-xs"><span class="inline-flex items-center justify-center w-[1rem] h-[1rem] " rpl="" avatar="">
    
    <span rpl="" class="inline-block rounded-full  relative [&amp;&gt;:first-child]:h-full [&amp;&gt;:first-child]:w-full [&amp;&gt;:first-child]:mb-0 [&amp;&gt;:first-child]:rounded-[inherit] h-full w-full 
    [&amp;&gt;:first-child]:overflow-hidden [&amp;&gt;:first-child]:max-h-full">
    <svg rpl="" aria-hidden="true" class="flex items-center justify-center h-100 ml-px" fill="currentColor" height="16" icon-name="community-fill" viewBox="0 0 20 20" width="16" xmlns="http://www.w3.org/2000/svg">
      <path d="M10 0a10 10 0 1 0 10 10A10.011 10.011 0 0 0 10 0ZM8.016 8.633a1.616 1.616 0 0 0-.2.806V13.5H5.931V6.172h1.8v.9h.039a3.009 3.009 0 0 1 1.018-.732 3.45 3.45 0 0 1 1.449-.284c.246-.003.491.02.732.068.158.024.309.08.444.164l-.759 1.832a2.09 2.09 0 0 0-1.093-.26c-.33-.01-.658.062-.954.208a1.422 1.422 0 0 0-.591.565Zm2.9 6.918H9.355L14.7 2.633c.426.272.828.58 1.2.922l-4.984 11.996Z"></path>
    </svg>
  </span></span></span>
      <span class="flex items-center gap-xs overflow-hidden"><span class="inline-block mr-[calc(var(--size-button-sm-h)-var(--rem10)-var(--button-border-width-default))] overflow-hidden text-ellipsis"><span aria-hidden="true">r/technology</span></span></span>
    </span>
    <faceplate-screen-reader-content>A chip</faceplate-screen-reader-content>
    </button>
expander.js:1752 [Expander] Processing missed button 3/11: <button class="text-tone-2 text-12 no-underline hover:underline px-xs py-xs flex ml-[3px] xs:ml-0 !b...
expander.js:1752 [Expander] Processing missed button 27/29: <button aria-hidden="true" class="text-tone-2 text-12 no-underline hover:underline px-xs py-xs flex ...
expander.js:1752 [Expander] Processing missed button 66/81: <button class="text-tone-2 text-12 no-underline hover:underline px-xs py-xs flex ml-[3px] xs:ml-0 !b...
expander.js:1752 [Expander] Processing missed button 39/45: <button aria-hidden="true" class="text-tone-2 text-12 no-underline hover:underline px-xs py-xs flex ...
expander.js:1752 [Expander] Processing missed button 34/34: <button aria-hidden="true" class="text-tone-2 text-12 no-underline hover:underline px-xs py-xs flex ...
expander.js:1752 [Expander] Processing missed button 61/73: <button aria-hidden="true" class="text-tone-2 text-12 no-underline hover:underline px-xs py-xs flex ...
expander.js:1752 [Expander] Processing missed button 50/55: <button class="text-tone-2 text-12 no-underline hover:underline px-xs py-xs flex ml-[3px] xs:ml-0 !b...
expander.js:1752 [Expander] Processing missed button 74/81: <button class="text-tone-2 text-12 no-underline hover:underline px-xs py-xs flex ml-[3px] xs:ml-0 !b...
expander.js:1752 [Expander] Processing missed button 20/20: <button aria-hidden="true" class="text-tone-2 text-12 no-underline hover:underline px-xs py-xs flex ...
expander.js:1752 [Expander] Processing missed button 56/68: <button aria-hidden="true" class="text-tone-2 text-12 no-underline hover:underline px-xs py-xs flex ...
expander.js:1752 [Expander] Processing missed button 10/10: <button aria-hidden="true" class="text-tone-2 text-12 no-underline hover:underline px-xs py-xs flex ...
expander.js:1752 [Expander] Processing missed button 45/48: <button class="text-tone-2 text-12 no-underline hover:underline px-xs py-xs flex ml-[3px] xs:ml-0 !b...
expander.js:1752 [Expander] Processing missed button 4/11: <button aria-hidden="true" class="text-tone-2 text-12 no-underline hover:underline px-xs py-xs flex ...
expander.js:1752 [Expander] Processing missed button 28/29: <button class="text-tone-2 text-12 no-underline hover:underline px-xs py-xs flex ml-[3px] xs:ml-0 !b...
expander.js:1752 [Expander] Processing missed button 67/81: <button aria-hidden="true" class="text-tone-2 text-12 no-underline hover:underline px-xs py-xs flex ...
expander.js:1752 [Expander] Processing missed button 40/45: <button class="text-tone-2 text-12 no-underline hover:underline px-xs py-xs flex ml-[3px] xs:ml-0 !b...
expander.js:1752 [Expander] Processing missed button 62/73: <button class="text-tone-2 text-12 no-underline hover:underline px-xs py-xs flex ml-[3px] xs:ml-0 !b...
expander.js:1752 [Expander] Processing missed button 51/55: <button aria-hidden="true" class="text-tone-2 text-12 no-underline hover:underline px-xs py-xs flex ...
expander.js:1752 [Expander] Processing missed button 75/81: <button aria-hidden="true" class="text-tone-2 text-12 no-underline hover:underline px-xs py-xs flex ...
expander.js:1752 [Expander] Processing missed button 57/68: <button class="text-tone-2 text-12 no-underline hover:underline px-xs py-xs flex ml-[3px] xs:ml-0 !b...
expander.js:1752 [Expander] Processing missed button 46/48: <button aria-hidden="true" class="text-tone-2 text-12 no-underline hover:underline px-xs py-xs flex ...
expander.js:1752 [Expander] Processing missed button 5/11: <button class="text-tone-2 text-12 no-underline hover:underline px-xs py-xs flex ml-[3px] xs:ml-0 !b...
expander.js:1752 [Expander] Processing missed button 29/29: <button aria-hidden="true" class="text-tone-2 text-12 no-underline hover:underline px-xs py-xs flex ...
expander.js:1752 [Expander] Processing missed button 68/81: <button class="text-tone-2 text-12 no-underline hover:underline px-xs py-xs flex ml-[3px] xs:ml-0 !b...
expander.js:1752 [Expander] Processing missed button 41/45: <button aria-hidden="true" class="text-tone-2 text-12 no-underline hover:underline px-xs py-xs flex ...
expander.js:1752 [Expander] Processing missed button 63/73: <button aria-hidden="true" class="text-tone-2 text-12 no-underline hover:underline px-xs py-xs flex ...
expander.js:1710 [Expander] Processing new content from scroll...
selector-factory.js:557 [SelectorFactory] Found 1 elements for "moreComments" using: #top-level-more-comments-partial
selector-factory.js:557 [SelectorFactory] Found 1 elements for "moreReplies" using: button[rpl][class*="button-small"][class*="button-plain"]
selector-factory.js:557 [SelectorFactory] Found 92 elements for "collapsed" using: shreddit-comment button:has(svg[icon-name="join-outline"])
selector-factory.js:557 [SelectorFactory] Found 6 elements for "continueThread" using: faceplate-partial[loading="lazy"]:not([id*="more-comments"])
shell-561c8d66.js:1 [SelectorFactory] No elements found for "crowdControl" in version "shReddit"
findElements @ selector-factory.js:560
getAllExpandableElements @ reddit-detector.js:191
scanAndExpandNewContent @ expander.js:1786
(anonymous) @ expander.js:1711
setTimeout
(anonymous) @ expander.js:1709
childList
attachPortal @ shell-561c8d66.js:1
handleOpenChange @ shell-561c8d66.js:1
willUpdate @ shell-561c8d66.js:1
performUpdate @ icon-c58d7a59.js:1
scheduleUpdate @ icon-c58d7a59.js:1
_$Ej @ icon-c58d7a59.js:1
await in _$Ej
requestUpdate @ icon-c58d7a59.js:1
set @ icon-c58d7a59.js:1
showModal @ shell-561c8d66.js:1
H.handleClickHamburgerMenu @ header-large-client-js-4e8284c8.js:1
await in H.handleClickHamburgerMenu
handleActivate @ shell-561c8d66.js:4
await in handleActivate
(anonymous) @ shell-561c8d66.js:1
(anonymous) @ expander.js:1337
executeWithAbortHandling @ expander.js:377
expandCollapsedComment @ expander.js:1334
await in expandCollapsedComment
expandCrowdControl @ expander.js:1485
expandElement @ expander.js:1251
scanAndExpandNewContent @ expander.js:1868
await in scanAndExpandNewContent
(anonymous) @ expander.js:1711
setTimeout
(anonymous) @ expander.js:1709
childList
(anonymous) @ shell-561c8d66.js:1
po @ shell-561c8d66.js:1
_renderContent @ shell-561c8d66.js:1
runner @ shell-561c8d66.js:4
_load @ shell-561c8d66.js:1
await in _load
(anonymous) @ shell-561c8d66.js:1
(anonymous) @ expander.js:1759
executeWithAbortHandling @ expander.js:377
(anonymous) @ expander.js:1758
setTimeout
(anonymous) @ expander.js:1751
performAggressiveRescan @ expander.js:1749
(anonymous) @ expander.js:1714
setTimeout
(anonymous) @ expander.js:1709
childList
(anonymous) @ shell-561c8d66.js:1
po @ shell-561c8d66.js:1
_renderContent @ shell-561c8d66.js:1
runner @ shell-561c8d66.js:4
_load @ shell-561c8d66.js:1
await in _load
(anonymous) @ shell-561c8d66.js:1
(anonymous) @ expander.js:1759
executeWithAbortHandling @ expander.js:377
(anonymous) @ expander.js:1758
setTimeout
(anonymous) @ expander.js:1751
performAggressiveRescan @ expander.js:1749
(anonymous) @ expander.js:1714
setTimeout
(anonymous) @ expander.js:1709
childList
(anonymous) @ shell-561c8d66.js:1
po @ shell-561c8d66.js:1
_renderContent @ shell-561c8d66.js:1
runner @ shell-561c8d66.js:4
_load @ shell-561c8d66.js:1
await in _load
(anonymous) @ shell-561c8d66.js:1
(anonymous) @ expander.js:1759
executeWithAbortHandling @ expander.js:377
(anonymous) @ expander.js:1758
shell-561c8d66.js:1 [SelectorFactory] Tried 2 selectors, 0 had errors
findElements @ selector-factory.js:561
getAllExpandableElements @ reddit-detector.js:191
scanAndExpandNewContent @ expander.js:1786
(anonymous) @ expander.js:1711
setTimeout
(anonymous) @ expander.js:1709
childList
attachPortal @ shell-561c8d66.js:1
handleOpenChange @ shell-561c8d66.js:1
willUpdate @ shell-561c8d66.js:1
performUpdate @ icon-c58d7a59.js:1
scheduleUpdate @ icon-c58d7a59.js:1
_$Ej @ icon-c58d7a59.js:1
await in _$Ej
requestUpdate @ icon-c58d7a59.js:1
set @ icon-c58d7a59.js:1
showModal @ shell-561c8d66.js:1
H.handleClickHamburgerMenu @ header-large-client-js-4e8284c8.js:1
await in H.handleClickHamburgerMenu
handleActivate @ shell-561c8d66.js:4
await in handleActivate
(anonymous) @ shell-561c8d66.js:1
(anonymous) @ expander.js:1337
executeWithAbortHandling @ expander.js:377
expandCollapsedComment @ expander.js:1334
await in expandCollapsedComment
expandCrowdControl @ expander.js:1485
expandElement @ expander.js:1251
scanAndExpandNewContent @ expander.js:1868
await in scanAndExpandNewContent
(anonymous) @ expander.js:1711
setTimeout
(anonymous) @ expander.js:1709
childList
(anonymous) @ shell-561c8d66.js:1
po @ shell-561c8d66.js:1
_renderContent @ shell-561c8d66.js:1
runner @ shell-561c8d66.js:4
_load @ shell-561c8d66.js:1
await in _load
(anonymous) @ shell-561c8d66.js:1
(anonymous) @ expander.js:1759
executeWithAbortHandling @ expander.js:377
(anonymous) @ expander.js:1758
setTimeout
(anonymous) @ expander.js:1751
performAggressiveRescan @ expander.js:1749
(anonymous) @ expander.js:1714
setTimeout
(anonymous) @ expander.js:1709
childList
(anonymous) @ shell-561c8d66.js:1
po @ shell-561c8d66.js:1
_renderContent @ shell-561c8d66.js:1
runner @ shell-561c8d66.js:4
_load @ shell-561c8d66.js:1
await in _load
(anonymous) @ shell-561c8d66.js:1
(anonymous) @ expander.js:1759
executeWithAbortHandling @ expander.js:377
(anonymous) @ expander.js:1758
setTimeout
(anonymous) @ expander.js:1751
performAggressiveRescan @ expander.js:1749
(anonymous) @ expander.js:1714
setTimeout
(anonymous) @ expander.js:1709
childList
(anonymous) @ shell-561c8d66.js:1
po @ shell-561c8d66.js:1
_renderContent @ shell-561c8d66.js:1
runner @ shell-561c8d66.js:4
_load @ shell-561c8d66.js:1
await in _load
(anonymous) @ shell-561c8d66.js:1
(anonymous) @ expander.js:1759
executeWithAbortHandling @ expander.js:377
(anonymous) @ expander.js:1758
selector-factory.js:568 [SelectorFactory] Trying smart fallback for "crowdControl"
selector-factory.js:679 [SelectorFactory] Using basic fallback: button (found 352 elements)
shell-561c8d66.js:1 [SelectorFactory] No elements found for "contestMode" in version "shReddit"
findElements @ selector-factory.js:560
getAllExpandableElements @ reddit-detector.js:191
scanAndExpandNewContent @ expander.js:1786
(anonymous) @ expander.js:1711
setTimeout
(anonymous) @ expander.js:1709
childList
attachPortal @ shell-561c8d66.js:1
handleOpenChange @ shell-561c8d66.js:1
willUpdate @ shell-561c8d66.js:1
performUpdate @ icon-c58d7a59.js:1
scheduleUpdate @ icon-c58d7a59.js:1
_$Ej @ icon-c58d7a59.js:1
await in _$Ej
requestUpdate @ icon-c58d7a59.js:1
set @ icon-c58d7a59.js:1
showModal @ shell-561c8d66.js:1
H.handleClickHamburgerMenu @ header-large-client-js-4e8284c8.js:1
await in H.handleClickHamburgerMenu
handleActivate @ shell-561c8d66.js:4
await in handleActivate
(anonymous) @ shell-561c8d66.js:1
(anonymous) @ expander.js:1337
executeWithAbortHandling @ expander.js:377
expandCollapsedComment @ expander.js:1334
await in expandCollapsedComment
expandCrowdControl @ expander.js:1485
expandElement @ expander.js:1251
scanAndExpandNewContent @ expander.js:1868
await in scanAndExpandNewContent
(anonymous) @ expander.js:1711
setTimeout
(anonymous) @ expander.js:1709
childList
(anonymous) @ shell-561c8d66.js:1
po @ shell-561c8d66.js:1
_renderContent @ shell-561c8d66.js:1
runner @ shell-561c8d66.js:4
_load @ shell-561c8d66.js:1
await in _load
(anonymous) @ shell-561c8d66.js:1
(anonymous) @ expander.js:1759
executeWithAbortHandling @ expander.js:377
(anonymous) @ expander.js:1758
setTimeout
(anonymous) @ expander.js:1751
performAggressiveRescan @ expander.js:1749
(anonymous) @ expander.js:1714
setTimeout
(anonymous) @ expander.js:1709
childList
(anonymous) @ shell-561c8d66.js:1
po @ shell-561c8d66.js:1
_renderContent @ shell-561c8d66.js:1
runner @ shell-561c8d66.js:4
_load @ shell-561c8d66.js:1
await in _load
(anonymous) @ shell-561c8d66.js:1
(anonymous) @ expander.js:1759
executeWithAbortHandling @ expander.js:377
(anonymous) @ expander.js:1758
setTimeout
(anonymous) @ expander.js:1751
performAggressiveRescan @ expander.js:1749
(anonymous) @ expander.js:1714
setTimeout
(anonymous) @ expander.js:1709
childList
(anonymous) @ shell-561c8d66.js:1
po @ shell-561c8d66.js:1
_renderContent @ shell-561c8d66.js:1
runner @ shell-561c8d66.js:4
_load @ shell-561c8d66.js:1
await in _load
(anonymous) @ shell-561c8d66.js:1
(anonymous) @ expander.js:1759
executeWithAbortHandling @ expander.js:377
(anonymous) @ expander.js:1758
shell-561c8d66.js:1 [SelectorFactory] Tried 2 selectors, 0 had errors
findElements @ selector-factory.js:561
getAllExpandableElements @ reddit-detector.js:191
scanAndExpandNewContent @ expander.js:1786
(anonymous) @ expander.js:1711
setTimeout
(anonymous) @ expander.js:1709
childList
attachPortal @ shell-561c8d66.js:1
handleOpenChange @ shell-561c8d66.js:1
willUpdate @ shell-561c8d66.js:1
performUpdate @ icon-c58d7a59.js:1
scheduleUpdate @ icon-c58d7a59.js:1
_$Ej @ icon-c58d7a59.js:1
await in _$Ej
requestUpdate @ icon-c58d7a59.js:1
set @ icon-c58d7a59.js:1
showModal @ shell-561c8d66.js:1
H.handleClickHamburgerMenu @ header-large-client-js-4e8284c8.js:1
await in H.handleClickHamburgerMenu
handleActivate @ shell-561c8d66.js:4
await in handleActivate
(anonymous) @ shell-561c8d66.js:1
(anonymous) @ expander.js:1337
executeWithAbortHandling @ expander.js:377
expandCollapsedComment @ expander.js:1334
await in expandCollapsedComment
expandCrowdControl @ expander.js:1485
expandElement @ expander.js:1251
scanAndExpandNewContent @ expander.js:1868
await in scanAndExpandNewContent
(anonymous) @ expander.js:1711
setTimeout
(anonymous) @ expander.js:1709
childList
(anonymous) @ shell-561c8d66.js:1
po @ shell-561c8d66.js:1
_renderContent @ shell-561c8d66.js:1
runner @ shell-561c8d66.js:4
_load @ shell-561c8d66.js:1
await in _load
(anonymous) @ shell-561c8d66.js:1
(anonymous) @ expander.js:1759
executeWithAbortHandling @ expander.js:377
(anonymous) @ expander.js:1758
setTimeout
(anonymous) @ expander.js:1751
performAggressiveRescan @ expander.js:1749
(anonymous) @ expander.js:1714
setTimeout
(anonymous) @ expander.js:1709
childList
(anonymous) @ shell-561c8d66.js:1
po @ shell-561c8d66.js:1
_renderContent @ shell-561c8d66.js:1
runner @ shell-561c8d66.js:4
_load @ shell-561c8d66.js:1
await in _load
(anonymous) @ shell-561c8d66.js:1
(anonymous) @ expander.js:1759
executeWithAbortHandling @ expander.js:377
(anonymous) @ expander.js:1758
setTimeout
(anonymous) @ expander.js:1751
performAggressiveRescan @ expander.js:1749
(anonymous) @ expander.js:1714
setTimeout
(anonymous) @ expander.js:1709
childList
(anonymous) @ shell-561c8d66.js:1
po @ shell-561c8d66.js:1
_renderContent @ shell-561c8d66.js:1
runner @ shell-561c8d66.js:4
_load @ shell-561c8d66.js:1
await in _load
(anonymous) @ shell-561c8d66.js:1
(anonymous) @ expander.js:1759
executeWithAbortHandling @ expander.js:377
(anonymous) @ expander.js:1758
selector-factory.js:568 [SelectorFactory] Trying smart fallback for "contestMode"
selector-factory.js:679 [SelectorFactory] Using basic fallback: button (found 352 elements)
shell-561c8d66.js:1 [SelectorFactory] No elements found for "deleted" in version "shReddit"
findElements @ selector-factory.js:560
getAllExpandableElements @ reddit-detector.js:191
scanAndExpandNewContent @ expander.js:1786
(anonymous) @ expander.js:1711
setTimeout
(anonymous) @ expander.js:1709
childList
attachPortal @ shell-561c8d66.js:1
handleOpenChange @ shell-561c8d66.js:1
willUpdate @ shell-561c8d66.js:1
performUpdate @ icon-c58d7a59.js:1
scheduleUpdate @ icon-c58d7a59.js:1
_$Ej @ icon-c58d7a59.js:1
await in _$Ej
requestUpdate @ icon-c58d7a59.js:1
set @ icon-c58d7a59.js:1
showModal @ shell-561c8d66.js:1
H.handleClickHamburgerMenu @ header-large-client-js-4e8284c8.js:1
await in H.handleClickHamburgerMenu
handleActivate @ shell-561c8d66.js:4
await in handleActivate
(anonymous) @ shell-561c8d66.js:1
(anonymous) @ expander.js:1337
executeWithAbortHandling @ expander.js:377
expandCollapsedComment @ expander.js:1334
await in expandCollapsedComment
expandCrowdControl @ expander.js:1485
expandElement @ expander.js:1251
scanAndExpandNewContent @ expander.js:1868
await in scanAndExpandNewContent
(anonymous) @ expander.js:1711
setTimeout
(anonymous) @ expander.js:1709
childList
(anonymous) @ shell-561c8d66.js:1
po @ shell-561c8d66.js:1
_renderContent @ shell-561c8d66.js:1
runner @ shell-561c8d66.js:4
_load @ shell-561c8d66.js:1
await in _load
(anonymous) @ shell-561c8d66.js:1
(anonymous) @ expander.js:1759
executeWithAbortHandling @ expander.js:377
(anonymous) @ expander.js:1758
setTimeout
(anonymous) @ expander.js:1751
performAggressiveRescan @ expander.js:1749
(anonymous) @ expander.js:1714
setTimeout
(anonymous) @ expander.js:1709
childList
(anonymous) @ shell-561c8d66.js:1
po @ shell-561c8d66.js:1
_renderContent @ shell-561c8d66.js:1
runner @ shell-561c8d66.js:4
_load @ shell-561c8d66.js:1
await in _load
(anonymous) @ shell-561c8d66.js:1
(anonymous) @ expander.js:1759
executeWithAbortHandling @ expander.js:377
(anonymous) @ expander.js:1758
setTimeout
(anonymous) @ expander.js:1751
performAggressiveRescan @ expander.js:1749
(anonymous) @ expander.js:1714
setTimeout
(anonymous) @ expander.js:1709
childList
(anonymous) @ shell-561c8d66.js:1
po @ shell-561c8d66.js:1
_renderContent @ shell-561c8d66.js:1
runner @ shell-561c8d66.js:4
_load @ shell-561c8d66.js:1
await in _load
(anonymous) @ shell-561c8d66.js:1
(anonymous) @ expander.js:1759
executeWithAbortHandling @ expander.js:377
(anonymous) @ expander.js:1758
shell-561c8d66.js:1 [SelectorFactory] Tried 2 selectors, 0 had errors
findElements @ selector-factory.js:561
getAllExpandableElements @ reddit-detector.js:191
scanAndExpandNewContent @ expander.js:1786
(anonymous) @ expander.js:1711
setTimeout
(anonymous) @ expander.js:1709
childList
attachPortal @ shell-561c8d66.js:1
handleOpenChange @ shell-561c8d66.js:1
willUpdate @ shell-561c8d66.js:1
performUpdate @ icon-c58d7a59.js:1
scheduleUpdate @ icon-c58d7a59.js:1
_$Ej @ icon-c58d7a59.js:1
await in _$Ej
requestUpdate @ icon-c58d7a59.js:1
set @ icon-c58d7a59.js:1
showModal @ shell-561c8d66.js:1
H.handleClickHamburgerMenu @ header-large-client-js-4e8284c8.js:1
await in H.handleClickHamburgerMenu
handleActivate @ shell-561c8d66.js:4
await in handleActivate
(anonymous) @ shell-561c8d66.js:1
(anonymous) @ expander.js:1337
executeWithAbortHandling @ expander.js:377
expandCollapsedComment @ expander.js:1334
await in expandCollapsedComment
expandCrowdControl @ expander.js:1485
expandElement @ expander.js:1251
scanAndExpandNewContent @ expander.js:1868
await in scanAndExpandNewContent
(anonymous) @ expander.js:1711
setTimeout
(anonymous) @ expander.js:1709
childList
(anonymous) @ shell-561c8d66.js:1
po @ shell-561c8d66.js:1
_renderContent @ shell-561c8d66.js:1
runner @ shell-561c8d66.js:4
_load @ shell-561c8d66.js:1
await in _load
(anonymous) @ shell-561c8d66.js:1
(anonymous) @ expander.js:1759
executeWithAbortHandling @ expander.js:377
(anonymous) @ expander.js:1758
setTimeout
(anonymous) @ expander.js:1751
performAggressiveRescan @ expander.js:1749
(anonymous) @ expander.js:1714
setTimeout
(anonymous) @ expander.js:1709
childList
(anonymous) @ shell-561c8d66.js:1
po @ shell-561c8d66.js:1
_renderContent @ shell-561c8d66.js:1
runner @ shell-561c8d66.js:4
_load @ shell-561c8d66.js:1
await in _load
(anonymous) @ shell-561c8d66.js:1
(anonymous) @ expander.js:1759
executeWithAbortHandling @ expander.js:377
(anonymous) @ expander.js:1758
setTimeout
(anonymous) @ expander.js:1751
performAggressiveRescan @ expander.js:1749
(anonymous) @ expander.js:1714
setTimeout
(anonymous) @ expander.js:1709
childList
(anonymous) @ shell-561c8d66.js:1
po @ shell-561c8d66.js:1
_renderContent @ shell-561c8d66.js:1
runner @ shell-561c8d66.js:4
_load @ shell-561c8d66.js:1
await in _load
(anonymous) @ shell-561c8d66.js:1
(anonymous) @ expander.js:1759
executeWithAbortHandling @ expander.js:377
(anonymous) @ expander.js:1758
selector-factory.js:568 [SelectorFactory] Trying smart fallback for "deleted"
selector-factory.js:679 [SelectorFactory] Using basic fallback: button (found 352 elements)
shell-561c8d66.js:1 [SelectorFactory] No elements found for "viewRest" in version "shReddit"
findElements @ selector-factory.js:560
getAllExpandableElements @ reddit-detector.js:191
scanAndExpandNewContent @ expander.js:1786
(anonymous) @ expander.js:1711
setTimeout
(anonymous) @ expander.js:1709
childList
attachPortal @ shell-561c8d66.js:1
handleOpenChange @ shell-561c8d66.js:1
willUpdate @ shell-561c8d66.js:1
performUpdate @ icon-c58d7a59.js:1
scheduleUpdate @ icon-c58d7a59.js:1
_$Ej @ icon-c58d7a59.js:1
await in _$Ej
requestUpdate @ icon-c58d7a59.js:1
set @ icon-c58d7a59.js:1
showModal @ shell-561c8d66.js:1
H.handleClickHamburgerMenu @ header-large-client-js-4e8284c8.js:1
await in H.handleClickHamburgerMenu
handleActivate @ shell-561c8d66.js:4
await in handleActivate
(anonymous) @ shell-561c8d66.js:1
(anonymous) @ expander.js:1337
executeWithAbortHandling @ expander.js:377
expandCollapsedComment @ expander.js:1334
await in expandCollapsedComment
expandCrowdControl @ expander.js:1485
expandElement @ expander.js:1251
scanAndExpandNewContent @ expander.js:1868
await in scanAndExpandNewContent
(anonymous) @ expander.js:1711
setTimeout
(anonymous) @ expander.js:1709
childList
(anonymous) @ shell-561c8d66.js:1
po @ shell-561c8d66.js:1
_renderContent @ shell-561c8d66.js:1
runner @ shell-561c8d66.js:4
_load @ shell-561c8d66.js:1
await in _load
(anonymous) @ shell-561c8d66.js:1
(anonymous) @ expander.js:1759
executeWithAbortHandling @ expander.js:377
(anonymous) @ expander.js:1758
setTimeout
(anonymous) @ expander.js:1751
performAggressiveRescan @ expander.js:1749
(anonymous) @ expander.js:1714
setTimeout
(anonymous) @ expander.js:1709
childList
(anonymous) @ shell-561c8d66.js:1
po @ shell-561c8d66.js:1
_renderContent @ shell-561c8d66.js:1
runner @ shell-561c8d66.js:4
_load @ shell-561c8d66.js:1
await in _load
(anonymous) @ shell-561c8d66.js:1
(anonymous) @ expander.js:1759
executeWithAbortHandling @ expander.js:377
(anonymous) @ expander.js:1758
setTimeout
(anonymous) @ expander.js:1751
performAggressiveRescan @ expander.js:1749
(anonymous) @ expander.js:1714
setTimeout
(anonymous) @ expander.js:1709
childList
(anonymous) @ shell-561c8d66.js:1
po @ shell-561c8d66.js:1
_renderContent @ shell-561c8d66.js:1
runner @ shell-561c8d66.js:4
_load @ shell-561c8d66.js:1
await in _load
(anonymous) @ shell-561c8d66.js:1
(anonymous) @ expander.js:1759
executeWithAbortHandling @ expander.js:377
(anonymous) @ expander.js:1758
shell-561c8d66.js:1 [SelectorFactory] Tried 2 selectors, 0 had errors
findElements @ selector-factory.js:561
getAllExpandableElements @ reddit-detector.js:191
scanAndExpandNewContent @ expander.js:1786
(anonymous) @ expander.js:1711
setTimeout
(anonymous) @ expander.js:1709
childList
attachPortal @ shell-561c8d66.js:1
handleOpenChange @ shell-561c8d66.js:1
willUpdate @ shell-561c8d66.js:1
performUpdate @ icon-c58d7a59.js:1
scheduleUpdate @ icon-c58d7a59.js:1
_$Ej @ icon-c58d7a59.js:1
await in _$Ej
requestUpdate @ icon-c58d7a59.js:1
set @ icon-c58d7a59.js:1
showModal @ shell-561c8d66.js:1
H.handleClickHamburgerMenu @ header-large-client-js-4e8284c8.js:1
await in H.handleClickHamburgerMenu
handleActivate @ shell-561c8d66.js:4
await in handleActivate
(anonymous) @ shell-561c8d66.js:1
(anonymous) @ expander.js:1337
executeWithAbortHandling @ expander.js:377
expandCollapsedComment @ expander.js:1334
await in expandCollapsedComment
expandCrowdControl @ expander.js:1485
expandElement @ expander.js:1251
scanAndExpandNewContent @ expander.js:1868
await in scanAndExpandNewContent
(anonymous) @ expander.js:1711
setTimeout
(anonymous) @ expander.js:1709
childList
(anonymous) @ shell-561c8d66.js:1
po @ shell-561c8d66.js:1
_renderContent @ shell-561c8d66.js:1
runner @ shell-561c8d66.js:4
_load @ shell-561c8d66.js:1
await in _load
(anonymous) @ shell-561c8d66.js:1
(anonymous) @ expander.js:1759
executeWithAbortHandling @ expander.js:377
(anonymous) @ expander.js:1758
setTimeout
(anonymous) @ expander.js:1751
performAggressiveRescan @ expander.js:1749
(anonymous) @ expander.js:1714
setTimeout
(anonymous) @ expander.js:1709
childList
(anonymous) @ shell-561c8d66.js:1
po @ shell-561c8d66.js:1
_renderContent @ shell-561c8d66.js:1
runner @ shell-561c8d66.js:4
_load @ shell-561c8d66.js:1
await in _load
(anonymous) @ shell-561c8d66.js:1
(anonymous) @ expander.js:1759
executeWithAbortHandling @ expander.js:377
(anonymous) @ expander.js:1758
setTimeout
(anonymous) @ expander.js:1751
performAggressiveRescan @ expander.js:1749
(anonymous) @ expander.js:1714
setTimeout
(anonymous) @ expander.js:1709
childList
(anonymous) @ shell-561c8d66.js:1
po @ shell-561c8d66.js:1
_renderContent @ shell-561c8d66.js:1
runner @ shell-561c8d66.js:4
_load @ shell-561c8d66.js:1
await in _load
(anonymous) @ shell-561c8d66.js:1
(anonymous) @ expander.js:1759
executeWithAbortHandling @ expander.js:377
(anonymous) @ expander.js:1758
selector-factory.js:568 [SelectorFactory] Trying smart fallback for "viewRest"
element-cache.js:166 [Cache] Hit rate: 90% | Miss rate: 10% | Size: 34 | Time saved: 165ms
selector-factory.js:679 [SelectorFactory] Using basic fallback: button (found 352 elements)
reddit-detector.js:209 [RedditDetector] Found 359 unique expandable elements across all categories
reddit-detector.js:216 [RedditDetector] Elements by category: {moreComments: 1, moreReplies: 1, collapsed: 92, continueThread: 6, crowdControl: 259}
expander.js:1794 Found 257 new expandable elements from scroll, processing...
expander.js:1799 [Progress] Found 257 new elements during auto-scroll (total: 5784)
expander.js:1731 [Expander] Performing aggressive rescan for missed buttons...
expander.js:1746 [Expander] Found 3 unprocessed expandable buttons during aggressive rescan
expander.js:1234 [Expander] Processing missed button: crowdControl
expander.js:1484 Expanding crowd control comment
expander.js:1322 [Expander] Skipping button (no expandable icon) - attempting anyway
expander.js:1326 [Expander] Attempting to click expand button: <button rpl="" class="
button-medium px-[var(--rem8)]
button-plain


icon
items-center justify-center
button inline-flex " id="header-action-item-chat-button" data-reddit-expander-processed="true">
      <span class="flex items-center justify-center">
      <span class="flex"><svg rpl="" fill="currentColor" height="20" icon-name="chat-outline" viewBox="0 0 20 20" width="20" xmlns="http://www.w3.org/2000/svg">
      <path d="M11.61 19.872a10.013 10.013 0 0 0 6.51-4.035A9.999 9.999 0 0 0 12.275.264c-1.28-.3-2.606-.345-3.903-.132a10.05 10.05 0 0 0-8.25 8.311 9.877 9.877 0 0 0 1.202 6.491l-1.24 4.078a.727.727 0 0 0 .178.721.72.72 0 0 0 .72.19l4.17-1.193A9.87 9.87 0 0 0 9.998 20c.54 0 1.079-.043 1.612-.128ZM1.558 18.458l1.118-3.69-.145-.24A8.647 8.647 0 0 1 1.36 8.634a8.778 8.778 0 0 1 7.21-7.27 8.765 8.765 0 0 1 8.916 3.995 8.748 8.748 0 0 1-2.849 12.09 8.763 8.763 0 0 1-3.22 1.188 8.68 8.68 0 0 1-5.862-1.118l-.232-.138-3.764 1.076ZM6.006 9a1.001 1.001 0 0 0-.708 1.707A1 1 0 1 0 6.006 9Zm4.002 0a1.001 1.001 0 0 0-.195 1.981 1 1 0 1 0 .195-1.98Zm4.003 0a1.001 1.001 0 1 0 0 2.003 1.001 1.001 0 0 0 0-2.003Z"></path>
    </svg></span>
      
    </span>
    <faceplate-screen-reader-content>Open chat</faceplate-screen-reader-content>
    </button>
expander.js:1752 [Expander] Processing missed button 52/55: <button class="text-tone-2 text-12 no-underline hover:underline px-xs py-xs flex ml-[3px] xs:ml-0 !b...
expander.js:1752 [Expander] Processing missed button 76/81: <button class="text-tone-2 text-12 no-underline hover:underline px-xs py-xs flex ml-[3px] xs:ml-0 !b...
expander.js:1752 [Expander] Processing missed button 58/68: <button aria-hidden="true" class="text-tone-2 text-12 no-underline hover:underline px-xs py-xs flex ...
expander.js:1752 [Expander] Processing missed button 47/48: <button class="text-tone-2 text-12 no-underline hover:underline px-xs py-xs flex ml-[3px] xs:ml-0 !b...
expander.js:1752 [Expander] Processing missed button 6/11: <button aria-hidden="true" class="text-tone-2 text-12 no-underline hover:underline px-xs py-xs flex ...
expander.js:1752 [Expander] Processing missed button 69/81: <button aria-hidden="true" class="text-tone-2 text-12 no-underline hover:underline px-xs py-xs flex ...
expander.js:1752 [Expander] Processing missed button 42/45: <button class="text-tone-2 text-12 no-underline hover:underline px-xs py-xs flex ml-[3px] xs:ml-0 !b...
expander.js:1752 [Expander] Processing missed button 1/3: <button aria-hidden="true" class="text-tone-2 text-12 no-underline hover:underline px-xs py-xs flex ...
expander.js:1752 [Expander] Processing missed button 64/73: <button class="text-tone-2 text-12 no-underline hover:underline px-xs py-xs flex ml-[3px] xs:ml-0 !b...
expander.js:1752 [Expander] Processing missed button 53/55: <button aria-hidden="true" class="text-tone-2 text-12 no-underline hover:underline px-xs py-xs flex ...
expander.js:1752 [Expander] Processing missed button 77/81: <button aria-hidden="true" class="text-tone-2 text-12 no-underline hover:underline px-xs py-xs flex ...
expander.js:1752 [Expander] Processing missed button 59/68: <button class="text-tone-2 text-12 no-underline hover:underline px-xs py-xs flex ml-[3px] xs:ml-0 !b...
expander.js:1752 [Expander] Processing missed button 48/48: <button aria-hidden="true" class="text-tone-2 text-12 no-underline hover:underline px-xs py-xs flex ...
expander.js:1752 [Expander] Processing missed button 7/11: <button class="text-tone-2 text-12 no-underline hover:underline px-xs py-xs flex ml-[3px] xs:ml-0 !b...
expander.js:1752 [Expander] Processing missed button 70/81: <button class="text-tone-2 text-12 no-underline hover:underline px-xs py-xs flex ml-[3px] xs:ml-0 !b...
expander.js:1234 [Expander] Processing missed button: collapsed
expander.js:1326 [Expander] Attempting to click expand button: <button aria-hidden="true" class="text-tone-2 text-12 no-underline hover:underline px-xs py-xs flex ml-[3px] xs:ml-0 !bg-transparent !border-0 invisible h-0 !p-0" type="button" data-reddit-expander-processed="true" style="">
        
    <span class="text-neutral-content-strong mr-xs flex items-center"><svg rpl="" fill="currentColor" height="16" icon-name="join-outline" viewBox="0 0 20 20" width="16" xmlns="http://www.w3.org/2000/svg">
      <path d="M10.625 9.375H14v1.25h-3.375V14h-1.25v-3.375H6v-1.25h3.375V6h1.25v3.375ZM20 10A10 10 0 1 1 10 0a10.011 10.011 0 0 1 10 10Zm-1.25 0A8.75 8.75 0 1 0 10 18.75 8.76 8.76 0 0 0 18.75 10Z"></path>
    </svg></span>
    <span class="text-secondary-weak font-normal"><faceplate-number number="2"><!---->2</faceplate-number> more replies</span>
  
      </button>
expander.js:1234 [Expander] Processing missed button: collapsed
expander.js:1326 [Expander] Attempting to click expand button: <button aria-hidden="true" class="text-tone-2 text-12 no-underline hover:underline px-xs py-xs flex ml-[3px] xs:ml-0 !bg-transparent !border-0 invisible h-0 !p-0" type="button" data-reddit-expander-processed="true">
        
    <span class="text-neutral-content-strong mr-xs flex items-center"><svg rpl="" fill="currentColor" height="16" icon-name="join-outline" viewBox="0 0 20 20" width="16" xmlns="http://www.w3.org/2000/svg">
      <path d="M10.625 9.375H14v1.25h-3.375V14h-1.25v-3.375H6v-1.25h3.375V6h1.25v3.375ZM20 10A10 10 0 1 1 10 0a10.011 10.011 0 0 1 10 10Zm-1.25 0A8.75 8.75 0 1 0 10 18.75 8.76 8.76 0 0 0 18.75 10Z"></path>
    </svg></span>
    <span class="text-secondary-weak font-normal"><faceplate-number number="2"><!---->2</faceplate-number> more replies</span>
  
      </button>
expander.js:1234 [Expander] Processing missed button: collapsed
expander.js:1326 [Expander] Attempting to click expand button: <button class="text-tone-2 text-12 no-underline hover:underline px-xs py-xs flex ml-[3px] xs:ml-0 !bg-transparent !border-0" type="button" data-reddit-expander-processed="true" style="">
    <span class="text-neutral-content-strong mr-xs flex items-center"><svg rpl="" fill="currentColor" height="16" icon-name="join-outline" viewBox="0 0 20 20" width="16" xmlns="http://www.w3.org/2000/svg">
      <path d="M10.625 9.375H14v1.25h-3.375V14h-1.25v-3.375H6v-1.25h3.375V6h1.25v3.375ZM20 10A10 10 0 1 1 10 0a10.011 10.011 0 0 1 10 10Zm-1.25 0A8.75 8.75 0 1 0 10 18.75 8.76 8.76 0 0 0 18.75 10Z"></path>
    </svg></span>
    <span class="text-secondary-weak font-normal"><faceplate-number number="4"><!---->4</faceplate-number> more replies</span>
  </button>
expander.js:1234 [Expander] Processing missed button: collapsed
expander.js:1326 [Expander] Attempting to click expand button: <button aria-hidden="true" class="text-tone-2 text-12 no-underline hover:underline px-xs py-xs flex ml-[3px] xs:ml-0 !bg-transparent !border-0 invisible h-0 !p-0" type="button" data-reddit-expander-processed="true" style="">
        
    <span class="text-neutral-content-strong mr-xs flex items-center"><svg rpl="" fill="currentColor" height="16" icon-name="join-outline" viewBox="0 0 20 20" width="16" xmlns="http://www.w3.org/2000/svg">
      <path d="M10.625 9.375H14v1.25h-3.375V14h-1.25v-3.375H6v-1.25h3.375V6h1.25v3.375ZM20 10A10 10 0 1 1 10 0a10.011 10.011 0 0 1 10 10Zm-1.25 0A8.75 8.75 0 1 0 10 18.75 8.76 8.76 0 0 0 18.75 10Z"></path>
    </svg></span>
    <span class="text-secondary-weak font-normal"><faceplate-number number="1"><!---->1</faceplate-number> more reply</span>
  
      </button>
expander.js:1234 [Expander] Processing missed button: continueThread
expander.js:1234 [Expander] Processing missed button: continueThread
expander.js:1752 [Expander] Processing missed button 43/45: <button aria-hidden="true" class="text-tone-2 text-12 no-underline hover:underline px-xs py-xs flex ...
expander.js:1752 [Expander] Processing missed button 65/73: <button aria-hidden="true" class="text-tone-2 text-12 no-underline hover:underline px-xs py-xs flex ...
expander.js:1752 [Expander] Processing missed button 2/3: <button class="text-tone-2 text-12 no-underline hover:underline px-xs py-xs flex ml-[3px] xs:ml-0 !b...
expander.js:1752 [Expander] Processing missed button 54/55: <button class="text-tone-2 text-12 no-underline hover:underline px-xs py-xs flex ml-[3px] xs:ml-0 !b...
expander.js:1752 [Expander] Processing missed button 78/81: <button class="text-tone-2 text-12 no-underline hover:underline px-xs py-xs flex ml-[3px] xs:ml-0 !b...
expander.js:1752 [Expander] Processing missed button 60/68: <button aria-hidden="true" class="text-tone-2 text-12 no-underline hover:underline px-xs py-xs flex ...
expander.js:1752 [Expander] Processing missed button 8/11: <button aria-hidden="true" class="text-tone-2 text-12 no-underline hover:underline px-xs py-xs flex ...
expander.js:1752 [Expander] Processing missed button 71/81: <button aria-hidden="true" class="text-tone-2 text-12 no-underline hover:underline px-xs py-xs flex ...
expander.js:1752 [Expander] Processing missed button 44/45: <button class="text-tone-2 text-12 no-underline hover:underline px-xs py-xs flex ml-[3px] xs:ml-0 !b...
expander.js:1752 [Expander] Processing missed button 66/73: <button class="text-tone-2 text-12 no-underline hover:underline px-xs py-xs flex ml-[3px] xs:ml-0 !b...
expander.js:1752 [Expander] Processing missed button 3/3: <button aria-hidden="true" class="text-tone-2 text-12 no-underline hover:underline px-xs py-xs flex ...
expander.js:1752 [Expander] Processing missed button 55/55: <button aria-hidden="true" class="text-tone-2 text-12 no-underline hover:underline px-xs py-xs flex ...
expander.js:1234 [Expander] Processing missed button: collapsed
expander.js:1326 [Expander] Attempting to click expand button: <button class="text-tone-2 text-12 no-underline hover:underline px-xs py-xs flex ml-[3px] xs:ml-0 !bg-transparent !border-0" type="button" data-reddit-expander-processed="true" style="">
    <span class="text-neutral-content-strong mr-xs flex items-center"><svg rpl="" fill="currentColor" height="16" icon-name="join-outline" viewBox="0 0 20 20" width="16" xmlns="http://www.w3.org/2000/svg">
      <path d="M10.625 9.375H14v1.25h-3.375V14h-1.25v-3.375H6v-1.25h3.375V6h1.25v3.375ZM20 10A10 10 0 1 1 10 0a10.011 10.011 0 0 1 10 10Zm-1.25 0A8.75 8.75 0 1 0 10 18.75 8.76 8.76 0 0 0 18.75 10Z"></path>
    </svg></span>
    <span class="text-secondary-weak font-normal"><faceplate-number number="5"><!---->5</faceplate-number> more replies</span>
  </button>
expander.js:1234 [Expander] Processing missed button: collapsed
expander.js:1326 [Expander] Attempting to click expand button: <button class="text-tone-2 text-12 no-underline hover:underline px-xs py-xs flex ml-[3px] xs:ml-0 !bg-transparent !border-0" type="button" data-reddit-expander-processed="true" style="">
    <span class="text-neutral-content-strong mr-xs flex items-center"><svg rpl="" fill="currentColor" height="16" icon-name="join-outline" viewBox="0 0 20 20" width="16" xmlns="http://www.w3.org/2000/svg">
      <path d="M10.625 9.375H14v1.25h-3.375V14h-1.25v-3.375H6v-1.25h3.375V6h1.25v3.375ZM20 10A10 10 0 1 1 10 0a10.011 10.011 0 0 1 10 10Zm-1.25 0A8.75 8.75 0 1 0 10 18.75 8.76 8.76 0 0 0 18.75 10Z"></path>
    </svg></span>
    <span class="text-secondary-weak font-normal"><faceplate-number number="16"><!---->16</faceplate-number> more replies</span>
  </button>
expander.js:1234 [Expander] Processing missed button: collapsed
expander.js:1326 [Expander] Attempting to click expand button: <button class="text-tone-2 text-12 no-underline hover:underline px-xs py-xs flex ml-[3px] xs:ml-0 !bg-transparent !border-0" type="button" data-reddit-expander-processed="true" style="">
    <span class="text-neutral-content-strong mr-xs flex items-center"><svg rpl="" fill="currentColor" height="16" icon-name="join-outline" viewBox="0 0 20 20" width="16" xmlns="http://www.w3.org/2000/svg">
      <path d="M10.625 9.375H14v1.25h-3.375V14h-1.25v-3.375H6v-1.25h3.375V6h1.25v3.375ZM20 10A10 10 0 1 1 10 0a10.011 10.011 0 0 1 10 10Zm-1.25 0A8.75 8.75 0 1 0 10 18.75 8.76 8.76 0 0 0 18.75 10Z"></path>
    </svg></span>
    <span class="text-secondary-weak font-normal"><faceplate-number number="1"><!---->1</faceplate-number> more reply</span>
  </button>
expander.js:1234 [Expander] Processing missed button: collapsed
expander.js:1326 [Expander] Attempting to click expand button: <button aria-hidden="true" class="text-tone-2 text-12 no-underline hover:underline px-xs py-xs flex ml-[3px] xs:ml-0 !bg-transparent !border-0 invisible h-0 !p-0" type="button" data-reddit-expander-processed="true" style="">
        
    <span class="text-neutral-content-strong mr-xs flex items-center"><svg rpl="" fill="currentColor" height="16" icon-name="join-outline" viewBox="0 0 20 20" width="16" xmlns="http://www.w3.org/2000/svg">
      <path d="M10.625 9.375H14v1.25h-3.375V14h-1.25v-3.375H6v-1.25h3.375V6h1.25v3.375ZM20 10A10 10 0 1 1 10 0a10.011 10.011 0 0 1 10 10Zm-1.25 0A8.75 8.75 0 1 0 10 18.75 8.76 8.76 0 0 0 18.75 10Z"></path>
    </svg></span>
    <span class="text-secondary-weak font-normal"><faceplate-number number="1"><!---->1</faceplate-number> more reply</span>
  
      </button>
expander.js:1752 [Expander] Processing missed button 79/81: <button aria-hidden="true" class="text-tone-2 text-12 no-underline hover:underline px-xs py-xs flex ...
expander.js:1752 [Expander] Processing missed button 61/68: <button class="text-tone-2 text-12 no-underline hover:underline px-xs py-xs flex ml-[3px] xs:ml-0 !b...
expander.js:1234 [Expander] Processing missed button: crowdControl
expander.js:1484 Expanding crowd control comment
expander.js:1322 [Expander] Skipping button (no expandable icon) - attempting anyway
expander.js:1326 [Expander] Attempting to click expand button: <button rpl="" class=" max-w-[40px]
button-medium px-[var(--rem8)]
button-plain


icon
items-center justify-center
button inline-flex " id="expand-user-drawer-button" slot="trigger" type="button" aria-haspopup="menu" aria-expanded="false" data-reddit-expander-processed="true">
      <span class="flex items-center justify-center">
      <span class="flex"><div class="max-h-xl">
        <faceplate-partial loading="eager" render-mode="contents" src="/svc/shreddit/user-drawer-button-logged-in" style="display: contents;"><span class="inline-flex items-center justify-center w-[2rem] h-[2rem] " rpl="" avatar="">
    
    <span rpl="" class="inline-block rounded-full  relative [&amp;&gt;:first-child]:h-full [&amp;&gt;:first-child]:w-full [&amp;&gt;:first-child]:mb-0 [&amp;&gt;:first-child]:rounded-[inherit] h-full w-full 
    [&amp;&gt;:first-child]:overflow-hidden [&amp;&gt;:first-child]:max-h-full" actioned="">
    <img src="https://www.redditstatic.com/avatars/defaults/v2/avatar_default_6.png" alt="User Avatar" class="h-full w-full">
        <span class="bg-online flex absolute
        bottom-0 rounded-full border-solid border-neutral-background bg-neutral-background right-[0.10rem]
        border w-[.375rem] h-[.375rem] border-2">
          
        </span>
      
  </span></span></faceplate-partial>
      </div></span>
      
    </span>
    <faceplate-screen-reader-content>Expand user menu</faceplate-screen-reader-content>
    </button>
expander.js:1752 [Expander] Processing missed button 9/11: <button aria-hidden="true" class="text-tone-2 text-12 no-underline hover:underline px-xs py-xs flex ...
expander.js:1692 [Expander] New expandable content detected via scroll observer
expander.js:1752 [Expander] Processing missed button 72/81: <button class="text-tone-2 text-12 no-underline hover:underline px-xs py-xs flex ml-[3px] xs:ml-0 !b...
expander.js:1752 [Expander] Processing missed button 45/45: <button aria-hidden="true" class="text-tone-2 text-12 no-underline hover:underline px-xs py-xs flex ...
expander.js:1752 [Expander] Processing missed button 67/73: <button aria-hidden="true" class="text-tone-2 text-12 no-underline hover:underline px-xs py-xs flex ...
expander.js:1752 [Expander] Processing missed button 80/81: <button class="text-tone-2 text-12 no-underline hover:underline px-xs py-xs flex ml-[3px] xs:ml-0 !b...
expander.js:1234 [Expander] Processing missed button: continueThread
expander.js:1234 [Expander] Processing missed button: continueThread
expander.js:1752 [Expander] Processing missed button 62/68: <button aria-hidden="true" class="text-tone-2 text-12 no-underline hover:underline px-xs py-xs flex ...
expander.js:1752 [Expander] Processing missed button 10/11: <button class="text-tone-2 text-12 no-underline hover:underline px-xs py-xs flex ml-[3px] xs:ml-0 !b...
expander.js:1234 [Expander] Processing missed button: collapsed
expander.js:1326 [Expander] Attempting to click expand button: <button class="text-tone-2 text-12 no-underline hover:underline px-xs py-xs flex ml-[3px] xs:ml-0 !bg-transparent !border-0" type="button" data-reddit-expander-processed="true" style="">
    <span class="text-neutral-content-strong mr-xs flex items-center"><svg rpl="" fill="currentColor" height="16" icon-name="join-outline" viewBox="0 0 20 20" width="16" xmlns="http://www.w3.org/2000/svg">
      <path d="M10.625 9.375H14v1.25h-3.375V14h-1.25v-3.375H6v-1.25h3.375V6h1.25v3.375ZM20 10A10 10 0 1 1 10 0a10.011 10.011 0 0 1 10 10Zm-1.25 0A8.75 8.75 0 1 0 10 18.75 8.76 8.76 0 0 0 18.75 10Z"></path>
    </svg></span>
    <span class="text-secondary-weak font-normal"><faceplate-number number="6"><!---->6</faceplate-number> more replies</span>
  </button>
expander.js:1234 [Expander] Processing missed button: collapsed
expander.js:1326 [Expander] Attempting to click expand button: <button class="text-tone-2 text-12 no-underline hover:underline px-xs py-xs flex ml-[3px] xs:ml-0 !bg-transparent !border-0" type="button" data-reddit-expander-processed="true" style="">
    <span class="text-neutral-content-strong mr-xs flex items-center"><svg rpl="" fill="currentColor" height="16" icon-name="join-outline" viewBox="0 0 20 20" width="16" xmlns="http://www.w3.org/2000/svg">
      <path d="M10.625 9.375H14v1.25h-3.375V14h-1.25v-3.375H6v-1.25h3.375V6h1.25v3.375ZM20 10A10 10 0 1 1 10 0a10.011 10.011 0 0 1 10 10Zm-1.25 0A8.75 8.75 0 1 0 10 18.75 8.76 8.76 0 0 0 18.75 10Z"></path>
    </svg></span>
    <span class="text-secondary-weak font-normal"><faceplate-number number="2"><!---->2</faceplate-number> more replies</span>
  </button>
expander.js:1234 [Expander] Processing missed button: collapsed
expander.js:1326 [Expander] Attempting to click expand button: <button aria-hidden="true" class="text-tone-2 text-12 no-underline hover:underline px-xs py-xs flex ml-[3px] xs:ml-0 !bg-transparent !border-0 invisible h-0 !p-0" type="button" data-reddit-expander-processed="true" style="">
        
    <span class="text-neutral-content-strong mr-xs flex items-center"><svg rpl="" fill="currentColor" height="16" icon-name="join-outline" viewBox="0 0 20 20" width="16" xmlns="http://www.w3.org/2000/svg">
      <path d="M10.625 9.375H14v1.25h-3.375V14h-1.25v-3.375H6v-1.25h3.375V6h1.25v3.375ZM20 10A10 10 0 1 1 10 0a10.011 10.011 0 0 1 10 10Zm-1.25 0A8.75 8.75 0 1 0 10 18.75 8.76 8.76 0 0 0 18.75 10Z"></path>
    </svg></span>
    <span class="text-secondary-weak font-normal"><faceplate-number number="4"><!---->4</faceplate-number> more replies</span>
  
      </button>
expander.js:1234 [Expander] Processing missed button: collapsed
expander.js:1326 [Expander] Attempting to click expand button: <button class="text-tone-2 text-12 no-underline hover:underline px-xs py-xs flex ml-[3px] xs:ml-0 !bg-transparent !border-0" type="button" data-reddit-expander-processed="true" style="">
    <span class="text-neutral-content-strong mr-xs flex items-center"><svg rpl="" fill="currentColor" height="16" icon-name="join-outline" viewBox="0 0 20 20" width="16" xmlns="http://www.w3.org/2000/svg">
      <path d="M10.625 9.375H14v1.25h-3.375V14h-1.25v-3.375H6v-1.25h3.375V6h1.25v3.375ZM20 10A10 10 0 1 1 10 0a10.011 10.011 0 0 1 10 10Zm-1.25 0A8.75 8.75 0 1 0 10 18.75 8.76 8.76 0 0 0 18.75 10Z"></path>
    </svg></span>
    <span class="text-secondary-weak font-normal"><faceplate-number number="1"><!---->1</faceplate-number> more reply</span>
  </button>
expander.js:1752 [Expander] Processing missed button 73/81: <button aria-hidden="true" class="text-tone-2 text-12 no-underline hover:underline px-xs py-xs flex ...
expander.js:1234 [Expander] Processing missed button: crowdControl
expander.js:1484 Expanding crowd control comment
expander.js:1322 [Expander] Skipping button (no expandable icon) - attempting anyway
expander.js:1326 [Expander] Attempting to click expand button: <button rpl="" class="
button-medium px-[var(--rem8)]
button-plain


icon
items-center justify-center
button inline-flex " id="header-action-item-chat-button" data-reddit-expander-processed="true" style="transition: box-shadow 0.3s; box-shadow: rgba(76, 175, 80, 0.4) 0px 0px 8px; border-radius: 4px;">
      <span class="flex items-center justify-center">
      <span class="flex"><svg rpl="" fill="currentColor" height="20" icon-name="chat-outline" viewBox="0 0 20 20" width="20" xmlns="http://www.w3.org/2000/svg">
      <path d="M11.61 19.872a10.013 10.013 0 0 0 6.51-4.035A9.999 9.999 0 0 0 12.275.264c-1.28-.3-2.606-.345-3.903-.132a10.05 10.05 0 0 0-8.25 8.311 9.877 9.877 0 0 0 1.202 6.491l-1.24 4.078a.727.727 0 0 0 .178.721.72.72 0 0 0 .72.19l4.17-1.193A9.87 9.87 0 0 0 9.998 20c.54 0 1.079-.043 1.612-.128ZM1.558 18.458l1.118-3.69-.145-.24A8.647 8.647 0 0 1 1.36 8.634a8.778 8.778 0 0 1 7.21-7.27 8.765 8.765 0 0 1 8.916 3.995 8.748 8.748 0 0 1-2.849 12.09 8.763 8.763 0 0 1-3.22 1.188 8.68 8.68 0 0 1-5.862-1.118l-.232-.138-3.764 1.076ZM6.006 9a1.001 1.001 0 0 0-.708 1.707A1 1 0 1 0 6.006 9Zm4.002 0a1.001 1.001 0 0 0-.195 1.981 1 1 0 1 0 .195-1.98Zm4.003 0a1.001 1.001 0 1 0 0 2.003 1.001 1.001 0 0 0 0-2.003Z"></path>
    </svg></span>
      
    </span>
    <faceplate-screen-reader-content>Open chat</faceplate-screen-reader-content>
    </button>
expander.js:1234 [Expander] Processing missed button: collapsed
expander.js:1326 [Expander] Attempting to click expand button: <button class="text-tone-2 text-12 no-underline hover:underline px-xs py-xs flex ml-[3px] xs:ml-0 !bg-transparent !border-0" type="button" data-reddit-expander-processed="true" style="">
    <span class="text-neutral-content-strong mr-xs flex items-center"><svg rpl="" fill="currentColor" height="16" icon-name="join-outline" viewBox="0 0 20 20" width="16" xmlns="http://www.w3.org/2000/svg">
      <path d="M10.625 9.375H14v1.25h-3.375V14h-1.25v-3.375H6v-1.25h3.375V6h1.25v3.375ZM20 10A10 10 0 1 1 10 0a10.011 10.011 0 0 1 10 10Zm-1.25 0A8.75 8.75 0 1 0 10 18.75 8.76 8.76 0 0 0 18.75 10Z"></path>
    </svg></span>
    <span class="text-secondary-weak font-normal"><faceplate-number number="2"><!---->2</faceplate-number> more replies</span>
  </button>
expander.js:1234 [Expander] Processing missed button: collapsed
expander.js:1326 [Expander] Attempting to click expand button: <button aria-hidden="true" class="text-tone-2 text-12 no-underline hover:underline px-xs py-xs flex ml-[3px] xs:ml-0 !bg-transparent !border-0 invisible h-0 !p-0" type="button" data-reddit-expander-processed="true" style="">
        
    <span class="text-neutral-content-strong mr-xs flex items-center"><svg rpl="" fill="currentColor" height="16" icon-name="join-outline" viewBox="0 0 20 20" width="16" xmlns="http://www.w3.org/2000/svg">
      <path d="M10.625 9.375H14v1.25h-3.375V14h-1.25v-3.375H6v-1.25h3.375V6h1.25v3.375ZM20 10A10 10 0 1 1 10 0a10.011 10.011 0 0 1 10 10Zm-1.25 0A8.75 8.75 0 1 0 10 18.75 8.76 8.76 0 0 0 18.75 10Z"></path>
    </svg></span>
    <span class="text-secondary-weak font-normal"><faceplate-number number="1"><!---->1</faceplate-number> more reply</span>
  
      </button>
expander.js:1234 [Expander] Processing missed button: collapsed
expander.js:1326 [Expander] Attempting to click expand button: <button class="text-tone-2 text-12 no-underline hover:underline px-xs py-xs flex ml-[3px] xs:ml-0 !bg-transparent !border-0" type="button" data-reddit-expander-processed="true" style="">
    <span class="text-neutral-content-strong mr-xs flex items-center"><svg rpl="" fill="currentColor" height="16" icon-name="join-outline" viewBox="0 0 20 20" width="16" xmlns="http://www.w3.org/2000/svg">
      <path d="M10.625 9.375H14v1.25h-3.375V14h-1.25v-3.375H6v-1.25h3.375V6h1.25v3.375ZM20 10A10 10 0 1 1 10 0a10.011 10.011 0 0 1 10 10Zm-1.25 0A8.75 8.75 0 1 0 10 18.75 8.76 8.76 0 0 0 18.75 10Z"></path>
    </svg></span>
    <span class="text-secondary-weak font-normal"><faceplate-number number="4"><!---->4</faceplate-number> more replies</span>
  </button>
expander.js:1234 [Expander] Processing missed button: collapsed
expander.js:1326 [Expander] Attempting to click expand button: <button aria-hidden="true" class="text-tone-2 text-12 no-underline hover:underline px-xs py-xs flex ml-[3px] xs:ml-0 !bg-transparent !border-0 invisible h-0 !p-0" type="button" data-reddit-expander-processed="true" style="">
        
    <span class="text-neutral-content-strong mr-xs flex items-center"><svg rpl="" fill="currentColor" height="16" icon-name="join-outline" viewBox="0 0 20 20" width="16" xmlns="http://www.w3.org/2000/svg">
      <path d="M10.625 9.375H14v1.25h-3.375V14h-1.25v-3.375H6v-1.25h3.375V6h1.25v3.375ZM20 10A10 10 0 1 1 10 0a10.011 10.011 0 0 1 10 10Zm-1.25 0A8.75 8.75 0 1 0 10 18.75 8.76 8.76 0 0 0 18.75 10Z"></path>
    </svg></span>
    <span class="text-secondary-weak font-normal"><faceplate-number number="2"><!---->2</faceplate-number> more replies</span>
  
      </button>
expander.js:1234 [Expander] Processing missed button: collapsed
expander.js:1326 [Expander] Attempting to click expand button: <button class="text-tone-2 text-12 no-underline hover:underline px-xs py-xs flex ml-[3px] xs:ml-0 !bg-transparent !border-0" type="button" data-reddit-expander-processed="true" style="transition: box-shadow 0.3s; box-shadow: rgba(76, 175, 80, 0.4) 0px 0px 8px; border-radius: 4px;">
    <span class="text-neutral-content-strong mr-xs flex items-center"><svg rpl="" fill="currentColor" height="16" icon-name="join-outline" viewBox="0 0 20 20" width="16" xmlns="http://www.w3.org/2000/svg">
      <path d="M10.625 9.375H14v1.25h-3.375V14h-1.25v-3.375H6v-1.25h3.375V6h1.25v3.375ZM20 10A10 10 0 1 1 10 0a10.011 10.011 0 0 1 10 10Zm-1.25 0A8.75 8.75 0 1 0 10 18.75 8.76 8.76 0 0 0 18.75 10Z"></path>
    </svg></span>
    <span class="text-secondary-weak font-normal"><faceplate-number number="2"><!---->2</faceplate-number> more replies</span>
  </button>
expander.js:1234 [Expander] Processing missed button: collapsed
expander.js:1326 [Expander] Attempting to click expand button: <button aria-hidden="true" class="text-tone-2 text-12 no-underline hover:underline px-xs py-xs flex ml-[3px] xs:ml-0 !bg-transparent !border-0 invisible h-0 !p-0" type="button" data-reddit-expander-processed="true" style="">
        
    <span class="text-neutral-content-strong mr-xs flex items-center"><svg rpl="" fill="currentColor" height="16" icon-name="join-outline" viewBox="0 0 20 20" width="16" xmlns="http://www.w3.org/2000/svg">
      <path d="M10.625 9.375H14v1.25h-3.375V14h-1.25v-3.375H6v-1.25h3.375V6h1.25v3.375ZM20 10A10 10 0 1 1 10 0a10.011 10.011 0 0 1 10 10Zm-1.25 0A8.75 8.75 0 1 0 10 18.75 8.76 8.76 0 0 0 18.75 10Z"></path>
    </svg></span>
    <span class="text-secondary-weak font-normal"><faceplate-number number="1"><!---->1</faceplate-number> more reply</span>
  
      </button>
expander.js:1234 [Expander] Processing missed button: collapsed
expander.js:1326 [Expander] Attempting to click expand button: <button class="text-tone-2 text-12 no-underline hover:underline px-xs py-xs flex ml-[3px] xs:ml-0 !bg-transparent !border-0" type="button" data-reddit-expander-processed="true" style="">
    <span class="text-neutral-content-strong mr-xs flex items-center"><svg rpl="" fill="currentColor" height="16" icon-name="join-outline" viewBox="0 0 20 20" width="16" xmlns="http://www.w3.org/2000/svg">
      <path d="M10.625 9.375H14v1.25h-3.375V14h-1.25v-3.375H6v-1.25h3.375V6h1.25v3.375ZM20 10A10 10 0 1 1 10 0a10.011 10.011 0 0 1 10 10Zm-1.25 0A8.75 8.75 0 1 0 10 18.75 8.76 8.76 0 0 0 18.75 10Z"></path>
    </svg></span>
    <span class="text-secondary-weak font-normal"><faceplate-number number="6"><!---->6</faceplate-number> more replies</span>
  </button>
expander.js:1234 [Expander] Processing missed button: crowdControl
expander.js:1484 Expanding crowd control comment
expander.js:1322 [Expander] Skipping button (no expandable icon) - attempting anyway
expander.js:1326 [Expander] Attempting to click expand button: <button rpl="" class="
button-medium px-[var(--rem8)]
button-plain


icon
items-center justify-center
button inline-flex " id="header-action-item-chat-button" data-reddit-expander-processed="true" style="transition: box-shadow 0.3s; box-shadow: rgba(76, 175, 80, 0.4) 0px 0px 8px; border-radius: 4px;">
      <span class="flex items-center justify-center">
      <span class="flex"><svg rpl="" fill="currentColor" height="20" icon-name="chat-outline" viewBox="0 0 20 20" width="20" xmlns="http://www.w3.org/2000/svg">
      <path d="M11.61 19.872a10.013 10.013 0 0 0 6.51-4.035A9.999 9.999 0 0 0 12.275.264c-1.28-.3-2.606-.345-3.903-.132a10.05 10.05 0 0 0-8.25 8.311 9.877 9.877 0 0 0 1.202 6.491l-1.24 4.078a.727.727 0 0 0 .178.721.72.72 0 0 0 .72.19l4.17-1.193A9.87 9.87 0 0 0 9.998 20c.54 0 1.079-.043 1.612-.128ZM1.558 18.458l1.118-3.69-.145-.24A8.647 8.647 0 0 1 1.36 8.634a8.778 8.778 0 0 1 7.21-7.27 8.765 8.765 0 0 1 8.916 3.995 8.748 8.748 0 0 1-2.849 12.09 8.763 8.763 0 0 1-3.22 1.188 8.68 8.68 0 0 1-5.862-1.118l-.232-.138-3.764 1.076ZM6.006 9a1.001 1.001 0 0 0-.708 1.707A1 1 0 1 0 6.006 9Zm4.002 0a1.001 1.001 0 0 0-.195 1.981 1 1 0 1 0 .195-1.98Zm4.003 0a1.001 1.001 0 1 0 0 2.003 1.001 1.001 0 0 0 0-2.003Z"></path>
    </svg></span>
      
    </span>
    <faceplate-screen-reader-content>Open chat</faceplate-screen-reader-content>
    </button>
expander.js:1752 [Expander] Processing missed button 68/73: <button class="text-tone-2 text-12 no-underline hover:underline px-xs py-xs flex ml-[3px] xs:ml-0 !b...
expander.js:1752 [Expander] Processing missed button 81/81: <button aria-hidden="true" class="text-tone-2 text-12 no-underline hover:underline px-xs py-xs flex ...
expander.js:1752 [Expander] Processing missed button 63/68: <button class="text-tone-2 text-12 no-underline hover:underline px-xs py-xs flex ml-[3px] xs:ml-0 !b...
expander.js:1752 [Expander] Processing missed button 11/11: <button aria-hidden="true" class="text-tone-2 text-12 no-underline hover:underline px-xs py-xs flex ...
expander.js:1752 [Expander] Processing missed button 74/81: <button class="text-tone-2 text-12 no-underline hover:underline px-xs py-xs flex ml-[3px] xs:ml-0 !b...
expander.js:1752 [Expander] Processing missed button 69/73: <button aria-hidden="true" class="text-tone-2 text-12 no-underline hover:underline px-xs py-xs flex ...
expander.js:1752 [Expander] Processing missed button 64/68: <button aria-hidden="true" class="text-tone-2 text-12 no-underline hover:underline px-xs py-xs flex ...
content.js:169 URL changed, checking if we need to reinitialize
content.js:142 Not a comment page - skipping expansion for URL: /r/technology/search/
content.js:180 Navigated away from comment page, cleaning up
expander.js:2312 Disconnected scroll observer
expander.js:2702 [Auto-Scroll] Stopping auto-scroll...
expander.js:1710 [Expander] Processing new content from scroll...
expander.js:1775 [Expander] Skipping scan - not on a comment page
expander.js:1731 [Expander] Performing aggressive rescan for missed buttons...
expander.js:1746 [Expander] Found 2 unprocessed expandable buttons during aggressive rescan
expander.js:1752 [Expander] Processing missed button 75/81: <button aria-hidden="true" class="text-tone-2 text-12 no-underline hover:underline px-xs py-xs flex ...
expander.js:1752 [Expander] Processing missed button 70/73: <button class="text-tone-2 text-12 no-underline hover:underline px-xs py-xs flex ml-[3px] xs:ml-0 !b...
expander.js:1752 [Expander] Processing missed button 65/68: <button class="text-tone-2 text-12 no-underline hover:underline px-xs py-xs flex ml-[3px] xs:ml-0 !b...
expander.js:1234 [Expander] Processing missed button: collapsed
expander.js:1326 [Expander] Attempting to click expand button: <button aria-hidden="true" class="text-tone-2 text-12 no-underline hover:underline px-xs py-xs flex ml-[3px] xs:ml-0 !bg-transparent !border-0 invisible h-0 !p-0" type="button" data-reddit-expander-processed="true" style="">
        
    <span class="text-neutral-content-strong mr-xs flex items-center"><svg rpl="" fill="currentColor" height="16" icon-name="join-outline" viewBox="0 0 20 20" width="16" xmlns="http://www.w3.org/2000/svg">
      <path d="M10.625 9.375H14v1.25h-3.375V14h-1.25v-3.375H6v-1.25h3.375V6h1.25v3.375ZM20 10A10 10 0 1 1 10 0a10.011 10.011 0 0 1 10 10Zm-1.25 0A8.75 8.75 0 1 0 10 18.75 8.76 8.76 0 0 0 18.75 10Z"></path>
    </svg></span>
    <span class="text-secondary-weak font-normal"><faceplate-number number="5"><!---->5</faceplate-number> more replies</span>
  
      </button>
expander.js:1234 [Expander] Processing missed button: collapsed
expander.js:1326 [Expander] Attempting to click expand button: <button aria-hidden="true" class="text-tone-2 text-12 no-underline hover:underline px-xs py-xs flex ml-[3px] xs:ml-0 !bg-transparent !border-0 invisible h-0 !p-0" type="button" data-reddit-expander-processed="true" style="">
        
    <span class="text-neutral-content-strong mr-xs flex items-center"><svg rpl="" fill="currentColor" height="16" icon-name="join-outline" viewBox="0 0 20 20" width="16" xmlns="http://www.w3.org/2000/svg">
      <path d="M10.625 9.375H14v1.25h-3.375V14h-1.25v-3.375H6v-1.25h3.375V6h1.25v3.375ZM20 10A10 10 0 1 1 10 0a10.011 10.011 0 0 1 10 10Zm-1.25 0A8.75 8.75 0 1 0 10 18.75 8.76 8.76 0 0 0 18.75 10Z"></path>
    </svg></span>
    <span class="text-secondary-weak font-normal"><faceplate-number number="16"><!---->16</faceplate-number> more replies</span>
  
      </button>
expander.js:1234 [Expander] Processing missed button: collapsed
expander.js:1326 [Expander] Attempting to click expand button: <button aria-hidden="true" class="text-tone-2 text-12 no-underline hover:underline px-xs py-xs flex ml-[3px] xs:ml-0 !bg-transparent !border-0 invisible h-0 !p-0" type="button" data-reddit-expander-processed="true" style="transition: box-shadow 0.3s; box-shadow: rgba(76, 175, 80, 0.4) 0px 0px 8px; border-radius: 4px;">
        
    <span class="text-neutral-content-strong mr-xs flex items-center"><svg rpl="" fill="currentColor" height="16" icon-name="join-outline" viewBox="0 0 20 20" width="16" xmlns="http://www.w3.org/2000/svg">
      <path d="M10.625 9.375H14v1.25h-3.375V14h-1.25v-3.375H6v-1.25h3.375V6h1.25v3.375ZM20 10A10 10 0 1 1 10 0a10.011 10.011 0 0 1 10 10Zm-1.25 0A8.75 8.75 0 1 0 10 18.75 8.76 8.76 0 0 0 18.75 10Z"></path>
    </svg></span>
    <span class="text-secondary-weak font-normal"><faceplate-number number="1"><!---->1</faceplate-number> more reply</span>
  
      </button>
expander.js:1234 [Expander] Processing missed button: collapsed
expander.js:1326 [Expander] Attempting to click expand button: <button class="text-tone-2 text-12 no-underline hover:underline px-xs py-xs flex ml-[3px] xs:ml-0 !bg-transparent !border-0" type="button" data-reddit-expander-processed="true" style="">
    <span class="text-neutral-content-strong mr-xs flex items-center"><svg rpl="" fill="currentColor" height="16" icon-name="join-outline" viewBox="0 0 20 20" width="16" xmlns="http://www.w3.org/2000/svg">
      <path d="M10.625 9.375H14v1.25h-3.375V14h-1.25v-3.375H6v-1.25h3.375V6h1.25v3.375ZM20 10A10 10 0 1 1 10 0a10.011 10.011 0 0 1 10 10Zm-1.25 0A8.75 8.75 0 1 0 10 18.75 8.76 8.76 0 0 0 18.75 10Z"></path>
    </svg></span>
    <span class="text-secondary-weak font-normal"><faceplate-number number="2"><!---->2</faceplate-number> more replies</span>
  </button>
expander.js:1752 [Expander] Processing missed button 76/81: <button class="text-tone-2 text-12 no-underline hover:underline px-xs py-xs flex ml-[3px] xs:ml-0 !b...
expander.js:1752 [Expander] Processing missed button 71/73: <button aria-hidden="true" class="text-tone-2 text-12 no-underline hover:underline px-xs py-xs flex ...
expander.js:1234 [Expander] Processing missed button: continueThread
expander.js:1234 [Expander] Processing missed button: continueThread
expander.js:1752 [Expander] Processing missed button 66/68: <button aria-hidden="true" class="text-tone-2 text-12 no-underline hover:underline px-xs py-xs flex ...
expander.js:1752 [Expander] Processing missed button 77/81: <button aria-hidden="true" class="text-tone-2 text-12 no-underline hover:underline px-xs py-xs flex ...
expander.js:1752 [Expander] Processing missed button 72/73: <button class="text-tone-2 text-12 no-underline hover:underline px-xs py-xs flex ml-[3px] xs:ml-0 !b...
expander.js:1752 [Expander] Processing missed button 67/68: <button class="text-tone-2 text-12 no-underline hover:underline px-xs py-xs flex ml-[3px] xs:ml-0 !b...
expander.js:1752 [Expander] Processing missed button 78/81: <button class="text-tone-2 text-12 no-underline hover:underline px-xs py-xs flex ml-[3px] xs:ml-0 !b...
expander.js:1752 [Expander] Processing missed button 1/2: <button class="text-tone-2 text-12 no-underline hover:underline px-xs py-xs flex ml-[3px] xs:ml-0 !b...
expander.js:1752 [Expander] Processing missed button 73/73: <button aria-hidden="true" class="text-tone-2 text-12 no-underline hover:underline px-xs py-xs flex ...
expander.js:1752 [Expander] Processing missed button 68/68: <button aria-hidden="true" class="text-tone-2 text-12 no-underline hover:underline px-xs py-xs flex ...
expander.js:1752 [Expander] Processing missed button 79/81: <button aria-hidden="true" class="text-tone-2 text-12 no-underline hover:underline px-xs py-xs flex ...
expander.js:1752 [Expander] Processing missed button 2/2: <button aria-hidden="true" class="text-tone-2 text-12 no-underline hover:underline px-xs py-xs flex ...
expander.js:1234 [Expander] Processing missed button: crowdControl
expander.js:1484 Expanding crowd control comment
expander.js:1322 [Expander] Skipping button (no expandable icon) - attempting anyway
expander.js:1326 [Expander] Attempting to click expand button: <button rpl="" class=" max-w-[40px]
button-medium px-[var(--rem8)]
button-plain


icon
items-center justify-center
button inline-flex " id="expand-user-drawer-button" slot="trigger" type="button" aria-haspopup="menu" aria-expanded="false" data-reddit-expander-processed="true" style="transition: box-shadow 0.3s; box-shadow: rgba(76, 175, 80, 0.4) 0px 0px 8px; border-radius: 4px;">
      <span class="flex items-center justify-center">
      <span class="flex"><div class="max-h-xl">
        <faceplate-partial loading="eager" render-mode="contents" src="/svc/shreddit/user-drawer-button-logged-in" style="display: contents;"><span class="inline-flex items-center justify-center w-[2rem] h-[2rem] " rpl="" avatar="">
    
    <span rpl="" class="inline-block rounded-full  relative [&amp;&gt;:first-child]:h-full [&amp;&gt;:first-child]:w-full [&amp;&gt;:first-child]:mb-0 [&amp;&gt;:first-child]:rounded-[inherit] h-full w-full 
    [&amp;&gt;:first-child]:overflow-hidden [&amp;&gt;:first-child]:max-h-full" actioned="">
    <img src="https://www.redditstatic.com/avatars/defaults/v2/avatar_default_6.png" alt="User Avatar" class="h-full w-full">
        <span class="bg-online flex absolute
        bottom-0 rounded-full border-solid border-neutral-background bg-neutral-background right-[0.10rem]
        border w-[.375rem] h-[.375rem] border-2">
          
        </span>
      
  </span></span></faceplate-partial>
      </div></span>
      
    </span>
    <faceplate-screen-reader-content>Expand user menu</faceplate-screen-reader-content>
    </button>
expander.js:1752 [Expander] Processing missed button 80/81: <button class="text-tone-2 text-12 no-underline hover:underline px-xs py-xs flex ml-[3px] xs:ml-0 !b...
expander.js:1234 [Expander] Processing missed button: collapsed
expander.js:1326 [Expander] Attempting to click expand button: <button aria-hidden="true" class="text-tone-2 text-12 no-underline hover:underline px-xs py-xs flex ml-[3px] xs:ml-0 !bg-transparent !border-0 invisible h-0 !p-0" type="button" data-reddit-expander-processed="true" style="">
        
    <span class="text-neutral-content-strong mr-xs flex items-center"><svg rpl="" fill="currentColor" height="16" icon-name="join-outline" viewBox="0 0 20 20" width="16" xmlns="http://www.w3.org/2000/svg">
      <path d="M10.625 9.375H14v1.25h-3.375V14h-1.25v-3.375H6v-1.25h3.375V6h1.25v3.375ZM20 10A10 10 0 1 1 10 0a10.011 10.011 0 0 1 10 10Zm-1.25 0A8.75 8.75 0 1 0 10 18.75 8.76 8.76 0 0 0 18.75 10Z"></path>
    </svg></span>
    <span class="text-secondary-weak font-normal"><faceplate-number number="2"><!---->2</faceplate-number> more replies</span>
  
      </button>
expander.js:1234 [Expander] Processing missed button: collapsed
expander.js:1326 [Expander] Attempting to click expand button: <button class="text-tone-2 text-12 no-underline hover:underline px-xs py-xs flex ml-[3px] xs:ml-0 !bg-transparent !border-0" type="button" data-reddit-expander-processed="true" style="">
    <span class="text-neutral-content-strong mr-xs flex items-center"><svg rpl="" fill="currentColor" height="16" icon-name="join-outline" viewBox="0 0 20 20" width="16" xmlns="http://www.w3.org/2000/svg">
      <path d="M10.625 9.375H14v1.25h-3.375V14h-1.25v-3.375H6v-1.25h3.375V6h1.25v3.375ZM20 10A10 10 0 1 1 10 0a10.011 10.011 0 0 1 10 10Zm-1.25 0A8.75 8.75 0 1 0 10 18.75 8.76 8.76 0 0 0 18.75 10Z"></path>
    </svg></span>
    <span class="text-secondary-weak font-normal"><faceplate-number number="9"><!---->9</faceplate-number> more replies</span>
  </button>
expander.js:1234 [Expander] Processing missed button: collapsed
expander.js:1326 [Expander] Attempting to click expand button: <button aria-hidden="true" class="text-tone-2 text-12 no-underline hover:underline px-xs py-xs flex ml-[3px] xs:ml-0 !bg-transparent !border-0 invisible h-0 !p-0" type="button" data-reddit-expander-processed="true" style="">
        
    <span class="text-neutral-content-strong mr-xs flex items-center"><svg rpl="" fill="currentColor" height="16" icon-name="join-outline" viewBox="0 0 20 20" width="16" xmlns="http://www.w3.org/2000/svg">
      <path d="M10.625 9.375H14v1.25h-3.375V14h-1.25v-3.375H6v-1.25h3.375V6h1.25v3.375ZM20 10A10 10 0 1 1 10 0a10.011 10.011 0 0 1 10 10Zm-1.25 0A8.75 8.75 0 1 0 10 18.75 8.76 8.76 0 0 0 18.75 10Z"></path>
    </svg></span>
    <span class="text-secondary-weak font-normal"><faceplate-number number="4"><!---->4</faceplate-number> more replies</span>
  
      </button>
expander.js:1234 [Expander] Processing missed button: collapsed
expander.js:1326 [Expander] Attempting to click expand button: <button class="text-tone-2 text-12 no-underline hover:underline px-xs py-xs flex ml-[3px] xs:ml-0 !bg-transparent !border-0" type="button" data-reddit-expander-processed="true" style="">
    <span class="text-neutral-content-strong mr-xs flex items-center"><svg rpl="" fill="currentColor" height="16" icon-name="join-outline" viewBox="0 0 20 20" width="16" xmlns="http://www.w3.org/2000/svg">
      <path d="M10.625 9.375H14v1.25h-3.375V14h-1.25v-3.375H6v-1.25h3.375V6h1.25v3.375ZM20 10A10 10 0 1 1 10 0a10.011 10.011 0 0 1 10 10Zm-1.25 0A8.75 8.75 0 1 0 10 18.75 8.76 8.76 0 0 0 18.75 10Z"></path>
    </svg></span>
    <span class="text-secondary-weak font-normal"><faceplate-number number="4"><!---->4</faceplate-number> more replies</span>
  </button>
expander.js:1234 [Expander] Processing missed button: collapsed
expander.js:1326 [Expander] Attempting to click expand button: <button aria-hidden="true" class="text-tone-2 text-12 no-underline hover:underline px-xs py-xs flex ml-[3px] xs:ml-0 !bg-transparent !border-0 invisible h-0 !p-0" type="button" data-reddit-expander-processed="true" style="transition: box-shadow 0.3s; box-shadow: rgba(76, 175, 80, 0.4) 0px 0px 8px; border-radius: 4px;">
        
    <span class="text-neutral-content-strong mr-xs flex items-center"><svg rpl="" fill="currentColor" height="16" icon-name="join-outline" viewBox="0 0 20 20" width="16" xmlns="http://www.w3.org/2000/svg">
      <path d="M10.625 9.375H14v1.25h-3.375V14h-1.25v-3.375H6v-1.25h3.375V6h1.25v3.375ZM20 10A10 10 0 1 1 10 0a10.011 10.011 0 0 1 10 10Zm-1.25 0A8.75 8.75 0 1 0 10 18.75 8.76 8.76 0 0 0 18.75 10Z"></path>
    </svg></span>
    <span class="text-secondary-weak font-normal"><faceplate-number number="2"><!---->2</faceplate-number> more replies</span>
  
      </button>
expander.js:1234 [Expander] Processing missed button: collapsed
expander.js:1326 [Expander] Attempting to click expand button: <button class="text-tone-2 text-12 no-underline hover:underline px-xs py-xs flex ml-[3px] xs:ml-0 !bg-transparent !border-0" type="button" data-reddit-expander-processed="true" style="">
    <span class="text-neutral-content-strong mr-xs flex items-center"><svg rpl="" fill="currentColor" height="16" icon-name="join-outline" viewBox="0 0 20 20" width="16" xmlns="http://www.w3.org/2000/svg">
      <path d="M10.625 9.375H14v1.25h-3.375V14h-1.25v-3.375H6v-1.25h3.375V6h1.25v3.375ZM20 10A10 10 0 1 1 10 0a10.011 10.011 0 0 1 10 10Zm-1.25 0A8.75 8.75 0 1 0 10 18.75 8.76 8.76 0 0 0 18.75 10Z"></path>
    </svg></span>
    <span class="text-secondary-weak font-normal"><faceplate-number number="1"><!---->1</faceplate-number> more reply</span>
  </button>
expander.js:1234 [Expander] Processing missed button: collapsed
expander.js:1326 [Expander] Attempting to click expand button: <button aria-hidden="true" class="text-tone-2 text-12 no-underline hover:underline px-xs py-xs flex ml-[3px] xs:ml-0 !bg-transparent !border-0 invisible h-0 !p-0" type="button" data-reddit-expander-processed="true" style="">
        
    <span class="text-neutral-content-strong mr-xs flex items-center"><svg rpl="" fill="currentColor" height="16" icon-name="join-outline" viewBox="0 0 20 20" width="16" xmlns="http://www.w3.org/2000/svg">
      <path d="M10.625 9.375H14v1.25h-3.375V14h-1.25v-3.375H6v-1.25h3.375V6h1.25v3.375ZM20 10A10 10 0 1 1 10 0a10.011 10.011 0 0 1 10 10Zm-1.25 0A8.75 8.75 0 1 0 10 18.75 8.76 8.76 0 0 0 18.75 10Z"></path>
    </svg></span>
    <span class="text-secondary-weak font-normal"><faceplate-number number="6"><!---->6</faceplate-number> more replies</span>
  
      </button>
expander.js:1234 [Expander] Processing missed button: crowdControl
expander.js:1484 Expanding crowd control comment
expander.js:1234 [Expander] Processing missed button: crowdControl
expander.js:1484 Expanding crowd control comment
expander.js:1322 [Expander] Skipping button (no expandable icon) - attempting anyway
expander.js:1326 [Expander] Attempting to click expand button: <button rpl="" class="
button-medium px-[var(--rem14)]
button-bordered



items-center justify-center
button inline-flex " data-reddit-expander-processed="true">
      <span class="flex items-center justify-center">
      
      <span class="flex items-center gap-xs">Open</span>
    </span>
    
    </button>
expander.js:1234 [Expander] Processing missed button: crowdControl
expander.js:1484 Expanding crowd control comment
expander.js:1322 [Expander] Skipping button (no expandable icon) - attempting anyway
expander.js:1326 [Expander] Attempting to click expand button: <button rpl="" class="m:hidden
button-medium px-[var(--rem8)]
button-plain


icon
items-center justify-center
button inline-flex " id="navbar-menu-button" type="button" data-reddit-expander-processed="true" style="transition: box-shadow 0.3s; box-shadow: rgba(76, 175, 80, 0.4) 0px 0px 8px; border-radius: 4px;">
      <span class="flex items-center justify-center">
      <span class="flex"><svg rpl="" fill="currentColor" height="20" icon-name="menu-outline" viewBox="0 0 20 20" width="20" xmlns="http://www.w3.org/2000/svg">
      <path d="M18.25 4.7H1.75A.772.772 0 0 1 1 3.95c0-.399.352-.75.75-.75h16.5c.398 0 .75.351.75.75 0 .397-.352.75-.75.75ZM19 9.996a.772.772 0 0 0-.75-.75H1.75a.772.772 0 0 0-.75.75c0 .398.352.75.75.75h16.5c.398 0 .75-.352.75-.75Zm0 6.047a.772.772 0 0 0-.75-.75H1.75a.772.772 0 0 0-.75.75c0 .398.352.75.75.75h16.5c.398 0 .75-.352.75-.75Z"></path>
    </svg></span>
      
    </span>
    <faceplate-screen-reader-content>Open menu</faceplate-screen-reader-content>
    </button>
expander.js:1752 [Expander] Processing missed button 81/81: <button aria-hidden="true" class="text-tone-2 text-12 no-underline hover:underline px-xs py-xs flex ...
expander.js:1234 [Expander] Processing missed button: collapsed
expander.js:1326 [Expander] Attempting to click expand button: <button aria-hidden="true" class="text-tone-2 text-12 no-underline hover:underline px-xs py-xs flex ml-[3px] xs:ml-0 !bg-transparent !border-0 invisible h-0 !p-0" type="button" data-reddit-expander-processed="true" style="">
        
    <span class="text-neutral-content-strong mr-xs flex items-center"><svg rpl="" fill="currentColor" height="16" icon-name="join-outline" viewBox="0 0 20 20" width="16" xmlns="http://www.w3.org/2000/svg">
      <path d="M10.625 9.375H14v1.25h-3.375V14h-1.25v-3.375H6v-1.25h3.375V6h1.25v3.375ZM20 10A10 10 0 1 1 10 0a10.011 10.011 0 0 1 10 10Zm-1.25 0A8.75 8.75 0 1 0 10 18.75 8.76 8.76 0 0 0 18.75 10Z"></path>
    </svg></span>
    <span class="text-secondary-weak font-normal"><faceplate-number number="6"><!---->6</faceplate-number> more replies</span>
  
      </button>
expander.js:1234 [Expander] Processing missed button: collapsed
expander.js:1326 [Expander] Attempting to click expand button: <button aria-hidden="true" class="text-tone-2 text-12 no-underline hover:underline px-xs py-xs flex ml-[3px] xs:ml-0 !bg-transparent !border-0 invisible h-0 !p-0" type="button" data-reddit-expander-processed="true" style="">
        
    <span class="text-neutral-content-strong mr-xs flex items-center"><svg rpl="" fill="currentColor" height="16" icon-name="join-outline" viewBox="0 0 20 20" width="16" xmlns="http://www.w3.org/2000/svg">
      <path d="M10.625 9.375H14v1.25h-3.375V14h-1.25v-3.375H6v-1.25h3.375V6h1.25v3.375ZM20 10A10 10 0 1 1 10 0a10.011 10.011 0 0 1 10 10Zm-1.25 0A8.75 8.75 0 1 0 10 18.75 8.76 8.76 0 0 0 18.75 10Z"></path>
    </svg></span>
    <span class="text-secondary-weak font-normal"><faceplate-number number="2"><!---->2</faceplate-number> more replies</span>
  
      </button>
expander.js:1234 [Expander] Processing missed button: collapsed
expander.js:1326 [Expander] Attempting to click expand button: <button class="text-tone-2 text-12 no-underline hover:underline px-xs py-xs flex ml-[3px] xs:ml-0 !bg-transparent !border-0" type="button" data-reddit-expander-processed="true" style="">
    <span class="text-neutral-content-strong mr-xs flex items-center"><svg rpl="" fill="currentColor" height="16" icon-name="join-outline" viewBox="0 0 20 20" width="16" xmlns="http://www.w3.org/2000/svg">
      <path d="M10.625 9.375H14v1.25h-3.375V14h-1.25v-3.375H6v-1.25h3.375V6h1.25v3.375ZM20 10A10 10 0 1 1 10 0a10.011 10.011 0 0 1 10 10Zm-1.25 0A8.75 8.75 0 1 0 10 18.75 8.76 8.76 0 0 0 18.75 10Z"></path>
    </svg></span>
    <span class="text-secondary-weak font-normal"><faceplate-number number="6"><!---->6</faceplate-number> more replies</span>
  </button>
expander.js:1234 [Expander] Processing missed button: collapsed
expander.js:1326 [Expander] Attempting to click expand button: <button aria-hidden="true" class="text-tone-2 text-12 no-underline hover:underline px-xs py-xs flex ml-[3px] xs:ml-0 !bg-transparent !border-0 invisible h-0 !p-0" type="button" data-reddit-expander-processed="true" style="transition: box-shadow 0.3s; box-shadow: rgba(76, 175, 80, 0.4) 0px 0px 8px; border-radius: 4px;">
        
    <span class="text-neutral-content-strong mr-xs flex items-center"><svg rpl="" fill="currentColor" height="16" icon-name="join-outline" viewBox="0 0 20 20" width="16" xmlns="http://www.w3.org/2000/svg">
      <path d="M10.625 9.375H14v1.25h-3.375V14h-1.25v-3.375H6v-1.25h3.375V6h1.25v3.375ZM20 10A10 10 0 1 1 10 0a10.011 10.011 0 0 1 10 10Zm-1.25 0A8.75 8.75 0 1 0 10 18.75 8.76 8.76 0 0 0 18.75 10Z"></path>
    </svg></span>
    <span class="text-secondary-weak font-normal"><faceplate-number number="1"><!---->1</faceplate-number> more reply</span>
  
      </button>
expander.js:1234 [Expander] Processing missed button: crowdControl
expander.js:1484 Expanding crowd control comment
expander.js:1322 [Expander] Skipping button (no expandable icon) - attempting anyway
expander.js:1326 [Expander] Attempting to click expand button: <button rpl="" class="
button-medium px-[var(--rem14)]
button-bordered



items-center justify-center
button inline-flex " data-reddit-expander-processed="true">
      <span class="flex items-center justify-center">
      
      <span class="flex items-center gap-xs">Open</span>
    </span>
    
    </button>
expander.js:1234 [Expander] Processing missed button: collapsed
expander.js:1326 [Expander] Attempting to click expand button: <button class="text-tone-2 text-12 no-underline hover:underline px-xs py-xs flex ml-[3px] xs:ml-0 !bg-transparent !border-0" type="button" data-reddit-expander-processed="true" style="">
    <span class="text-neutral-content-strong mr-xs flex items-center"><svg rpl="" fill="currentColor" height="16" icon-name="join-outline" viewBox="0 0 20 20" width="16" xmlns="http://www.w3.org/2000/svg">
      <path d="M10.625 9.375H14v1.25h-3.375V14h-1.25v-3.375H6v-1.25h3.375V6h1.25v3.375ZM20 10A10 10 0 1 1 10 0a10.011 10.011 0 0 1 10 10Zm-1.25 0A8.75 8.75 0 1 0 10 18.75 8.76 8.76 0 0 0 18.75 10Z"></path>
    </svg></span>
    <span class="text-secondary-weak font-normal"><faceplate-number number="1"><!---->1</faceplate-number> more reply</span>
  </button>
expander.js:1234 [Expander] Processing missed button: collapsed
expander.js:1326 [Expander] Attempting to click expand button: <button class="text-tone-2 text-12 no-underline hover:underline px-xs py-xs flex ml-[3px] xs:ml-0 !bg-transparent !border-0" type="button" data-reddit-expander-processed="true" style="">
    <span class="text-neutral-content-strong mr-xs flex items-center"><svg rpl="" fill="currentColor" height="16" icon-name="join-outline" viewBox="0 0 20 20" width="16" xmlns="http://www.w3.org/2000/svg">
      <path d="M10.625 9.375H14v1.25h-3.375V14h-1.25v-3.375H6v-1.25h3.375V6h1.25v3.375ZM20 10A10 10 0 1 1 10 0a10.011 10.011 0 0 1 10 10Zm-1.25 0A8.75 8.75 0 1 0 10 18.75 8.76 8.76 0 0 0 18.75 10Z"></path>
    </svg></span>
    <span class="text-secondary-weak font-normal"><faceplate-number number="4"><!---->4</faceplate-number> more replies</span>
  </button>
expander.js:1234 [Expander] Processing missed button: collapsed
expander.js:1326 [Expander] Attempting to click expand button: <button class="text-tone-2 text-12 no-underline hover:underline px-xs py-xs flex ml-[3px] xs:ml-0 !bg-transparent !border-0" type="button" data-reddit-expander-processed="true" style="">
    <span class="text-neutral-content-strong mr-xs flex items-center"><svg rpl="" fill="currentColor" height="16" icon-name="join-outline" viewBox="0 0 20 20" width="16" xmlns="http://www.w3.org/2000/svg">
      <path d="M10.625 9.375H14v1.25h-3.375V14h-1.25v-3.375H6v-1.25h3.375V6h1.25v3.375ZM20 10A10 10 0 1 1 10 0a10.011 10.011 0 0 1 10 10Zm-1.25 0A8.75 8.75 0 1 0 10 18.75 8.76 8.76 0 0 0 18.75 10Z"></path>
    </svg></span>
    <span class="text-secondary-weak font-normal"><faceplate-number number="1"><!---->1</faceplate-number> more reply</span>
  </button>
expander.js:1234 [Expander] Processing missed button: collapsed
expander.js:1326 [Expander] Attempting to click expand button: <button aria-hidden="true" class="text-tone-2 text-12 no-underline hover:underline px-xs py-xs flex ml-[3px] xs:ml-0 !bg-transparent !border-0 invisible h-0 !p-0" type="button" data-reddit-expander-processed="true" style="">
        
    <span class="text-neutral-content-strong mr-xs flex items-center"><svg rpl="" fill="currentColor" height="16" icon-name="join-outline" viewBox="0 0 20 20" width="16" xmlns="http://www.w3.org/2000/svg">
      <path d="M10.625 9.375H14v1.25h-3.375V14h-1.25v-3.375H6v-1.25h3.375V6h1.25v3.375ZM20 10A10 10 0 1 1 10 0a10.011 10.011 0 0 1 10 10Zm-1.25 0A8.75 8.75 0 1 0 10 18.75 8.76 8.76 0 0 0 18.75 10Z"></path>
    </svg></span>
    <span class="text-secondary-weak font-normal"><faceplate-number number="2"><!---->2</faceplate-number> more replies</span>
  
      </button>
expander.js:1234 [Expander] Processing missed button: crowdControl
expander.js:1484 Expanding crowd control comment
expander.js:2110 [Progress] Found overlay in DOM, reconnecting reference
expander.js:1234 [Expander] Processing missed button: crowdControl
expander.js:1484 Expanding crowd control comment
expander.js:1322 [Expander] Skipping button (no expandable icon) - attempting anyway
expander.js:1326 [Expander] Attempting to click expand button: <button rpl="" rpl-selected="" class="
button-small px-[var(--rem10)]

button-activated


items-center justify-center
button inline-flex " id="search-input-chip" slot="chips" data-reddit-expander-processed="true" style="transition: box-shadow 0.3s; box-shadow: rgba(76, 175, 80, 0.4) 0px 0px 8px; border-radius: 4px;">
      <span class="flex items-center justify-center overflow-hidden">
      <span class="flex mr-xs"><span class="inline-flex items-center justify-center w-[1rem] h-[1rem] " rpl="" avatar="">
    
    <span rpl="" class="inline-block rounded-full  relative [&amp;&gt;:first-child]:h-full [&amp;&gt;:first-child]:w-full [&amp;&gt;:first-child]:mb-0 [&amp;&gt;:first-child]:rounded-[inherit] h-full w-full 
    [&amp;&gt;:first-child]:overflow-hidden [&amp;&gt;:first-child]:max-h-full">
    <svg rpl="" aria-hidden="true" class="flex items-center justify-center h-100 ml-px" fill="currentColor" height="16" icon-name="community-fill" viewBox="0 0 20 20" width="16" xmlns="http://www.w3.org/2000/svg">
      <path d="M10 0a10 10 0 1 0 10 10A10.011 10.011 0 0 0 10 0ZM8.016 8.633a1.616 1.616 0 0 0-.2.806V13.5H5.931V6.172h1.8v.9h.039a3.009 3.009 0 0 1 1.018-.732 3.45 3.45 0 0 1 1.449-.284c.246-.003.491.02.732.068.158.024.309.08.444.164l-.759 1.832a2.09 2.09 0 0 0-1.093-.26c-.33-.01-.658.062-.954.208a1.422 1.422 0 0 0-.591.565Zm2.9 6.918H9.355L14.7 2.633c.426.272.828.58 1.2.922l-4.984 11.996Z"></path>
    </svg>
  </span></span></span>
      <span class="flex items-center gap-xs overflow-hidden"><span class="inline-block mr-[calc(var(--size-button-sm-h)-var(--rem10)-var(--button-border-width-default))] overflow-hidden text-ellipsis"><span aria-hidden="true">r/technology</span></span></span>
    </span>
    <faceplate-screen-reader-content>A chip</faceplate-screen-reader-content>
    </button>
expander.js:1234 [Expander] Processing missed button: collapsed
expander.js:1326 [Expander] Attempting to click expand button: <button class="text-tone-2 text-12 no-underline hover:underline px-xs py-xs flex ml-[3px] xs:ml-0 !bg-transparent !border-0" type="button" data-reddit-expander-processed="true" style="">
    <span class="text-neutral-content-strong mr-xs flex items-center"><svg rpl="" fill="currentColor" height="16" icon-name="join-outline" viewBox="0 0 20 20" width="16" xmlns="http://www.w3.org/2000/svg">
      <path d="M10.625 9.375H14v1.25h-3.375V14h-1.25v-3.375H6v-1.25h3.375V6h1.25v3.375ZM20 10A10 10 0 1 1 10 0a10.011 10.011 0 0 1 10 10Zm-1.25 0A8.75 8.75 0 1 0 10 18.75 8.76 8.76 0 0 0 18.75 10Z"></path>
    </svg></span>
    <span class="text-secondary-weak font-normal"><faceplate-number number="1"><!---->1</faceplate-number> more reply</span>
  </button>
expander.js:1234 [Expander] Processing missed button: collapsed
expander.js:1326 [Expander] Attempting to click expand button: <button class="text-tone-2 text-12 no-underline hover:underline px-xs py-xs flex ml-[3px] xs:ml-0 !bg-transparent !border-0" type="button" data-reddit-expander-processed="true" style="">
    <span class="text-neutral-content-strong mr-xs flex items-center"><svg rpl="" fill="currentColor" height="16" icon-name="join-outline" viewBox="0 0 20 20" width="16" xmlns="http://www.w3.org/2000/svg">
      <path d="M10.625 9.375H14v1.25h-3.375V14h-1.25v-3.375H6v-1.25h3.375V6h1.25v3.375ZM20 10A10 10 0 1 1 10 0a10.011 10.011 0 0 1 10 10Zm-1.25 0A8.75 8.75 0 1 0 10 18.75 8.76 8.76 0 0 0 18.75 10Z"></path>
    </svg></span>
    <span class="text-secondary-weak font-normal"><faceplate-number number="8"><!---->8</faceplate-number> more replies</span>
  </button>
expander.js:1234 [Expander] Processing missed button: collapsed
expander.js:1326 [Expander] Attempting to click expand button: <button aria-hidden="true" class="text-tone-2 text-12 no-underline hover:underline px-xs py-xs flex ml-[3px] xs:ml-0 !bg-transparent !border-0 invisible h-0 !p-0" type="button" data-reddit-expander-processed="true" style="">
        
    <span class="text-neutral-content-strong mr-xs flex items-center"><svg rpl="" fill="currentColor" height="16" icon-name="join-outline" viewBox="0 0 20 20" width="16" xmlns="http://www.w3.org/2000/svg">
      <path d="M10.625 9.375H14v1.25h-3.375V14h-1.25v-3.375H6v-1.25h3.375V6h1.25v3.375ZM20 10A10 10 0 1 1 10 0a10.011 10.011 0 0 1 10 10Zm-1.25 0A8.75 8.75 0 1 0 10 18.75 8.76 8.76 0 0 0 18.75 10Z"></path>
    </svg></span>
    <span class="text-secondary-weak font-normal"><faceplate-number number="6"><!---->6</faceplate-number> more replies</span>
  
      </button>
expander.js:1234 [Expander] Processing missed button: collapsed
expander.js:1326 [Expander] Attempting to click expand button: <button class="text-tone-2 text-12 no-underline hover:underline px-xs py-xs flex ml-[3px] xs:ml-0 !bg-transparent !border-0" type="button" data-reddit-expander-processed="true" style="">
    <span class="text-neutral-content-strong mr-xs flex items-center"><svg rpl="" fill="currentColor" height="16" icon-name="join-outline" viewBox="0 0 20 20" width="16" xmlns="http://www.w3.org/2000/svg">
      <path d="M10.625 9.375H14v1.25h-3.375V14h-1.25v-3.375H6v-1.25h3.375V6h1.25v3.375ZM20 10A10 10 0 1 1 10 0a10.011 10.011 0 0 1 10 10Zm-1.25 0A8.75 8.75 0 1 0 10 18.75 8.76 8.76 0 0 0 18.75 10Z"></path>
    </svg></span>
    <span class="text-secondary-weak font-normal"><faceplate-number number="13"><!---->13</faceplate-number> more replies</span>
  </button>
expander.js:1234 [Expander] Processing missed button: crowdControl
expander.js:1484 Expanding crowd control comment
expander.js:1234 [Expander] Processing missed button: crowdControl
expander.js:1484 Expanding crowd control comment
expander.js:1322 [Expander] Skipping button (no expandable icon) - attempting anyway
expander.js:1326 [Expander] Attempting to click expand button: <button rpl="" class="
button-medium px-[var(--rem14)]
button-bordered



items-center justify-center
button inline-flex " data-reddit-expander-processed="true" style="transition: box-shadow 0.3s; box-shadow: rgba(76, 175, 80, 0.4) 0px 0px 8px; border-radius: 4px;">
      <span class="flex items-center justify-center">
      
      <span class="flex items-center gap-xs">Open</span>
    </span>
    
    </button>
expander.js:1234 [Expander] Processing missed button: collapsed
expander.js:1326 [Expander] Attempting to click expand button: <button class="text-tone-2 text-12 no-underline hover:underline px-xs py-xs flex ml-[3px] xs:ml-0 !bg-transparent !border-0" type="button" data-reddit-expander-processed="true" style="">
    <span class="text-neutral-content-strong mr-xs flex items-center"><svg rpl="" fill="currentColor" height="16" icon-name="join-outline" viewBox="0 0 20 20" width="16" xmlns="http://www.w3.org/2000/svg">
      <path d="M10.625 9.375H14v1.25h-3.375V14h-1.25v-3.375H6v-1.25h3.375V6h1.25v3.375ZM20 10A10 10 0 1 1 10 0a10.011 10.011 0 0 1 10 10Zm-1.25 0A8.75 8.75 0 1 0 10 18.75 8.76 8.76 0 0 0 18.75 10Z"></path>
    </svg></span>
    <span class="text-secondary-weak font-normal"><faceplate-number number="2"><!---->2</faceplate-number> more replies</span>
  </button>
expander.js:1234 [Expander] Processing missed button: collapsed
expander.js:1326 [Expander] Attempting to click expand button: <button aria-hidden="true" class="text-tone-2 text-12 no-underline hover:underline px-xs py-xs flex ml-[3px] xs:ml-0 !bg-transparent !border-0 invisible h-0 !p-0" type="button" data-reddit-expander-processed="true" style="">
        
    <span class="text-neutral-content-strong mr-xs flex items-center"><svg rpl="" fill="currentColor" height="16" icon-name="join-outline" viewBox="0 0 20 20" width="16" xmlns="http://www.w3.org/2000/svg">
      <path d="M10.625 9.375H14v1.25h-3.375V14h-1.25v-3.375H6v-1.25h3.375V6h1.25v3.375ZM20 10A10 10 0 1 1 10 0a10.011 10.011 0 0 1 10 10Zm-1.25 0A8.75 8.75 0 1 0 10 18.75 8.76 8.76 0 0 0 18.75 10Z"></path>
    </svg></span>
    <span class="text-secondary-weak font-normal"><faceplate-number number="9"><!---->9</faceplate-number> more replies</span>
  
      </button>
expander.js:1234 [Expander] Processing missed button: collapsed
expander.js:1326 [Expander] Attempting to click expand button: <button class="text-tone-2 text-12 no-underline hover:underline px-xs py-xs flex ml-[3px] xs:ml-0 !bg-transparent !border-0" type="button" data-reddit-expander-processed="true" style="">
    <span class="text-neutral-content-strong mr-xs flex items-center"><svg rpl="" fill="currentColor" height="16" icon-name="join-outline" viewBox="0 0 20 20" width="16" xmlns="http://www.w3.org/2000/svg">
      <path d="M10.625 9.375H14v1.25h-3.375V14h-1.25v-3.375H6v-1.25h3.375V6h1.25v3.375ZM20 10A10 10 0 1 1 10 0a10.011 10.011 0 0 1 10 10Zm-1.25 0A8.75 8.75 0 1 0 10 18.75 8.76 8.76 0 0 0 18.75 10Z"></path>
    </svg></span>
    <span class="text-secondary-weak font-normal"><faceplate-number number="2"><!---->2</faceplate-number> more replies</span>
  </button>
expander.js:1234 [Expander] Processing missed button: collapsed
expander.js:1326 [Expander] Attempting to click expand button: <button aria-hidden="true" class="text-tone-2 text-12 no-underline hover:underline px-xs py-xs flex ml-[3px] xs:ml-0 !bg-transparent !border-0 invisible h-0 !p-0" type="button" data-reddit-expander-processed="true" style="">
        
    <span class="text-neutral-content-strong mr-xs flex items-center"><svg rpl="" fill="currentColor" height="16" icon-name="join-outline" viewBox="0 0 20 20" width="16" xmlns="http://www.w3.org/2000/svg">
      <path d="M10.625 9.375H14v1.25h-3.375V14h-1.25v-3.375H6v-1.25h3.375V6h1.25v3.375ZM20 10A10 10 0 1 1 10 0a10.011 10.011 0 0 1 10 10Zm-1.25 0A8.75 8.75 0 1 0 10 18.75 8.76 8.76 0 0 0 18.75 10Z"></path>
    </svg></span>
    <span class="text-secondary-weak font-normal"><faceplate-number number="4"><!---->4</faceplate-number> more replies</span>
  
      </button>
expander.js:1234 [Expander] Processing missed button: collapsed
expander.js:1326 [Expander] Attempting to click expand button: <button class="text-tone-2 text-12 no-underline hover:underline px-xs py-xs flex ml-[3px] xs:ml-0 !bg-transparent !border-0" type="button" data-reddit-expander-processed="true" style="transition: box-shadow 0.3s; box-shadow: rgba(76, 175, 80, 0.4) 0px 0px 8px; border-radius: 4px;">
    <span class="text-neutral-content-strong mr-xs flex items-center"><svg rpl="" fill="currentColor" height="16" icon-name="join-outline" viewBox="0 0 20 20" width="16" xmlns="http://www.w3.org/2000/svg">
      <path d="M10.625 9.375H14v1.25h-3.375V14h-1.25v-3.375H6v-1.25h3.375V6h1.25v3.375ZM20 10A10 10 0 1 1 10 0a10.011 10.011 0 0 1 10 10Zm-1.25 0A8.75 8.75 0 1 0 10 18.75 8.76 8.76 0 0 0 18.75 10Z"></path>
    </svg></span>
    <span class="text-secondary-weak font-normal"><faceplate-number number="4"><!---->4</faceplate-number> more replies</span>
  </button>
expander.js:1234 [Expander] Processing missed button: collapsed
expander.js:1326 [Expander] Attempting to click expand button: <button aria-hidden="true" class="text-tone-2 text-12 no-underline hover:underline px-xs py-xs flex ml-[3px] xs:ml-0 !bg-transparent !border-0 invisible h-0 !p-0" type="button" data-reddit-expander-processed="true" style="">
        
    <span class="text-neutral-content-strong mr-xs flex items-center"><svg rpl="" fill="currentColor" height="16" icon-name="join-outline" viewBox="0 0 20 20" width="16" xmlns="http://www.w3.org/2000/svg">
      <path d="M10.625 9.375H14v1.25h-3.375V14h-1.25v-3.375H6v-1.25h3.375V6h1.25v3.375ZM20 10A10 10 0 1 1 10 0a10.011 10.011 0 0 1 10 10Zm-1.25 0A8.75 8.75 0 1 0 10 18.75 8.76 8.76 0 0 0 18.75 10Z"></path>
    </svg></span>
    <span class="text-secondary-weak font-normal"><faceplate-number number="1"><!---->1</faceplate-number> more reply</span>
  
      </button>
expander.js:1234 [Expander] Processing missed button: collapsed
expander.js:1326 [Expander] Attempting to click expand button: <button class="text-tone-2 text-12 no-underline hover:underline px-xs py-xs flex ml-[3px] xs:ml-0 !bg-transparent !border-0" type="button" data-reddit-expander-processed="true" style="">
    <span class="text-neutral-content-strong mr-xs flex items-center"><svg rpl="" fill="currentColor" height="16" icon-name="join-outline" viewBox="0 0 20 20" width="16" xmlns="http://www.w3.org/2000/svg">
      <path d="M10.625 9.375H14v1.25h-3.375V14h-1.25v-3.375H6v-1.25h3.375V6h1.25v3.375ZM20 10A10 10 0 1 1 10 0a10.011 10.011 0 0 1 10 10Zm-1.25 0A8.75 8.75 0 1 0 10 18.75 8.76 8.76 0 0 0 18.75 10Z"></path>
    </svg></span>
    <span class="text-secondary-weak font-normal"><faceplate-number number="1"><!---->1</faceplate-number> more reply</span>
  </button>
expander.js:1234 [Expander] Processing missed button: crowdControl
expander.js:1484 Expanding crowd control comment
expander.js:1322 [Expander] Skipping button (no expandable icon) - attempting anyway
expander.js:1326 [Expander] Attempting to click expand button: <button rpl="" class="
button-small px-[var(--rem10)]
button-secondary



items-center justify-center
button inline-flex " slot="cancel-button" type="reset" data-reddit-expander-processed="true">
      <span class="flex items-center justify-center">
      
      <span class="flex items-center gap-xs">Cancel</span>
    </span>
    
    </button>
expander.js:1234 [Expander] Processing missed button: crowdControl
expander.js:1484 Expanding crowd control comment
expander.js:1322 [Expander] Skipping button (no expandable icon) - attempting anyway
expander.js:1326 [Expander] Attempting to click expand button: <button rpl="" class="
button-small px-[var(--rem10)]
button-secondary



items-center justify-center
button inline-flex " slot="cancel-button" type="reset" data-reddit-expander-processed="true">
      <span class="flex items-center justify-center">
      
      <span class="flex items-center gap-xs">Cancel</span>
    </span>
    
    </button>
expander.js:2120 [Progress] Overlay reference is stale, removing and creating new one
expander.js:2124 [Progress] No overlay in DOM, cannot update progress
expander.js:1234 [Expander] Processing missed button: collapsed
expander.js:1326 [Expander] Attempting to click expand button: <button aria-hidden="true" class="text-tone-2 text-12 no-underline hover:underline px-xs py-xs flex ml-[3px] xs:ml-0 !bg-transparent !border-0 invisible h-0 !p-0" type="button" data-reddit-expander-processed="true" style="">
        
    <span class="text-neutral-content-strong mr-xs flex items-center"><svg rpl="" fill="currentColor" height="16" icon-name="join-outline" viewBox="0 0 20 20" width="16" xmlns="http://www.w3.org/2000/svg">
      <path d="M10.625 9.375H14v1.25h-3.375V14h-1.25v-3.375H6v-1.25h3.375V6h1.25v3.375ZM20 10A10 10 0 1 1 10 0a10.011 10.011 0 0 1 10 10Zm-1.25 0A8.75 8.75 0 1 0 10 18.75 8.76 8.76 0 0 0 18.75 10Z"></path>
    </svg></span>
    <span class="text-secondary-weak font-normal"><faceplate-number number="1"><!---->1</faceplate-number> more reply</span>
  
      </button>
expander.js:2113 [Progress] No current overlay found, cannot update progress
expander.js:1234 [Expander] Processing missed button: collapsed
expander.js:1326 [Expander] Attempting to click expand button: <button aria-hidden="true" class="text-tone-2 text-12 no-underline hover:underline px-xs py-xs flex ml-[3px] xs:ml-0 !bg-transparent !border-0 invisible h-0 !p-0" type="button" data-reddit-expander-processed="true" style="">
        
    <span class="text-neutral-content-strong mr-xs flex items-center"><svg rpl="" fill="currentColor" height="16" icon-name="join-outline" viewBox="0 0 20 20" width="16" xmlns="http://www.w3.org/2000/svg">
      <path d="M10.625 9.375H14v1.25h-3.375V14h-1.25v-3.375H6v-1.25h3.375V6h1.25v3.375ZM20 10A10 10 0 1 1 10 0a10.011 10.011 0 0 1 10 10Zm-1.25 0A8.75 8.75 0 1 0 10 18.75 8.76 8.76 0 0 0 18.75 10Z"></path>
    </svg></span>
    <span class="text-secondary-weak font-normal"><faceplate-number number="4"><!---->4</faceplate-number> more replies</span>
  
      </button>
expander.js:2113 [Progress] No current overlay found, cannot update progress
expander.js:1234 [Expander] Processing missed button: collapsed
expander.js:1326 [Expander] Attempting to click expand button: <button aria-hidden="true" class="text-tone-2 text-12 no-underline hover:underline px-xs py-xs flex ml-[3px] xs:ml-0 !bg-transparent !border-0 invisible h-0 !p-0" type="button" data-reddit-expander-processed="true" style="">
        
    <span class="text-neutral-content-strong mr-xs flex items-center"><svg rpl="" fill="currentColor" height="16" icon-name="join-outline" viewBox="0 0 20 20" width="16" xmlns="http://www.w3.org/2000/svg">
      <path d="M10.625 9.375H14v1.25h-3.375V14h-1.25v-3.375H6v-1.25h3.375V6h1.25v3.375ZM20 10A10 10 0 1 1 10 0a10.011 10.011 0 0 1 10 10Zm-1.25 0A8.75 8.75 0 1 0 10 18.75 8.76 8.76 0 0 0 18.75 10Z"></path>
    </svg></span>
    <span class="text-secondary-weak font-normal"><faceplate-number number="1"><!---->1</faceplate-number> more reply</span>
  
      </button>
expander.js:2113 [Progress] No current overlay found, cannot update progress
expander.js:1234 [Expander] Processing missed button: collapsed
expander.js:1326 [Expander] Attempting to click expand button: <button class="text-tone-2 text-12 no-underline hover:underline px-xs py-xs flex ml-[3px] xs:ml-0 !bg-transparent !border-0" type="button" data-reddit-expander-processed="true" style="">
    <span class="text-neutral-content-strong mr-xs flex items-center"><svg rpl="" fill="currentColor" height="16" icon-name="join-outline" viewBox="0 0 20 20" width="16" xmlns="http://www.w3.org/2000/svg">
      <path d="M10.625 9.375H14v1.25h-3.375V14h-1.25v-3.375H6v-1.25h3.375V6h1.25v3.375ZM20 10A10 10 0 1 1 10 0a10.011 10.011 0 0 1 10 10Zm-1.25 0A8.75 8.75 0 1 0 10 18.75 8.76 8.76 0 0 0 18.75 10Z"></path>
    </svg></span>
    <span class="text-secondary-weak font-normal"><faceplate-number number="2"><!---->2</faceplate-number> more replies</span>
  </button>
expander.js:2113 [Progress] No current overlay found, cannot update progress
expander.js:2113 [Progress] No current overlay found, cannot update progress
expander.js:2113 [Progress] No current overlay found, cannot update progress
expander.js:2113 [Progress] No current overlay found, cannot update progress
expander.js:2113 [Progress] No current overlay found, cannot update progress
expander.js:2113 [Progress] No current overlay found, cannot update progress
expander.js:1234 [Expander] Processing missed button: crowdControl
expander.js:1484 Expanding crowd control comment
expander.js:2113 [Progress] No current overlay found, cannot update progress
matrix-js-sdk-a44af749.js:1 Uncaught (in promise) AbortError: signal is aborted without reason
    at i (matrix-js-sdk-a44af749.js:1:95770)
    at an (matrix-js-sdk-a44af749.js:1:95812)
    at _n.requestOtherUrl (matrix-js-sdk-a44af749.js:1:99049)
    at _n.request (matrix-js-sdk-a44af749.js:1:98393)
    at _n.authedRequest (matrix-js-sdk-a44af749.js:1:97504)
    at wr.startSyncRequest (matrix-js-sdk-a44af749.js:1:224852)
    at wr.doSyncRequest (matrix-js-sdk-a44af749.js:1:224381)
    at wr.sync (matrix-js-sdk-a44af749.js:1:193276)
i @ matrix-js-sdk-a44af749.js:1
an @ matrix-js-sdk-a44af749.js:1
requestOtherUrl @ matrix-js-sdk-a44af749.js:1
request @ matrix-js-sdk-a44af749.js:1
authedRequest @ matrix-js-sdk-a44af749.js:1
startSyncRequest @ matrix-js-sdk-a44af749.js:1
doSyncRequest @ matrix-js-sdk-a44af749.js:1
sync @ matrix-js-sdk-a44af749.js:1
await in sync
startClient @ matrix-js-sdk-a44af749.js:1
await in startClient
startSync @ dist-51bd383f.js:4596
updateSyncState @ dist-51bd383f.js:4596
(anonymous) @ dist-51bd383f.js:4596
sentry-bc0d3b33.js:1 Uncaught (in promise) TypeError: t.update is not a function
    at t.captureSession (sentry-bc0d3b33.js:1:35507)
    at gm._sendSessionUpdate (dist-51bd383f.js:323:43839)
    at gm.captureSession (dist-51bd383f.js:323:43174)
    at sentry-bc0d3b33.js:1:69830
    at t.init (sentry-bc0d3b33.js:1:70085)
    at i.then.then.o.init (hr_chief_kristin_cabot_resigns_from_astronomer_on/:21:785)
    at Array.<anonymous> (hr_chief_kristin_cabot_resigns_from_astronomer_on/:21:3170)
t.captureSession @ sentry-bc0d3b33.js:1
_sendSessionUpdate @ dist-51bd383f.js:323
captureSession @ dist-51bd383f.js:323
(anonymous) @ sentry-bc0d3b33.js:1
t.init @ sentry-bc0d3b33.js:1
i.then.then.o.init @ hr_chief_kristin_cabot_resigns_from_astronomer_on/:21
(anonymous) @ hr_chief_kristin_cabot_resigns_from_astronomer_on/:21
await in (anonymous)
(anonymous) @ hr_chief_kristin_cabot_resigns_from_astronomer_on/:21
(anonymous) @ hr_chief_kristin_cabot_resigns_from_astronomer_on/:21
Promise.then
o @ hr_chief_kristin_cabot_resigns_from_astronomer_on/:21
requestIdleCallback
u @ hr_chief_kristin_cabot_resigns_from_astronomer_on/:21
f @ hr_chief_kristin_cabot_resigns_from_astronomer_on/:21
n.<computed> @ hr_chief_kristin_cabot_resigns_from_astronomer_on/:21
Ad.onunhandledrejection @ dist-51bd383f.js:323
expander.js:2113 [Progress] No current overlay found, cannot update progress
expander.js:1234 [Expander] Processing missed button: collapsed
expander.js:1326 [Expander] Attempting to click expand button: <button aria-hidden="true" class="text-tone-2 text-12 no-underline hover:underline px-xs py-xs flex ml-[3px] xs:ml-0 !bg-transparent !border-0 invisible h-0 !p-0" type="button" data-reddit-expander-processed="true" style="">
        
    <span class="text-neutral-content-strong mr-xs flex items-center"><svg rpl="" fill="currentColor" height="16" icon-name="join-outline" viewBox="0 0 20 20" width="16" xmlns="http://www.w3.org/2000/svg">
      <path d="M10.625 9.375H14v1.25h-3.375V14h-1.25v-3.375H6v-1.25h3.375V6h1.25v3.375ZM20 10A10 10 0 1 1 10 0a10.011 10.011 0 0 1 10 10Zm-1.25 0A8.75 8.75 0 1 0 10 18.75 8.76 8.76 0 0 0 18.75 10Z"></path>
    </svg></span>
    <span class="text-secondary-weak font-normal"><faceplate-number number="2"><!---->2</faceplate-number> more replies</span>
  
      </button>
expander.js:2113 [Progress] No current overlay found, cannot update progress
expander.js:1234 [Expander] Processing missed button: collapsed
expander.js:1326 [Expander] Attempting to click expand button: <button class="text-tone-2 text-12 no-underline hover:underline px-xs py-xs flex ml-[3px] xs:ml-0 !bg-transparent !border-0" type="button" data-reddit-expander-processed="true" style="">
    <span class="text-neutral-content-strong mr-xs flex items-center"><svg rpl="" fill="currentColor" height="16" icon-name="join-outline" viewBox="0 0 20 20" width="16" xmlns="http://www.w3.org/2000/svg">
      <path d="M10.625 9.375H14v1.25h-3.375V14h-1.25v-3.375H6v-1.25h3.375V6h1.25v3.375ZM20 10A10 10 0 1 1 10 0a10.011 10.011 0 0 1 10 10Zm-1.25 0A8.75 8.75 0 1 0 10 18.75 8.76 8.76 0 0 0 18.75 10Z"></path>
    </svg></span>
    <span class="text-secondary-weak font-normal"><faceplate-number number="6"><!---->6</faceplate-number> more replies</span>
  </button>
expander.js:2113 [Progress] No current overlay found, cannot update progress
expander.js:1234 [Expander] Processing missed button: collapsed
expander.js:1326 [Expander] Attempting to click expand button: <button aria-hidden="true" class="text-tone-2 text-12 no-underline hover:underline px-xs py-xs flex ml-[3px] xs:ml-0 !bg-transparent !border-0 invisible h-0 !p-0" type="button" data-reddit-expander-processed="true" style="">
        
    <span class="text-neutral-content-strong mr-xs flex items-center"><svg rpl="" fill="currentColor" height="16" icon-name="join-outline" viewBox="0 0 20 20" width="16" xmlns="http://www.w3.org/2000/svg">
      <path d="M10.625 9.375H14v1.25h-3.375V14h-1.25v-3.375H6v-1.25h3.375V6h1.25v3.375ZM20 10A10 10 0 1 1 10 0a10.011 10.011 0 0 1 10 10Zm-1.25 0A8.75 8.75 0 1 0 10 18.75 8.76 8.76 0 0 0 18.75 10Z"></path>
    </svg></span>
    <span class="text-secondary-weak font-normal"><faceplate-number number="2"><!---->2</faceplate-number> more replies</span>
  
      </button>
expander.js:2113 [Progress] No current overlay found, cannot update progress
expander.js:1234 [Expander] Processing missed button: collapsed
expander.js:1326 [Expander] Attempting to click expand button: <button class="text-tone-2 text-12 no-underline hover:underline px-xs py-xs flex ml-[3px] xs:ml-0 !bg-transparent !border-0" type="button" data-reddit-expander-processed="true" style="">
    <span class="text-neutral-content-strong mr-xs flex items-center"><svg rpl="" fill="currentColor" height="16" icon-name="join-outline" viewBox="0 0 20 20" width="16" xmlns="http://www.w3.org/2000/svg">
      <path d="M10.625 9.375H14v1.25h-3.375V14h-1.25v-3.375H6v-1.25h3.375V6h1.25v3.375ZM20 10A10 10 0 1 1 10 0a10.011 10.011 0 0 1 10 10Zm-1.25 0A8.75 8.75 0 1 0 10 18.75 8.76 8.76 0 0 0 18.75 10Z"></path>
    </svg></span>
    <span class="text-secondary-weak font-normal"><faceplate-number number="1"><!---->1</faceplate-number> more reply</span>
  </button>
expander.js:2113 [Progress] No current overlay found, cannot update progress
expander.js:1234 [Expander] Processing missed button: collapsed
expander.js:1326 [Expander] Attempting to click expand button: <button aria-hidden="true" class="text-tone-2 text-12 no-underline hover:underline px-xs py-xs flex ml-[3px] xs:ml-0 !bg-transparent !border-0 invisible h-0 !p-0" type="button" data-reddit-expander-processed="true" style="transition: box-shadow 0.3s; box-shadow: rgba(76, 175, 80, 0.4) 0px 0px 8px; border-radius: 4px;">
        
    <span class="text-neutral-content-strong mr-xs flex items-center"><svg rpl="" fill="currentColor" height="16" icon-name="join-outline" viewBox="0 0 20 20" width="16" xmlns="http://www.w3.org/2000/svg">
      <path d="M10.625 9.375H14v1.25h-3.375V14h-1.25v-3.375H6v-1.25h3.375V6h1.25v3.375ZM20 10A10 10 0 1 1 10 0a10.011 10.011 0 0 1 10 10Zm-1.25 0A8.75 8.75 0 1 0 10 18.75 8.76 8.76 0 0 0 18.75 10Z"></path>
    </svg></span>
    <span class="text-secondary-weak font-normal"><faceplate-number number="4"><!---->4</faceplate-number> more replies</span>
  
      </button>
expander.js:2113 [Progress] No current overlay found, cannot update progress
expander.js:1234 [Expander] Processing missed button: collapsed
expander.js:1326 [Expander] Attempting to click expand button: <button class="text-tone-2 text-12 no-underline hover:underline px-xs py-xs flex ml-[3px] xs:ml-0 !bg-transparent !border-0" type="button" data-reddit-expander-processed="true" style="">
    <span class="text-neutral-content-strong mr-xs flex items-center"><svg rpl="" fill="currentColor" height="16" icon-name="join-outline" viewBox="0 0 20 20" width="16" xmlns="http://www.w3.org/2000/svg">
      <path d="M10.625 9.375H14v1.25h-3.375V14h-1.25v-3.375H6v-1.25h3.375V6h1.25v3.375ZM20 10A10 10 0 1 1 10 0a10.011 10.011 0 0 1 10 10Zm-1.25 0A8.75 8.75 0 1 0 10 18.75 8.76 8.76 0 0 0 18.75 10Z"></path>
    </svg></span>
    <span class="text-secondary-weak font-normal"><faceplate-number number="1"><!---->1</faceplate-number> more reply</span>
  </button>
expander.js:2113 [Progress] No current overlay found, cannot update progress
expander.js:1234 [Expander] Processing missed button: collapsed
expander.js:1326 [Expander] Attempting to click expand button: <button aria-hidden="true" class="text-tone-2 text-12 no-underline hover:underline px-xs py-xs flex ml-[3px] xs:ml-0 !bg-transparent !border-0 invisible h-0 !p-0" type="button" data-reddit-expander-processed="true" style="">
        
    <span class="text-neutral-content-strong mr-xs flex items-center"><svg rpl="" fill="currentColor" height="16" icon-name="join-outline" viewBox="0 0 20 20" width="16" xmlns="http://www.w3.org/2000/svg">
      <path d="M10.625 9.375H14v1.25h-3.375V14h-1.25v-3.375H6v-1.25h3.375V6h1.25v3.375ZM20 10A10 10 0 1 1 10 0a10.011 10.011 0 0 1 10 10Zm-1.25 0A8.75 8.75 0 1 0 10 18.75 8.76 8.76 0 0 0 18.75 10Z"></path>
    </svg></span>
    <span class="text-secondary-weak font-normal"><faceplate-number number="1"><!---->1</faceplate-number> more reply</span>
  
      </button>
expander.js:2113 [Progress] No current overlay found, cannot update progress
expander.js:1234 [Expander] Processing missed button: crowdControl
expander.js:1484 Expanding crowd control comment
expander.js:1322 [Expander] Skipping button (no expandable icon) - attempting anyway
expander.js:1326 [Expander] Attempting to click expand button: <button rpl="" class="relative button-small px-[var(--rem10)] button-primary items-center justify-center button inline-flex cursor-pointer" slot="submit-button" type="submit" data-reddit-expander-processed="true">
      <span class="flex items-center justify-center">
      
      <span class="flex items-center gap-xs">
            <span class="block relative">
              <span slot="content" style="opacity: 1;">
                Comment
              </span>
              <span slot="spinner" class="absolute inset-0 flex justify-center items-center hidden" aria-hidden="true">
                <svg rpl="" class="animate-spin leading-[0] absolute" fill="currentColor" height="20" icon-name="load-outline" viewBox="0 0 20 20" width="20" xmlns="http://www.w3.org/2000/svg">
      <path d="M10 6.25a.75.75 0 0 1-.75-.75V1.75a.75.75 0 0 1 1.5 0V5.5a.75.75 0 0 1-.75.75Zm.75 12V14.5a.75.75 0 1 0-1.5 0v3.75a.75.75 0 1 0 1.5 0ZM8.125 6.752a.75.75 0 0 0 .274-1.024L6.524 2.48a.757.757 0 0 0-.455-.36.757.757 0 0 0-.575.074.757.757 0 0 0-.351.462.757.757 0 0 0 .083.574L7.1 6.478a.75.75 0 0 0 1.024.274ZM14.5 17.794a.75.75 0 0 0 .274-1.024L12.9 13.523a.757.757 0 0 0-.455-.36.757.757 0 0 0-.575.074.758.758 0 0 0-.351.462.757.757 0 0 0 .083.574l1.875 3.247a.75.75 0 0 0 1.024.274ZM6.752 8.125a.75.75 0 0 0-.274-1.024L3.231 5.226a.75.75 0 0 0-.75 1.298L5.728 8.4a.75.75 0 0 0 1.024-.274ZM17.794 14.5a.75.75 0 0 0-.274-1.024L14.271 11.6a.75.75 0 0 0-.75 1.298l3.248 1.875a.75.75 0 0 0 1.024-.274ZM6.25 10a.75.75 0 0 0-.75-.75H1.75a.75.75 0 0 0 0 1.5H5.5a.75.75 0 0 0 .75-.75ZM19 10a.75.75 0 0 0-.75-.75H14.5a.75.75 0 1 0 0 1.5h3.75A.75.75 0 0 0 19 10ZM3.23 14.774 6.478 12.9a.757.757 0 0 0 .359-.455.757.757 0 0 0-.074-.575.757.757 0 0 0-.461-.351.757.757 0 0 0-.574.083l-3.247 1.875a.757.757 0 0 0-.36.455.757.757 0 0 0 .074.575c.1.173.269.301.462.351.192.05.403.02.574-.083ZM14.272 8.4l3.248-1.875a.757.757 0 0 0 .359-.455.757.757 0 0 0-.074-.575.757.757 0 0 0-.461-.351.757.757 0 0 0-.574.083L13.522 7.1a.757.757 0 0 0-.359.455.757.757 0 0 0 .074.575c.1.173.268.301.461.351.193.05.403.02.574-.083ZM6.524 17.52 8.4 14.273a.757.757 0 0 0 .083-.574.757.757 0 0 0-.35-.461.757.757 0 0 0-.576-.074.757.757 0 0 0-.455.359L5.226 16.77a.757.757 0 0 0-.083.574c.05.192.178.362.35.461.173.1.384.127.576.074a.757.757 0 0 0 .455-.359ZM12.9 6.478l1.875-3.247a.75.75 0 0 0-1.298-.75L11.6 5.728a.757.757 0 0 0-.083.574c.05.193.178.362.35.461.173.1.384.127.576.074a.757.757 0 0 0 .455-.359Z"></path>
    </svg>
              </span>
            </span>
          </span>
    </span>
    
    </button>
expander.js:1234 [Expander] Processing missed button: crowdControl
expander.js:1484 Expanding crowd control comment
expander.js:1322 [Expander] Skipping button (no expandable icon) - attempting anyway
expander.js:1326 [Expander] Attempting to click expand button: <button rpl="" class="
button-medium px-[var(--rem8)]
button-plain


icon
items-center justify-center
button inline-flex " id="header-action-item-chat-button" data-reddit-expander-processed="true" style="transition: box-shadow 0.3s; box-shadow: rgba(76, 175, 80, 0.4) 0px 0px 8px; border-radius: 4px;">
      <span class="flex items-center justify-center">
      <span class="flex"><svg rpl="" fill="currentColor" height="20" icon-name="chat-outline" viewBox="0 0 20 20" width="20" xmlns="http://www.w3.org/2000/svg">
      <path d="M11.61 19.872a10.013 10.013 0 0 0 6.51-4.035A9.999 9.999 0 0 0 12.275.264c-1.28-.3-2.606-.345-3.903-.132a10.05 10.05 0 0 0-8.25 8.311 9.877 9.877 0 0 0 1.202 6.491l-1.24 4.078a.727.727 0 0 0 .178.721.72.72 0 0 0 .72.19l4.17-1.193A9.87 9.87 0 0 0 9.998 20c.54 0 1.079-.043 1.612-.128ZM1.558 18.458l1.118-3.69-.145-.24A8.647 8.647 0 0 1 1.36 8.634a8.778 8.778 0 0 1 7.21-7.27 8.765 8.765 0 0 1 8.916 3.995 8.748 8.748 0 0 1-2.849 12.09 8.763 8.763 0 0 1-3.22 1.188 8.68 8.68 0 0 1-5.862-1.118l-.232-.138-3.764 1.076ZM6.006 9a1.001 1.001 0 0 0-.708 1.707A1 1 0 1 0 6.006 9Zm4.002 0a1.001 1.001 0 0 0-.195 1.981 1 1 0 1 0 .195-1.98Zm4.003 0a1.001 1.001 0 1 0 0 2.003 1.001 1.001 0 0 0 0-2.003Z"></path>
    </svg></span>
      
    </span>
    <faceplate-screen-reader-content>Open chat</faceplate-screen-reader-content>
    </button>
expander.js:1234 [Expander] Processing missed button: collapsed
expander.js:1326 [Expander] Attempting to click expand button: <button aria-hidden="true" class="text-tone-2 text-12 no-underline hover:underline px-xs py-xs flex ml-[3px] xs:ml-0 !bg-transparent !border-0 invisible h-0 !p-0" type="button" data-reddit-expander-processed="true" style="">
        
    <span class="text-neutral-content-strong mr-xs flex items-center"><svg rpl="" fill="currentColor" height="16" icon-name="join-outline" viewBox="0 0 20 20" width="16" xmlns="http://www.w3.org/2000/svg">
      <path d="M10.625 9.375H14v1.25h-3.375V14h-1.25v-3.375H6v-1.25h3.375V6h1.25v3.375ZM20 10A10 10 0 1 1 10 0a10.011 10.011 0 0 1 10 10Zm-1.25 0A8.75 8.75 0 1 0 10 18.75 8.76 8.76 0 0 0 18.75 10Z"></path>
    </svg></span>
    <span class="text-secondary-weak font-normal"><faceplate-number number="1"><!---->1</faceplate-number> more reply</span>
  
      </button>
expander.js:1234 [Expander] Processing missed button: collapsed
expander.js:1326 [Expander] Attempting to click expand button: <button aria-hidden="true" class="text-tone-2 text-12 no-underline hover:underline px-xs py-xs flex ml-[3px] xs:ml-0 !bg-transparent !border-0 invisible h-0 !p-0" type="button" data-reddit-expander-processed="true" style="">
        
    <span class="text-neutral-content-strong mr-xs flex items-center"><svg rpl="" fill="currentColor" height="16" icon-name="join-outline" viewBox="0 0 20 20" width="16" xmlns="http://www.w3.org/2000/svg">
      <path d="M10.625 9.375H14v1.25h-3.375V14h-1.25v-3.375H6v-1.25h3.375V6h1.25v3.375ZM20 10A10 10 0 1 1 10 0a10.011 10.011 0 0 1 10 10Zm-1.25 0A8.75 8.75 0 1 0 10 18.75 8.76 8.76 0 0 0 18.75 10Z"></path>
    </svg></span>
    <span class="text-secondary-weak font-normal"><faceplate-number number="8"><!---->8</faceplate-number> more replies</span>
  
      </button>
expander.js:1234 [Expander] Processing missed button: collapsed
expander.js:1326 [Expander] Attempting to click expand button: <button class="text-tone-2 text-12 no-underline hover:underline px-xs py-xs flex ml-[3px] xs:ml-0 !bg-transparent !border-0" type="button" data-reddit-expander-processed="true" style="">
    <span class="text-neutral-content-strong mr-xs flex items-center"><svg rpl="" fill="currentColor" height="16" icon-name="join-outline" viewBox="0 0 20 20" width="16" xmlns="http://www.w3.org/2000/svg">
      <path d="M10.625 9.375H14v1.25h-3.375V14h-1.25v-3.375H6v-1.25h3.375V6h1.25v3.375ZM20 10A10 10 0 1 1 10 0a10.011 10.011 0 0 1 10 10Zm-1.25 0A8.75 8.75 0 1 0 10 18.75 8.76 8.76 0 0 0 18.75 10Z"></path>
    </svg></span>
    <span class="text-secondary-weak font-normal"><faceplate-number number="1"><!---->1</faceplate-number> more reply</span>
  </button>
expander.js:1234 [Expander] Processing missed button: collapsed
expander.js:1326 [Expander] Attempting to click expand button: <button aria-hidden="true" class="text-tone-2 text-12 no-underline hover:underline px-xs py-xs flex ml-[3px] xs:ml-0 !bg-transparent !border-0 invisible h-0 !p-0" type="button" data-reddit-expander-processed="true" style="">
        
    <span class="text-neutral-content-strong mr-xs flex items-center"><svg rpl="" fill="currentColor" height="16" icon-name="join-outline" viewBox="0 0 20 20" width="16" xmlns="http://www.w3.org/2000/svg">
      <path d="M10.625 9.375H14v1.25h-3.375V14h-1.25v-3.375H6v-1.25h3.375V6h1.25v3.375ZM20 10A10 10 0 1 1 10 0a10.011 10.011 0 0 1 10 10Zm-1.25 0A8.75 8.75 0 1 0 10 18.75 8.76 8.76 0 0 0 18.75 10Z"></path>
    </svg></span>
    <span class="text-secondary-weak font-normal"><faceplate-number number="13"><!---->13</faceplate-number> more replies</span>
  
      </button>
expander.js:1234 [Expander] Processing missed button: crowdControl
expander.js:1484 Expanding crowd control comment
expander.js:1322 [Expander] Skipping button (no expandable icon) - attempting anyway
expander.js:1326 [Expander] Attempting to click expand button: <button rpl="" class="
button-small px-[var(--rem10)]
button-secondary



items-center justify-center
button inline-flex " slot="cancel-button" type="reset" data-reddit-expander-processed="true" style="transition: box-shadow 0.3s; box-shadow: rgba(76, 175, 80, 0.4) 0px 0px 8px; border-radius: 4px;">
      <span class="flex items-center justify-center">
      
      <span class="flex items-center gap-xs">Cancel</span>
    </span>
    
    </button>
expander.js:2113 [Progress] No current overlay found, cannot update progress
expander.js:1234 [Expander] Processing missed button: crowdControl
expander.js:1484 Expanding crowd control comment
expander.js:1322 [Expander] Skipping button (no expandable icon) - attempting anyway
expander.js:1326 [Expander] Attempting to click expand button: <button rpl="" class="relative button-small px-[var(--rem10)] button-primary items-center justify-center button inline-flex cursor-pointer" slot="submit-button" type="submit" data-reddit-expander-processed="true">
      <span class="flex items-center justify-center">
      
      <span class="flex items-center gap-xs">
            <span class="block relative">
              <span slot="content" style="opacity: 1;">
                Comment
              </span>
              <span slot="spinner" class="absolute inset-0 flex justify-center items-center hidden" aria-hidden="true">
                <svg rpl="" class="animate-spin leading-[0] absolute" fill="currentColor" height="20" icon-name="load-outline" viewBox="0 0 20 20" width="20" xmlns="http://www.w3.org/2000/svg">
      <path d="M10 6.25a.75.75 0 0 1-.75-.75V1.75a.75.75 0 0 1 1.5 0V5.5a.75.75 0 0 1-.75.75Zm.75 12V14.5a.75.75 0 1 0-1.5 0v3.75a.75.75 0 1 0 1.5 0ZM8.125 6.752a.75.75 0 0 0 .274-1.024L6.524 2.48a.757.757 0 0 0-.455-.36.757.757 0 0 0-.575.074.757.757 0 0 0-.351.462.757.757 0 0 0 .083.574L7.1 6.478a.75.75 0 0 0 1.024.274ZM14.5 17.794a.75.75 0 0 0 .274-1.024L12.9 13.523a.757.757 0 0 0-.455-.36.757.757 0 0 0-.575.074.758.758 0 0 0-.351.462.757.757 0 0 0 .083.574l1.875 3.247a.75.75 0 0 0 1.024.274ZM6.752 8.125a.75.75 0 0 0-.274-1.024L3.231 5.226a.75.75 0 0 0-.75 1.298L5.728 8.4a.75.75 0 0 0 1.024-.274ZM17.794 14.5a.75.75 0 0 0-.274-1.024L14.271 11.6a.75.75 0 0 0-.75 1.298l3.248 1.875a.75.75 0 0 0 1.024-.274ZM6.25 10a.75.75 0 0 0-.75-.75H1.75a.75.75 0 0 0 0 1.5H5.5a.75.75 0 0 0 .75-.75ZM19 10a.75.75 0 0 0-.75-.75H14.5a.75.75 0 1 0 0 1.5h3.75A.75.75 0 0 0 19 10ZM3.23 14.774 6.478 12.9a.757.757 0 0 0 .359-.455.757.757 0 0 0-.074-.575.757.757 0 0 0-.461-.351.757.757 0 0 0-.574.083l-3.247 1.875a.757.757 0 0 0-.36.455.757.757 0 0 0 .074.575c.1.173.269.301.462.351.192.05.403.02.574-.083ZM14.272 8.4l3.248-1.875a.757.757 0 0 0 .359-.455.757.757 0 0 0-.074-.575.757.757 0 0 0-.461-.351.757.757 0 0 0-.574.083L13.522 7.1a.757.757 0 0 0-.359.455.757.757 0 0 0 .074.575c.1.173.268.301.461.351.193.05.403.02.574-.083ZM6.524 17.52 8.4 14.273a.757.757 0 0 0 .083-.574.757.757 0 0 0-.35-.461.757.757 0 0 0-.576-.074.757.757 0 0 0-.455.359L5.226 16.77a.757.757 0 0 0-.083.574c.05.192.178.362.35.461.173.1.384.127.576.074a.757.757 0 0 0 .455-.359ZM12.9 6.478l1.875-3.247a.75.75 0 0 0-1.298-.75L11.6 5.728a.757.757 0 0 0-.083.574c.05.193.178.362.35.461.173.1.384.127.576.074a.757.757 0 0 0 .455-.359Z"></path>
    </svg>
              </span>
            </span>
          </span>
    </span>
    
    </button>
expander.js:2113 [Progress] No current overlay found, cannot update progress
expander.js:2113 [Progress] No current overlay found, cannot update progress
expander.js:2113 [Progress] No current overlay found, cannot update progress
expander.js:2113 [Progress] No current overlay found, cannot update progress
expander.js:2113 [Progress] No current overlay found, cannot update progress
expander.js:2113 [Progress] No current overlay found, cannot update progress
expander.js:2113 [Progress] No current overlay found, cannot update progress
expander.js:2113 [Progress] No current overlay found, cannot update progress
expander.js:2113 [Progress] No current overlay found, cannot update progress
expander.js:2113 [Progress] No current overlay found, cannot update progress
expander.js:2113 [Progress] No current overlay found, cannot update progress
expander.js:2113 [Progress] No current overlay found, cannot update progress
expander.js:2113 [Progress] No current overlay found, cannot update progress
expander.js:1234 [Expander] Processing missed button: crowdControl
expander.js:1484 Expanding crowd control comment
expander.js:1322 [Expander] Skipping button (no expandable icon) - attempting anyway
expander.js:1326 [Expander] Attempting to click expand button: <button rpl="" class=" max-w-[40px]
button-medium px-[var(--rem8)]
button-plain


icon
items-center justify-center
button inline-flex " id="expand-user-drawer-button" slot="trigger" type="button" aria-haspopup="menu" aria-expanded="false" data-reddit-expander-processed="true" style="transition: box-shadow 0.3s; box-shadow: rgba(76, 175, 80, 0.4) 0px 0px 8px; border-radius: 4px;">
      <span class="flex items-center justify-center">
      <span class="flex"><div class="max-h-xl">
        <faceplate-partial loading="eager" render-mode="contents" src="/svc/shreddit/user-drawer-button-logged-in" style="display: contents;"><span class="inline-flex items-center justify-center w-[2rem] h-[2rem] " rpl="" avatar="">
    
    <span rpl="" class="inline-block rounded-full  relative [&amp;&gt;:first-child]:h-full [&amp;&gt;:first-child]:w-full [&amp;&gt;:first-child]:mb-0 [&amp;&gt;:first-child]:rounded-[inherit] h-full w-full 
    [&amp;&gt;:first-child]:overflow-hidden [&amp;&gt;:first-child]:max-h-full" actioned="">
    <img src="https://www.redditstatic.com/avatars/defaults/v2/avatar_default_6.png" alt="User Avatar" class="h-full w-full">
        <span class="bg-online flex absolute
        bottom-0 rounded-full border-solid border-neutral-background bg-neutral-background right-[0.10rem]
        border w-[.375rem] h-[.375rem] border-2">
          
        </span>
      
  </span></span></faceplate-partial>
      </div></span>
      
    </span>
    <faceplate-screen-reader-content>Expand user menu</faceplate-screen-reader-content>
    </button>
expander.js:2113 [Progress] No current overlay found, cannot update progress
expander.js:1234 [Expander] Processing missed button: collapsed
expander.js:1326 [Expander] Attempting to click expand button: <button class="text-tone-2 text-12 no-underline hover:underline px-xs py-xs flex ml-[3px] xs:ml-0 !bg-transparent !border-0" type="button" data-reddit-expander-processed="true" style="">
    <span class="text-neutral-content-strong mr-xs flex items-center"><svg rpl="" fill="currentColor" height="16" icon-name="join-outline" viewBox="0 0 20 20" width="16" xmlns="http://www.w3.org/2000/svg">
      <path d="M10.625 9.375H14v1.25h-3.375V14h-1.25v-3.375H6v-1.25h3.375V6h1.25v3.375ZM20 10A10 10 0 1 1 10 0a10.011 10.011 0 0 1 10 10Zm-1.25 0A8.75 8.75 0 1 0 10 18.75 8.76 8.76 0 0 0 18.75 10Z"></path>
    </svg></span>
    <span class="text-secondary-weak font-normal"><faceplate-number number="1"><!---->1</faceplate-number> more reply</span>
  </button>
expander.js:2113 [Progress] No current overlay found, cannot update progress
expander.js:1234 [Expander] Processing missed button: collapsed
expander.js:1326 [Expander] Attempting to click expand button: <button class="text-tone-2 text-12 no-underline hover:underline px-xs py-xs flex ml-[3px] xs:ml-0 !bg-transparent !border-0" type="button" data-reddit-expander-processed="true" style="">
    <span class="text-neutral-content-strong mr-xs flex items-center"><svg rpl="" fill="currentColor" height="16" icon-name="join-outline" viewBox="0 0 20 20" width="16" xmlns="http://www.w3.org/2000/svg">
      <path d="M10.625 9.375H14v1.25h-3.375V14h-1.25v-3.375H6v-1.25h3.375V6h1.25v3.375ZM20 10A10 10 0 1 1 10 0a10.011 10.011 0 0 1 10 10Zm-1.25 0A8.75 8.75 0 1 0 10 18.75 8.76 8.76 0 0 0 18.75 10Z"></path>
    </svg></span>
    <span class="text-secondary-weak font-normal"><faceplate-number number="1"><!---->1</faceplate-number> more reply</span>
  </button>
expander.js:1234 [Expander] Processing missed button: collapsed
expander.js:1326 [Expander] Attempting to click expand button: <button class="text-tone-2 text-12 no-underline hover:underline px-xs py-xs flex ml-[3px] xs:ml-0 !bg-transparent !border-0" type="button" data-reddit-expander-processed="true" style="">
    <span class="text-neutral-content-strong mr-xs flex items-center"><svg rpl="" fill="currentColor" height="16" icon-name="join-outline" viewBox="0 0 20 20" width="16" xmlns="http://www.w3.org/2000/svg">
      <path d="M10.625 9.375H14v1.25h-3.375V14h-1.25v-3.375H6v-1.25h3.375V6h1.25v3.375ZM20 10A10 10 0 1 1 10 0a10.011 10.011 0 0 1 10 10Zm-1.25 0A8.75 8.75 0 1 0 10 18.75 8.76 8.76 0 0 0 18.75 10Z"></path>
    </svg></span>
    <span class="text-secondary-weak font-normal"><faceplate-number number="11"><!---->11</faceplate-number> more replies</span>
  </button>
expander.js:2113 [Progress] No current overlay found, cannot update progress
expander.js:1234 [Expander] Processing missed button: collapsed
expander.js:1326 [Expander] Attempting to click expand button: <button aria-hidden="true" class="text-tone-2 text-12 no-underline hover:underline px-xs py-xs flex ml-[3px] xs:ml-0 !bg-transparent !border-0 invisible h-0 !p-0" type="button" data-reddit-expander-processed="true" style="">
        
    <span class="text-neutral-content-strong mr-xs flex items-center"><svg rpl="" fill="currentColor" height="16" icon-name="join-outline" viewBox="0 0 20 20" width="16" xmlns="http://www.w3.org/2000/svg">
      <path d="M10.625 9.375H14v1.25h-3.375V14h-1.25v-3.375H6v-1.25h3.375V6h1.25v3.375ZM20 10A10 10 0 1 1 10 0a10.011 10.011 0 0 1 10 10Zm-1.25 0A8.75 8.75 0 1 0 10 18.75 8.76 8.76 0 0 0 18.75 10Z"></path>
    </svg></span>
    <span class="text-secondary-weak font-normal"><faceplate-number number="1"><!---->1</faceplate-number> more reply</span>
  
      </button>
expander.js:2113 [Progress] No current overlay found, cannot update progress
expander.js:1234 [Expander] Processing missed button: collapsed
expander.js:1326 [Expander] Attempting to click expand button: <button class="text-tone-2 text-12 no-underline hover:underline px-xs py-xs flex ml-[3px] xs:ml-0 !bg-transparent !border-0" type="button" data-reddit-expander-processed="true" style="transition: box-shadow 0.3s; box-shadow: rgba(76, 175, 80, 0.4) 0px 0px 8px; border-radius: 4px;">
    <span class="text-neutral-content-strong mr-xs flex items-center"><svg rpl="" fill="currentColor" height="16" icon-name="join-outline" viewBox="0 0 20 20" width="16" xmlns="http://www.w3.org/2000/svg">
      <path d="M10.625 9.375H14v1.25h-3.375V14h-1.25v-3.375H6v-1.25h3.375V6h1.25v3.375ZM20 10A10 10 0 1 1 10 0a10.011 10.011 0 0 1 10 10Zm-1.25 0A8.75 8.75 0 1 0 10 18.75 8.76 8.76 0 0 0 18.75 10Z"></path>
    </svg></span>
    <span class="text-secondary-weak font-normal"><faceplate-number number="1"><!---->1</faceplate-number> more reply</span>
  </button>
expander.js:2113 [Progress] No current overlay found, cannot update progress
expander.js:1234 [Expander] Processing missed button: crowdControl
expander.js:1484 Expanding crowd control comment
expander.js:1322 [Expander] Skipping button (no expandable icon) - attempting anyway
expander.js:1326 [Expander] Attempting to click expand button: <button rpl="" class="relative button-small px-[var(--rem10)] button-primary items-center justify-center button inline-flex cursor-pointer" slot="submit-button" type="submit" data-reddit-expander-processed="true" style="transition: box-shadow 0.3s; box-shadow: rgba(76, 175, 80, 0.4) 0px 0px 8px; border-radius: 4px;">
      <span class="flex items-center justify-center">
      
      <span class="flex items-center gap-xs">
            <span class="block relative">
              <span slot="content" style="opacity: 1;">
                Comment
              </span>
              <span slot="spinner" class="absolute inset-0 flex justify-center items-center hidden" aria-hidden="true">
                <svg rpl="" class="animate-spin leading-[0] absolute" fill="currentColor" height="20" icon-name="load-outline" viewBox="0 0 20 20" width="20" xmlns="http://www.w3.org/2000/svg">
      <path d="M10 6.25a.75.75 0 0 1-.75-.75V1.75a.75.75 0 0 1 1.5 0V5.5a.75.75 0 0 1-.75.75Zm.75 12V14.5a.75.75 0 1 0-1.5 0v3.75a.75.75 0 1 0 1.5 0ZM8.125 6.752a.75.75 0 0 0 .274-1.024L6.524 2.48a.757.757 0 0 0-.455-.36.757.757 0 0 0-.575.074.757.757 0 0 0-.351.462.757.757 0 0 0 .083.574L7.1 6.478a.75.75 0 0 0 1.024.274ZM14.5 17.794a.75.75 0 0 0 .274-1.024L12.9 13.523a.757.757 0 0 0-.455-.36.757.757 0 0 0-.575.074.758.758 0 0 0-.351.462.757.757 0 0 0 .083.574l1.875 3.247a.75.75 0 0 0 1.024.274ZM6.752 8.125a.75.75 0 0 0-.274-1.024L3.231 5.226a.75.75 0 0 0-.75 1.298L5.728 8.4a.75.75 0 0 0 1.024-.274ZM17.794 14.5a.75.75 0 0 0-.274-1.024L14.271 11.6a.75.75 0 0 0-.75 1.298l3.248 1.875a.75.75 0 0 0 1.024-.274ZM6.25 10a.75.75 0 0 0-.75-.75H1.75a.75.75 0 0 0 0 1.5H5.5a.75.75 0 0 0 .75-.75ZM19 10a.75.75 0 0 0-.75-.75H14.5a.75.75 0 1 0 0 1.5h3.75A.75.75 0 0 0 19 10ZM3.23 14.774 6.478 12.9a.757.757 0 0 0 .359-.455.757.757 0 0 0-.074-.575.757.757 0 0 0-.461-.351.757.757 0 0 0-.574.083l-3.247 1.875a.757.757 0 0 0-.36.455.757.757 0 0 0 .074.575c.1.173.269.301.462.351.192.05.403.02.574-.083ZM14.272 8.4l3.248-1.875a.757.757 0 0 0 .359-.455.757.757 0 0 0-.074-.575.757.757 0 0 0-.461-.351.757.757 0 0 0-.574.083L13.522 7.1a.757.757 0 0 0-.359.455.757.757 0 0 0 .074.575c.1.173.268.301.461.351.193.05.403.02.574-.083ZM6.524 17.52 8.4 14.273a.757.757 0 0 0 .083-.574.757.757 0 0 0-.35-.461.757.757 0 0 0-.576-.074.757.757 0 0 0-.455.359L5.226 16.77a.757.757 0 0 0-.083.574c.05.192.178.362.35.461.173.1.384.127.576.074a.757.757 0 0 0 .455-.359ZM12.9 6.478l1.875-3.247a.75.75 0 0 0-1.298-.75L11.6 5.728a.757.757 0 0 0-.083.574c.05.193.178.362.35.461.173.1.384.127.576.074a.757.757 0 0 0 .455-.359Z"></path>
    </svg>
              </span>
            </span>
          </span>
    </span>
    
    </button>
expander.js:1234 [Expander] Processing missed button: collapsed
expander.js:1326 [Expander] Attempting to click expand button: <button class="text-tone-2 text-12 no-underline hover:underline px-xs py-xs flex ml-[3px] xs:ml-0 !bg-transparent !border-0" type="button" data-reddit-expander-processed="true" style="">
    <span class="text-neutral-content-strong mr-xs flex items-center"><svg rpl="" fill="currentColor" height="16" icon-name="join-outline" viewBox="0 0 20 20" width="16" xmlns="http://www.w3.org/2000/svg">
      <path d="M10.625 9.375H14v1.25h-3.375V14h-1.25v-3.375H6v-1.25h3.375V6h1.25v3.375ZM20 10A10 10 0 1 1 10 0a10.011 10.011 0 0 1 10 10Zm-1.25 0A8.75 8.75 0 1 0 10 18.75 8.76 8.76 0 0 0 18.75 10Z"></path>
    </svg></span>
    <span class="text-secondary-weak font-normal"><faceplate-number number="5"><!---->5</faceplate-number> more replies</span>
  </button>
expander.js:1234 [Expander] Processing missed button: collapsed
expander.js:1326 [Expander] Attempting to click expand button: <button class="text-tone-2 text-12 no-underline hover:underline px-xs py-xs flex ml-[3px] xs:ml-0 !bg-transparent !border-0" type="button" data-reddit-expander-processed="true" style="">
    <span class="text-neutral-content-strong mr-xs flex items-center"><svg rpl="" fill="currentColor" height="16" icon-name="join-outline" viewBox="0 0 20 20" width="16" xmlns="http://www.w3.org/2000/svg">
      <path d="M10.625 9.375H14v1.25h-3.375V14h-1.25v-3.375H6v-1.25h3.375V6h1.25v3.375ZM20 10A10 10 0 1 1 10 0a10.011 10.011 0 0 1 10 10Zm-1.25 0A8.75 8.75 0 1 0 10 18.75 8.76 8.76 0 0 0 18.75 10Z"></path>
    </svg></span>
    <span class="text-secondary-weak font-normal"><faceplate-number number="9"><!---->9</faceplate-number> more replies</span>
  </button>
expander.js:1234 [Expander] Processing missed button: collapsed
expander.js:1326 [Expander] Attempting to click expand button: <button aria-hidden="true" class="text-tone-2 text-12 no-underline hover:underline px-xs py-xs flex ml-[3px] xs:ml-0 !bg-transparent !border-0 invisible h-0 !p-0" type="button" data-reddit-expander-processed="true" style="">
        
    <span class="text-neutral-content-strong mr-xs flex items-center"><svg rpl="" fill="currentColor" height="16" icon-name="join-outline" viewBox="0 0 20 20" width="16" xmlns="http://www.w3.org/2000/svg">
      <path d="M10.625 9.375H14v1.25h-3.375V14h-1.25v-3.375H6v-1.25h3.375V6h1.25v3.375ZM20 10A10 10 0 1 1 10 0a10.011 10.011 0 0 1 10 10Zm-1.25 0A8.75 8.75 0 1 0 10 18.75 8.76 8.76 0 0 0 18.75 10Z"></path>
    </svg></span>
    <span class="text-secondary-weak font-normal"><faceplate-number number="2"><!---->2</faceplate-number> more replies</span>
  
      </button>
expander.js:2113 [Progress] No current overlay found, cannot update progress
expander.js:1234 [Expander] Processing missed button: continueThread
expander.js:2113 [Progress] No current overlay found, cannot update progress
expander.js:1234 [Expander] Processing missed button: continueThread
expander.js:2113 [Progress] No current overlay found, cannot update progress
expander.js:1234 [Expander] Processing missed button: collapsed
expander.js:1326 [Expander] Attempting to click expand button: <button aria-hidden="true" class="text-tone-2 text-12 no-underline hover:underline px-xs py-xs flex ml-[3px] xs:ml-0 !bg-transparent !border-0 invisible h-0 !p-0" type="button" data-reddit-expander-processed="true" style="">
        
    <span class="text-neutral-content-strong mr-xs flex items-center"><svg rpl="" fill="currentColor" height="16" icon-name="join-outline" viewBox="0 0 20 20" width="16" xmlns="http://www.w3.org/2000/svg">
      <path d="M10.625 9.375H14v1.25h-3.375V14h-1.25v-3.375H6v-1.25h3.375V6h1.25v3.375ZM20 10A10 10 0 1 1 10 0a10.011 10.011 0 0 1 10 10Zm-1.25 0A8.75 8.75 0 1 0 10 18.75 8.76 8.76 0 0 0 18.75 10Z"></path>
    </svg></span>
    <span class="text-secondary-weak font-normal"><faceplate-number number="6"><!---->6</faceplate-number> more replies</span>
  
      </button>
expander.js:1234 [Expander] Processing missed button: collapsed
expander.js:1326 [Expander] Attempting to click expand button: <button class="text-tone-2 text-12 no-underline hover:underline px-xs py-xs flex ml-[3px] xs:ml-0 !bg-transparent !border-0" type="button" data-reddit-expander-processed="true" style="">
    <span class="text-neutral-content-strong mr-xs flex items-center"><svg rpl="" fill="currentColor" height="16" icon-name="join-outline" viewBox="0 0 20 20" width="16" xmlns="http://www.w3.org/2000/svg">
      <path d="M10.625 9.375H14v1.25h-3.375V14h-1.25v-3.375H6v-1.25h3.375V6h1.25v3.375ZM20 10A10 10 0 1 1 10 0a10.011 10.011 0 0 1 10 10Zm-1.25 0A8.75 8.75 0 1 0 10 18.75 8.76 8.76 0 0 0 18.75 10Z"></path>
    </svg></span>
    <span class="text-secondary-weak font-normal"><faceplate-number number="6"><!---->6</faceplate-number> more replies</span>
  </button>
expander.js:1234 [Expander] Processing missed button: collapsed
expander.js:1326 [Expander] Attempting to click expand button: <button aria-hidden="true" class="text-tone-2 text-12 no-underline hover:underline px-xs py-xs flex ml-[3px] xs:ml-0 !bg-transparent !border-0 invisible h-0 !p-0" type="button" data-reddit-expander-processed="true" style="">
        
    <span class="text-neutral-content-strong mr-xs flex items-center"><svg rpl="" fill="currentColor" height="16" icon-name="join-outline" viewBox="0 0 20 20" width="16" xmlns="http://www.w3.org/2000/svg">
      <path d="M10.625 9.375H14v1.25h-3.375V14h-1.25v-3.375H6v-1.25h3.375V6h1.25v3.375ZM20 10A10 10 0 1 1 10 0a10.011 10.011 0 0 1 10 10Zm-1.25 0A8.75 8.75 0 1 0 10 18.75 8.76 8.76 0 0 0 18.75 10Z"></path>
    </svg></span>
    <span class="text-secondary-weak font-normal"><faceplate-number number="1"><!---->1</faceplate-number> more reply</span>
  
      </button>
expander.js:1234 [Expander] Processing missed button: collapsed
expander.js:1326 [Expander] Attempting to click expand button: <button class="text-tone-2 text-12 no-underline hover:underline px-xs py-xs flex ml-[3px] xs:ml-0 !bg-transparent !border-0" type="button" data-reddit-expander-processed="true" style="transition: box-shadow 0.3s; box-shadow: rgba(76, 175, 80, 0.4) 0px 0px 8px; border-radius: 4px;">
    <span class="text-neutral-content-strong mr-xs flex items-center"><svg rpl="" fill="currentColor" height="16" icon-name="join-outline" viewBox="0 0 20 20" width="16" xmlns="http://www.w3.org/2000/svg">
      <path d="M10.625 9.375H14v1.25h-3.375V14h-1.25v-3.375H6v-1.25h3.375V6h1.25v3.375ZM20 10A10 10 0 1 1 10 0a10.011 10.011 0 0 1 10 10Zm-1.25 0A8.75 8.75 0 1 0 10 18.75 8.76 8.76 0 0 0 18.75 10Z"></path>
    </svg></span>
    <span class="text-secondary-weak font-normal"><faceplate-number number="1"><!---->1</faceplate-number> more reply</span>
  </button>
expander.js:1234 [Expander] Processing missed button: collapsed
expander.js:1326 [Expander] Attempting to click expand button: <button aria-hidden="true" class="text-tone-2 text-12 no-underline hover:underline px-xs py-xs flex ml-[3px] xs:ml-0 !bg-transparent !border-0 invisible h-0 !p-0" type="button" data-reddit-expander-processed="true" style="">
        
    <span class="text-neutral-content-strong mr-xs flex items-center"><svg rpl="" fill="currentColor" height="16" icon-name="join-outline" viewBox="0 0 20 20" width="16" xmlns="http://www.w3.org/2000/svg">
      <path d="M10.625 9.375H14v1.25h-3.375V14h-1.25v-3.375H6v-1.25h3.375V6h1.25v3.375ZM20 10A10 10 0 1 1 10 0a10.011 10.011 0 0 1 10 10Zm-1.25 0A8.75 8.75 0 1 0 10 18.75 8.76 8.76 0 0 0 18.75 10Z"></path>
    </svg></span>
    <span class="text-secondary-weak font-normal"><faceplate-number number="1"><!---->1</faceplate-number> more reply</span>
  
      </button>
expander.js:1234 [Expander] Processing missed button: collapsed
expander.js:1326 [Expander] Attempting to click expand button: <button class="text-tone-2 text-12 no-underline hover:underline px-xs py-xs flex ml-[3px] xs:ml-0 !bg-transparent !border-0" type="button" data-reddit-expander-processed="true" style="">
    <span class="text-neutral-content-strong mr-xs flex items-center"><svg rpl="" fill="currentColor" height="16" icon-name="join-outline" viewBox="0 0 20 20" width="16" xmlns="http://www.w3.org/2000/svg">
      <path d="M10.625 9.375H14v1.25h-3.375V14h-1.25v-3.375H6v-1.25h3.375V6h1.25v3.375ZM20 10A10 10 0 1 1 10 0a10.011 10.011 0 0 1 10 10Zm-1.25 0A8.75 8.75 0 1 0 10 18.75 8.76 8.76 0 0 0 18.75 10Z"></path>
    </svg></span>
    <span class="text-secondary-weak font-normal"><faceplate-number number="4"><!---->4</faceplate-number> more replies</span>
  </button>
expander.js:1234 [Expander] Processing missed button: crowdControl
expander.js:1484 Expanding crowd control comment
expander.js:1322 [Expander] Skipping button (no expandable icon) - attempting anyway
expander.js:1326 [Expander] Attempting to click expand button: <button rpl="" class="button border-md shrink-0 text-12 button-plain-weak  inline-flex items-center
       px-sm
      " style="height: var(--size-button-sm-h); font: var(--font-button-sm)" actioned="" data-reddit-expander-processed="true">
      <span class="flex items-center">
      <span class="flex text-16 mr-[var(--rem6)]"><svg rpl="" fill="currentColor" height="16" icon-name="comment-outline" viewBox="0 0 20 20" width="16" xmlns="http://www.w3.org/2000/svg">
      <path d="M10 19H1.871a.886.886 0 0 1-.798-.52.886.886 0 0 1 .158-.941L3.1 15.771A9 9 0 1 1 10 19Zm-6.549-1.5H10a7.5 7.5 0 1 0-5.323-2.219l.54.545L3.451 17.5Z"></path>
    </svg></span>
      <span> Reply </span>
    </span>
    <faceplate-screen-reader-content>
          reply
        </faceplate-screen-reader-content>
    </button>
expander.js:2113 [Progress] No current overlay found, cannot update progress
expander.js:2113 [Progress] No current overlay found, cannot update progress
expander.js:2113 [Progress] No current overlay found, cannot update progress
expander.js:1234 [Expander] Processing missed button: crowdControl
expander.js:1484 Expanding crowd control comment
expander.js:1322 [Expander] Skipping button (no expandable icon) - attempting anyway
expander.js:1326 [Expander] Attempting to click expand button: <button rpl="" class="button border-md shrink-0 text-12 button-plain-weak  inline-flex items-center
       px-sm
      " style="height: var(--size-button-sm-h); font: var(--font-button-sm)" actioned="" data-reddit-expander-processed="true">
      <span class="flex items-center">
      <span class="flex text-16 mr-[var(--rem6)]"><svg rpl="" fill="currentColor" height="16" icon-name="comment-outline" viewBox="0 0 20 20" width="16" xmlns="http://www.w3.org/2000/svg">
      <path d="M10 19H1.871a.886.886 0 0 1-.798-.52.886.886 0 0 1 .158-.941L3.1 15.771A9 9 0 1 1 10 19Zm-6.549-1.5H10a7.5 7.5 0 1 0-5.323-2.219l.54.545L3.451 17.5Z"></path>
    </svg></span>
      <span> Reply </span>
    </span>
    <faceplate-screen-reader-content>
          reply
        </faceplate-screen-reader-content>
    </button>
expander.js:2113 [Progress] No current overlay found, cannot update progress
expander.js:1234 [Expander] Processing missed button: collapsed
expander.js:1326 [Expander] Attempting to click expand button: <button aria-hidden="true" class="text-tone-2 text-12 no-underline hover:underline px-xs py-xs flex ml-[3px] xs:ml-0 !bg-transparent !border-0 invisible h-0 !p-0" type="button" data-reddit-expander-processed="true" style="">
        
    <span class="text-neutral-content-strong mr-xs flex items-center"><svg rpl="" fill="currentColor" height="16" icon-name="join-outline" viewBox="0 0 20 20" width="16" xmlns="http://www.w3.org/2000/svg">
      <path d="M10.625 9.375H14v1.25h-3.375V14h-1.25v-3.375H6v-1.25h3.375V6h1.25v3.375ZM20 10A10 10 0 1 1 10 0a10.011 10.011 0 0 1 10 10Zm-1.25 0A8.75 8.75 0 1 0 10 18.75 8.76 8.76 0 0 0 18.75 10Z"></path>
    </svg></span>
    <span class="text-secondary-weak font-normal"><faceplate-number number="11"><!---->11</faceplate-number> more replies</span>
  
      </button>
expander.js:2113 [Progress] No current overlay found, cannot update progress
expander.js:2113 [Progress] No current overlay found, cannot update progress
expander.js:2113 [Progress] No current overlay found, cannot update progress
expander.js:2113 [Progress] No current overlay found, cannot update progress
expander.js:1234 [Expander] Processing missed button: collapsed
expander.js:1326 [Expander] Attempting to click expand button: <button aria-hidden="true" class="text-tone-2 text-12 no-underline hover:underline px-xs py-xs flex ml-[3px] xs:ml-0 !bg-transparent !border-0 invisible h-0 !p-0" type="button" data-reddit-expander-processed="true" style="">
        
    <span class="text-neutral-content-strong mr-xs flex items-center"><svg rpl="" fill="currentColor" height="16" icon-name="join-outline" viewBox="0 0 20 20" width="16" xmlns="http://www.w3.org/2000/svg">
      <path d="M10.625 9.375H14v1.25h-3.375V14h-1.25v-3.375H6v-1.25h3.375V6h1.25v3.375ZM20 10A10 10 0 1 1 10 0a10.011 10.011 0 0 1 10 10Zm-1.25 0A8.75 8.75 0 1 0 10 18.75 8.76 8.76 0 0 0 18.75 10Z"></path>
    </svg></span>
    <span class="text-secondary-weak font-normal"><faceplate-number number="5"><!---->5</faceplate-number> more replies</span>
  
      </button>
expander.js:2113 [Progress] No current overlay found, cannot update progress
expander.js:1234 [Expander] Processing missed button: collapsed
expander.js:1326 [Expander] Attempting to click expand button: <button aria-hidden="true" class="text-tone-2 text-12 no-underline hover:underline px-xs py-xs flex ml-[3px] xs:ml-0 !bg-transparent !border-0 invisible h-0 !p-0" type="button" data-reddit-expander-processed="true" style="">
        
    <span class="text-neutral-content-strong mr-xs flex items-center"><svg rpl="" fill="currentColor" height="16" icon-name="join-outline" viewBox="0 0 20 20" width="16" xmlns="http://www.w3.org/2000/svg">
      <path d="M10.625 9.375H14v1.25h-3.375V14h-1.25v-3.375H6v-1.25h3.375V6h1.25v3.375ZM20 10A10 10 0 1 1 10 0a10.011 10.011 0 0 1 10 10Zm-1.25 0A8.75 8.75 0 1 0 10 18.75 8.76 8.76 0 0 0 18.75 10Z"></path>
    </svg></span>
    <span class="text-secondary-weak font-normal"><faceplate-number number="9"><!---->9</faceplate-number> more replies</span>
  
      </button>
expander.js:2113 [Progress] No current overlay found, cannot update progress
expander.js:1234 [Expander] Processing missed button: collapsed
expander.js:1326 [Expander] Attempting to click expand button: <button class="text-tone-2 text-12 no-underline hover:underline px-xs py-xs flex ml-[3px] xs:ml-0 !bg-transparent !border-0" type="button" data-reddit-expander-processed="true" style="">
    <span class="text-neutral-content-strong mr-xs flex items-center"><svg rpl="" fill="currentColor" height="16" icon-name="join-outline" viewBox="0 0 20 20" width="16" xmlns="http://www.w3.org/2000/svg">
      <path d="M10.625 9.375H14v1.25h-3.375V14h-1.25v-3.375H6v-1.25h3.375V6h1.25v3.375ZM20 10A10 10 0 1 1 10 0a10.011 10.011 0 0 1 10 10Zm-1.25 0A8.75 8.75 0 1 0 10 18.75 8.76 8.76 0 0 0 18.75 10Z"></path>
    </svg></span>
    <span class="text-secondary-weak font-normal"><faceplate-number number="2"><!---->2</faceplate-number> more replies</span>
  </button>
expander.js:1234 [Expander] Processing missed button: continueThread
expander.js:2113 [Progress] No current overlay found, cannot update progress
expander.js:1234 [Expander] Processing missed button: continueThread
expander.js:2113 [Progress] No current overlay found, cannot update progress
expander.js:1234 [Expander] Processing missed button: crowdControl
expander.js:1484 Expanding crowd control comment
expander.js:1322 [Expander] Skipping button (no expandable icon) - attempting anyway
expander.js:1326 [Expander] Attempting to click expand button: <button rpl="" class="
button-medium px-[var(--rem14)]
button-bordered



items-center justify-center
button inline-flex " data-reddit-expander-processed="true" style="transition: box-shadow 0.3s; box-shadow: rgba(76, 175, 80, 0.4) 0px 0px 8px; border-radius: 4px;">
      <span class="flex items-center justify-center">
      
      <span class="flex items-center gap-xs">Open</span>
    </span>
    
    </button>
expander.js:1234 [Expander] Processing missed button: collapsed
expander.js:1326 [Expander] Attempting to click expand button: <button aria-hidden="true" class="text-tone-2 text-12 no-underline hover:underline px-xs py-xs flex ml-[3px] xs:ml-0 !bg-transparent !border-0 invisible h-0 !p-0" type="button" data-reddit-expander-processed="true" style="">
        
    <span class="text-neutral-content-strong mr-xs flex items-center"><svg rpl="" fill="currentColor" height="16" icon-name="join-outline" viewBox="0 0 20 20" width="16" xmlns="http://www.w3.org/2000/svg">
      <path d="M10.625 9.375H14v1.25h-3.375V14h-1.25v-3.375H6v-1.25h3.375V6h1.25v3.375ZM20 10A10 10 0 1 1 10 0a10.011 10.011 0 0 1 10 10Zm-1.25 0A8.75 8.75 0 1 0 10 18.75 8.76 8.76 0 0 0 18.75 10Z"></path>
    </svg></span>
    <span class="text-secondary-weak font-normal"><faceplate-number number="1"><!---->1</faceplate-number> more reply</span>
  
      </button>
expander.js:1234 [Expander] Processing missed button: collapsed
expander.js:1326 [Expander] Attempting to click expand button: <button aria-hidden="true" class="text-tone-2 text-12 no-underline hover:underline px-xs py-xs flex ml-[3px] xs:ml-0 !bg-transparent !border-0 invisible h-0 !p-0" type="button" data-reddit-expander-processed="true" style="">
        
    <span class="text-neutral-content-strong mr-xs flex items-center"><svg rpl="" fill="currentColor" height="16" icon-name="join-outline" viewBox="0 0 20 20" width="16" xmlns="http://www.w3.org/2000/svg">
      <path d="M10.625 9.375H14v1.25h-3.375V14h-1.25v-3.375H6v-1.25h3.375V6h1.25v3.375ZM20 10A10 10 0 1 1 10 0a10.011 10.011 0 0 1 10 10Zm-1.25 0A8.75 8.75 0 1 0 10 18.75 8.76 8.76 0 0 0 18.75 10Z"></path>
    </svg></span>
    <span class="text-secondary-weak font-normal"><faceplate-number number="1"><!---->1</faceplate-number> more reply</span>
  
      </button>
expander.js:2113 [Progress] No current overlay found, cannot update progress
expander.js:1234 [Expander] Processing missed button: collapsed
expander.js:1326 [Expander] Attempting to click expand button: <button class="text-tone-2 text-12 no-underline hover:underline px-xs py-xs flex ml-[3px] xs:ml-0 !bg-transparent !border-0" type="button" data-reddit-expander-processed="true" style="">
    <span class="text-neutral-content-strong mr-xs flex items-center"><svg rpl="" fill="currentColor" height="16" icon-name="join-outline" viewBox="0 0 20 20" width="16" xmlns="http://www.w3.org/2000/svg">
      <path d="M10.625 9.375H14v1.25h-3.375V14h-1.25v-3.375H6v-1.25h3.375V6h1.25v3.375ZM20 10A10 10 0 1 1 10 0a10.011 10.011 0 0 1 10 10Zm-1.25 0A8.75 8.75 0 1 0 10 18.75 8.76 8.76 0 0 0 18.75 10Z"></path>
    </svg></span>
    <span class="text-secondary-weak font-normal"><faceplate-number number="1"><!---->1</faceplate-number> more reply</span>
  </button>
expander.js:2113 [Progress] No current overlay found, cannot update progress
expander.js:1234 [Expander] Processing missed button: collapsed
expander.js:1326 [Expander] Attempting to click expand button: <button aria-hidden="true" class="text-tone-2 text-12 no-underline hover:underline px-xs py-xs flex ml-[3px] xs:ml-0 !bg-transparent !border-0 invisible h-0 !p-0" type="button" data-reddit-expander-processed="true" style="">
        
    <span class="text-neutral-content-strong mr-xs flex items-center"><svg rpl="" fill="currentColor" height="16" icon-name="join-outline" viewBox="0 0 20 20" width="16" xmlns="http://www.w3.org/2000/svg">
      <path d="M10.625 9.375H14v1.25h-3.375V14h-1.25v-3.375H6v-1.25h3.375V6h1.25v3.375ZM20 10A10 10 0 1 1 10 0a10.011 10.011 0 0 1 10 10Zm-1.25 0A8.75 8.75 0 1 0 10 18.75 8.76 8.76 0 0 0 18.75 10Z"></path>
    </svg></span>
    <span class="text-secondary-weak font-normal"><faceplate-number number="6"><!---->6</faceplate-number> more replies</span>
  
      </button>
expander.js:2113 [Progress] No current overlay found, cannot update progress
expander.js:1234 [Expander] Processing missed button: collapsed
expander.js:1326 [Expander] Attempting to click expand button: <button class="text-tone-2 text-12 no-underline hover:underline px-xs py-xs flex ml-[3px] xs:ml-0 !bg-transparent !border-0" type="button" data-reddit-expander-processed="true" style="">
    <span class="text-neutral-content-strong mr-xs flex items-center"><svg rpl="" fill="currentColor" height="16" icon-name="join-outline" viewBox="0 0 20 20" width="16" xmlns="http://www.w3.org/2000/svg">
      <path d="M10.625 9.375H14v1.25h-3.375V14h-1.25v-3.375H6v-1.25h3.375V6h1.25v3.375ZM20 10A10 10 0 1 1 10 0a10.011 10.011 0 0 1 10 10Zm-1.25 0A8.75 8.75 0 1 0 10 18.75 8.76 8.76 0 0 0 18.75 10Z"></path>
    </svg></span>
    <span class="text-secondary-weak font-normal"><faceplate-number number="4"><!---->4</faceplate-number> more replies</span>
  </button>
expander.js:2113 [Progress] No current overlay found, cannot update progress
expander.js:1234 [Expander] Processing missed button: collapsed
expander.js:1326 [Expander] Attempting to click expand button: <button aria-hidden="true" class="text-tone-2 text-12 no-underline hover:underline px-xs py-xs flex ml-[3px] xs:ml-0 !bg-transparent !border-0 invisible h-0 !p-0" type="button" data-reddit-expander-processed="true" style="transition: box-shadow 0.3s; box-shadow: rgba(76, 175, 80, 0.4) 0px 0px 8px; border-radius: 4px;">
        
    <span class="text-neutral-content-strong mr-xs flex items-center"><svg rpl="" fill="currentColor" height="16" icon-name="join-outline" viewBox="0 0 20 20" width="16" xmlns="http://www.w3.org/2000/svg">
      <path d="M10.625 9.375H14v1.25h-3.375V14h-1.25v-3.375H6v-1.25h3.375V6h1.25v3.375ZM20 10A10 10 0 1 1 10 0a10.011 10.011 0 0 1 10 10Zm-1.25 0A8.75 8.75 0 1 0 10 18.75 8.76 8.76 0 0 0 18.75 10Z"></path>
    </svg></span>
    <span class="text-secondary-weak font-normal"><faceplate-number number="1"><!---->1</faceplate-number> more reply</span>
  
      </button>
expander.js:2113 [Progress] No current overlay found, cannot update progress
expander.js:1234 [Expander] Processing missed button: collapsed
expander.js:1326 [Expander] Attempting to click expand button: <button class="text-tone-2 text-12 no-underline hover:underline px-xs py-xs flex ml-[3px] xs:ml-0 !bg-transparent !border-0" type="button" data-reddit-expander-processed="true" style="">
    <span class="text-neutral-content-strong mr-xs flex items-center"><svg rpl="" fill="currentColor" height="16" icon-name="join-outline" viewBox="0 0 20 20" width="16" xmlns="http://www.w3.org/2000/svg">
      <path d="M10.625 9.375H14v1.25h-3.375V14h-1.25v-3.375H6v-1.25h3.375V6h1.25v3.375ZM20 10A10 10 0 1 1 10 0a10.011 10.011 0 0 1 10 10Zm-1.25 0A8.75 8.75 0 1 0 10 18.75 8.76 8.76 0 0 0 18.75 10Z"></path>
    </svg></span>
    <span class="text-secondary-weak font-normal"><faceplate-number number="1"><!---->1</faceplate-number> more reply</span>
  </button>
expander.js:2113 [Progress] No current overlay found, cannot update progress
expander.js:1234 [Expander] Processing missed button: collapsed
expander.js:1326 [Expander] Attempting to click expand button: <button aria-hidden="true" class="text-tone-2 text-12 no-underline hover:underline px-xs py-xs flex ml-[3px] xs:ml-0 !bg-transparent !border-0 invisible h-0 !p-0" type="button" data-reddit-expander-processed="true" style="">
        
    <span class="text-neutral-content-strong mr-xs flex items-center"><svg rpl="" fill="currentColor" height="16" icon-name="join-outline" viewBox="0 0 20 20" width="16" xmlns="http://www.w3.org/2000/svg">
      <path d="M10.625 9.375H14v1.25h-3.375V14h-1.25v-3.375H6v-1.25h3.375V6h1.25v3.375ZM20 10A10 10 0 1 1 10 0a10.011 10.011 0 0 1 10 10Zm-1.25 0A8.75 8.75 0 1 0 10 18.75 8.76 8.76 0 0 0 18.75 10Z"></path>
    </svg></span>
    <span class="text-secondary-weak font-normal"><faceplate-number number="4"><!---->4</faceplate-number> more replies</span>
  
      </button>
expander.js:2113 [Progress] No current overlay found, cannot update progress
expander.js:1234 [Expander] Processing missed button: crowdControl
expander.js:1484 Expanding crowd control comment
expander.js:2113 [Progress] No current overlay found, cannot update progress
expander.js:1234 [Expander] Processing missed button: collapsed
expander.js:1326 [Expander] Attempting to click expand button: <button class="text-tone-2 text-12 no-underline hover:underline px-xs py-xs flex ml-[3px] xs:ml-0 !bg-transparent !border-0" type="button" data-reddit-expander-processed="true" style="">
    <span class="text-neutral-content-strong mr-xs flex items-center"><svg rpl="" fill="currentColor" height="16" icon-name="join-outline" viewBox="0 0 20 20" width="16" xmlns="http://www.w3.org/2000/svg">
      <path d="M10.625 9.375H14v1.25h-3.375V14h-1.25v-3.375H6v-1.25h3.375V6h1.25v3.375ZM20 10A10 10 0 1 1 10 0a10.011 10.011 0 0 1 10 10Zm-1.25 0A8.75 8.75 0 1 0 10 18.75 8.76 8.76 0 0 0 18.75 10Z"></path>
    </svg></span>
    <span class="text-secondary-weak font-normal"><faceplate-number number="4"><!---->4</faceplate-number> more replies</span>
  </button>
expander.js:1234 [Expander] Processing missed button: collapsed
expander.js:1326 [Expander] Attempting to click expand button: <button aria-hidden="true" class="text-tone-2 text-12 no-underline hover:underline px-xs py-xs flex ml-[3px] xs:ml-0 !bg-transparent !border-0 invisible h-0 !p-0" type="button" data-reddit-expander-processed="true" style="">
        
    <span class="text-neutral-content-strong mr-xs flex items-center"><svg rpl="" fill="currentColor" height="16" icon-name="join-outline" viewBox="0 0 20 20" width="16" xmlns="http://www.w3.org/2000/svg">
      <path d="M10.625 9.375H14v1.25h-3.375V14h-1.25v-3.375H6v-1.25h3.375V6h1.25v3.375ZM20 10A10 10 0 1 1 10 0a10.011 10.011 0 0 1 10 10Zm-1.25 0A8.75 8.75 0 1 0 10 18.75 8.76 8.76 0 0 0 18.75 10Z"></path>
    </svg></span>
    <span class="text-secondary-weak font-normal"><faceplate-number number="1"><!---->1</faceplate-number> more reply</span>
  
      </button>
expander.js:1234 [Expander] Processing missed button: crowdControl
expander.js:1484 Expanding crowd control comment
expander.js:1322 [Expander] Skipping button (no expandable icon) - attempting anyway
expander.js:1326 [Expander] Attempting to click expand button: <button rpl="" class="button border-md shrink-0 text-12 button-plain-weak  inline-flex items-center
       px-sm
      " style="height: var(--size-button-sm-h); font: var(--font-button-sm); transition: box-shadow 0.3s; box-shadow: rgba(76, 175, 80, 0.4) 0px 0px 8px; border-radius: 4px;" actioned="" data-reddit-expander-processed="true">
      <span class="flex items-center">
      <span class="flex text-16 mr-[var(--rem6)]"><svg rpl="" fill="currentColor" height="16" icon-name="comment-outline" viewBox="0 0 20 20" width="16" xmlns="http://www.w3.org/2000/svg">
      <path d="M10 19H1.871a.886.886 0 0 1-.798-.52.886.886 0 0 1 .158-.941L3.1 15.771A9 9 0 1 1 10 19Zm-6.549-1.5H10a7.5 7.5 0 1 0-5.323-2.219l.54.545L3.451 17.5Z"></path>
    </svg></span>
      <span> Reply </span>
    </span>
    <faceplate-screen-reader-content>
          reply
        </faceplate-screen-reader-content>
    </button>
expander.js:2113 [Progress] No current overlay found, cannot update progress
expander.js:1234 [Expander] Processing missed button: crowdControl
expander.js:1484 Expanding crowd control comment
expander.js:2113 [Progress] No current overlay found, cannot update progress
expander.js:2113 [Progress] No current overlay found, cannot update progress
expander.js:2113 [Progress] No current overlay found, cannot update progress
expander.js:2113 [Progress] No current overlay found, cannot update progress
expander.js:2113 [Progress] No current overlay found, cannot update progress
expander.js:1234 [Expander] Processing missed button: continueThread
expander.js:2113 [Progress] No current overlay found, cannot update progress
expander.js:1234 [Expander] Processing missed button: continueThread
expander.js:2113 [Progress] No current overlay found, cannot update progress
expander.js:1234 [Expander] Processing missed button: crowdControl
expander.js:1484 Expanding crowd control comment
expander.js:1322 [Expander] Skipping button (no expandable icon) - attempting anyway
expander.js:1326 [Expander] Attempting to click expand button: <button rpl="" class="button border-md shrink-0 text-12 button-plain-weak  inline-flex items-center
       px-sm
      " style="height: var(--size-button-sm-h); font: var(--font-button-sm)" actioned="" data-reddit-expander-processed="true">
      <span class="flex items-center">
      <span class="flex text-16 mr-[var(--rem6)]"><svg rpl="" fill="currentColor" height="16" icon-name="comment-outline" viewBox="0 0 20 20" width="16" xmlns="http://www.w3.org/2000/svg">
      <path d="M10 19H1.871a.886.886 0 0 1-.798-.52.886.886 0 0 1 .158-.941L3.1 15.771A9 9 0 1 1 10 19Zm-6.549-1.5H10a7.5 7.5 0 1 0-5.323-2.219l.54.545L3.451 17.5Z"></path>
    </svg></span>
      <span> Reply </span>
    </span>
    <faceplate-screen-reader-content>
          reply
        </faceplate-screen-reader-content>
    </button>
expander.js:2113 [Progress] No current overlay found, cannot update progress
expander.js:1234 [Expander] Processing missed button: crowdControl
expander.js:1484 Expanding crowd control comment
expander.js:2113 [Progress] No current overlay found, cannot update progress
expander.js:2113 [Progress] No current overlay found, cannot update progress
expander.js:1234 [Expander] Processing missed button: collapsed
expander.js:1326 [Expander] Attempting to click expand button: <button class="text-tone-2 text-12 no-underline hover:underline px-xs py-xs flex ml-[3px] xs:ml-0 !bg-transparent !border-0" type="button" data-reddit-expander-processed="true" style="">
    <span class="text-neutral-content-strong mr-xs flex items-center"><svg rpl="" fill="currentColor" height="16" icon-name="join-outline" viewBox="0 0 20 20" width="16" xmlns="http://www.w3.org/2000/svg">
      <path d="M10.625 9.375H14v1.25h-3.375V14h-1.25v-3.375H6v-1.25h3.375V6h1.25v3.375ZM20 10A10 10 0 1 1 10 0a10.011 10.011 0 0 1 10 10Zm-1.25 0A8.75 8.75 0 1 0 10 18.75 8.76 8.76 0 0 0 18.75 10Z"></path>
    </svg></span>
    <span class="text-secondary-weak font-normal"><faceplate-number number="2"><!---->2</faceplate-number> more replies</span>
  </button>
expander.js:2113 [Progress] No current overlay found, cannot update progress
expander.js:1234 [Expander] Processing missed button: collapsed
expander.js:1326 [Expander] Attempting to click expand button: <button class="text-tone-2 text-12 no-underline hover:underline px-xs py-xs flex ml-[3px] xs:ml-0 !bg-transparent !border-0" type="button" data-reddit-expander-processed="true" style="">
    <span class="text-neutral-content-strong mr-xs flex items-center"><svg rpl="" fill="currentColor" height="16" icon-name="join-outline" viewBox="0 0 20 20" width="16" xmlns="http://www.w3.org/2000/svg">
      <path d="M10.625 9.375H14v1.25h-3.375V14h-1.25v-3.375H6v-1.25h3.375V6h1.25v3.375ZM20 10A10 10 0 1 1 10 0a10.011 10.011 0 0 1 10 10Zm-1.25 0A8.75 8.75 0 1 0 10 18.75 8.76 8.76 0 0 0 18.75 10Z"></path>
    </svg></span>
    <span class="text-secondary-weak font-normal"><faceplate-number number="2"><!---->2</faceplate-number> more replies</span>
  </button>
expander.js:2113 [Progress] No current overlay found, cannot update progress
expander.js:2113 [Progress] No current overlay found, cannot update progress
expander.js:2113 [Progress] No current overlay found, cannot update progress
/r/technology/search/?q=:1 Autofocus processing was blocked because a document already has a focused element.
expander.js:2113 [Progress] No current overlay found, cannot update progress
expander.js:2113 [Progress] No current overlay found, cannot update progress
expander.js:2113 [Progress] No current overlay found, cannot update progress
expander.js:2113 [Progress] No current overlay found, cannot update progress
expander.js:1234 [Expander] Processing missed button: collapsed
expander.js:1326 [Expander] Attempting to click expand button: <button aria-hidden="true" class="text-tone-2 text-12 no-underline hover:underline px-xs py-xs flex ml-[3px] xs:ml-0 !bg-transparent !border-0 invisible h-0 !p-0" type="button" data-reddit-expander-processed="true" style="">
        
    <span class="text-neutral-content-strong mr-xs flex items-center"><svg rpl="" fill="currentColor" height="16" icon-name="join-outline" viewBox="0 0 20 20" width="16" xmlns="http://www.w3.org/2000/svg">
      <path d="M10.625 9.375H14v1.25h-3.375V14h-1.25v-3.375H6v-1.25h3.375V6h1.25v3.375ZM20 10A10 10 0 1 1 10 0a10.011 10.011 0 0 1 10 10Zm-1.25 0A8.75 8.75 0 1 0 10 18.75 8.76 8.76 0 0 0 18.75 10Z"></path>
    </svg></span>
    <span class="text-secondary-weak font-normal"><faceplate-number number="4"><!---->4</faceplate-number> more replies</span>
  
      </button>
expander.js:2113 [Progress] No current overlay found, cannot update progress
expander.js:1234 [Expander] Processing missed button: collapsed
expander.js:1326 [Expander] Attempting to click expand button: <button class="text-tone-2 text-12 no-underline hover:underline px-xs py-xs flex ml-[3px] xs:ml-0 !bg-transparent !border-0" type="button" data-reddit-expander-processed="true" style="">
    <span class="text-neutral-content-strong mr-xs flex items-center"><svg rpl="" fill="currentColor" height="16" icon-name="join-outline" viewBox="0 0 20 20" width="16" xmlns="http://www.w3.org/2000/svg">
      <path d="M10.625 9.375H14v1.25h-3.375V14h-1.25v-3.375H6v-1.25h3.375V6h1.25v3.375ZM20 10A10 10 0 1 1 10 0a10.011 10.011 0 0 1 10 10Zm-1.25 0A8.75 8.75 0 1 0 10 18.75 8.76 8.76 0 0 0 18.75 10Z"></path>
    </svg></span>
    <span class="text-secondary-weak font-normal"><faceplate-number number="1"><!---->1</faceplate-number> more reply</span>
  </button>
expander.js:2113 [Progress] No current overlay found, cannot update progress
expander.js:1234 [Expander] Processing missed button: crowdControl
expander.js:1484 Expanding crowd control comment
expander.js:2113 [Progress] No current overlay found, cannot update progress
expander.js:1234 [Expander] Processing missed button: crowdControl
expander.js:1484 Expanding crowd control comment
expander.js:1322 [Expander] Skipping button (no expandable icon) - attempting anyway
expander.js:1326 [Expander] Attempting to click expand button: <button rpl="" class="button border-md shrink-0 text-12 button-plain-weak  inline-flex items-center
       px-sm
      " style="height: var(--size-button-sm-h); font: var(--font-button-sm)" actioned="" data-reddit-expander-processed="true">
      <span class="flex items-center">
      <span class="flex text-16 mr-[var(--rem6)]"><svg rpl="" fill="currentColor" height="16" icon-name="comment-outline" viewBox="0 0 20 20" width="16" xmlns="http://www.w3.org/2000/svg">
      <path d="M10 19H1.871a.886.886 0 0 1-.798-.52.886.886 0 0 1 .158-.941L3.1 15.771A9 9 0 1 1 10 19Zm-6.549-1.5H10a7.5 7.5 0 1 0-5.323-2.219l.54.545L3.451 17.5Z"></path>
    </svg></span>
      <span> Reply </span>
    </span>
    <faceplate-screen-reader-content>
          reply
        </faceplate-screen-reader-content>
    </button>
expander.js:1234 [Expander] Processing missed button: collapsed
expander.js:1326 [Expander] Attempting to click expand button: <button class="text-tone-2 text-12 no-underline hover:underline px-xs py-xs flex ml-[3px] xs:ml-0 !bg-transparent !border-0" type="button" data-reddit-expander-processed="true" style="">
    <span class="text-neutral-content-strong mr-xs flex items-center"><svg rpl="" fill="currentColor" height="16" icon-name="join-outline" viewBox="0 0 20 20" width="16" xmlns="http://www.w3.org/2000/svg">
      <path d="M10.625 9.375H14v1.25h-3.375V14h-1.25v-3.375H6v-1.25h3.375V6h1.25v3.375ZM20 10A10 10 0 1 1 10 0a10.011 10.011 0 0 1 10 10Zm-1.25 0A8.75 8.75 0 1 0 10 18.75 8.76 8.76 0 0 0 18.75 10Z"></path>
    </svg></span>
    <span class="text-secondary-weak font-normal"><faceplate-number number="2"><!---->2</faceplate-number> more replies</span>
  </button>
expander.js:1234 [Expander] Processing missed button: collapsed
expander.js:1326 [Expander] Attempting to click expand button: <button class="text-tone-2 text-12 no-underline hover:underline px-xs py-xs flex ml-[3px] xs:ml-0 !bg-transparent !border-0" type="button" data-reddit-expander-processed="true" style="">
    <span class="text-neutral-content-strong mr-xs flex items-center"><svg rpl="" fill="currentColor" height="16" icon-name="join-outline" viewBox="0 0 20 20" width="16" xmlns="http://www.w3.org/2000/svg">
      <path d="M10.625 9.375H14v1.25h-3.375V14h-1.25v-3.375H6v-1.25h3.375V6h1.25v3.375ZM20 10A10 10 0 1 1 10 0a10.011 10.011 0 0 1 10 10Zm-1.25 0A8.75 8.75 0 1 0 10 18.75 8.76 8.76 0 0 0 18.75 10Z"></path>
    </svg></span>
    <span class="text-secondary-weak font-normal"><faceplate-number number="1"><!---->1</faceplate-number> more reply</span>
  </button>
expander.js:1234 [Expander] Processing missed button: collapsed
expander.js:1326 [Expander] Attempting to click expand button: <button class="text-tone-2 text-12 no-underline hover:underline px-xs py-xs flex ml-[3px] xs:ml-0 !bg-transparent !border-0" type="button" data-reddit-expander-processed="true" style="">
    <span class="text-neutral-content-strong mr-xs flex items-center"><svg rpl="" fill="currentColor" height="16" icon-name="join-outline" viewBox="0 0 20 20" width="16" xmlns="http://www.w3.org/2000/svg">
      <path d="M10.625 9.375H14v1.25h-3.375V14h-1.25v-3.375H6v-1.25h3.375V6h1.25v3.375ZM20 10A10 10 0 1 1 10 0a10.011 10.011 0 0 1 10 10Zm-1.25 0A8.75 8.75 0 1 0 10 18.75 8.76 8.76 0 0 0 18.75 10Z"></path>
    </svg></span>
    <span class="text-secondary-weak font-normal"><faceplate-number number="6"><!---->6</faceplate-number> more replies</span>
  </button>
expander.js:1234 [Expander] Processing missed button: collapsed
expander.js:1326 [Expander] Attempting to click expand button: <button aria-hidden="true" class="text-tone-2 text-12 no-underline hover:underline px-xs py-xs flex ml-[3px] xs:ml-0 !bg-transparent !border-0 invisible h-0 !p-0" type="button" data-reddit-expander-processed="true" style="">
        
    <span class="text-neutral-content-strong mr-xs flex items-center"><svg rpl="" fill="currentColor" height="16" icon-name="join-outline" viewBox="0 0 20 20" width="16" xmlns="http://www.w3.org/2000/svg">
      <path d="M10.625 9.375H14v1.25h-3.375V14h-1.25v-3.375H6v-1.25h3.375V6h1.25v3.375ZM20 10A10 10 0 1 1 10 0a10.011 10.011 0 0 1 10 10Zm-1.25 0A8.75 8.75 0 1 0 10 18.75 8.76 8.76 0 0 0 18.75 10Z"></path>
    </svg></span>
    <span class="text-secondary-weak font-normal"><faceplate-number number="2"><!---->2</faceplate-number> more replies</span>
  
      </button>
expander.js:1234 [Expander] Processing missed button: crowdControl
expander.js:1484 Expanding crowd control comment
expander.js:1322 [Expander] Skipping button (no expandable icon) - attempting anyway
expander.js:1326 [Expander] Attempting to click expand button: <button rpl="" class="m:hidden
button-medium px-[var(--rem8)]
button-plain


icon
items-center justify-center
button inline-flex " id="navbar-menu-button" type="button" data-reddit-expander-processed="true" style="transition: box-shadow 0.3s; box-shadow: rgba(76, 175, 80, 0.4) 0px 0px 8px; border-radius: 4px;">
      <span class="flex items-center justify-center">
      <span class="flex"><svg rpl="" fill="currentColor" height="20" icon-name="menu-outline" viewBox="0 0 20 20" width="20" xmlns="http://www.w3.org/2000/svg">
      <path d="M18.25 4.7H1.75A.772.772 0 0 1 1 3.95c0-.399.352-.75.75-.75h16.5c.398 0 .75.351.75.75 0 .397-.352.75-.75.75ZM19 9.996a.772.772 0 0 0-.75-.75H1.75a.772.772 0 0 0-.75.75c0 .398.352.75.75.75h16.5c.398 0 .75-.352.75-.75Zm0 6.047a.772.772 0 0 0-.75-.75H1.75a.772.772 0 0 0-.75.75c0 .398.352.75.75.75h16.5c.398 0 .75-.352.75-.75Z"></path>
    </svg></span>
      
    </span>
    <faceplate-screen-reader-content>Open menu</faceplate-screen-reader-content>
    </button>
expander.js:1234 [Expander] Processing missed button: crowdControl
expander.js:1484 Expanding crowd control comment
expander.js:1322 [Expander] Skipping button (no expandable icon) - attempting anyway
expander.js:1326 [Expander] Attempting to click expand button: <button rpl="" class="
button-small px-[var(--rem10)]
button-secondary



items-center justify-center
button inline-flex " slot="cancel-button" type="reset" data-reddit-expander-processed="true" style="transition: box-shadow 0.3s; box-shadow: rgba(76, 175, 80, 0.4) 0px 0px 8px; border-radius: 4px;">
      <span class="flex items-center justify-center">
      
      <span class="flex items-center gap-xs">Cancel</span>
    </span>
    
    </button>
expander.js:1234 [Expander] Processing missed button: collapsed
expander.js:1326 [Expander] Attempting to click expand button: <button aria-hidden="true" class="text-tone-2 text-12 no-underline hover:underline px-xs py-xs flex ml-[3px] xs:ml-0 !bg-transparent !border-0 invisible h-0 !p-0" type="button" data-reddit-expander-processed="true" style="">
        
    <span class="text-neutral-content-strong mr-xs flex items-center"><svg rpl="" fill="currentColor" height="16" icon-name="join-outline" viewBox="0 0 20 20" width="16" xmlns="http://www.w3.org/2000/svg">
      <path d="M10.625 9.375H14v1.25h-3.375V14h-1.25v-3.375H6v-1.25h3.375V6h1.25v3.375ZM20 10A10 10 0 1 1 10 0a10.011 10.011 0 0 1 10 10Zm-1.25 0A8.75 8.75 0 1 0 10 18.75 8.76 8.76 0 0 0 18.75 10Z"></path>
    </svg></span>
    <span class="text-secondary-weak font-normal"><faceplate-number number="1"><!---->1</faceplate-number> more reply</span>
  
      </button>
expander.js:1234 [Expander] Processing missed button: collapsed
expander.js:1326 [Expander] Attempting to click expand button: <button class="text-tone-2 text-12 no-underline hover:underline px-xs py-xs flex ml-[3px] xs:ml-0 !bg-transparent !border-0" type="button" data-reddit-expander-processed="true" style="">
    <span class="text-neutral-content-strong mr-xs flex items-center"><svg rpl="" fill="currentColor" height="16" icon-name="join-outline" viewBox="0 0 20 20" width="16" xmlns="http://www.w3.org/2000/svg">
      <path d="M10.625 9.375H14v1.25h-3.375V14h-1.25v-3.375H6v-1.25h3.375V6h1.25v3.375ZM20 10A10 10 0 1 1 10 0a10.011 10.011 0 0 1 10 10Zm-1.25 0A8.75 8.75 0 1 0 10 18.75 8.76 8.76 0 0 0 18.75 10Z"></path>
    </svg></span>
    <span class="text-secondary-weak font-normal"><faceplate-number number="1"><!---->1</faceplate-number> more reply</span>
  </button>
expander.js:1234 [Expander] Processing missed button: collapsed
expander.js:1326 [Expander] Attempting to click expand button: <button aria-hidden="true" class="text-tone-2 text-12 no-underline hover:underline px-xs py-xs flex ml-[3px] xs:ml-0 !bg-transparent !border-0 invisible h-0 !p-0" type="button" data-reddit-expander-processed="true" style="">
        
    <span class="text-neutral-content-strong mr-xs flex items-center"><svg rpl="" fill="currentColor" height="16" icon-name="join-outline" viewBox="0 0 20 20" width="16" xmlns="http://www.w3.org/2000/svg">
      <path d="M10.625 9.375H14v1.25h-3.375V14h-1.25v-3.375H6v-1.25h3.375V6h1.25v3.375ZM20 10A10 10 0 1 1 10 0a10.011 10.011 0 0 1 10 10Zm-1.25 0A8.75 8.75 0 1 0 10 18.75 8.76 8.76 0 0 0 18.75 10Z"></path>
    </svg></span>
    <span class="text-secondary-weak font-normal"><faceplate-number number="4"><!---->4</faceplate-number> more replies</span>
  
      </button>
expander.js:2113 [Progress] No current overlay found, cannot update progress
expander.js:1234 [Expander] Processing missed button: crowdControl
expander.js:1484 Expanding crowd control comment
expander.js:2113 [Progress] No current overlay found, cannot update progress
expander.js:2113 [Progress] No current overlay found, cannot update progress
expander.js:2113 [Progress] No current overlay found, cannot update progress
expander.js:1234 [Expander] Processing missed button: collapsed
expander.js:1326 [Expander] Attempting to click expand button: <button class="text-tone-2 text-12 no-underline hover:underline px-xs py-xs flex ml-[3px] xs:ml-0 !bg-transparent !border-0" type="button" data-reddit-expander-processed="true" style="transition: box-shadow 0.3s; box-shadow: rgba(76, 175, 80, 0.4) 0px 0px 8px; border-radius: 4px;">
    <span class="text-neutral-content-strong mr-xs flex items-center"><svg rpl="" fill="currentColor" height="16" icon-name="join-outline" viewBox="0 0 20 20" width="16" xmlns="http://www.w3.org/2000/svg">
      <path d="M10.625 9.375H14v1.25h-3.375V14h-1.25v-3.375H6v-1.25h3.375V6h1.25v3.375ZM20 10A10 10 0 1 1 10 0a10.011 10.011 0 0 1 10 10Zm-1.25 0A8.75 8.75 0 1 0 10 18.75 8.76 8.76 0 0 0 18.75 10Z"></path>
    </svg></span>
    <span class="text-secondary-weak font-normal"><faceplate-number number="4"><!---->4</faceplate-number> more replies</span>
  </button>
expander.js:1234 [Expander] Processing missed button: collapsed
expander.js:1326 [Expander] Attempting to click expand button: <button aria-hidden="true" class="text-tone-2 text-12 no-underline hover:underline px-xs py-xs flex ml-[3px] xs:ml-0 !bg-transparent !border-0 invisible h-0 !p-0" type="button" data-reddit-expander-processed="true" style="transition: box-shadow 0.3s; box-shadow: rgba(76, 175, 80, 0.4) 0px 0px 8px; border-radius: 4px;">
        
    <span class="text-neutral-content-strong mr-xs flex items-center"><svg rpl="" fill="currentColor" height="16" icon-name="join-outline" viewBox="0 0 20 20" width="16" xmlns="http://www.w3.org/2000/svg">
      <path d="M10.625 9.375H14v1.25h-3.375V14h-1.25v-3.375H6v-1.25h3.375V6h1.25v3.375ZM20 10A10 10 0 1 1 10 0a10.011 10.011 0 0 1 10 10Zm-1.25 0A8.75 8.75 0 1 0 10 18.75 8.76 8.76 0 0 0 18.75 10Z"></path>
    </svg></span>
    <span class="text-secondary-weak font-normal"><faceplate-number number="1"><!---->1</faceplate-number> more reply</span>
  
      </button>
expander.js:1234 [Expander] Processing missed button: collapsed
expander.js:1326 [Expander] Attempting to click expand button: <button class="text-tone-2 text-12 no-underline hover:underline px-xs py-xs flex ml-[3px] xs:ml-0 !bg-transparent !border-0" type="button" data-reddit-expander-processed="true" style="">
    <span class="text-neutral-content-strong mr-xs flex items-center"><svg rpl="" fill="currentColor" height="16" icon-name="join-outline" viewBox="0 0 20 20" width="16" xmlns="http://www.w3.org/2000/svg">
      <path d="M10.625 9.375H14v1.25h-3.375V14h-1.25v-3.375H6v-1.25h3.375V6h1.25v3.375ZM20 10A10 10 0 1 1 10 0a10.011 10.011 0 0 1 10 10Zm-1.25 0A8.75 8.75 0 1 0 10 18.75 8.76 8.76 0 0 0 18.75 10Z"></path>
    </svg></span>
    <span class="text-secondary-weak font-normal"><faceplate-number number="6"><!---->6</faceplate-number> more replies</span>
  </button>
expander.js:1234 [Expander] Processing missed button: crowdControl
expander.js:1484 Expanding crowd control comment
expander.js:1322 [Expander] Skipping button (no expandable icon) - attempting anyway
expander.js:1326 [Expander] Attempting to click expand button: <button rpl="" class="button border-md shrink-0 text-12 button-plain-weak  inline-flex items-center
       px-sm
      " style="height: var(--size-button-sm-h); font: var(--font-button-sm); transition: box-shadow 0.3s; box-shadow: rgba(76, 175, 80, 0.4) 0px 0px 8px; border-radius: 4px;" actioned="" data-reddit-expander-processed="true">
      <span class="flex items-center">
      <span class="flex text-16 mr-[var(--rem6)]"><svg rpl="" fill="currentColor" height="16" icon-name="comment-outline" viewBox="0 0 20 20" width="16" xmlns="http://www.w3.org/2000/svg">
      <path d="M10 19H1.871a.886.886 0 0 1-.798-.52.886.886 0 0 1 .158-.941L3.1 15.771A9 9 0 1 1 10 19Zm-6.549-1.5H10a7.5 7.5 0 1 0-5.323-2.219l.54.545L3.451 17.5Z"></path>
    </svg></span>
      <span> Reply </span>
    </span>
    <faceplate-screen-reader-content>
          reply
        </faceplate-screen-reader-content>
    </button>
expander.js:1234 [Expander] Processing missed button: crowdControl
expander.js:1484 Expanding crowd control comment
expander.js:1322 [Expander] Skipping button (no expandable icon) - attempting anyway
expander.js:1326 [Expander] Attempting to click expand button: <button rpl="" class="button border-md shrink-0 text-12 button-plain-weak  inline-flex items-center
       px-sm
      " style="height: var(--size-button-sm-h); font: var(--font-button-sm)" actioned="" data-reddit-expander-processed="true">
      <span class="flex items-center">
      <span class="flex text-16 mr-[var(--rem6)]"><svg rpl="" fill="currentColor" height="16" icon-name="comment-outline" viewBox="0 0 20 20" width="16" xmlns="http://www.w3.org/2000/svg">
      <path d="M10 19H1.871a.886.886 0 0 1-.798-.52.886.886 0 0 1 .158-.941L3.1 15.771A9 9 0 1 1 10 19Zm-6.549-1.5H10a7.5 7.5 0 1 0-5.323-2.219l.54.545L3.451 17.5Z"></path>
    </svg></span>
      <span> Reply </span>
    </span>
    <faceplate-screen-reader-content>
          reply
        </faceplate-screen-reader-content>
    </button>
expander.js:2113 [Progress] No current overlay found, cannot update progress
expander.js:2113 [Progress] No current overlay found, cannot update progress
expander.js:2113 [Progress] No current overlay found, cannot update progress
expander.js:1234 [Expander] Processing missed button: crowdControl
expander.js:1484 Expanding crowd control comment
expander.js:2113 [Progress] No current overlay found, cannot update progress
expander.js:2113 [Progress] No current overlay found, cannot update progress
expander.js:1234 [Expander] Processing missed button: collapsed
expander.js:1326 [Expander] Attempting to click expand button: <button aria-hidden="true" class="text-tone-2 text-12 no-underline hover:underline px-xs py-xs flex ml-[3px] xs:ml-0 !bg-transparent !border-0 invisible h-0 !p-0" type="button" data-reddit-expander-processed="true" style="">
        
    <span class="text-neutral-content-strong mr-xs flex items-center"><svg rpl="" fill="currentColor" height="16" icon-name="join-outline" viewBox="0 0 20 20" width="16" xmlns="http://www.w3.org/2000/svg">
      <path d="M10.625 9.375H14v1.25h-3.375V14h-1.25v-3.375H6v-1.25h3.375V6h1.25v3.375ZM20 10A10 10 0 1 1 10 0a10.011 10.011 0 0 1 10 10Zm-1.25 0A8.75 8.75 0 1 0 10 18.75 8.76 8.76 0 0 0 18.75 10Z"></path>
    </svg></span>
    <span class="text-secondary-weak font-normal"><faceplate-number number="2"><!---->2</faceplate-number> more replies</span>
  
      </button>
expander.js:2113 [Progress] No current overlay found, cannot update progress
expander.js:1234 [Expander] Processing missed button: collapsed
expander.js:1326 [Expander] Attempting to click expand button: <button aria-hidden="true" class="text-tone-2 text-12 no-underline hover:underline px-xs py-xs flex ml-[3px] xs:ml-0 !bg-transparent !border-0 invisible h-0 !p-0" type="button" data-reddit-expander-processed="true" style="">
        
    <span class="text-neutral-content-strong mr-xs flex items-center"><svg rpl="" fill="currentColor" height="16" icon-name="join-outline" viewBox="0 0 20 20" width="16" xmlns="http://www.w3.org/2000/svg">
      <path d="M10.625 9.375H14v1.25h-3.375V14h-1.25v-3.375H6v-1.25h3.375V6h1.25v3.375ZM20 10A10 10 0 1 1 10 0a10.011 10.011 0 0 1 10 10Zm-1.25 0A8.75 8.75 0 1 0 10 18.75 8.76 8.76 0 0 0 18.75 10Z"></path>
    </svg></span>
    <span class="text-secondary-weak font-normal"><faceplate-number number="1"><!---->1</faceplate-number> more reply</span>
  
      </button>
expander.js:2113 [Progress] No current overlay found, cannot update progress
expander.js:1234 [Expander] Processing missed button: collapsed
expander.js:1326 [Expander] Attempting to click expand button: <button aria-hidden="true" class="text-tone-2 text-12 no-underline hover:underline px-xs py-xs flex ml-[3px] xs:ml-0 !bg-transparent !border-0 invisible h-0 !p-0" type="button" data-reddit-expander-processed="true" style="">
        
    <span class="text-neutral-content-strong mr-xs flex items-center"><svg rpl="" fill="currentColor" height="16" icon-name="join-outline" viewBox="0 0 20 20" width="16" xmlns="http://www.w3.org/2000/svg">
      <path d="M10.625 9.375H14v1.25h-3.375V14h-1.25v-3.375H6v-1.25h3.375V6h1.25v3.375ZM20 10A10 10 0 1 1 10 0a10.011 10.011 0 0 1 10 10Zm-1.25 0A8.75 8.75 0 1 0 10 18.75 8.76 8.76 0 0 0 18.75 10Z"></path>
    </svg></span>
    <span class="text-secondary-weak font-normal"><faceplate-number number="6"><!---->6</faceplate-number> more replies</span>
  
      </button>
expander.js:2113 [Progress] No current overlay found, cannot update progress
expander.js:1234 [Expander] Processing missed button: collapsed
expander.js:1326 [Expander] Attempting to click expand button: <button class="text-tone-2 text-12 no-underline hover:underline px-xs py-xs flex ml-[3px] xs:ml-0 !bg-transparent !border-0" type="button" data-reddit-expander-processed="true" style="">
    <span class="text-neutral-content-strong mr-xs flex items-center"><svg rpl="" fill="currentColor" height="16" icon-name="join-outline" viewBox="0 0 20 20" width="16" xmlns="http://www.w3.org/2000/svg">
      <path d="M10.625 9.375H14v1.25h-3.375V14h-1.25v-3.375H6v-1.25h3.375V6h1.25v3.375ZM20 10A10 10 0 1 1 10 0a10.011 10.011 0 0 1 10 10Zm-1.25 0A8.75 8.75 0 1 0 10 18.75 8.76 8.76 0 0 0 18.75 10Z"></path>
    </svg></span>
    <span class="text-secondary-weak font-normal"><faceplate-number number="8"><!---->8</faceplate-number> more replies</span>
  </button>
expander.js:2113 [Progress] No current overlay found, cannot update progress
expander.js:1234 [Expander] Processing missed button: crowdControl
expander.js:1484 Expanding crowd control comment
expander.js:1322 [Expander] Skipping button (no expandable icon) - attempting anyway
expander.js:1326 [Expander] Attempting to click expand button: <button rpl="" rpl-selected="" class="
button-small px-[var(--rem10)]

button-activated


items-center justify-center
button inline-flex " id="search-input-chip" slot="chips" data-reddit-expander-processed="true" style="transition: box-shadow 0.3s; box-shadow: rgba(76, 175, 80, 0.4) 0px 0px 8px; border-radius: 4px;">
      <span class="flex items-center justify-center overflow-hidden">
      <span class="flex mr-xs"><span class="inline-flex items-center justify-center w-[1rem] h-[1rem] " rpl="" avatar="">
    
    <span rpl="" class="inline-block rounded-full  relative [&amp;&gt;:first-child]:h-full [&amp;&gt;:first-child]:w-full [&amp;&gt;:first-child]:mb-0 [&amp;&gt;:first-child]:rounded-[inherit] h-full w-full 
    [&amp;&gt;:first-child]:overflow-hidden [&amp;&gt;:first-child]:max-h-full">
    <svg rpl="" aria-hidden="true" class="flex items-center justify-center h-100 ml-px" fill="currentColor" height="16" icon-name="community-fill" viewBox="0 0 20 20" width="16" xmlns="http://www.w3.org/2000/svg">
      <path d="M10 0a10 10 0 1 0 10 10A10.011 10.011 0 0 0 10 0ZM8.016 8.633a1.616 1.616 0 0 0-.2.806V13.5H5.931V6.172h1.8v.9h.039a3.009 3.009 0 0 1 1.018-.732 3.45 3.45 0 0 1 1.449-.284c.246-.003.491.02.732.068.158.024.309.08.444.164l-.759 1.832a2.09 2.09 0 0 0-1.093-.26c-.33-.01-.658.062-.954.208a1.422 1.422 0 0 0-.591.565Zm2.9 6.918H9.355L14.7 2.633c.426.272.828.58 1.2.922l-4.984 11.996Z"></path>
    </svg>
  </span></span></span>
      <span class="flex items-center gap-xs overflow-hidden"><span class="inline-block mr-[calc(var(--size-button-sm-h)-var(--rem10)-var(--button-border-width-default))] overflow-hidden text-ellipsis"><span aria-hidden="true">r/technology</span></span></span>
    </span>
    <faceplate-screen-reader-content>A chip</faceplate-screen-reader-content>
    </button>
